<?xml version="1.0" encoding="ISO-8859-1" ?>
<link_info>
   <banner>TI ARM Linker PC v18.1.2.LTS</banner>
   <copyright>Copyright (c) 1996-2017 Texas Instruments Incorporated</copyright>
   <link_time>0x5ca7770d</link_time>
   <link_errors>0x0</link_errors>
   <output_file>fw5.0.out</output_file>
   <entry_point>
      <name>_c_int00_noargs</name>
      <address>0x6ba9</address>
   </entry_point>
   <input_file_list>
      <input_file id="fl-2">
         <path>.\</path>
         <kind>object</kind>
         <file>adc.obj</file>
         <name>adc.obj</name>
      </input_file>
      <input_file id="fl-3">
         <path>.\</path>
         <kind>object</kind>
         <file>curr_source_control.obj</file>
         <name>curr_source_control.obj</name>
      </input_file>
      <input_file id="fl-4">
         <path>.\</path>
         <kind>object</kind>
         <file>daq_functions.obj</file>
         <name>daq_functions.obj</name>
      </input_file>
      <input_file id="fl-5">
         <path>.\</path>
         <kind>object</kind>
         <file>main.obj</file>
         <name>main.obj</name>
      </input_file>
      <input_file id="fl-6">
         <path>.\</path>
         <kind>object</kind>
         <file>pinout.obj</file>
         <name>pinout.obj</name>
      </input_file>
      <input_file id="fl-7">
         <path>.\</path>
         <kind>object</kind>
         <file>projection_cont.obj</file>
         <name>projection_cont.obj</name>
      </input_file>
      <input_file id="fl-8">
         <path>.\</path>
         <kind>object</kind>
         <file>system_msp432e401y.obj</file>
         <name>system_msp432e401y.obj</name>
      </input_file>
      <input_file id="fl-9">
         <path>.\</path>
         <kind>object</kind>
         <file>usb_functions.obj</file>
         <name>usb_functions.obj</name>
      </input_file>
      <input_file id="fl-a">
         <path>.\</path>
         <kind>object</kind>
         <file>usb_structs.obj</file>
         <name>usb_structs.obj</name>
      </input_file>
      <input_file id="fl-b">
         <path>.\</path>
         <kind>object</kind>
         <file>ustdlib.obj</file>
         <name>ustdlib.obj</name>
      </input_file>
      <input_file id="fl-c">
         <path>.\ccs\</path>
         <kind>object</kind>
         <file>startup_msp432e401y_ccs.obj</file>
         <name>startup_msp432e401y_ccs.obj</name>
      </input_file>
      <input_file id="fl-11">
         <kind>object</kind>
         <file>&lt;internal&gt;</file>
         <name>&lt;internal&gt;</name>
      </input_file>
      <input_file id="fl-12">
         <path>C:\ti\simplelink_msp432e4_sdk_2_20_00_20\source\ti\usblib\msp432e4\lib\ccs\m4f\</path>
         <kind>archive</kind>
         <file>msp432e4_usblib.a</file>
         <name>usbdcdc.o</name>
      </input_file>
      <input_file id="fl-13">
         <path>C:\ti\simplelink_msp432e4_sdk_2_20_00_20\source\ti\usblib\msp432e4\lib\ccs\m4f\</path>
         <kind>archive</kind>
         <file>msp432e4_usblib.a</file>
         <name>usbdenum.o</name>
      </input_file>
      <input_file id="fl-14">
         <path>C:\ti\simplelink_msp432e4_sdk_2_20_00_20\source\ti\usblib\msp432e4\lib\ccs\m4f\</path>
         <kind>archive</kind>
         <file>msp432e4_usblib.a</file>
         <name>usbdhandler.o</name>
      </input_file>
      <input_file id="fl-15">
         <path>C:\ti\simplelink_msp432e4_sdk_2_20_00_20\source\ti\usblib\msp432e4\lib\ccs\m4f\</path>
         <kind>archive</kind>
         <file>msp432e4_usblib.a</file>
         <name>usbbuffer.o</name>
      </input_file>
      <input_file id="fl-16">
         <path>C:\ti\simplelink_msp432e4_sdk_2_20_00_20\source\ti\usblib\msp432e4\lib\ccs\m4f\</path>
         <kind>archive</kind>
         <file>msp432e4_usblib.a</file>
         <name>usbdma.o</name>
      </input_file>
      <input_file id="fl-17">
         <path>C:\ti\simplelink_msp432e4_sdk_2_20_00_20\source\ti\usblib\msp432e4\lib\ccs\m4f\</path>
         <kind>archive</kind>
         <file>msp432e4_usblib.a</file>
         <name>usbmode.o</name>
      </input_file>
      <input_file id="fl-18">
         <path>C:\ti\simplelink_msp432e4_sdk_2_20_00_20\source\ti\usblib\msp432e4\lib\ccs\m4f\</path>
         <kind>archive</kind>
         <file>msp432e4_usblib.a</file>
         <name>usbringbuf.o</name>
      </input_file>
      <input_file id="fl-19">
         <path>C:\ti\simplelink_msp432e4_sdk_2_20_00_20\source\ti\usblib\msp432e4\lib\ccs\m4f\</path>
         <kind>archive</kind>
         <file>msp432e4_usblib.a</file>
         <name>usbtick.o</name>
      </input_file>
      <input_file id="fl-1a">
         <path>C:\ti\simplelink_msp432e4_sdk_2_20_00_20\source\ti\usblib\msp432e4\lib\ccs\m4f\</path>
         <kind>archive</kind>
         <file>msp432e4_usblib.a</file>
         <name>usbulpi.o</name>
      </input_file>
      <input_file id="fl-1b">
         <path>C:\ti\simplelink_msp432e4_sdk_2_20_00_20\source\ti\usblib\msp432e4\lib\ccs\m4f\</path>
         <kind>archive</kind>
         <file>msp432e4_usblib.a</file>
         <name>usbdcdesc.o</name>
      </input_file>
      <input_file id="fl-1c">
         <path>C:\ti\simplelink_msp432e4_sdk_2_20_00_20\source\ti\usblib\msp432e4\lib\ccs\m4f\</path>
         <kind>archive</kind>
         <file>msp432e4_usblib.a</file>
         <name>usbdconfig.o</name>
      </input_file>
      <input_file id="fl-1d">
         <path>C:\ti\simplelink_msp432e4_sdk_2_20_00_20\source\ti\usblib\msp432e4\lib\ccs\m4f\</path>
         <kind>archive</kind>
         <file>msp432e4_usblib.a</file>
         <name>usbhostenum.o</name>
      </input_file>
      <input_file id="fl-1e">
         <path>C:\ti\simplelink_msp432e4_sdk_2_20_00_20\source\ti\usblib\msp432e4\lib\ccs\m4f\</path>
         <kind>archive</kind>
         <file>msp432e4_usblib.a</file>
         <name>usbdesc.o</name>
      </input_file>
      <input_file id="fl-1f">
         <path>C:\ti\simplelink_msp432e4_sdk_2_20_00_20\source\ti\usblib\msp432e4\lib\ccs\m4f\</path>
         <kind>archive</kind>
         <file>msp432e4_usblib.a</file>
         <name>usbhhub.o</name>
      </input_file>
      <input_file id="fl-20">
         <path>C:\ti\simplelink_msp432e4_sdk_2_20_00_20\source\ti\devices\msp432e4\driverlib\lib\ccs\m4f\</path>
         <kind>archive</kind>
         <file>msp432e4_driverlib.a</file>
         <name>gpio_MSP432E411Y.obj</name>
      </input_file>
      <input_file id="fl-21">
         <path>C:\ti\simplelink_msp432e4_sdk_2_20_00_20\source\ti\devices\msp432e4\driverlib\lib\ccs\m4f\</path>
         <kind>archive</kind>
         <file>msp432e4_driverlib.a</file>
         <name>interrupt_MSP432E411Y.obj</name>
      </input_file>
      <input_file id="fl-22">
         <path>C:\ti\simplelink_msp432e4_sdk_2_20_00_20\source\ti\devices\msp432e4\driverlib\lib\ccs\m4f\</path>
         <kind>archive</kind>
         <file>msp432e4_driverlib.a</file>
         <name>ssi_MSP432E411Y.obj</name>
      </input_file>
      <input_file id="fl-23">
         <path>C:\ti\simplelink_msp432e4_sdk_2_20_00_20\source\ti\devices\msp432e4\driverlib\lib\ccs\m4f\</path>
         <kind>archive</kind>
         <file>msp432e4_driverlib.a</file>
         <name>sysctl_MSP432E411Y.obj</name>
      </input_file>
      <input_file id="fl-24">
         <path>C:\ti\simplelink_msp432e4_sdk_2_20_00_20\source\ti\devices\msp432e4\driverlib\lib\ccs\m4f\</path>
         <kind>archive</kind>
         <file>msp432e4_driverlib.a</file>
         <name>systick_MSP432E411Y.obj</name>
      </input_file>
      <input_file id="fl-25">
         <path>C:\ti\simplelink_msp432e4_sdk_2_20_00_20\source\ti\devices\msp432e4\driverlib\lib\ccs\m4f\</path>
         <kind>archive</kind>
         <file>msp432e4_driverlib.a</file>
         <name>usb_MSP432E411Y.obj</name>
      </input_file>
      <input_file id="fl-26">
         <path>C:\ti\simplelink_msp432e4_sdk_2_20_00_20\source\ti\devices\msp432e4\driverlib\lib\ccs\m4f\</path>
         <kind>archive</kind>
         <file>msp432e4_driverlib.a</file>
         <name>cpu_MSP432E411Y.obj</name>
      </input_file>
      <input_file id="fl-dd">
         <path>C:\ti\ccsv8\tools\compiler\ti-cgt-arm_18.1.2.LTS\lib\</path>
         <kind>archive</kind>
         <file>rtsv7M4_T_le_v4SPD16_eabi.lib</file>
         <name>u_divt2.asm.obj</name>
      </input_file>
      <input_file id="fl-de">
         <path>C:\ti\ccsv8\tools\compiler\ti-cgt-arm_18.1.2.LTS\lib\</path>
         <kind>archive</kind>
         <file>rtsv7M4_T_le_v4SPD16_eabi.lib</file>
         <name>copy_zero_init.c.obj</name>
      </input_file>
      <input_file id="fl-df">
         <path>C:\ti\ccsv8\tools\compiler\ti-cgt-arm_18.1.2.LTS\lib\</path>
         <kind>archive</kind>
         <file>rtsv7M4_T_le_v4SPD16_eabi.lib</file>
         <name>copy_decompress_none.c.obj</name>
      </input_file>
      <input_file id="fl-e0">
         <path>C:\ti\ccsv8\tools\compiler\ti-cgt-arm_18.1.2.LTS\lib\</path>
         <kind>archive</kind>
         <file>rtsv7M4_T_le_v4SPD16_eabi.lib</file>
         <name>copy_decompress_lzss.c.obj</name>
      </input_file>
      <input_file id="fl-e1">
         <path>C:\ti\ccsv8\tools\compiler\ti-cgt-arm_18.1.2.LTS\lib\</path>
         <kind>archive</kind>
         <file>rtsv7M4_T_le_v4SPD16_eabi.lib</file>
         <name>boot_cortex_m.c.obj</name>
      </input_file>
      <input_file id="fl-e2">
         <path>C:\ti\ccsv8\tools\compiler\ti-cgt-arm_18.1.2.LTS\lib\</path>
         <kind>archive</kind>
         <file>rtsv7M4_T_le_v4SPD16_eabi.lib</file>
         <name>exit.c.obj</name>
      </input_file>
      <input_file id="fl-e3">
         <path>C:\ti\ccsv8\tools\compiler\ti-cgt-arm_18.1.2.LTS\lib\</path>
         <kind>archive</kind>
         <file>rtsv7M4_T_le_v4SPD16_eabi.lib</file>
         <name>_lock.c.obj</name>
      </input_file>
      <input_file id="fl-e4">
         <path>C:\ti\ccsv8\tools\compiler\ti-cgt-arm_18.1.2.LTS\lib\</path>
         <kind>archive</kind>
         <file>rtsv7M4_T_le_v4SPD16_eabi.lib</file>
         <name>args_main.c.obj</name>
      </input_file>
      <input_file id="fl-e5">
         <path>C:\ti\ccsv8\tools\compiler\ti-cgt-arm_18.1.2.LTS\lib\</path>
         <kind>archive</kind>
         <file>rtsv7M4_T_le_v4SPD16_eabi.lib</file>
         <name>div0.asm.obj</name>
      </input_file>
      <input_file id="fl-e6">
         <path>C:\ti\ccsv8\tools\compiler\ti-cgt-arm_18.1.2.LTS\lib\</path>
         <kind>archive</kind>
         <file>rtsv7M4_T_le_v4SPD16_eabi.lib</file>
         <name>memset_t2.asm.obj</name>
      </input_file>
      <input_file id="fl-e7">
         <path>C:\ti\ccsv8\tools\compiler\ti-cgt-arm_18.1.2.LTS\lib\</path>
         <kind>archive</kind>
         <file>rtsv7M4_T_le_v4SPD16_eabi.lib</file>
         <name>memcpy_t2.asm.obj</name>
      </input_file>
      <input_file id="fl-e8">
         <path>C:\ti\ccsv8\tools\compiler\ti-cgt-arm_18.1.2.LTS\lib\</path>
         <kind>archive</kind>
         <file>rtsv7M4_T_le_v4SPD16_eabi.lib</file>
         <name>autoinit.c.obj</name>
      </input_file>
      <input_file id="fl-e9">
         <path>C:\ti\ccsv8\tools\compiler\ti-cgt-arm_18.1.2.LTS\lib\</path>
         <kind>archive</kind>
         <file>rtsv7M4_T_le_v4SPD16_eabi.lib</file>
         <name>pre_init.c.obj</name>
      </input_file>
      <input_file id="fl-ea">
         <path>C:\ti\ccsv8\tools\compiler\ti-cgt-arm_18.1.2.LTS\lib\</path>
         <kind>archive</kind>
         <file>rtsv7M4_T_le_v4SPD16_eabi.lib</file>
         <name>cpy_tbl.c.obj</name>
      </input_file>
   </input_file_list>
   <object_component_list>
      <object_component id="oc-f">
         <name>.intvecs:retain</name>
         <load_address>0x0</load_address>
         <run_address>0x0</run_address>
         <size>0x208</size>
         <input_file_ref idref="fl-c"/>
      </object_component>
      <object_component id="oc-1dc">
         <name>.text</name>
         <load_address>0x208</load_address>
         <run_address>0x208</run_address>
         <size>0xebc</size>
         <input_file_ref idref="fl-7"/>
      </object_component>
      <object_component id="oc-1e2">
         <name>.text</name>
         <load_address>0x10c4</load_address>
         <run_address>0x10c4</run_address>
         <size>0xa3c</size>
         <input_file_ref idref="fl-3"/>
      </object_component>
      <object_component id="oc-2a">
         <name>.text</name>
         <load_address>0x1b00</load_address>
         <run_address>0x1b00</run_address>
         <size>0x9cc</size>
         <input_file_ref idref="fl-5"/>
      </object_component>
      <object_component id="oc-1e8">
         <name>.text</name>
         <load_address>0x24cc</load_address>
         <run_address>0x24cc</run_address>
         <size>0x860</size>
         <input_file_ref idref="fl-2"/>
      </object_component>
      <object_component id="oc-8a">
         <name>.text</name>
         <load_address>0x2d2c</load_address>
         <run_address>0x2d2c</run_address>
         <size>0x35c</size>
         <input_file_ref idref="fl-6"/>
      </object_component>
      <object_component id="oc-2b0">
         <name>.text:HandleRequests</name>
         <load_address>0x3088</load_address>
         <run_address>0x3088</run_address>
         <size>0x224</size>
         <input_file_ref idref="fl-12"/>
      </object_component>
      <object_component id="oc-47f">
         <name>.text:iDMAUSBTransfer</name>
         <load_address>0x32ac</load_address>
         <run_address>0x32ac</run_address>
         <size>0x224</size>
         <input_file_ref idref="fl-16"/>
      </object_component>
      <object_component id="oc-3c5">
         <name>.text:USBDEP0StateTxConfig</name>
         <load_address>0x34d0</load_address>
         <run_address>0x34d0</run_address>
         <size>0x1fc</size>
         <input_file_ref idref="fl-13"/>
      </object_component>
      <object_component id="oc-5bc">
         <name>.text:USBDeviceConfig</name>
         <load_address>0x36cc</load_address>
         <run_address>0x36cc</run_address>
         <size>0x1fc</size>
         <input_file_ref idref="fl-1c"/>
      </object_component>
      <object_component id="oc-182">
         <name>.text:USBDCDInit</name>
         <load_address>0x38c8</load_address>
         <run_address>0x38c8</run_address>
         <size>0x1f8</size>
         <input_file_ref idref="fl-13"/>
      </object_component>
      <object_component id="oc-89">
         <name>.text:SysCtlClockFreqSet</name>
         <load_address>0x3ac0</load_address>
         <run_address>0x3ac0</run_address>
         <size>0x1f0</size>
         <input_file_ref idref="fl-23"/>
      </object_component>
      <object_component id="oc-115">
         <name>.text:USBDeviceIntHandlerInternal</name>
         <load_address>0x3cb0</load_address>
         <run_address>0x3cb0</run_address>
         <size>0x1e8</size>
         <input_file_ref idref="fl-13"/>
      </object_component>
      <object_component id="oc-c9">
         <name>.text</name>
         <load_address>0x3e98</load_address>
         <run_address>0x3e98</run_address>
         <size>0x1b0</size>
         <input_file_ref idref="fl-4"/>
      </object_component>
      <object_component id="oc-564">
         <name>.text:USBDGetDescriptor</name>
         <load_address>0x4048</load_address>
         <run_address>0x4048</run_address>
         <size>0x170</size>
         <input_file_ref idref="fl-13"/>
      </object_component>
      <object_component id="oc-99">
         <name>.text:USBDCDCCompositeInit</name>
         <load_address>0x41b8</load_address>
         <run_address>0x41b8</run_address>
         <size>0x158</size>
         <input_file_ref idref="fl-12"/>
      </object_component>
      <object_component id="oc-280">
         <name>.text:USBDeviceEnumHandler</name>
         <load_address>0x4310</load_address>
         <run_address>0x4310</run_address>
         <size>0x154</size>
         <input_file_ref idref="fl-13"/>
      </object_component>
      <object_component id="oc-32c">
         <name>.text:USBLibDMAInit</name>
         <load_address>0x4464</load_address>
         <run_address>0x4464</run_address>
         <size>0x13c</size>
         <input_file_ref idref="fl-16"/>
      </object_component>
      <object_component id="oc-136">
         <name>.text:GPIOPadConfigSet</name>
         <load_address>0x45a0</load_address>
         <run_address>0x45a0</run_address>
         <size>0x130</size>
         <input_file_ref idref="fl-20"/>
      </object_component>
      <object_component id="oc-2da">
         <name>.text:HandleDevice</name>
         <load_address>0x46d0</load_address>
         <run_address>0x46d0</run_address>
         <size>0x128</size>
         <input_file_ref idref="fl-12"/>
      </object_component>
      <object_component id="oc-355">
         <name>.text:HandleRxAvailable</name>
         <load_address>0x47f8</load_address>
         <run_address>0x47f8</run_address>
         <size>0x124</size>
         <input_file_ref idref="fl-15"/>
      </object_component>
      <object_component id="oc-70">
         <name>.text</name>
         <load_address>0x491c</load_address>
         <run_address>0x491c</run_address>
         <size>0x11c</size>
         <input_file_ref idref="fl-8"/>
      </object_component>
      <object_component id="oc-198">
         <name>.text:ScheduleNextTransmission</name>
         <load_address>0x4a38</load_address>
         <run_address>0x4a38</run_address>
         <size>0x108</size>
         <input_file_ref idref="fl-15"/>
      </object_component>
      <object_component id="oc-43d">
         <name>.text:iDMAUSBChannelAllocate</name>
         <load_address>0x4b40</load_address>
         <run_address>0x4b40</run_address>
         <size>0x100</size>
         <input_file_ref idref="fl-16"/>
      </object_component>
      <object_component id="oc-552">
         <name>.text:USBDClearFeature</name>
         <load_address>0x4c40</load_address>
         <run_address>0x4c40</run_address>
         <size>0xf0</size>
         <input_file_ref idref="fl-13"/>
      </object_component>
      <object_component id="oc-582">
         <name>.text:USBDSetInterface</name>
         <load_address>0x4d30</load_address>
         <run_address>0x4d30</run_address>
         <size>0xf0</size>
         <input_file_ref idref="fl-13"/>
      </object_component>
      <object_component id="oc-1b9">
         <name>.text:USBDCDCPacketRead</name>
         <load_address>0x4e20</load_address>
         <run_address>0x4e20</run_address>
         <size>0xdc</size>
         <input_file_ref idref="fl-12"/>
      </object_component>
      <object_component id="oc-576">
         <name>.text:USBDSetConfiguration</name>
         <load_address>0x4efc</load_address>
         <run_address>0x4efc</run_address>
         <size>0xd8</size>
         <input_file_ref idref="fl-13"/>
      </object_component>
      <object_component id="oc-170">
         <name>.text:CDCTickHandler</name>
         <load_address>0x4fd4</load_address>
         <run_address>0x4fd4</run_address>
         <size>0xd4</size>
         <input_file_ref idref="fl-12"/>
      </object_component>
      <object_component id="oc-5d0">
         <name>.text:USBDeviceConfigAlternate</name>
         <load_address>0x50a8</load_address>
         <run_address>0x50a8</run_address>
         <size>0xcc</size>
         <input_file_ref idref="fl-1c"/>
      </object_component>
      <object_component id="oc-4ee">
         <name>.text:SendSerialState</name>
         <load_address>0x5174</load_address>
         <run_address>0x5174</run_address>
         <size>0xc8</size>
         <input_file_ref idref="fl-12"/>
      </object_component>
      <object_component id="oc-9f">
         <name>.text:USBDCDFeatureSet</name>
         <load_address>0x523c</load_address>
         <run_address>0x523c</run_address>
         <size>0xc8</size>
         <input_file_ref idref="fl-13"/>
      </object_component>
      <object_component id="oc-3bf">
         <name>.text:USBDEP0StateTx</name>
         <load_address>0x5304</load_address>
         <run_address>0x5304</run_address>
         <size>0xc4</size>
         <input_file_ref idref="fl-13"/>
      </object_component>
      <object_component id="oc-558">
         <name>.text:USBDSetFeature</name>
         <load_address>0x53c8</load_address>
         <run_address>0x53c8</run_address>
         <size>0xc0</size>
         <input_file_ref idref="fl-13"/>
      </object_component>
      <object_component id="oc-411">
         <name>.text:ProcessDataToHost</name>
         <load_address>0x5488</load_address>
         <run_address>0x5488</run_address>
         <size>0xbc</size>
         <input_file_ref idref="fl-12"/>
      </object_component>
      <object_component id="oc-54c">
         <name>.text:USBDGetStatus</name>
         <load_address>0x5544</load_address>
         <run_address>0x5544</run_address>
         <size>0xbc</size>
         <input_file_ref idref="fl-13"/>
      </object_component>
      <object_component id="oc-5b3">
         <name>.text:USBDStringIndexFromRequest</name>
         <load_address>0x5600</load_address>
         <run_address>0x5600</run_address>
         <size>0xb8</size>
         <input_file_ref idref="fl-13"/>
      </object_component>
      <object_component id="oc-40b">
         <name>.text:ProcessDataFromHost</name>
         <load_address>0x56b8</load_address>
         <run_address>0x56b8</run_address>
         <size>0xb4</size>
         <input_file_ref idref="fl-12"/>
      </object_component>
      <object_component id="oc-322">
         <name>.text:ULPIConfigSet</name>
         <load_address>0x576c</load_address>
         <run_address>0x576c</run_address>
         <size>0xa2</size>
         <input_file_ref idref="fl-1a"/>
      </object_component>
      <object_component id="oc-3b9">
         <name>.text:USBDReadAndDispatchRequest</name>
         <load_address>0x5810</load_address>
         <run_address>0x5810</run_address>
         <size>0xa0</size>
         <input_file_ref idref="fl-13"/>
      </object_component>
      <object_component id="oc-1a3">
         <name>.text:USBDCDCPacketWrite</name>
         <load_address>0x58b0</load_address>
         <run_address>0x58b0</run_address>
         <size>0x9c</size>
         <input_file_ref idref="fl-12"/>
      </object_component>
      <object_component id="oc-3e">
         <name>.text</name>
         <load_address>0x594c</load_address>
         <run_address>0x594c</run_address>
         <size>0x9c</size>
         <input_file_ref idref="fl-e7"/>
      </object_component>
      <object_component id="oc-5e3">
         <name>.text:USBDCDConfigDescGet</name>
         <load_address>0x59e8</load_address>
         <run_address>0x59e8</run_address>
         <size>0x8e</size>
         <input_file_ref idref="fl-1b"/>
      </object_component>
      <object_component id="oc-5ef">
         <name>.text:GetEPDescriptorType</name>
         <load_address>0x5a76</load_address>
         <run_address>0x5a76</run_address>
         <size>0x82</size>
         <input_file_ref idref="fl-1c"/>
      </object_component>
      <object_component id="oc-a5">
         <name>.text:USBDCDCInit</name>
         <load_address>0x5af8</load_address>
         <run_address>0x5af8</run_address>
         <size>0x7c</size>
         <input_file_ref idref="fl-12"/>
      </object_component>
      <object_component id="oc-449">
         <name>.text:iDMAUSBChannelEnable</name>
         <load_address>0x5b74</load_address>
         <run_address>0x5b74</run_address>
         <size>0x7c</size>
         <input_file_ref idref="fl-16"/>
      </object_component>
      <object_component id="oc-1cc">
         <name>.text:USBBufferEventCallback</name>
         <load_address>0x5bf0</load_address>
         <run_address>0x5bf0</run_address>
         <size>0x7a</size>
         <input_file_ref idref="fl-15"/>
      </object_component>
      <object_component id="oc-5f5">
         <name>.text:USBDevEndpointConfigSet</name>
         <load_address>0x5c6a</load_address>
         <run_address>0x5c6a</run_address>
         <size>0x7a</size>
         <input_file_ref idref="fl-25"/>
      </object_component>
      <object_component id="oc-f9">
         <name>.text</name>
         <load_address>0x5ce4</load_address>
         <run_address>0x5ce4</run_address>
         <size>0x7a</size>
         <input_file_ref idref="fl-e6"/>
      </object_component>
      <object_component id="oc-2bc">
         <name>.text:HandleEP0Data</name>
         <load_address>0x5d5e</load_address>
         <run_address>0x5d5e</run_address>
         <size>0x74</size>
         <input_file_ref idref="fl-12"/>
      </object_component>
      <object_component id="oc-272">
         <name>.text:USBDeviceResumeTickHandler</name>
         <load_address>0x5dd4</load_address>
         <run_address>0x5dd4</run_address>
         <size>0x74</size>
         <input_file_ref idref="fl-13"/>
      </object_component>
      <object_component id="oc-45b">
         <name>.text:iDMAUSBChannelRelease</name>
         <load_address>0x5e48</load_address>
         <run_address>0x5e48</run_address>
         <size>0x72</size>
         <input_file_ref idref="fl-16"/>
      </object_component>
      <object_component id="oc-5e9">
         <name>.text:USBDCDConfigGetInterfaceEndpoint</name>
         <load_address>0x5eba</load_address>
         <run_address>0x5eba</run_address>
         <size>0x6e</size>
         <input_file_ref idref="fl-1b"/>
      </object_component>
      <object_component id="oc-57c">
         <name>.text:USBDGetInterface</name>
         <load_address>0x5f28</load_address>
         <run_address>0x5f28</run_address>
         <size>0x6c</size>
         <input_file_ref idref="fl-13"/>
      </object_component>
      <object_component id="oc-606">
         <name>.text:ConfigAlternateInterfaceGet</name>
         <load_address>0x5f94</load_address>
         <run_address>0x5f94</run_address>
         <size>0x6a</size>
         <input_file_ref idref="fl-1b"/>
      </object_component>
      <object_component id="oc-60e">
         <name>.text:USBDescGet</name>
         <load_address>0x5ffe</load_address>
         <run_address>0x5ffe</run_address>
         <size>0x6a</size>
         <input_file_ref idref="fl-1e"/>
      </object_component>
      <object_component id="oc-2d4">
         <name>.text:HandleEndpoints</name>
         <load_address>0x6068</load_address>
         <run_address>0x6068</run_address>
         <size>0x68</size>
         <input_file_ref idref="fl-12"/>
      </object_component>
      <object_component id="oc-615">
         <name>.text:NextConfigDescGet</name>
         <load_address>0x60d0</load_address>
         <run_address>0x60d0</run_address>
         <size>0x68</size>
         <input_file_ref idref="fl-1b"/>
      </object_component>
      <object_component id="oc-405">
         <name>.text:ProcessNotificationToHost</name>
         <load_address>0x6138</load_address>
         <run_address>0x6138</run_address>
         <size>0x68</size>
         <input_file_ref idref="fl-12"/>
      </object_component>
      <object_component id="oc-26c">
         <name>.text:USBDeviceEnumResetHandler</name>
         <load_address>0x61a0</load_address>
         <run_address>0x61a0</run_address>
         <size>0x68</size>
         <input_file_ref idref="fl-13"/>
      </object_component>
      <object_component id="oc-12">
         <name>.text:decompress:lzss:__TI_decompress_lzss</name>
         <load_address>0x6208</load_address>
         <run_address>0x6208</run_address>
         <size>0x68</size>
         <input_file_ref idref="fl-e0"/>
      </object_component>
      <object_component id="oc-515">
         <name>.text:IntIsEnabled</name>
         <load_address>0x6270</load_address>
         <run_address>0x6270</run_address>
         <size>0x64</size>
         <input_file_ref idref="fl-21"/>
      </object_component>
      <object_component id="oc-1bf">
         <name>.text:USBDCDCRxPacketAvailable</name>
         <load_address>0x62d4</load_address>
         <run_address>0x62d4</run_address>
         <size>0x60</size>
         <input_file_ref idref="fl-12"/>
      </object_component>
      <object_component id="oc-149">
         <name>.text:USBDCDDeviceInfoInit</name>
         <load_address>0x6334</load_address>
         <run_address>0x6334</run_address>
         <size>0x5c</size>
         <input_file_ref idref="fl-13"/>
      </object_component>
      <object_component id="oc-5ff">
         <name>.text:USBDescGetNum</name>
         <load_address>0x6390</load_address>
         <run_address>0x6390</run_address>
         <size>0x5c</size>
         <input_file_ref idref="fl-1e"/>
      </object_component>
      <object_component id="oc-494">
         <name>.text:USBRingBufAdvanceWrite</name>
         <load_address>0x63ec</load_address>
         <run_address>0x63ec</run_address>
         <size>0x5c</size>
         <input_file_ref idref="fl-18"/>
      </object_component>
      <object_component id="oc-467">
         <name>.text:DMAUSBIntHandler</name>
         <load_address>0x6448</load_address>
         <run_address>0x6448</run_address>
         <size>0x5a</size>
         <input_file_ref idref="fl-16"/>
      </object_component>
      <object_component id="oc-155">
         <name>.text:InternalUSBRegisterTickHandler</name>
         <load_address>0x64a4</load_address>
         <run_address>0x64a4</run_address>
         <size>0x58</size>
         <input_file_ref idref="fl-19"/>
      </object_component>
      <object_component id="oc-461">
         <name>.text:iDMAUSBChannelStatus</name>
         <load_address>0x64fc</load_address>
         <run_address>0x64fc</run_address>
         <size>0x58</size>
         <input_file_ref idref="fl-16"/>
      </object_component>
      <object_component id="oc-570">
         <name>.text:USBDGetConfiguration</name>
         <load_address>0x6554</load_address>
         <run_address>0x6554</run_address>
         <size>0x54</size>
         <input_file_ref idref="fl-13"/>
      </object_component>
      <object_component id="oc-278">
         <name>.text:InternalUSBStartOfFrameTick</name>
         <load_address>0x65a8</load_address>
         <run_address>0x65a8</run_address>
         <size>0x50</size>
         <input_file_ref idref="fl-19"/>
      </object_component>
      <object_component id="oc-2b6">
         <name>.text:HandleConfigChange</name>
         <load_address>0x65f8</load_address>
         <run_address>0x65f8</run_address>
         <size>0x4e</size>
         <input_file_ref idref="fl-12"/>
      </object_component>
      <object_component id="oc-5c4">
         <name>.text:USBDCDConfigDescGetNum</name>
         <load_address>0x6646</load_address>
         <run_address>0x6646</run_address>
         <size>0x4e</size>
         <input_file_ref idref="fl-1b"/>
      </object_component>
      <object_component id="oc-14f">
         <name>.text:InternalUSBTickInit</name>
         <load_address>0x6694</load_address>
         <run_address>0x6694</run_address>
         <size>0x4c</size>
         <input_file_ref idref="fl-19"/>
      </object_component>
      <object_component id="oc-2fa">
         <name>.text:SendBreak</name>
         <load_address>0x66e0</load_address>
         <run_address>0x66e0</run_address>
         <size>0x4c</size>
         <input_file_ref idref="fl-12"/>
      </object_component>
      <object_component id="oc-526">
         <name>.text:USBEndpointDMAConfigSet</name>
         <load_address>0x672c</load_address>
         <run_address>0x672c</run_address>
         <size>0x4c</size>
         <input_file_ref idref="fl-25"/>
      </object_component>
      <object_component id="oc-3d2">
         <name>.text:UpdateIndexAtomic</name>
         <load_address>0x6778</load_address>
         <run_address>0x6778</run_address>
         <size>0x4a</size>
         <input_file_ref idref="fl-18"/>
      </object_component>
      <object_component id="oc-132">
         <name>.text:_SysCtlFrequencyGet</name>
         <load_address>0x67c4</load_address>
         <run_address>0x67c4</run_address>
         <size>0x48</size>
         <input_file_ref idref="fl-23"/>
      </object_component>
      <object_component id="oc-443">
         <name>.text:iDMAUSBChannelDisable</name>
         <load_address>0x680c</load_address>
         <run_address>0x680c</run_address>
         <size>0x48</size>
         <input_file_ref idref="fl-16"/>
      </object_component>
      <object_component id="oc-5f6">
         <name>.text:GetEndpointFIFOSize</name>
         <load_address>0x6854</load_address>
         <run_address>0x6854</run_address>
         <size>0x44</size>
         <input_file_ref idref="fl-1c"/>
      </object_component>
      <object_component id="oc-ab">
         <name>.text:USBBufferWrite</name>
         <load_address>0x6898</load_address>
         <run_address>0x6898</run_address>
         <size>0x44</size>
         <input_file_ref idref="fl-15"/>
      </object_component>
      <object_component id="oc-238">
         <name>.text:__TI_auto_init_nobinit_nopinit:__TI_auto_init_nobinit_nopinit</name>
         <load_address>0x68dc</load_address>
         <run_address>0x68dc</run_address>
         <size>0x44</size>
         <input_file_ref idref="fl-e8"/>
      </object_component>
      <object_component id="oc-83">
         <name>.text:USBBufferRead</name>
         <load_address>0x6920</load_address>
         <run_address>0x6920</run_address>
         <size>0x3e</size>
         <input_file_ref idref="fl-15"/>
      </object_component>
      <object_component id="oc-367">
         <name>.text:HandleRequestBuffer</name>
         <load_address>0x695e</load_address>
         <run_address>0x695e</run_address>
         <size>0x3c</size>
         <input_file_ref idref="fl-15"/>
      </object_component>
      <object_component id="oc-38b">
         <name>.text:SSIConfigSetExpClk</name>
         <load_address>0x699a</load_address>
         <run_address>0x699a</run_address>
         <size>0x3c</size>
         <input_file_ref idref="fl-22"/>
      </object_component>
      <object_component id="oc-34d">
         <name>.text:SetDeferredOpFlag</name>
         <load_address>0x69d6</load_address>
         <run_address>0x69d6</run_address>
         <size>0x3c</size>
         <input_file_ref idref="fl-12"/>
      </object_component>
      <object_component id="oc-386">
         <name>.text:SysCtlPeripheralReady</name>
         <load_address>0x6a14</load_address>
         <run_address>0x6a14</run_address>
         <size>0x3c</size>
         <input_file_ref idref="fl-23"/>
      </object_component>
      <object_component id="oc-49a">
         <name>.text:USBRingBufContigFree</name>
         <load_address>0x6a50</load_address>
         <run_address>0x6a50</run_address>
         <size>0x3c</size>
         <input_file_ref idref="fl-18"/>
      </object_component>
      <object_component id="oc-5fc">
         <name>.text:USBFIFOConfigSet</name>
         <load_address>0x6a8c</load_address>
         <run_address>0x6a8c</run_address>
         <size>0x3a</size>
         <input_file_ref idref="fl-25"/>
      </object_component>
      <object_component id="oc-4e0">
         <name>.text:USBDCDConfigDescGetSize</name>
         <load_address>0x6ac6</load_address>
         <run_address>0x6ac6</run_address>
         <size>0x38</size>
         <input_file_ref idref="fl-1b"/>
      </object_component>
      <object_component id="oc-143">
         <name>.text:USBDCDFeatureGet</name>
         <load_address>0x6b00</load_address>
         <run_address>0x6b00</run_address>
         <size>0x38</size>
         <input_file_ref idref="fl-13"/>
      </object_component>
      <object_component id="oc-3e1">
         <name>.text:USBDCDRequestDataEP0</name>
         <load_address>0x6b38</load_address>
         <run_address>0x6b38</run_address>
         <size>0x38</size>
         <input_file_ref idref="fl-13"/>
      </object_component>
      <object_component id="oc-55e">
         <name>.text:USBDSetAddress</name>
         <load_address>0x6b70</load_address>
         <run_address>0x6b70</run_address>
         <size>0x38</size>
         <input_file_ref idref="fl-13"/>
      </object_component>
      <object_component id="oc-5c">
         <name>.text:_c_int00_noargs:_c_int00_noargs</name>
         <load_address>0x6ba8</load_address>
         <run_address>0x6ba8</run_address>
         <size>0x38</size>
         <input_file_ref idref="fl-e1"/>
      </object_component>
      <object_component id="oc-3f3">
         <name>.text:CheckAndSendBreak</name>
         <load_address>0x6be0</load_address>
         <run_address>0x6be0</run_address>
         <size>0x36</size>
         <input_file_ref idref="fl-12"/>
      </object_component>
      <object_component id="oc-5ca">
         <name>.text:USBDCDConfigGetInterface</name>
         <load_address>0x6c16</load_address>
         <run_address>0x6c16</run_address>
         <size>0x36</size>
         <input_file_ref idref="fl-1b"/>
      </object_component>
      <object_component id="oc-12a">
         <name>.text:USBRingBufRead</name>
         <load_address>0x6c4c</load_address>
         <run_address>0x6c4c</run_address>
         <size>0x36</size>
         <input_file_ref idref="fl-18"/>
      </object_component>
      <object_component id="oc-192">
         <name>.text:USBRingBufWrite</name>
         <load_address>0x6c82</load_address>
         <run_address>0x6c82</run_address>
         <size>0x36</size>
         <input_file_ref idref="fl-18"/>
      </object_component>
      <object_component id="oc-2ce">
         <name>.text:HandleDisconnect</name>
         <load_address>0x6cb8</load_address>
         <run_address>0x6cb8</run_address>
         <size>0x34</size>
         <input_file_ref idref="fl-12"/>
      </object_component>
      <object_component id="oc-382">
         <name>.text:SysCtlPeripheralEnable</name>
         <load_address>0x6cec</load_address>
         <run_address>0x6cec</run_address>
         <size>0x34</size>
         <input_file_ref idref="fl-23"/>
      </object_component>
      <object_component id="oc-b1">
         <name>.text</name>
         <load_address>0x6d20</load_address>
         <run_address>0x6d20</run_address>
         <size>0x34</size>
         <input_file_ref idref="fl-9"/>
      </object_component>
      <object_component id="oc-124">
         <name>.text:USBRingBufUsed</name>
         <load_address>0x6d54</load_address>
         <run_address>0x6d54</run_address>
         <size>0x32</size>
         <input_file_ref idref="fl-18"/>
      </object_component>
      <object_component id="oc-3e7">
         <name>.text:USBDCDSendDataEP0</name>
         <load_address>0x6d88</load_address>
         <run_address>0x6d88</run_address>
         <size>0x30</size>
         <input_file_ref idref="fl-13"/>
      </object_component>
      <object_component id="oc-30c">
         <name>.text:SendLineCodingChange</name>
         <load_address>0x6db8</load_address>
         <run_address>0x6db8</run_address>
         <size>0x2e</size>
         <input_file_ref idref="fl-12"/>
      </object_component>
      <object_component id="oc-306">
         <name>.text:SendLineStateChange</name>
         <load_address>0x6de6</load_address>
         <run_address>0x6de6</run_address>
         <size>0x2e</size>
         <input_file_ref idref="fl-12"/>
      </object_component>
      <object_component id="oc-4a0">
         <name>.text:USBRingBufAdvanceRead</name>
         <load_address>0x6e14</load_address>
         <run_address>0x6e14</run_address>
         <size>0x2e</size>
         <input_file_ref idref="fl-18"/>
      </object_component>
      <object_component id="oc-340">
         <name>.text:USBRingBufContigUsed</name>
         <load_address>0x6e42</load_address>
         <run_address>0x6e42</run_address>
         <size>0x2e</size>
         <input_file_ref idref="fl-18"/>
      </object_component>
      <object_component id="oc-29f">
         <name>.text:GPIODirModeSet</name>
         <load_address>0x6e70</load_address>
         <run_address>0x6e70</run_address>
         <size>0x2c</size>
         <input_file_ref idref="fl-20"/>
      </object_component>
      <object_component id="oc-387">
         <name>.text:GPIOPinConfigure</name>
         <load_address>0x6e9c</load_address>
         <run_address>0x6e9c</run_address>
         <size>0x2c</size>
         <input_file_ref idref="fl-20"/>
      </object_component>
      <object_component id="oc-35b">
         <name>.text:HandleDataRemaining</name>
         <load_address>0x6ec8</load_address>
         <run_address>0x6ec8</run_address>
         <size>0x2c</size>
         <input_file_ref idref="fl-15"/>
      </object_component>
      <object_component id="oc-300">
         <name>.text:DeviceConsumedAllData</name>
         <load_address>0x6ef4</load_address>
         <run_address>0x6ef4</run_address>
         <size>0x2a</size>
         <input_file_ref idref="fl-12"/>
      </object_component>
      <object_component id="oc-3db">
         <name>.text:USBDCDStallEP0</name>
         <load_address>0x6f20</load_address>
         <run_address>0x6f20</run_address>
         <size>0x28</size>
         <input_file_ref idref="fl-13"/>
      </object_component>
      <object_component id="oc-56a">
         <name>.text:USBDSetDescriptor</name>
         <load_address>0x6f48</load_address>
         <run_address>0x6f48</run_address>
         <size>0x28</size>
         <input_file_ref idref="fl-13"/>
      </object_component>
      <object_component id="oc-588">
         <name>.text:USBDSyncFrame</name>
         <load_address>0x6f70</load_address>
         <run_address>0x6f70</run_address>
         <size>0x28</size>
         <input_file_ref idref="fl-13"/>
      </object_component>
      <object_component id="oc-297">
         <name>.text:USBRingBufReadOne</name>
         <load_address>0x6f98</load_address>
         <run_address>0x6f98</run_address>
         <size>0x26</size>
         <input_file_ref idref="fl-18"/>
      </object_component>
      <object_component id="oc-339">
         <name>.text:USBRingBufWriteOne</name>
         <load_address>0x6fbe</load_address>
         <run_address>0x6fbe</run_address>
         <size>0x26</size>
         <input_file_ref idref="fl-18"/>
      </object_component>
      <object_component id="oc-77">
         <name>.text:USB0_IRQDeviceHandler</name>
         <load_address>0x6fe4</load_address>
         <run_address>0x6fe4</run_address>
         <size>0x24</size>
         <input_file_ref idref="fl-14"/>
      </object_component>
      <object_component id="oc-1a9">
         <name>.text:USBDCDCTxPacketAvailable</name>
         <load_address>0x7008</load_address>
         <run_address>0x7008</run_address>
         <size>0x24</size>
         <input_file_ref idref="fl-12"/>
      </object_component>
      <object_component id="oc-13c">
         <name>.text:USBRingBufInit</name>
         <load_address>0x702c</load_address>
         <run_address>0x702c</run_address>
         <size>0x24</size>
         <input_file_ref idref="fl-18"/>
      </object_component>
      <object_component id="oc-3fb">
         <name>.text:CheckAndSendLineCodingChange</name>
         <load_address>0x7050</load_address>
         <run_address>0x7050</run_address>
         <size>0x20</size>
         <input_file_ref idref="fl-12"/>
      </object_component>
      <object_component id="oc-3ed">
         <name>.text:CheckAndSendLineStateChange</name>
         <load_address>0x7070</load_address>
         <run_address>0x7070</run_address>
         <size>0x20</size>
         <input_file_ref idref="fl-12"/>
      </object_component>
      <object_component id="oc-11c">
         <name>.text:USBRingBufFlush</name>
         <load_address>0x7090</load_address>
         <run_address>0x7090</run_address>
         <size>0x20</size>
         <input_file_ref idref="fl-18"/>
      </object_component>
      <object_component id="oc-131">
         <name>.text:_SysCtlMemTimingGet</name>
         <load_address>0x70b0</load_address>
         <run_address>0x70b0</run_address>
         <size>0x20</size>
         <input_file_ref idref="fl-23"/>
      </object_component>
      <object_component id="oc-93">
         <name>.text:USBBufferInit</name>
         <load_address>0x70d0</load_address>
         <run_address>0x70d0</run_address>
         <size>0x1e</size>
         <input_file_ref idref="fl-15"/>
      </object_component>
      <object_component id="oc-431">
         <name>.text:USBULPIRegRead</name>
         <load_address>0x70ee</load_address>
         <run_address>0x70ee</run_address>
         <size>0x1e</size>
         <input_file_ref idref="fl-25"/>
      </object_component>
      <object_component id="oc-432">
         <name>.text:USBULPIRegWrite</name>
         <load_address>0x710c</load_address>
         <run_address>0x710c</run_address>
         <size>0x1e</size>
         <input_file_ref idref="fl-25"/>
      </object_component>
      <object_component id="oc-2c8">
         <name>.text:HandleResume</name>
         <load_address>0x712a</load_address>
         <run_address>0x712a</run_address>
         <size>0x1c</size>
         <input_file_ref idref="fl-12"/>
      </object_component>
      <object_component id="oc-2c2">
         <name>.text:HandleSuspend</name>
         <load_address>0x7146</load_address>
         <run_address>0x7146</run_address>
         <size>0x1c</size>
         <input_file_ref idref="fl-12"/>
      </object_component>
      <object_component id="oc-473">
         <name>.text:DMAUSBIntStatusClear</name>
         <load_address>0x7162</load_address>
         <run_address>0x7162</run_address>
         <size>0x1a</size>
         <input_file_ref idref="fl-16"/>
      </object_component>
      <object_component id="oc-361">
         <name>.text:HandleTxComplete</name>
         <load_address>0x717c</load_address>
         <run_address>0x717c</run_address>
         <size>0x1a</size>
         <input_file_ref idref="fl-15"/>
      </object_component>
      <object_component id="oc-383">
         <name>.text:GPIOPinTypeGPIOOutput</name>
         <load_address>0x7196</load_address>
         <run_address>0x7196</run_address>
         <size>0x18</size>
         <input_file_ref idref="fl-20"/>
      </object_component>
      <object_component id="oc-137">
         <name>.text:GPIOPinTypeEthernetLED</name>
         <load_address>0x71ae</load_address>
         <run_address>0x71ae</run_address>
         <size>0x16</size>
         <input_file_ref idref="fl-20"/>
      </object_component>
      <object_component id="oc-388">
         <name>.text:GPIOPinTypeGPIOInput</name>
         <load_address>0x71c4</load_address>
         <run_address>0x71c4</run_address>
         <size>0x16</size>
         <input_file_ref idref="fl-20"/>
      </object_component>
      <object_component id="oc-389">
         <name>.text:GPIOPinTypeSSI</name>
         <load_address>0x71da</load_address>
         <run_address>0x71da</run_address>
         <size>0x16</size>
         <input_file_ref idref="fl-20"/>
      </object_component>
      <object_component id="oc-18c">
         <name>.text:USBRingBufFree</name>
         <load_address>0x71f0</load_address>
         <run_address>0x71f0</run_address>
         <size>0x16</size>
         <input_file_ref idref="fl-18"/>
      </object_component>
      <object_component id="oc-92">
         <name>.text:SysTickEnable</name>
         <load_address>0x7208</load_address>
         <run_address>0x7208</run_address>
         <size>0x14</size>
         <input_file_ref idref="fl-24"/>
      </object_component>
      <object_component id="oc-91">
         <name>.text:SysTickIntEnable</name>
         <load_address>0x721c</load_address>
         <run_address>0x721c</run_address>
         <size>0x14</size>
         <input_file_ref idref="fl-24"/>
      </object_component>
      <object_component id="oc-61e">
         <name>.text:_USBIndexWrite</name>
         <load_address>0x7230</load_address>
         <run_address>0x7230</run_address>
         <size>0x14</size>
         <input_file_ref idref="fl-25"/>
      </object_component>
      <object_component id="oc-455">
         <name>.text:iDMAUSBChannelIntDisable</name>
         <load_address>0x7244</load_address>
         <run_address>0x7244</run_address>
         <size>0x14</size>
         <input_file_ref idref="fl-16"/>
      </object_component>
      <object_component id="oc-44f">
         <name>.text:iDMAUSBChannelIntEnable</name>
         <load_address>0x7258</load_address>
         <run_address>0x7258</run_address>
         <size>0x14</size>
         <input_file_ref idref="fl-16"/>
      </object_component>
      <object_component id="oc-38d">
         <name>.text:SSIDataGetNonBlocking</name>
         <load_address>0x726c</load_address>
         <run_address>0x726c</run_address>
         <size>0x12</size>
         <input_file_ref idref="fl-22"/>
      </object_component>
      <object_component id="oc-7d">
         <name>.text:USBBufferFlush</name>
         <load_address>0x727e</load_address>
         <run_address>0x727e</run_address>
         <size>0x12</size>
         <input_file_ref idref="fl-15"/>
      </object_component>
      <object_component id="oc-527">
         <name>.text:USBDMAChannelConfigSet</name>
         <load_address>0x7290</load_address>
         <run_address>0x7290</run_address>
         <size>0x12</size>
         <input_file_ref idref="fl-25"/>
      </object_component>
      <object_component id="oc-511">
         <name>.text:USBDMAChannelDisable</name>
         <load_address>0x72a2</load_address>
         <run_address>0x72a2</run_address>
         <size>0x12</size>
         <input_file_ref idref="fl-25"/>
      </object_component>
      <object_component id="oc-517">
         <name>.text:USBDMAChannelEnable</name>
         <load_address>0x72b4</load_address>
         <run_address>0x72b4</run_address>
         <size>0x12</size>
         <input_file_ref idref="fl-25"/>
      </object_component>
      <object_component id="oc-513">
         <name>.text:USBDMAChannelIntDisable</name>
         <load_address>0x72c6</load_address>
         <run_address>0x72c6</run_address>
         <size>0x12</size>
         <input_file_ref idref="fl-25"/>
      </object_component>
      <object_component id="oc-516">
         <name>.text:USBDMAChannelIntEnable</name>
         <load_address>0x72d8</load_address>
         <run_address>0x72d8</run_address>
         <size>0x12</size>
         <input_file_ref idref="fl-25"/>
      </object_component>
      <object_component id="oc-28b">
         <name>.text:IntMasterDisable</name>
         <load_address>0x72ea</load_address>
         <run_address>0x72ea</run_address>
         <size>0x10</size>
         <input_file_ref idref="fl-21"/>
      </object_component>
      <object_component id="oc-28c">
         <name>.text:IntMasterEnable</name>
         <load_address>0x72fa</load_address>
         <run_address>0x72fa</run_address>
         <size>0x10</size>
         <input_file_ref idref="fl-21"/>
      </object_component>
      <object_component id="oc-90">
         <name>.text:SysTickPeriodSet</name>
         <load_address>0x730c</load_address>
         <run_address>0x730c</run_address>
         <size>0x10</size>
         <input_file_ref idref="fl-24"/>
      </object_component>
      <object_component id="oc-51c">
         <name>.text:USBDMAChannelStatus</name>
         <load_address>0x731c</load_address>
         <run_address>0x731c</run_address>
         <size>0xe</size>
         <input_file_ref idref="fl-25"/>
      </object_component>
      <object_component id="oc-32b">
         <name>.text:USBDevLPMDisable</name>
         <load_address>0x732a</load_address>
         <run_address>0x732a</run_address>
         <size>0xe</size>
         <input_file_ref idref="fl-25"/>
      </object_component>
      <object_component id="oc-27f">
         <name>.text:USBDevLPMEnable</name>
         <load_address>0x7338</load_address>
         <run_address>0x7338</run_address>
         <size>0xe</size>
         <input_file_ref idref="fl-25"/>
      </object_component>
      <object_component id="oc-328">
         <name>.text:USBULPIDisable</name>
         <load_address>0x7346</load_address>
         <run_address>0x7346</run_address>
         <size>0xe</size>
         <input_file_ref idref="fl-25"/>
      </object_component>
      <object_component id="oc-321">
         <name>.text:USBULPIEnable</name>
         <load_address>0x7354</load_address>
         <run_address>0x7354</run_address>
         <size>0xe</size>
         <input_file_ref idref="fl-25"/>
      </object_component>
      <object_component id="oc-18">
         <name>.text:decompress:none:__TI_decompress_none</name>
         <load_address>0x7362</load_address>
         <run_address>0x7362</run_address>
         <size>0xe</size>
         <input_file_ref idref="fl-df"/>
      </object_component>
      <object_component id="oc-437">
         <name>.text:iDMAUSBArbSizeSet</name>
         <load_address>0x7370</load_address>
         <run_address>0x7370</run_address>
         <size>0xe</size>
         <input_file_ref idref="fl-16"/>
      </object_component>
      <object_component id="oc-46d">
         <name>.text:iDMAUSBIntStatus</name>
         <load_address>0x737e</load_address>
         <run_address>0x737e</run_address>
         <size>0xe</size>
         <input_file_ref idref="fl-16"/>
      </object_component>
      <object_component id="oc-485">
         <name>.text:iDMAUSBUnitSizeSet</name>
         <load_address>0x738c</load_address>
         <run_address>0x738c</run_address>
         <size>0xe</size>
         <input_file_ref idref="fl-16"/>
      </object_component>
      <object_component id="oc-24">
         <name>.text</name>
         <load_address>0x739a</load_address>
         <run_address>0x739a</run_address>
         <size>0xe</size>
         <input_file_ref idref="fl-c"/>
      </object_component>
      <object_component id="oc-3ce">
         <name>.text:CPUcpsid</name>
         <load_address>0x73a8</load_address>
         <run_address>0x73a8</run_address>
         <size>0xc</size>
         <input_file_ref idref="fl-26"/>
      </object_component>
      <object_component id="oc-3cf">
         <name>.text:CPUcpsie</name>
         <load_address>0x73b4</load_address>
         <run_address>0x73b4</run_address>
         <size>0xc</size>
         <input_file_ref idref="fl-26"/>
      </object_component>
      <object_component id="oc-479">
         <name>.text:DMAUSBStatus</name>
         <load_address>0x73c0</load_address>
         <run_address>0x73c0</run_address>
         <size>0xc</size>
         <input_file_ref idref="fl-16"/>
      </object_component>
      <object_component id="oc-38a">
         <name>.text:SSIAdvModeSet</name>
         <load_address>0x73cc</load_address>
         <run_address>0x73cc</run_address>
         <size>0xc</size>
         <input_file_ref idref="fl-22"/>
      </object_component>
      <object_component id="oc-390">
         <name>.text:SSIDataGet</name>
         <load_address>0x73d8</load_address>
         <run_address>0x73d8</run_address>
         <size>0xc</size>
         <input_file_ref idref="fl-22"/>
      </object_component>
      <object_component id="oc-525">
         <name>.text:USBEndpointPacketCountSet</name>
         <load_address>0x73e4</load_address>
         <run_address>0x73e4</run_address>
         <size>0xc</size>
         <input_file_ref idref="fl-25"/>
      </object_component>
      <object_component id="oc-32a">
         <name>.text:USBLPMIntEnable</name>
         <load_address>0x73f0</load_address>
         <run_address>0x73f0</run_address>
         <size>0xc</size>
         <input_file_ref idref="fl-25"/>
      </object_component>
      <object_component id="oc-50">
         <name>.text:decompress:ZI:__TI_zero_init</name>
         <load_address>0x73fc</load_address>
         <run_address>0x73fc</run_address>
         <size>0xc</size>
         <input_file_ref idref="fl-de"/>
      </object_component>
      <object_component id="oc-38e">
         <name>.text:SSIDataPut</name>
         <load_address>0x7408</load_address>
         <run_address>0x7408</run_address>
         <size>0xa</size>
         <input_file_ref idref="fl-22"/>
      </object_component>
      <object_component id="oc-38c">
         <name>.text:SSIEnable</name>
         <load_address>0x7412</load_address>
         <run_address>0x7412</run_address>
         <size>0xa</size>
         <input_file_ref idref="fl-22"/>
      </object_component>
      <object_component id="oc-320">
         <name>.text:USBClockEnable</name>
         <load_address>0x741c</load_address>
         <run_address>0x741c</run_address>
         <size>0xa</size>
         <input_file_ref idref="fl-25"/>
      </object_component>
      <object_component id="oc-523">
         <name>.text:USBDMAChannelAddressSet</name>
         <load_address>0x7426</load_address>
         <run_address>0x7426</run_address>
         <size>0xa</size>
         <input_file_ref idref="fl-25"/>
      </object_component>
      <object_component id="oc-524">
         <name>.text:USBDMAChannelCountSet</name>
         <load_address>0x7430</load_address>
         <run_address>0x7430</run_address>
         <size>0xa</size>
         <input_file_ref idref="fl-25"/>
      </object_component>
      <object_component id="oc-38f">
         <name>.text:SSIBusy</name>
         <load_address>0x743a</load_address>
         <run_address>0x743a</run_address>
         <size>0x8</size>
         <input_file_ref idref="fl-22"/>
      </object_component>
      <object_component id="oc-139">
         <name>.text:GPIOPinRead</name>
         <load_address>0x7442</load_address>
         <run_address>0x7442</run_address>
         <size>0x6</size>
         <input_file_ref idref="fl-20"/>
      </object_component>
      <object_component id="oc-138">
         <name>.text:GPIOPinWrite</name>
         <load_address>0x7448</load_address>
         <run_address>0x7448</run_address>
         <size>0x6</size>
         <input_file_ref idref="fl-20"/>
      </object_component>
      <object_component id="oc-1ee">
         <name>.text:SysCtlDelay</name>
         <load_address>0x744e</load_address>
         <run_address>0x744e</run_address>
         <size>0x6</size>
         <input_file_ref idref="fl-23"/>
      </object_component>
      <object_component id="oc-51f">
         <name>.text:USBDMAChannelIntStatus</name>
         <load_address>0x7454</load_address>
         <run_address>0x7454</run_address>
         <size>0x6</size>
         <input_file_ref idref="fl-25"/>
      </object_component>
      <object_component id="oc-329">
         <name>.text:USBDevLPMConfig</name>
         <load_address>0x745a</load_address>
         <run_address>0x745a</run_address>
         <size>0x6</size>
         <input_file_ref idref="fl-25"/>
      </object_component>
      <object_component id="oc-27e">
         <name>.text:USBLPMIntStatus</name>
         <load_address>0x7460</load_address>
         <run_address>0x7460</run_address>
         <size>0x6</size>
         <input_file_ref idref="fl-25"/>
      </object_component>
      <object_component id="oc-ff">
         <name>.text:_system_pre_init</name>
         <load_address>0x7466</load_address>
         <run_address>0x7466</run_address>
         <size>0x4</size>
         <input_file_ref idref="fl-e9"/>
      </object_component>
      <object_component id="oc-22c">
         <name>.text:abort:abort</name>
         <load_address>0x746a</load_address>
         <run_address>0x746a</run_address>
         <size>0x4</size>
         <input_file_ref idref="fl-e2"/>
      </object_component>
      <object_component id="oc-134">
         <name>.const:g_pppui32XTALtoVCO</name>
         <load_address>0x7470</load_address>
         <run_address>0x7470</run_address>
         <size>0x1b0</size>
         <input_file_ref idref="fl-23"/>
      </object_component>
      <object_component id="oc-4b6">
         <name>.const:g_pui32GPIOBaseAddrs</name>
         <load_address>0x7620</load_address>
         <run_address>0x7620</run_address>
         <size>0x48</size>
         <input_file_ref idref="fl-20"/>
      </object_component>
      <object_component id="oc-37d">
         <name>.const:.string:g_pui8ConfigString</name>
         <load_address>0x7668</load_address>
         <run_address>0x7668</run_address>
         <size>0x36</size>
         <input_file_ref idref="fl-a"/>
      </object_component>
      <object_component id="oc-4db">
         <name>.const:g_psUSBDStdRequests</name>
         <load_address>0x76a0</load_address>
         <run_address>0x76a0</run_address>
         <size>0x34</size>
         <input_file_ref idref="fl-13"/>
      </object_component>
      <object_component id="oc-15b">
         <name>.const:g_sCDCHandlers</name>
         <load_address>0x76d4</load_address>
         <run_address>0x76d4</run_address>
         <size>0x30</size>
         <input_file_ref idref="fl-12"/>
      </object_component>
      <object_component id="oc-29e">
         <name>.const:g_sXTALtoMEMTIM</name>
         <load_address>0x7704</load_address>
         <run_address>0x7704</run_address>
         <size>0x30</size>
         <input_file_ref idref="fl-23"/>
      </object_component>
      <object_component id="oc-37a">
         <name>.const:.string:g_pui8ControlInterfaceString</name>
         <load_address>0x7734</load_address>
         <run_address>0x7734</run_address>
         <size>0x2c</size>
         <input_file_ref idref="fl-a"/>
      </object_component>
      <object_component id="oc-133">
         <name>.const:g_pui32Xtals</name>
         <load_address>0x7760</load_address>
         <run_address>0x7760</run_address>
         <size>0x28</size>
         <input_file_ref idref="fl-23"/>
      </object_component>
      <object_component id="oc-371">
         <name>.const:.string:g_pui8ManufacturerString</name>
         <load_address>0x7788</load_address>
         <run_address>0x7788</run_address>
         <size>0x24</size>
         <input_file_ref idref="fl-a"/>
      </object_component>
      <object_component id="oc-595">
         <name>.const:.string:g_pui8CDCSerCommInterface</name>
         <load_address>0x77ac</load_address>
         <run_address>0x77ac</run_address>
         <size>0x23</size>
         <input_file_ref idref="fl-12"/>
      </object_component>
      <object_component id="oc-374">
         <name>.const:.string:g_pui8ProductString</name>
         <load_address>0x77cf</load_address>
         <run_address>0x77cf</run_address>
         <size>0x22</size>
         <input_file_ref idref="fl-a"/>
      </object_component>
      <object_component id="oc-1d2">
         <name>.const:g_pui8StringDescriptors</name>
         <load_address>0x77f4</load_address>
         <run_address>0x77f4</run_address>
         <size>0x18</size>
         <input_file_ref idref="fl-a"/>
      </object_component>
      <object_component id="oc-59a">
         <name>.const:.string:g_pui8CDCSerDataInterface</name>
         <load_address>0x780c</load_address>
         <run_address>0x780c</run_address>
         <size>0x17</size>
         <input_file_ref idref="fl-12"/>
      </object_component>
      <object_component id="oc-59f">
         <name>.const:.string:g_pui8CDCSerDataInterfaceHS</name>
         <load_address>0x7823</load_address>
         <run_address>0x7823</run_address>
         <size>0x17</size>
         <input_file_ref idref="fl-12"/>
      </object_component>
      <object_component id="oc-5a9">
         <name>.const:g_pui32EnRegs</name>
         <load_address>0x783c</load_address>
         <run_address>0x783c</run_address>
         <size>0x14</size>
         <input_file_ref idref="fl-21"/>
      </object_component>
      <object_component id="oc-377">
         <name>.const:.string:g_pui8SerialNumberString</name>
         <load_address>0x7850</load_address>
         <run_address>0x7850</run_address>
         <size>0x12</size>
         <input_file_ref idref="fl-a"/>
      </object_component>
      <object_component id="oc-135">
         <name>.const:g_pui32VCOFrequencies</name>
         <load_address>0x7864</load_address>
         <run_address>0x7864</run_address>
         <size>0x8</size>
         <input_file_ref idref="fl-23"/>
      </object_component>
      <object_component id="oc-2f0">
         <name>.const:g_sCDCCompSerConfigHeader</name>
         <load_address>0x786c</load_address>
         <run_address>0x786c</run_address>
         <size>0x8</size>
         <input_file_ref idref="fl-12"/>
      </object_component>
      <object_component id="oc-2f5">
         <name>.const:g_sCDCCompSerConfigHeaderHS</name>
         <load_address>0x7874</load_address>
         <run_address>0x7874</run_address>
         <size>0x8</size>
         <input_file_ref idref="fl-12"/>
      </object_component>
      <object_component id="oc-4fa">
         <name>.const:g_sCDCSerCommInterfaceSection</name>
         <load_address>0x787c</load_address>
         <run_address>0x787c</run_address>
         <size>0x8</size>
         <input_file_ref idref="fl-12"/>
      </object_component>
      <object_component id="oc-2e6">
         <name>.const:g_sCDCSerConfigHeader</name>
         <load_address>0x7884</load_address>
         <run_address>0x7884</run_address>
         <size>0x8</size>
         <input_file_ref idref="fl-12"/>
      </object_component>
      <object_component id="oc-2eb">
         <name>.const:g_sCDCSerConfigHeaderHS</name>
         <load_address>0x788c</load_address>
         <run_address>0x788c</run_address>
         <size>0x8</size>
         <input_file_ref idref="fl-12"/>
      </object_component>
      <object_component id="oc-4f7">
         <name>.const:g_sCDCSerConfigSection</name>
         <load_address>0x7894</load_address>
         <run_address>0x7894</run_address>
         <size>0x8</size>
         <input_file_ref idref="fl-12"/>
      </object_component>
      <object_component id="oc-4fd">
         <name>.const:g_sCDCSerDataInterfaceSection</name>
         <load_address>0x789c</load_address>
         <run_address>0x789c</run_address>
         <size>0x8</size>
         <input_file_ref idref="fl-12"/>
      </object_component>
      <object_component id="oc-502">
         <name>.const:g_sCDCSerDataInterfaceSectionHS</name>
         <load_address>0x78a4</load_address>
         <run_address>0x78a4</run_address>
         <size>0x8</size>
         <input_file_ref idref="fl-12"/>
      </object_component>
      <object_component id="oc-507">
         <name>.const:g_sIADSerConfigSection</name>
         <load_address>0x78ac</load_address>
         <run_address>0x78ac</run_address>
         <size>0x8</size>
         <input_file_ref idref="fl-12"/>
      </object_component>
      <object_component id="oc-36e">
         <name>.const:.string:g_pui8LangDescriptor</name>
         <load_address>0x78b4</load_address>
         <run_address>0x78b4</run_address>
         <size>0x4</size>
         <input_file_ref idref="fl-a"/>
      </object_component>
      <object_component id="oc-16a">
         <name>.const:g_pCDCCompSerConfigDescriptors</name>
         <load_address>0x78b8</load_address>
         <run_address>0x78b8</run_address>
         <size>0x4</size>
         <input_file_ref idref="fl-12"/>
      </object_component>
      <object_component id="oc-16d">
         <name>.const:g_pCDCCompSerConfigDescriptorsHS</name>
         <load_address>0x78bc</load_address>
         <run_address>0x78bc</run_address>
         <size>0x4</size>
         <input_file_ref idref="fl-12"/>
      </object_component>
      <object_component id="oc-164">
         <name>.const:g_ppCDCSerConfigDescriptors</name>
         <load_address>0x78c0</load_address>
         <run_address>0x78c0</run_address>
         <size>0x4</size>
         <input_file_ref idref="fl-12"/>
      </object_component>
      <object_component id="oc-167">
         <name>.const:g_ppCDCSerConfigDescriptorsHS</name>
         <load_address>0x78c4</load_address>
         <run_address>0x78c4</run_address>
         <size>0x4</size>
         <input_file_ref idref="fl-12"/>
      </object_component>
      <object_component id="oc-656">
         <name>.cinit..data.load</name>
         <load_address>0x78c8</load_address>
         <run_address>0x78c8</run_address>
         <size>0xa4</size>
      </object_component>
      <object_component id="oc-654">
         <name>__TI_handler_table</name>
         <load_address>0x796c</load_address>
         <run_address>0x796c</run_address>
         <size>0xc</size>
      </object_component>
      <object_component id="oc-657">
         <name>.cinit..bss.load</name>
         <load_address>0x7978</load_address>
         <run_address>0x7978</run_address>
         <size>0x8</size>
      </object_component>
      <object_component id="oc-655">
         <name>__TI_cinit_table</name>
         <load_address>0x7980</load_address>
         <run_address>0x7980</run_address>
         <size>0x10</size>
      </object_component>
      <object_component id="oc-b7">
         <name>.data</name>
         <load_address>0x200007f0</load_address>
         <run_address>0x200007f0</run_address>
         <size>0x1a</size>
         <input_file_ref idref="fl-5"/>
      </object_component>
      <object_component id="oc-111">
         <name>.data</name>
         <load_address>0x20000888</load_address>
         <run_address>0x20000888</run_address>
         <size>0x4</size>
         <input_file_ref idref="fl-8"/>
      </object_component>
      <object_component id="oc-c6">
         <name>.data:g_psCDCDevice</name>
         <load_address>0x20000720</load_address>
         <run_address>0x20000720</run_address>
         <size>0x60</size>
         <input_file_ref idref="fl-a"/>
      </object_component>
      <object_component id="oc-bd">
         <name>.data:g_psRxBuffer</name>
         <load_address>0x20000780</load_address>
         <run_address>0x20000780</run_address>
         <size>0x38</size>
         <input_file_ref idref="fl-a"/>
      </object_component>
      <object_component id="oc-ba">
         <name>.data:g_psTxBuffer</name>
         <load_address>0x200007b8</load_address>
         <run_address>0x200007b8</run_address>
         <size>0x38</size>
         <input_file_ref idref="fl-a"/>
      </object_component>
      <object_component id="oc-15e">
         <name>.data:g_pui8CDCSerDeviceDescriptor</name>
         <load_address>0x2000080a</load_address>
         <run_address>0x2000080a</run_address>
         <size>0x12</size>
         <input_file_ref idref="fl-12"/>
      </object_component>
      <object_component id="oc-188">
         <name>.data:g_pui8CDCSerDescriptor</name>
         <load_address>0x20000860</load_address>
         <run_address>0x20000860</run_address>
         <size>0x9</size>
         <input_file_ref idref="fl-12"/>
      </object_component>
      <object_component id="oc-5a4">
         <name>.data:g_pui8IADSerDescriptor</name>
         <load_address>0x20000875</load_address>
         <run_address>0x20000875</run_address>
         <size>0x8</size>
         <input_file_ref idref="fl-12"/>
      </object_component>
      <object_component id="oc-419">
         <name>.data:g_psCDCSerSections</name>
         <load_address>0x2000083c</load_address>
         <run_address>0x2000083c</run_address>
         <size>0xc</size>
         <input_file_ref idref="fl-12"/>
      </object_component>
      <object_component id="oc-41e">
         <name>.data:g_psCDCSerSectionsHS</name>
         <load_address>0x20000848</load_address>
         <run_address>0x20000848</run_address>
         <size>0xc</size>
         <input_file_ref idref="fl-12"/>
      </object_component>
      <object_component id="oc-423">
         <name>.data:g_psCDCCompSerSections</name>
         <load_address>0x2000081c</load_address>
         <run_address>0x2000081c</run_address>
         <size>0x10</size>
         <input_file_ref idref="fl-12"/>
      </object_component>
      <object_component id="oc-428">
         <name>.data:g_psCDCCompSerSectionsHS</name>
         <load_address>0x2000082c</load_address>
         <run_address>0x2000082c</run_address>
         <size>0x10</size>
         <input_file_ref idref="fl-12"/>
      </object_component>
      <object_component id="oc-161">
         <name>.data</name>
         <load_address>0x2000086a</load_address>
         <run_address>0x2000086a</run_address>
         <size>0x2</size>
         <input_file_ref idref="fl-12"/>
      </object_component>
      <object_component id="oc-17b">
         <name>.data</name>
         <load_address>0x20000880</load_address>
         <run_address>0x20000880</run_address>
         <size>0x8</size>
         <input_file_ref idref="fl-13"/>
      </object_component>
      <object_component id="oc-332">
         <name>.data</name>
         <load_address>0x2000086c</load_address>
         <run_address>0x2000086c</run_address>
         <size>0x9</size>
         <input_file_ref idref="fl-17"/>
      </object_component>
      <object_component id="oc-287">
         <name>.data</name>
         <load_address>0x20000854</load_address>
         <run_address>0x20000854</run_address>
         <size>0xc</size>
         <input_file_ref idref="fl-19"/>
      </object_component>
      <object_component id="oc-c0">
         <name>.bss:g_pcCmdBuf</name>
         <uninitialized>true</uninitialized>
         <run_address>0x20000110</run_address>
         <size>0x100</size>
         <input_file_ref idref="fl-5"/>
      </object_component>
      <object_component id="oc-c3">
         <name>.bss</name>
         <uninitialized>true</uninitialized>
         <run_address>0x20000510</run_address>
         <size>0x4</size>
         <input_file_ref idref="fl-5"/>
      </object_component>
      <object_component id="oc-4d8">
         <name>.bss:g_pui8DataBufferIn</name>
         <uninitialized>true</uninitialized>
         <run_address>0x20000460</run_address>
         <size>0x40</size>
         <input_file_ref idref="fl-13"/>
      </object_component>
      <object_component id="oc-17e">
         <name>.bss</name>
         <uninitialized>true</uninitialized>
         <run_address>0x20000514</run_address>
         <size>0x4</size>
         <input_file_ref idref="fl-13"/>
      </object_component>
      <object_component id="oc-434">
         <name>.bss:g_psUSBDMAInst</name>
         <uninitialized>true</uninitialized>
         <run_address>0x20000000</run_address>
         <size>0x110</size>
         <input_file_ref idref="fl-16"/>
      </object_component>
      <object_component id="oc-cf">
         <name>.common:inj_pairs</name>
         <uninitialized>true</uninitialized>
         <run_address>0x200004a0</run_address>
         <size>0x40</size>
      </object_component>
      <object_component id="oc-1c5">
         <name>.common:g_ppui8USBRxBuffer</name>
         <uninitialized>true</uninitialized>
         <run_address>0x20000310</run_address>
         <size>0x100</size>
      </object_component>
      <object_component id="oc-1af">
         <name>.common:g_ppcUSBTxBuffer</name>
         <uninitialized>true</uninitialized>
         <run_address>0x20000210</run_address>
         <size>0x100</size>
      </object_component>
      <object_component id="oc-178">
         <name>.common:g_psDCDInst</name>
         <uninitialized>true</uninitialized>
         <run_address>0x20000410</run_address>
         <size>0x50</size>
      </object_component>
      <object_component id="oc-286">
         <name>.common:g_ppsDevInfo</name>
         <uninitialized>true</uninitialized>
         <run_address>0x20000518</run_address>
         <size>0x4</size>
      </object_component>
      <object_component id="oc-2a5">
         <name>.common:g_pfnTickHandlers</name>
         <uninitialized>true</uninitialized>
         <run_address>0x200004e0</run_address>
         <size>0x18</size>
      </object_component>
      <object_component id="oc-2a8">
         <name>.common:g_pvTickInstance</name>
         <uninitialized>true</uninitialized>
         <run_address>0x200004f8</run_address>
         <size>0x18</size>
      </object_component>
      <object_component id="oc-21">
         <name>.stack</name>
         <uninitialized>true</uninitialized>
         <run_address>0x20000520</run_address>
         <size>0x4</size>
         <input_file_ref idref="fl-e1"/>
      </object_component>
      <object_component id="oc-658">
         <name>.stack</name>
         <uninitialized>true</uninitialized>
         <run_address>0x20000520</run_address>
         <size>0x0</size>
      </object_component>
      <object_component id="oc-21b">
         <name>.debug_info</name>
         <load_address>0x0</load_address>
         <run_address>0x0</run_address>
         <size>0xaa0</size>
         <input_file_ref idref="fl-2"/>
      </object_component>
      <object_component id="oc-1e9">
         <name>.debug_info</name>
         <load_address>0xaa0</load_address>
         <run_address>0xaa0</run_address>
         <size>0x1128</size>
         <input_file_ref idref="fl-2"/>
      </object_component>
      <object_component id="oc-df">
         <name>.debug_info</name>
         <load_address>0x1bc8</load_address>
         <run_address>0x1bc8</run_address>
         <size>0x26b</size>
         <input_file_ref idref="fl-2"/>
      </object_component>
      <object_component id="oc-202">
         <name>.debug_info</name>
         <load_address>0x1e33</load_address>
         <run_address>0x1e33</run_address>
         <size>0x1055</size>
         <input_file_ref idref="fl-2"/>
      </object_component>
      <object_component id="oc-211">
         <name>.debug_info</name>
         <load_address>0x2e88</load_address>
         <run_address>0x2e88</run_address>
         <size>0x186</size>
         <input_file_ref idref="fl-2"/>
      </object_component>
      <object_component id="oc-d8">
         <name>.debug_info</name>
         <load_address>0x300e</load_address>
         <run_address>0x300e</run_address>
         <size>0x8b</size>
         <input_file_ref idref="fl-2"/>
      </object_component>
      <object_component id="oc-216">
         <name>.debug_info</name>
         <load_address>0x3099</load_address>
         <run_address>0x3099</run_address>
         <size>0x297</size>
         <input_file_ref idref="fl-2"/>
      </object_component>
      <object_component id="oc-d3">
         <name>.debug_info</name>
         <load_address>0x3330</load_address>
         <run_address>0x3330</run_address>
         <size>0xbb</size>
         <input_file_ref idref="fl-2"/>
      </object_component>
      <object_component id="oc-207">
         <name>.debug_info</name>
         <load_address>0x33eb</load_address>
         <run_address>0x33eb</run_address>
         <size>0x35</size>
         <input_file_ref idref="fl-2"/>
      </object_component>
      <object_component id="oc-1e5">
         <name>.debug_info</name>
         <load_address>0x3420</load_address>
         <run_address>0x3420</run_address>
         <size>0xa38</size>
         <input_file_ref idref="fl-3"/>
      </object_component>
      <object_component id="oc-39">
         <name>.debug_info</name>
         <load_address>0x3e58</load_address>
         <run_address>0x3e58</run_address>
         <size>0x84</size>
         <input_file_ref idref="fl-3"/>
      </object_component>
      <object_component id="oc-1f0">
         <name>.debug_info</name>
         <load_address>0x3edc</load_address>
         <run_address>0x3edc</run_address>
         <size>0x9f2</size>
         <input_file_ref idref="fl-4"/>
      </object_component>
      <object_component id="oc-ca">
         <name>.debug_info</name>
         <load_address>0x48ce</load_address>
         <run_address>0x48ce</run_address>
         <size>0x37d</size>
[...]
      <symbol id="sm-c55">
         <name>USBLPMIntEnable</name>
         <value>0x73f1</value>
         <object_component_ref idref="oc-32a"/>
      </symbol>
      <symbol id="sm-c56">
         <name>USBClockEnable</name>
         <value>0x741d</value>
         <object_component_ref idref="oc-320"/>
      </symbol>
      <symbol id="sm-c57">
         <name>USBDMAChannelIntStatus</name>
         <value>0x7455</value>
         <object_component_ref idref="oc-51f"/>
      </symbol>
      <symbol id="sm-c58">
         <name>USBDMAChannelCountSet</name>
         <value>0x7431</value>
         <object_component_ref idref="oc-524"/>
      </symbol>
      <symbol id="sm-c59">
         <name>USBLPMIntStatus</name>
         <value>0x7461</value>
         <object_component_ref idref="oc-27e"/>
      </symbol>
      <symbol id="sm-c5a">
         <name>USBDMAChannelAddressSet</name>
         <value>0x7427</value>
         <object_component_ref idref="oc-523"/>
      </symbol>
      <symbol id="sm-c5b">
         <name>USBULPIDisable</name>
         <value>0x7347</value>
         <object_component_ref idref="oc-328"/>
      </symbol>
      <symbol id="sm-c5c">
         <name>USBDMAChannelConfigSet</name>
         <value>0x7291</value>
         <object_component_ref idref="oc-527"/>
      </symbol>
      <symbol id="sm-c5d">
         <name>USBULPIRegRead</name>
         <value>0x70ef</value>
         <object_component_ref idref="oc-431"/>
      </symbol>
      <symbol id="sm-c5e">
         <name>USBULPIEnable</name>
         <value>0x7355</value>
         <object_component_ref idref="oc-321"/>
      </symbol>
      <symbol id="sm-c5f">
         <name>USBDMAChannelStatus</name>
         <value>0x731d</value>
         <object_component_ref idref="oc-51c"/>
      </symbol>
      <symbol id="sm-c60">
         <name>USBULPIRegWrite</name>
         <value>0x710d</value>
         <object_component_ref idref="oc-432"/>
      </symbol>
      <symbol id="sm-c61">
         <name>USBDMAChannelIntEnable</name>
         <value>0x72d9</value>
         <object_component_ref idref="oc-516"/>
      </symbol>
      <symbol id="sm-c62">
         <name>USBDevLPMConfig</name>
         <value>0x745b</value>
         <object_component_ref idref="oc-329"/>
      </symbol>
      <symbol id="sm-c63">
         <name>USBDevLPMEnable</name>
         <value>0x7339</value>
         <object_component_ref idref="oc-27f"/>
      </symbol>
      <symbol id="sm-c64">
         <name>USBFIFOConfigSet</name>
         <value>0x6a8d</value>
         <object_component_ref idref="oc-5fc"/>
      </symbol>
      <symbol id="sm-c65">
         <name>USBDevLPMDisable</name>
         <value>0x732b</value>
         <object_component_ref idref="oc-32b"/>
      </symbol>
      <symbol id="sm-c66">
         <name>USBEndpointPacketCountSet</name>
         <value>0x73e5</value>
         <object_component_ref idref="oc-525"/>
      </symbol>
      <symbol id="sm-c67">
         <name>USBDMAChannelIntDisable</name>
         <value>0x72c7</value>
         <object_component_ref idref="oc-513"/>
      </symbol>
      <symbol id="sm-c68">
         <name>USBEndpointDMAConfigSet</name>
         <value>0x672d</value>
         <object_component_ref idref="oc-526"/>
      </symbol>
      <symbol id="sm-c69">
         <name>USBDevEndpointConfigSet</name>
         <value>0x5c6b</value>
         <object_component_ref idref="oc-5f5"/>
      </symbol>
      <symbol id="sm-c6a">
         <name>USBDMAChannelDisable</name>
         <value>0x72a3</value>
         <object_component_ref idref="oc-511"/>
      </symbol>
      <symbol id="sm-c6b">
         <name>USBDMAChannelEnable</name>
         <value>0x72b5</value>
         <object_component_ref idref="oc-517"/>
      </symbol>
      <symbol id="sm-c71">
         <name>CPUcpsie</name>
         <value>0x73b5</value>
         <object_component_ref idref="oc-3cf"/>
      </symbol>
      <symbol id="sm-c72">
         <name>CPUcpsid</name>
         <value>0x73a9</value>
         <object_component_ref idref="oc-3ce"/>
      </symbol>
      <symbol id="sm-c85">
         <name>__TI_zero_init</name>
         <value>0x73fd</value>
         <object_component_ref idref="oc-50"/>
      </symbol>
      <symbol id="sm-c9c">
         <name>__TI_decompress_none</name>
         <value>0x7363</value>
         <object_component_ref idref="oc-18"/>
      </symbol>
      <symbol id="sm-cbf">
         <name>__TI_decompress_lzss</name>
         <value>0x6209</value>
         <object_component_ref idref="oc-12"/>
      </symbol>
      <symbol id="sm-cd2">
         <name>__stack</name>
         <value>0x20000520</value>
         <object_component_ref idref="oc-21"/>
      </symbol>
      <symbol id="sm-cd3">
         <name>_c_int00_noargs</name>
         <value>0x6ba9</value>
         <object_component_ref idref="oc-5c"/>
      </symbol>
      <symbol id="sm-cde">
         <name>C$$EXIT</name>
         <value>0x746b</value>
         <object_component_ref idref="oc-22c"/>
      </symbol>
      <symbol id="sm-cdf">
         <name>abort</name>
         <value>0x746b</value>
         <object_component_ref idref="oc-22c"/>
      </symbol>
      <symbol id="sm-cf1">
         <name>__aeabi_memset</name>
         <value>0x5ce7</value>
         <object_component_ref idref="oc-f9"/>
      </symbol>
      <symbol id="sm-cf2">
         <name>memset</name>
         <value>0x5ced</value>
         <object_component_ref idref="oc-f9"/>
      </symbol>
      <symbol id="sm-cf3">
         <name>__aeabi_memset8</name>
         <value>0x5ce7</value>
         <object_component_ref idref="oc-f9"/>
      </symbol>
      <symbol id="sm-cf4">
         <name>__aeabi_memset4</name>
         <value>0x5ce7</value>
         <object_component_ref idref="oc-f9"/>
      </symbol>
      <symbol id="sm-cf5">
         <name>__aeabi_memclr8</name>
         <value>0x5ce5</value>
         <object_component_ref idref="oc-f9"/>
      </symbol>
      <symbol id="sm-cf6">
         <name>__aeabi_memclr4</name>
         <value>0x5ce5</value>
         <object_component_ref idref="oc-f9"/>
      </symbol>
      <symbol id="sm-cf7">
         <name>__aeabi_memclr</name>
         <value>0x5ce5</value>
         <object_component_ref idref="oc-f9"/>
      </symbol>
      <symbol id="sm-d12">
         <name>memcpy</name>
         <value>0x594d</value>
         <object_component_ref idref="oc-3e"/>
      </symbol>
      <symbol id="sm-d13">
         <name>__aeabi_memcpy</name>
         <value>0x594d</value>
         <object_component_ref idref="oc-3e"/>
      </symbol>
      <symbol id="sm-d14">
         <name>__aeabi_memcpy8</name>
         <value>0x594d</value>
         <object_component_ref idref="oc-3e"/>
      </symbol>
      <symbol id="sm-d15">
         <name>__aeabi_memcpy4</name>
         <value>0x594d</value>
         <object_component_ref idref="oc-3e"/>
      </symbol>
      <symbol id="sm-d3d">
         <name>__TI_auto_init_nobinit_nopinit</name>
         <value>0x68dd</value>
         <object_component_ref idref="oc-238"/>
      </symbol>
      <symbol id="sm-d47">
         <name>_system_pre_init</name>
         <value>0x7467</value>
         <object_component_ref idref="oc-ff"/>
      </symbol>
      <symbol id="sm-d49">
         <name>__TI_static_base__</name>
         <value>0x0</value>
      </symbol>
      <symbol id="sm-d4c">
         <name>__mpu_init</name>
         <value>0x0</value>
      </symbol>
      <symbol id="sm-d4d">
         <name>_system_post_cinit</name>
         <value>0x0</value>
      </symbol>
      <symbol id="sm-d4e">
         <name>NMI_Handler</name>
         <value>0x73a7</value>
      </symbol>
      <symbol id="sm-d4f">
         <name>HardFault_Handler</name>
         <value>0x73a7</value>
      </symbol>
      <symbol id="sm-d50">
         <name>MemManage_Handler</name>
         <value>0x73a7</value>
      </symbol>
      <symbol id="sm-d51">
         <name>BusFault_Handler</name>
         <value>0x73a7</value>
      </symbol>
      <symbol id="sm-d52">
         <name>UsageFault_Handler</name>
         <value>0x73a7</value>
      </symbol>
      <symbol id="sm-d53">
         <name>SVC_Handler</name>
         <value>0x73a7</value>
      </symbol>
      <symbol id="sm-d54">
         <name>DebugMon_Handler</name>
         <value>0x73a7</value>
      </symbol>
      <symbol id="sm-d55">
         <name>PendSV_Handler</name>
         <value>0x73a7</value>
      </symbol>
      <symbol id="sm-d56">
         <name>SysTick_Handler</name>
         <value>0x1b09</value>
      </symbol>
      <symbol id="sm-d57">
         <name>GPIOA_IRQHandler</name>
         <value>0x73a7</value>
      </symbol>
      <symbol id="sm-d58">
         <name>GPIOB_IRQHandler</name>
         <value>0x73a7</value>
      </symbol>
      <symbol id="sm-d59">
         <name>GPIOC_IRQHandler</name>
         <value>0x73a7</value>
      </symbol>
      <symbol id="sm-d5a">
         <name>GPIOD_IRQHandler</name>
         <value>0x73a7</value>
      </symbol>
      <symbol id="sm-d5b">
         <name>GPIOE_IRQHandler</name>
         <value>0x73a7</value>
      </symbol>
      <symbol id="sm-d5c">
         <name>UART0_IRQHandler</name>
         <value>0x73a7</value>
      </symbol>
      <symbol id="sm-d5d">
         <name>UART1_IRQHandler</name>
         <value>0x73a7</value>
      </symbol>
      <symbol id="sm-d5e">
         <name>SSI0_IRQHandler</name>
         <value>0x73a7</value>
      </symbol>
      <symbol id="sm-d5f">
         <name>I2C0_IRQHandler</name>
         <value>0x73a7</value>
      </symbol>
      <symbol id="sm-d60">
         <name>PWM0_FAULT_IRQHandler</name>
         <value>0x73a7</value>
      </symbol>
      <symbol id="sm-d61">
         <name>PWM0_0_IRQHandler</name>
         <value>0x73a7</value>
      </symbol>
      <symbol id="sm-d62">
         <name>PWM0_1_IRQHandler</name>
         <value>0x73a7</value>
      </symbol>
      <symbol id="sm-d63">
         <name>PWM0_2_IRQHandler</name>
         <value>0x73a7</value>
      </symbol>
      <symbol id="sm-d64">
         <name>QEI0_IRQHandler</name>
         <value>0x73a7</value>
      </symbol>
      <symbol id="sm-d65">
         <name>ADC0SS0_IRQHandler</name>
         <value>0x73a7</value>
      </symbol>
      <symbol id="sm-d66">
         <name>ADC0SS1_IRQHandler</name>
         <value>0x73a7</value>
      </symbol>
      <symbol id="sm-d67">
         <name>ADC0SS2_IRQHandler</name>
         <value>0x73a7</value>
      </symbol>
      <symbol id="sm-d68">
         <name>ADC0SS3_IRQHandler</name>
         <value>0x73a7</value>
      </symbol>
      <symbol id="sm-d69">
         <name>WATCHDOG_IRQHandler</name>
         <value>0x73a7</value>
      </symbol>
      <symbol id="sm-d6a">
         <name>TIMER0A_IRQHandler</name>
         <value>0x73a7</value>
      </symbol>
      <symbol id="sm-d6b">
         <name>TIMER0B_IRQHandler</name>
         <value>0x73a7</value>
      </symbol>
      <symbol id="sm-d6c">
         <name>TIMER1A_IRQHandler</name>
         <value>0x73a7</value>
      </symbol>
      <symbol id="sm-d6d">
         <name>TIMER1B_IRQHandler</name>
         <value>0x73a7</value>
      </symbol>
      <symbol id="sm-d6e">
         <name>TIMER2A_IRQHandler</name>
         <value>0x73a7</value>
      </symbol>
      <symbol id="sm-d6f">
         <name>TIMER2B_IRQHandler</name>
         <value>0x73a7</value>
      </symbol>
      <symbol id="sm-d70">
         <name>COMP0_IRQHandler</name>
         <value>0x73a7</value>
      </symbol>
      <symbol id="sm-d71">
         <name>COMP1_IRQHandler</name>
         <value>0x73a7</value>
      </symbol>
      <symbol id="sm-d72">
         <name>COMP2_IRQHandler</name>
         <value>0x73a7</value>
      </symbol>
      <symbol id="sm-d73">
         <name>SYSCTL_IRQHandler</name>
         <value>0x73a7</value>
      </symbol>
      <symbol id="sm-d74">
         <name>FLASH_IRQHandler</name>
         <value>0x73a7</value>
      </symbol>
      <symbol id="sm-d75">
         <name>GPIOF_IRQHandler</name>
         <value>0x73a7</value>
      </symbol>
      <symbol id="sm-d76">
         <name>GPIOG_IRQHandler</name>
         <value>0x73a7</value>
      </symbol>
      <symbol id="sm-d77">
         <name>GPIOH_IRQHandler</name>
         <value>0x73a7</value>
      </symbol>
      <symbol id="sm-d78">
         <name>UART2_IRQHandler</name>
         <value>0x73a7</value>
      </symbol>
      <symbol id="sm-d79">
         <name>SSI1_IRQHandler</name>
         <value>0x73a7</value>
      </symbol>
      <symbol id="sm-d7a">
         <name>TIMER3A_IRQHandler</name>
         <value>0x73a7</value>
      </symbol>
      <symbol id="sm-d7b">
         <name>TIMER3B_IRQHandler</name>
         <value>0x73a7</value>
      </symbol>
      <symbol id="sm-d7c">
         <name>I2C1_IRQHandler</name>
         <value>0x73a7</value>
      </symbol>
      <symbol id="sm-d7d">
         <name>CAN0_IRQHandler</name>
         <value>0x73a7</value>
      </symbol>
      <symbol id="sm-d7e">
         <name>CAN1_IRQHandler</name>
         <value>0x73a7</value>
      </symbol>
      <symbol id="sm-d7f">
         <name>EMAC0_IRQHandler</name>
         <value>0x73a7</value>
      </symbol>
      <symbol id="sm-d80">
         <name>HIBERNATE_IRQHandler</name>
         <value>0x73a7</value>
      </symbol>
      <symbol id="sm-d81">
         <name>USB0_IRQHandler</name>
         <value>0x1b01</value>
      </symbol>
      <symbol id="sm-d82">
         <name>PWM0_3_IRQHandler</name>
         <value>0x73a7</value>
      </symbol>
      <symbol id="sm-d83">
         <name>UDMA_IRQHandler</name>
         <value>0x73a7</value>
      </symbol>
      <symbol id="sm-d84">
         <name>UDMAERR_IRQHandler</name>
         <value>0x73a7</value>
      </symbol>
      <symbol id="sm-d85">
         <name>ADC1SS0_IRQHandler</name>
         <value>0x73a7</value>
      </symbol>
      <symbol id="sm-d86">
         <name>ADC1SS1_IRQHandler</name>
         <value>0x73a7</value>
      </symbol>
      <symbol id="sm-d87">
         <name>ADC1SS2_IRQHandler</name>
         <value>0x73a7</value>
      </symbol>
      <symbol id="sm-d88">
         <name>ADC1SS3_IRQHandler</name>
         <value>0x73a7</value>
      </symbol>
      <symbol id="sm-d89">
         <name>EPI0_IRQHandler</name>
         <value>0x73a7</value>
      </symbol>
      <symbol id="sm-d8a">
         <name>GPIOJ_IRQHandler</name>
         <value>0x73a7</value>
      </symbol>
      <symbol id="sm-d8b">
         <name>GPIOK_IRQHandler</name>
         <value>0x73a7</value>
      </symbol>
      <symbol id="sm-d8c">
         <name>GPIOL_IRQHandler</name>
         <value>0x73a7</value>
      </symbol>
      <symbol id="sm-d8d">
         <name>SSI2_IRQHandler</name>
         <value>0x73a7</value>
      </symbol>
      <symbol id="sm-d8e">
         <name>SSI3_IRQHandler</name>
         <value>0x73a7</value>
      </symbol>
      <symbol id="sm-d8f">
         <name>UART3_IRQHandler</name>
         <value>0x73a7</value>
      </symbol>
      <symbol id="sm-d90">
         <name>UART4_IRQHandler</name>
         <value>0x73a7</value>
      </symbol>
      <symbol id="sm-d91">
         <name>UART5_IRQHandler</name>
         <value>0x73a7</value>
      </symbol>
      <symbol id="sm-d92">
         <name>UART6_IRQHandler</name>
         <value>0x73a7</value>
      </symbol>
      <symbol id="sm-d93">
         <name>UART7_IRQHandler</name>
         <value>0x73a7</value>
      </symbol>
      <symbol id="sm-d94">
         <name>I2C2_IRQHandler</name>
         <value>0x73a7</value>
      </symbol>
      <symbol id="sm-d95">
         <name>I2C3_IRQHandler</name>
         <value>0x73a7</value>
      </symbol>
      <symbol id="sm-d96">
         <name>TIMER4A_IRQHandler</name>
         <value>0x73a7</value>
      </symbol>
      <symbol id="sm-d97">
         <name>TIMER4B_IRQHandler</name>
         <value>0x73a7</value>
      </symbol>
      <symbol id="sm-d98">
         <name>TIMER5A_IRQHandler</name>
         <value>0x73a7</value>
      </symbol>
      <symbol id="sm-d99">
         <name>TIMER5B_IRQHandler</name>
         <value>0x73a7</value>
      </symbol>
      <symbol id="sm-d9a">
         <name>SYSEXC_IRQHandler</name>
         <value>0x73a7</value>
      </symbol>
      <symbol id="sm-d9b">
         <name>I2C4_IRQHandler</name>
         <value>0x73a7</value>
      </symbol>
      <symbol id="sm-d9c">
         <name>I2C5_IRQHandler</name>
         <value>0x73a7</value>
      </symbol>
      <symbol id="sm-d9d">
         <name>GPIOM_IRQHandler</name>
         <value>0x73a7</value>
      </symbol>
      <symbol id="sm-d9e">
         <name>GPION_IRQHandler</name>
         <value>0x73a7</value>
      </symbol>
      <symbol id="sm-d9f">
         <name>TAMPER0_IRQHandler</name>
         <value>0x73a7</value>
      </symbol>
      <symbol id="sm-da0">
         <name>GPIOP0_IRQHandler</name>
         <value>0x73a7</value>
      </symbol>
      <symbol id="sm-da1">
         <name>GPIOP1_IRQHandler</name>
         <value>0x73a7</value>
      </symbol>
      <symbol id="sm-da2">
         <name>GPIOP2_IRQHandler</name>
         <value>0x73a7</value>
      </symbol>
      <symbol id="sm-da3">
         <name>GPIOP3_IRQHandler</name>
         <value>0x73a7</value>
      </symbol>
      <symbol id="sm-da4">
         <name>GPIOP4_IRQHandler</name>
         <value>0x73a7</value>
      </symbol>
      <symbol id="sm-da5">
         <name>GPIOP5_IRQHandler</name>
         <value>0x73a7</value>
      </symbol>
      <symbol id="sm-da6">
         <name>GPIOP6_IRQHandler</name>
         <value>0x73a7</value>
      </symbol>
      <symbol id="sm-da7">
         <name>GPIOP7_IRQHandler</name>
         <value>0x73a7</value>
      </symbol>
      <symbol id="sm-da8">
         <name>GPIOQ0_IRQHandler</name>
         <value>0x73a7</value>
      </symbol>
      <symbol id="sm-da9">
         <name>GPIOQ1_IRQHandler</name>
         <value>0x73a7</value>
      </symbol>
      <symbol id="sm-daa">
         <name>GPIOQ2_IRQHandler</name>
         <value>0x73a7</value>
      </symbol>
      <symbol id="sm-dab">
         <name>GPIOQ3_IRQHandler</name>
         <value>0x73a7</value>
      </symbol>
      <symbol id="sm-dac">
         <name>GPIOQ4_IRQHandler</name>
         <value>0x73a7</value>
      </symbol>
      <symbol id="sm-dad">
         <name>GPIOQ5_IRQHandler</name>
         <value>0x73a7</value>
      </symbol>
      <symbol id="sm-dae">
         <name>GPIOQ6_IRQHandler</name>
         <value>0x73a7</value>
      </symbol>
      <symbol id="sm-daf">
         <name>GPIOQ7_IRQHandler</name>
         <value>0x73a7</value>
      </symbol>
      <symbol id="sm-db0">
         <name>SHA0_IRQHandler</name>
         <value>0x73a7</value>
      </symbol>
      <symbol id="sm-db1">
         <name>AES0_IRQHandler</name>
         <value>0x73a7</value>
      </symbol>
      <symbol id="sm-db2">
         <name>DES0_IRQHandler</name>
         <value>0x73a7</value>
      </symbol>
      <symbol id="sm-db3">
         <name>TIMER6A_IRQHandler</name>
         <value>0x73a7</value>
      </symbol>
      <symbol id="sm-db4">
         <name>TIMER6B_IRQHandler</name>
         <value>0x73a7</value>
      </symbol>
      <symbol id="sm-db5">
         <name>TIMER7A_IRQHandler</name>
         <value>0x73a7</value>
      </symbol>
      <symbol id="sm-db6">
         <name>TIMER7B_IRQHandler</name>
         <value>0x73a7</value>
      </symbol>
      <symbol id="sm-db7">
         <name>I2C6_IRQHandler</name>
         <value>0x73a7</value>
      </symbol>
      <symbol id="sm-db8">
         <name>I2C7_IRQHandler</name>
         <value>0x73a7</value>
      </symbol>
      <symbol id="sm-db9">
         <name>I2C8_IRQHandler</name>
         <value>0x73a7</value>
      </symbol>
      <symbol id="sm-dba">
         <name>I2C9_IRQHandler</name>
         <value>0x73a7</value>
      </symbol>
   </symbol_table>
   <title>Link successful</title>
</link_info>
