******************************************************************************
                  TI ARM Linker Unix v18.1.3                   
******************************************************************************
>> Linked Tue Feb  5 10:58:01 2019

OUTPUT FILE NAME:   <fw_5v0.out>
ENTRY POINT SYMBOL: "_c_int00_noargs"  address: 00004315


MEMORY CONFIGURATION

         name            origin    length      used     unused   attr    fill
----------------------  --------  ---------  --------  --------  ----  --------
  FLASH                 00000000   00100000  00005072  000faf8e  R  X
  SRAM                  20000000   00040000  00000888  0003f778  RW X


SEGMENT ALLOCATION MAP

run origin  load origin   length   init length attrs members
----------  ----------- ---------- ----------- ----- -------
00000000    00000000    00005078   00005078    r-x
  00000000    00000000    00000208   00000208    r-- .intvecs
  00000208    00000208    0000498a   0000498a    r-x .text
  00004b94    00004b94    00000410   00000410    r-- .const
  00004fa8    00004fa8    000000d0   000000d0    r-- .cinit
20000000    20000000    0000088c   00000000    rw-
  20000000    20000000    0000051c   00000000    rw- .bss
  20000520    20000520    00000200   00000000    rw- .stack
  20000720    20000720    0000016c   00000000    rw- .data


SECTION ALLOCATION MAP

 output                                  attributes/
section   page    origin      length       input sections
--------  ----  ----------  ----------   ----------------
.intvecs   0    00000000    00000208     
                  00000000    00000208     startup_msp432e401y_ccs.obj (.intvecs:retain)

.text      0    00000208    0000498a     
                  00000208    000004b8     main.obj (.text:main)
                  000006c0    00000270     pinout.obj (.text:PinoutSet)
                  00000930    00000224     msp432e4_usblib.a : usbdcdc.o (.text:HandleRequests)
                  00000b54    00000224                       : usbdma.o (.text:iDMAUSBTransfer)
                  00000d78    000001fc                       : usbdenum.o (.text:USBDEP0StateTxConfig)
                  00000f74    000001fc                       : usbdconfig.o (.text:USBDeviceConfig)
                  00001170    000001f8                       : usbdenum.o (.text:USBDCDInit)
                  00001368    000001f0     msp432e4_driverlib.a : sysctl_MSP432E411Y.obj (.text:SysCtlClockFreqSet)
                  00001558    000001e8     msp432e4_usblib.a : usbdenum.o (.text:USBDeviceIntHandlerInternal)
                  00001740    00000170                       : usbdenum.o (.text:USBDGetDescriptor)
                  000018b0    00000158                       : usbdcdc.o (.text:USBDCDCCompositeInit)
                  00001a08    00000154                       : usbdenum.o (.text:USBDeviceEnumHandler)
                  00001b5c    0000013c                       : usbdma.o (.text:USBLibDMAInit)
                  00001c98    00000130     msp432e4_driverlib.a : gpio_MSP432E411Y.obj (.text:GPIOPadConfigSet)
                  00001dc8    00000128     msp432e4_usblib.a : usbdcdc.o (.text:HandleDevice)
                  00001ef0    00000124                       : usbbuffer.o (.text:HandleRxAvailable)
                  00002014    00000108                       : usbbuffer.o (.text:ScheduleNextTransmission)
                  0000211c    00000100                       : usbdma.o (.text:iDMAUSBChannelAllocate)
                  0000221c    000000f0                       : usbdenum.o (.text:USBDClearFeature)
                  0000230c    000000f0                       : usbdenum.o (.text:USBDSetInterface)
                  000023fc    000000dc                       : usbdcdc.o (.text:USBDCDCPacketRead)
                  000024d8    000000d8                       : usbdenum.o (.text:USBDSetConfiguration)
                  000025b0    000000d4                       : usbdcdc.o (.text:CDCTickHandler)
                  00002684    000000cc                       : usbdconfig.o (.text:USBDeviceConfigAlternate)
                  00002750    000000c8                       : usbdcdc.o (.text:SendSerialState)
                  00002818    000000c8                       : usbdenum.o (.text:USBDCDFeatureSet)
                  000028e0    000000c4                       : usbdenum.o (.text:USBDEP0StateTx)
                  000029a4    000000c0                       : usbdenum.o (.text:USBDSetFeature)
                  00002a64    000000bc                       : usbdcdc.o (.text:ProcessDataToHost)
                  00002b20    000000bc                       : usbdenum.o (.text:USBDGetStatus)
                  00002bdc    000000b8                       : usbdenum.o (.text:USBDStringIndexFromRequest)
                  00002c94    000000b4                       : usbdcdc.o (.text:ProcessDataFromHost)
                  00002d48    000000ac     main.obj (.text:setup_usb)
                  00002df4    000000a2     msp432e4_usblib.a : usbulpi.o (.text:ULPIConfigSet)
                  00002e96    00000002     startup_msp432e401y_ccs.obj (.text:Default_Handler)
                  00002e98    000000a0     msp432e4_usblib.a : usbdenum.o (.text:USBDReadAndDispatchRequest)
                  00002f38    0000009c                       : usbdcdc.o (.text:USBDCDCPacketWrite)
                  00002fd4    0000009c     rtsv7M4_T_le_v4SPD16_eabi.lib : memcpy_t2.asm.obj (.text)
                  00003070    0000008e     msp432e4_usblib.a : usbdcdesc.o (.text:USBDCDConfigDescGet)
                  000030fe    00000002     --HOLE-- [fill = 0]
                  00003100    00000088     main.obj (.text:ControlHandler)
                  00003188    00000082     msp432e4_usblib.a : usbdconfig.o (.text:GetEPDescriptorType)
                  0000320a    00000002     --HOLE-- [fill = 0]
                  0000320c    0000007c     main.obj (.text:RxHandlerCmd)
                  00003288    0000007c     msp432e4_usblib.a : usbdcdc.o (.text:USBDCDCInit)
                  00003304    0000007c                       : usbdma.o (.text:iDMAUSBChannelEnable)
                  00003380    0000007a                       : usbbuffer.o (.text:USBBufferEventCallback)
                  000033fa    0000007a     msp432e4_driverlib.a : usb_MSP432E411Y.obj (.text:USBDevEndpointConfigSet)
                  00003474    0000007a     rtsv7M4_T_le_v4SPD16_eabi.lib : memset_t2.asm.obj (.text)
                  000034ee    00000074     msp432e4_usblib.a : usbdcdc.o (.text:HandleEP0Data)
                  00003562    00000002     --HOLE-- [fill = 0]
                  00003564    00000074                       : usbdenum.o (.text:USBDeviceResumeTickHandler)
                  000035d8    00000072                       : usbdma.o (.text:iDMAUSBChannelRelease)
                  0000364a    0000006e                       : usbdcdesc.o (.text:USBDCDConfigGetInterfaceEndpoint)
                  000036b8    0000006c                       : usbdenum.o (.text:USBDGetInterface)
                  00003724    0000006a                       : usbdcdesc.o (.text:ConfigAlternateInterfaceGet)
                  0000378e    0000006a                       : usbdesc.o (.text:USBDescGet)
                  000037f8    00000068                       : usbdcdc.o (.text:HandleEndpoints)
                  00003860    00000068                       : usbdcdesc.o (.text:NextConfigDescGet)
                  000038c8    00000068                       : usbdcdc.o (.text:ProcessNotificationToHost)
                  00003930    00000068                       : usbdenum.o (.text:USBDeviceEnumResetHandler)
                  00003998    00000068     rtsv7M4_T_le_v4SPD16_eabi.lib : copy_decompress_lzss.c.obj (.text:decompress:lzss:__TI_decompress_lzss)
                  00003a00    00000064     msp432e4_driverlib.a : interrupt_MSP432E411Y.obj (.text:IntIsEnabled)
                  00003a64    00000060     msp432e4_usblib.a : usbdcdc.o (.text:USBDCDCRxPacketAvailable)
                  00003ac4    0000005c                       : usbdenum.o (.text:USBDCDDeviceInfoInit)
                  00003b20    0000005c                       : usbdesc.o (.text:USBDescGetNum)
                  00003b7c    0000005c                       : usbringbuf.o (.text:USBRingBufAdvanceWrite)
                  00003bd8    0000005a                       : usbdma.o (.text:DMAUSBIntHandler)
                  00003c32    00000002     --HOLE-- [fill = 0]
                  00003c34    00000058                       : usbtick.o (.text:InternalUSBRegisterTickHandler)
                  00003c8c    00000058     msp432e4_driverlib.a : sysctl_MSP432E411Y.obj (.text:SysCtlVCOGet)
                  00003ce4    00000058     msp432e4_usblib.a : usbdma.o (.text:iDMAUSBChannelStatus)
                  00003d3c    00000054                       : usbdenum.o (.text:USBDGetConfiguration)
                  00003d90    00000050                       : usbtick.o (.text:InternalUSBStartOfFrameTick)
                  00003de0    0000004e                       : usbdcdc.o (.text:HandleConfigChange)
                  00003e2e    0000004e                       : usbdcdesc.o (.text:USBDCDConfigDescGetNum)
                  00003e7c    0000004c                       : usbtick.o (.text:InternalUSBTickInit)
                  00003ec8    0000004c                       : usbdcdc.o (.text:SendBreak)
                  00003f14    0000004c     msp432e4_driverlib.a : usb_MSP432E411Y.obj (.text:USBEndpointDMAConfigSet)
                  00003f60    0000004a     msp432e4_usblib.a : usbringbuf.o (.text:UpdateIndexAtomic)
                  00003faa    00000002     --HOLE-- [fill = 0]
                  00003fac    00000048     msp432e4_driverlib.a : sysctl_MSP432E411Y.obj (.text:_SysCtlFrequencyGet)
                  00003ff4    00000048     msp432e4_usblib.a : usbdma.o (.text:iDMAUSBChannelDisable)
                  0000403c    00000044                       : usbdconfig.o (.text:GetEndpointFIFOSize)
                  00004080    00000044                       : usbbuffer.o (.text:USBBufferWrite)
                  000040c4    00000044     rtsv7M4_T_le_v4SPD16_eabi.lib : autoinit.c.obj (.text:__TI_auto_init_nobinit_nopinit:__TI_auto_init_nobinit_nopinit)
                  00004108    0000003e     msp432e4_usblib.a : usbbuffer.o (.text:USBBufferRead)
                  00004146    0000003c                       : usbbuffer.o (.text:HandleRequestBuffer)
                  00004182    0000003c                       : usbdcdc.o (.text:SetDeferredOpFlag)
                  000041be    0000003c                       : usbringbuf.o (.text:USBRingBufContigFree)
                  000041fa    0000003a     msp432e4_driverlib.a : usb_MSP432E411Y.obj (.text:USBFIFOConfigSet)
                  00004234    00000038     msp432e4_usblib.a : usbdcdesc.o (.text:USBDCDConfigDescGetSize)
                  0000426c    00000038                       : usbdenum.o (.text:USBDCDFeatureGet)
                  000042a4    00000038                       : usbdenum.o (.text:USBDCDRequestDataEP0)
                  000042dc    00000038                       : usbdenum.o (.text:USBDSetAddress)
                  00004314    00000038     rtsv7M4_T_le_v4SPD16_eabi.lib : boot_cortex_m.c.obj (.text:_c_int00_noargs:_c_int00_noargs)
                  0000434c    00000036     msp432e4_usblib.a : usbdcdc.o (.text:CheckAndSendBreak)
                  00004382    00000036                       : usbdcdesc.o (.text:USBDCDConfigGetInterface)
                  000043b8    00000036                       : usbringbuf.o (.text:USBRingBufRead)
                  000043ee    00000036                       : usbringbuf.o (.text:USBRingBufWrite)
                  00004424    00000034                       : usbdcdc.o (.text:HandleDisconnect)
                  00004458    00000034     usb_functions.obj (.text:buff_cpy)
                  0000448c    00000032     msp432e4_usblib.a : usbringbuf.o (.text:USBRingBufUsed)
                  000044be    00000002     --HOLE-- [fill = 0]
                  000044c0    00000030                       : usbdenum.o (.text:USBDCDSendDataEP0)
                  000044f0    0000002e                       : usbdcdc.o (.text:SendLineCodingChange)
                  0000451e    0000002e                       : usbdcdc.o (.text:SendLineStateChange)
                  0000454c    0000002e                       : usbringbuf.o (.text:USBRingBufAdvanceRead)
                  0000457a    0000002e                       : usbringbuf.o (.text:USBRingBufContigUsed)
                  000045a8    0000002c     msp432e4_driverlib.a : gpio_MSP432E411Y.obj (.text:GPIODirModeSet)
                  000045d4    0000002c     msp432e4_usblib.a : usbbuffer.o (.text:HandleDataRemaining)
                  00004600    0000002c     main.obj (.text:TxHandlerCmd)
                  0000462c    0000002a     msp432e4_usblib.a : usbdcdc.o (.text:DeviceConsumedAllData)
                  00004656    00000002     --HOLE-- [fill = 0]
                  00004658    00000028                       : usbdenum.o (.text:USBDCDStallEP0)
                  00004680    00000028                       : usbdenum.o (.text:USBDSetDescriptor)
                  000046a8    00000028                       : usbdenum.o (.text:USBDSyncFrame)
                  000046d0    00000026                       : usbringbuf.o (.text:USBRingBufReadOne)
                  000046f6    00000026                       : usbringbuf.o (.text:USBRingBufWriteOne)
                  0000471c    00000024     main.obj (.text:GetLineCoding)
                  00004740    00000024     msp432e4_usblib.a : usbdhandler.o (.text:USB0_IRQDeviceHandler)
                  00004764    00000024                       : usbdcdc.o (.text:USBDCDCTxPacketAvailable)
                  00004788    00000024                       : usbringbuf.o (.text:USBRingBufInit)
                  000047ac    00000020                       : usbdcdc.o (.text:CheckAndSendLineCodingChange)
                  000047cc    00000020                       : usbdcdc.o (.text:CheckAndSendLineStateChange)
                  000047ec    00000020     system_msp432e401y.obj (.text:SystemInit)
                  0000480c    00000020     msp432e4_usblib.a : usbringbuf.o (.text:USBRingBufFlush)
                  0000482c    00000020     msp432e4_driverlib.a : sysctl_MSP432E411Y.obj (.text:_SysCtlMemTimingGet)
                  0000484c    0000001e     msp432e4_usblib.a : usbbuffer.o (.text:USBBufferInit)
                  0000486a    0000001e     msp432e4_driverlib.a : usb_MSP432E411Y.obj (.text:USBULPIRegRead)
                  00004888    0000001e                          : usb_MSP432E411Y.obj (.text:USBULPIRegWrite)
                  000048a6    0000001c     msp432e4_usblib.a : usbdcdc.o (.text:HandleResume)
                  000048c2    0000001c                       : usbdcdc.o (.text:HandleSuspend)
                  000048de    0000001a                       : usbdma.o (.text:DMAUSBIntStatusClear)
                  000048f8    0000001a                       : usbbuffer.o (.text:HandleTxComplete)
                  00004912    00000002     --HOLE-- [fill = 0]
                  00004914    00000018     main.obj (.text:usb_get)
                  0000492c    00000018     main.obj (.text:usb_send)
                  00004944    00000016     msp432e4_driverlib.a : gpio_MSP432E411Y.obj (.text:GPIOPinTypeEthernetLED)
                  0000495a    00000016     msp432e4_usblib.a : usbringbuf.o (.text:USBRingBufFree)
                  00004970    00000014     msp432e4_driverlib.a : systick_MSP432E411Y.obj (.text:SysTickEnable)
                  00004984    00000014                          : systick_MSP432E411Y.obj (.text:SysTickIntEnable)
                  00004998    00000014                          : usb_MSP432E411Y.obj (.text:_USBIndexWrite)
                  000049ac    00000014     msp432e4_usblib.a : usbdma.o (.text:iDMAUSBChannelIntDisable)
                  000049c0    00000014                       : usbdma.o (.text:iDMAUSBChannelIntEnable)
                  000049d4    00000012                       : usbbuffer.o (.text:USBBufferFlush)
                  000049e6    00000012     msp432e4_driverlib.a : usb_MSP432E411Y.obj (.text:USBDMAChannelConfigSet)
                  000049f8    00000012                          : usb_MSP432E411Y.obj (.text:USBDMAChannelDisable)
                  00004a0a    00000012                          : usb_MSP432E411Y.obj (.text:USBDMAChannelEnable)
                  00004a1c    00000012                          : usb_MSP432E411Y.obj (.text:USBDMAChannelIntDisable)
                  00004a2e    00000012                          : usb_MSP432E411Y.obj (.text:USBDMAChannelIntEnable)
                  00004a40    00000010                          : interrupt_MSP432E411Y.obj (.text:IntMasterDisable)
                  00004a50    00000010                          : interrupt_MSP432E411Y.obj (.text:IntMasterEnable)
                  00004a60    00000010                          : systick_MSP432E411Y.obj (.text:SysTickPeriodSet)
                  00004a70    00000010     main.obj (.text:SysTick_Handler)
                  00004a80    0000000e     msp432e4_driverlib.a : usb_MSP432E411Y.obj (.text:USBDMAChannelStatus)
                  00004a8e    0000000e                          : usb_MSP432E411Y.obj (.text:USBDevLPMDisable)
                  00004a9c    0000000e                          : usb_MSP432E411Y.obj (.text:USBDevLPMEnable)
                  00004aaa    0000000e                          : usb_MSP432E411Y.obj (.text:USBULPIDisable)
                  00004ab8    0000000e                          : usb_MSP432E411Y.obj (.text:USBULPIEnable)
                  00004ac6    0000000e     rtsv7M4_T_le_v4SPD16_eabi.lib : copy_decompress_none.c.obj (.text:decompress:none:__TI_decompress_none)
                  00004ad4    0000000e     msp432e4_usblib.a : usbdma.o (.text:iDMAUSBArbSizeSet)
                  00004ae2    0000000e                       : usbdma.o (.text:iDMAUSBIntStatus)
                  00004af0    0000000e                       : usbdma.o (.text:iDMAUSBUnitSizeSet)
                  00004afe    0000000c     msp432e4_driverlib.a : cpu_MSP432E411Y.obj (.text:CPUcpsid)
                  00004b0a    0000000c                          : cpu_MSP432E411Y.obj (.text:CPUcpsie)
                  00004b16    0000000c     msp432e4_usblib.a : usbdma.o (.text:DMAUSBStatus)
                  00004b22    0000000c     startup_msp432e401y_ccs.obj (.text:Reset_Handler)
                  00004b2e    0000000c     msp432e4_driverlib.a : usb_MSP432E411Y.obj (.text:USBEndpointPacketCountSet)
                  00004b3a    0000000c                          : usb_MSP432E411Y.obj (.text:USBLPMIntEnable)
                  00004b46    0000000c     rtsv7M4_T_le_v4SPD16_eabi.lib : copy_zero_init.c.obj (.text:decompress:ZI:__TI_zero_init)
                  00004b52    0000000a     msp432e4_driverlib.a : usb_MSP432E411Y.obj (.text:USBClockEnable)
                  00004b5c    0000000a                          : usb_MSP432E411Y.obj (.text:USBDMAChannelAddressSet)
                  00004b66    0000000a                          : usb_MSP432E411Y.obj (.text:USBDMAChannelCountSet)
                  00004b70    00000008     main.obj (.text:USB0_IRQHandler)
                  00004b78    00000006     msp432e4_driverlib.a : usb_MSP432E411Y.obj (.text:USBDMAChannelIntStatus)
                  00004b7e    00000006                          : usb_MSP432E411Y.obj (.text:USBDevLPMConfig)
                  00004b84    00000006                          : usb_MSP432E411Y.obj (.text:USBLPMIntStatus)
                  00004b8a    00000004     rtsv7M4_T_le_v4SPD16_eabi.lib : pre_init.c.obj (.text:_system_pre_init)
                  00004b8e    00000004                                   : exit.c.obj (.text:abort:abort)

.const     0    00004b94    00000410     
                  00004b94    000001b0     msp432e4_driverlib.a : sysctl_MSP432E411Y.obj (.const:g_pppui32XTALtoVCO)
                  00004d44    00000036     usb_structs.obj (.const:.string:g_pui8ConfigString)
                  00004d7a    00000002     --HOLE-- [fill = 0]
                  00004d7c    00000034     msp432e4_usblib.a : usbdenum.o (.const:g_psUSBDStdRequests)
                  00004db0    00000030                       : usbdcdc.o (.const:g_sCDCHandlers)
                  00004de0    00000030     msp432e4_driverlib.a : sysctl_MSP432E411Y.obj (.const:g_sXTALtoMEMTIM)
                  00004e10    0000002c     usb_structs.obj (.const:.string:g_pui8ControlInterfaceString)
                  00004e3c    00000028     msp432e4_driverlib.a : sysctl_MSP432E411Y.obj (.const:g_pui32Xtals)
                  00004e64    00000024     usb_structs.obj (.const:.string:g_pui8ManufacturerString)
                  00004e88    00000023     msp432e4_usblib.a : usbdcdc.o (.const:.string:g_pui8CDCSerCommInterface)
                  00004eab    00000022     usb_structs.obj (.const:.string:g_pui8ProductString)
                  00004ecd    00000003     --HOLE-- [fill = 0]
                  00004ed0    00000018     usb_structs.obj (.const:g_pui8StringDescriptors)
                  00004ee8    00000017     msp432e4_usblib.a : usbdcdc.o (.const:.string:g_pui8CDCSerDataInterface)
                  00004eff    00000017                       : usbdcdc.o (.const:.string:g_pui8CDCSerDataInterfaceHS)
                  00004f16    00000002     --HOLE-- [fill = 0]
                  00004f18    00000014     msp432e4_driverlib.a : interrupt_MSP432E411Y.obj (.const:g_pui32EnRegs)
                  00004f2c    00000012     usb_structs.obj (.const:.string:g_pui8SerialNumberString)
                  00004f3e    00000002     --HOLE-- [fill = 0]
                  00004f40    00000008     msp432e4_driverlib.a : sysctl_MSP432E411Y.obj (.const:g_pui32VCOFrequencies)
                  00004f48    00000008     msp432e4_usblib.a : usbdcdc.o (.const:g_sCDCCompSerConfigHeader)
                  00004f50    00000008                       : usbdcdc.o (.const:g_sCDCCompSerConfigHeaderHS)
                  00004f58    00000008                       : usbdcdc.o (.const:g_sCDCSerCommInterfaceSection)
                  00004f60    00000008                       : usbdcdc.o (.const:g_sCDCSerConfigHeader)
                  00004f68    00000008                       : usbdcdc.o (.const:g_sCDCSerConfigHeaderHS)
                  00004f70    00000008                       : usbdcdc.o (.const:g_sCDCSerConfigSection)
                  00004f78    00000008                       : usbdcdc.o (.const:g_sCDCSerDataInterfaceSection)
                  00004f80    00000008                       : usbdcdc.o (.const:g_sCDCSerDataInterfaceSectionHS)
                  00004f88    00000008                       : usbdcdc.o (.const:g_sIADSerConfigSection)
                  00004f90    00000004     usb_structs.obj (.const:.string:g_pui8LangDescriptor)
                  00004f94    00000004     msp432e4_usblib.a : usbdcdc.o (.const:g_pCDCCompSerConfigDescriptors)
                  00004f98    00000004                       : usbdcdc.o (.const:g_pCDCCompSerConfigDescriptorsHS)
                  00004f9c    00000004                       : usbdcdc.o (.const:g_ppCDCSerConfigDescriptors)
                  00004fa0    00000004                       : usbdcdc.o (.const:g_ppCDCSerConfigDescriptorsHS)

.cinit     0    00004fa8    000000d0     
                  00004fa8    000000a6     (.cinit..data.load) [load image, compression = lzss]
                  0000504e    00000002     --HOLE-- [fill = 0]
                  00005050    0000000c     (__TI_handler_table)
                  0000505c    00000004     --HOLE-- [fill = 0]
                  00005060    00000008     (.cinit..bss.load) [load image, compression = zero_init]
                  00005068    00000010     (__TI_cinit_table)

.init_array 
*          0    00000000    00000000     UNINITIALIZED

.bss       0    20000000    0000051c     UNINITIALIZED
                  20000000    00000110     msp432e4_usblib.a : usbdma.o (.bss:g_psUSBDMAInst)
                  20000110    00000100     main.obj (.bss:g_pcCmdBuf)
                  20000210    00000100     (.common:g_ppcUSBTxBuffer)
                  20000310    00000100     (.common:g_ppui8USBRxBuffer)
                  20000410    00000050     (.common:g_psDCDInst)
                  20000460    00000040     msp432e4_usblib.a : usbdenum.o (.bss:g_pui8DataBufferIn)
                  200004a0    00000040     (.common:inj_pairs)
                  200004e0    00000018     (.common:g_pfnTickHandlers)
                  200004f8    00000018     (.common:g_pvTickInstance)
                  20000510    00000004     main.obj (.bss)
                  20000514    00000004     msp432e4_usblib.a : usbdenum.o (.bss)
                  20000518    00000004     (.common:g_ppsDevInfo)

.data      0    20000720    0000016c     UNINITIALIZED
                  20000720    00000060     usb_structs.obj (.data:g_psCDCDevice)
                  20000780    00000038     usb_structs.obj (.data:g_psRxBuffer)
                  200007b8    00000038     usb_structs.obj (.data:g_psTxBuffer)
                  200007f0    0000001a     main.obj (.data)
                  2000080a    00000012     msp432e4_usblib.a : usbdcdc.o (.data:g_pui8CDCSerDeviceDescriptor)
                  2000081c    00000010                       : usbdcdc.o (.data:g_psCDCCompSerSections)
                  2000082c    00000010                       : usbdcdc.o (.data:g_psCDCCompSerSectionsHS)
                  2000083c    0000000c                       : usbdcdc.o (.data:g_psCDCSerSections)
                  20000848    0000000c                       : usbdcdc.o (.data:g_psCDCSerSectionsHS)
                  20000854    0000000c                       : usbtick.o (.data)
                  20000860    00000009                       : usbdcdc.o (.data:g_pui8CDCSerDescriptor)
                  20000869    00000001     --HOLE--
                  2000086a    00000002                       : usbdcdc.o (.data)
                  2000086c    00000009                       : usbmode.o (.data)
                  20000875    00000008                       : usbdcdc.o (.data:g_pui8IADSerDescriptor)
                  2000087d    00000003     --HOLE--
                  20000880    00000008                       : usbdenum.o (.data)
                  20000888    00000004     system_msp432e401y.obj (.data)

.stack     0    20000520    00000200     UNINITIALIZED
                  20000520    00000004     rtsv7M4_T_le_v4SPD16_eabi.lib : boot_cortex_m.c.obj (.stack)
                  20000524    000001fc     --HOLE--

MODULE SUMMARY

       Module                        code    ro data   rw data
       ------                        ----    -------   -------
    ./
       main.obj                      1792    0         350    
       usb_structs.obj               0       214       720    
       pinout.obj                    624     0         0      
       usb_functions.obj             52      0         0      
       system_msp432e401y.obj        32      0         4      
    +--+-----------------------------+-------+---------+---------+
       Total:                        2500    214       1074   
                                                              
    ./ccs/
       startup_msp432e401y_ccs.obj   14      520       0      
    +--+-----------------------------+-------+---------+---------+
       Total:                        14      520       0      
                                                              
    /Applications/ti/ccsv8/tools/compiler/ti-cgt-arm_18.1.3.LTS/lib/rtsv7M4_T_le_v4SPD16_eabi.lib
       memcpy_t2.asm.obj             156     0         0      
       memset_t2.asm.obj             122     0         0      
       copy_decompress_lzss.c.obj    104     0         0      
       autoinit.c.obj                68      0         0      
       boot_cortex_m.c.obj           56      0         0      
       copy_decompress_none.c.obj    14      0         0      
       copy_zero_init.c.obj          12      0         0      
       exit.c.obj                    4       0         0      
       pre_init.c.obj                4       0         0      
    +--+-----------------------------+-------+---------+---------+
       Total:                        540     0         0      
                                                              
    /Applications/ti/simplelink_msp432e4_sdk_2_20_00_20/source/ti/devices/msp432e4/driverlib/lib/ccs/m4f/msp432e4_driverlib.a
       sysctl_MSP432E411Y.obj        688     528       0      
       usb_MSP432E411Y.obj           568     0         0      
       gpio_MSP432E411Y.obj          370     0         0      
       interrupt_MSP432E411Y.obj     132     20        0      
       systick_MSP432E411Y.obj       56      0         0      
       cpu_MSP432E411Y.obj           24      0         0      
    +--+-----------------------------+-------+---------+---------+
       Total:                        1838    548       0      
                                                              
    /Applications/ti/simplelink_msp432e4_sdk_2_20_00_20/source/ti/usblib/msp432e4/lib/ccs/m4f/msp432e4_usblib.a
       usbdenum.o                    4864    52        160    
       usbdcdc.o                     3498    217       93     
       usbdma.o                      1728    0         272    
       usbbuffer.o                   986     0         0      
       usbdconfig.o                  910     0         0      
       usbdcdesc.o                   650     0         0      
       usbringbuf.o                  642     0         0      
       usbtick.o                     244     0         60     
       usbdesc.o                     198     0         0      
       usbulpi.o                     162     0         0      
       usbdhandler.o                 36      0         0      
       usbmode.o                     0       0         9      
    +--+-----------------------------+-------+---------+---------+
       Total:                        13918   269       594    
                                                              
       Stack:                        0       0         512    
       Linker Generated:             0       202       0      
    +--+-----------------------------+-------+---------+---------+
       Grand Total:                  18810   1753      2180   


LINKER GENERATED COPY TABLES

__TI_cinit_table @ 00005068 records: 2, size/record: 8, table size: 16
	.data: load addr=00004fa8, load size=000000a6 bytes, run addr=20000720, run size=0000016c bytes, compression=lzss
	.bss: load addr=00005060, load size=00000008 bytes, run addr=20000000, run size=0000051c bytes, compression=zero_init


LINKER GENERATED HANDLER TABLE

__TI_handler_table @ 00005050 records: 3, size/record: 4, table size: 12
	index: 0, handler: __TI_decompress_lzss
	index: 1, handler: __TI_decompress_none
	index: 2, handler: __TI_zero_init


GLOBAL SYMBOLS: SORTED ALPHABETICALLY BY Name 

address   name                            
-------   ----                            
00002e97  ADC0SS0_IRQHandler              
00002e97  ADC0SS1_IRQHandler              
00002e97  ADC0SS2_IRQHandler              
00002e97  ADC0SS3_IRQHandler              
00002e97  ADC1SS0_IRQHandler              
00002e97  ADC1SS1_IRQHandler              
00002e97  ADC1SS2_IRQHandler              
00002e97  ADC1SS3_IRQHandler              
00002e97  AES0_IRQHandler                 
00002e97  BusFault_Handler                
00004b8f  C$$EXIT                         
00002e97  CAN0_IRQHandler                 
00002e97  CAN1_IRQHandler                 
00002e97  COMP0_IRQHandler                
00002e97  COMP1_IRQHandler                
00002e97  COMP2_IRQHandler                
00004aff  CPUcpsid                        
00004b0b  CPUcpsie                        
20000808  CURR_VALUE                      
00003101  ControlHandler                  
20000805  DAQ_ID                          
20000807  DAQ_STATUS                      
00002e97  DES0_IRQHandler                 
00002e97  DebugMon_Handler                
00002e97  Default_Handler                 
00002e97  EMAC0_IRQHandler                
00002e97  EPI0_IRQHandler                 
00002e97  FLASH_IRQHandler                
20000809  FW_VERSION                      
00002e97  GPIOA_IRQHandler                
00002e97  GPIOB_IRQHandler                
00002e97  GPIOC_IRQHandler                
00002e97  GPIOD_IRQHandler                
000045a9  GPIODirModeSet                  
00002e97  GPIOE_IRQHandler                
00002e97  GPIOF_IRQHandler                
00002e97  GPIOG_IRQHandler                
00002e97  GPIOH_IRQHandler                
00002e97  GPIOJ_IRQHandler                
00002e97  GPIOK_IRQHandler                
00002e97  GPIOL_IRQHandler                
00002e97  GPIOM_IRQHandler                
00002e97  GPION_IRQHandler                
00002e97  GPIOP0_IRQHandler               
00002e97  GPIOP1_IRQHandler               
00002e97  GPIOP2_IRQHandler               
00002e97  GPIOP3_IRQHandler               
00002e97  GPIOP4_IRQHandler               
00002e97  GPIOP5_IRQHandler               
00002e97  GPIOP6_IRQHandler               
00002e97  GPIOP7_IRQHandler               
00001c99  GPIOPadConfigSet                
00004945  GPIOPinTypeEthernetLED          
00002e97  GPIOQ0_IRQHandler               
00002e97  GPIOQ1_IRQHandler               
00002e97  GPIOQ2_IRQHandler               
00002e97  GPIOQ3_IRQHandler               
00002e97  GPIOQ4_IRQHandler               
00002e97  GPIOQ5_IRQHandler               
00002e97  GPIOQ6_IRQHandler               
00002e97  GPIOQ7_IRQHandler               
00002e97  HIBERNATE_IRQHandler            
00002e97  HardFault_Handler               
00002e97  I2C0_IRQHandler                 
00002e97  I2C1_IRQHandler                 
00002e97  I2C2_IRQHandler                 
00002e97  I2C3_IRQHandler                 
00002e97  I2C4_IRQHandler                 
00002e97  I2C5_IRQHandler                 
00002e97  I2C6_IRQHandler                 
00002e97  I2C7_IRQHandler                 
00002e97  I2C8_IRQHandler                 
00002e97  I2C9_IRQHandler                 
00003a01  IntIsEnabled                    
00004a41  IntMasterDisable                
00004a51  IntMasterEnable                 
00003c35  InternalUSBRegisterTickHandler  
00003d91  InternalUSBStartOfFrameTick     
00003e7d  InternalUSBTickInit             
00002e97  MemManage_Handler               
00002e97  NMI_Handler                     
00002e97  PWM0_0_IRQHandler               
00002e97  PWM0_1_IRQHandler               
00002e97  PWM0_2_IRQHandler               
00002e97  PWM0_3_IRQHandler               
00002e97  PWM0_FAULT_IRQHandler           
00002e97  PendSV_Handler                  
000006c1  PinoutSet                       
00002c95  ProcessDataFromHost             
00002a65  ProcessDataToHost               
000038c9  ProcessNotificationToHost       
00002e97  QEI0_IRQHandler                 
00004b23  Reset_Handler                   
0000320d  RxHandlerCmd                    
20000806  SAF                             
00002e97  SHA0_IRQHandler                 
00002e97  SSI0_IRQHandler                 
00002e97  SSI1_IRQHandler                 
00002e97  SSI2_IRQHandler                 
00002e97  SSI3_IRQHandler                 
00002e97  SVC_Handler                     
00002e97  SYSCTL_IRQHandler               
00002e97  SYSEXC_IRQHandler               
00001369  SysCtlClockFreqSet              
00003c8d  SysCtlVCOGet                    
00004971  SysTickEnable                   
00004985  SysTickIntEnable                
00004a61  SysTickPeriodSet                
00004a71  SysTick_Handler                 
00004a71  SysTick_Handler                 
20000888  SystemCoreClock                 
000047ed  SystemInit                      
00002e97  TAMPER0_IRQHandler              
00002e97  TIMER0A_IRQHandler              
00002e97  TIMER0B_IRQHandler              
00002e97  TIMER1A_IRQHandler              
00002e97  TIMER1B_IRQHandler              
00002e97  TIMER2A_IRQHandler              
00002e97  TIMER2B_IRQHandler              
00002e97  TIMER3A_IRQHandler              
00002e97  TIMER3B_IRQHandler              
00002e97  TIMER4A_IRQHandler              
00002e97  TIMER4B_IRQHandler              
00002e97  TIMER5A_IRQHandler              
00002e97  TIMER5B_IRQHandler              
00002e97  TIMER6A_IRQHandler              
00002e97  TIMER6B_IRQHandler              
00002e97  TIMER7A_IRQHandler              
00002e97  TIMER7B_IRQHandler              
00004601  TxHandlerCmd                    
00002e97  UART0_IRQHandler                
00002e97  UART1_IRQHandler                
00002e97  UART2_IRQHandler                
00002e97  UART3_IRQHandler                
00002e97  UART4_IRQHandler                
00002e97  UART5_IRQHandler                
00002e97  UART6_IRQHandler                
00002e97  UART7_IRQHandler                
00002e97  UDMAERR_IRQHandler              
00002e97  UDMA_IRQHandler                 
00002df5  ULPIConfigSet                   
00004741  USB0_IRQDeviceHandler           
00004b71  USB0_IRQHandler                 
00004b71  USB0_IRQHandler                 
00003381  USBBufferEventCallback          
000049d5  USBBufferFlush                  
0000484d  USBBufferInit                   
00004109  USBBufferRead                   
00004081  USBBufferWrite                  
00004b53  USBClockEnable                  
000018b1  USBDCDCCompositeInit            
00003289  USBDCDCInit                     
000023fd  USBDCDCPacketRead               
00002f39  USBDCDCPacketWrite              
00003a65  USBDCDCRxPacketAvailable        
00004765  USBDCDCTxPacketAvailable        
00003071  USBDCDConfigDescGet             
00003e2f  USBDCDConfigDescGetNum          
00004235  USBDCDConfigDescGetSize         
00004383  USBDCDConfigGetInterface        
0000364b  USBDCDConfigGetInterfaceEndpoint
00003ac5  USBDCDDeviceInfoInit            
0000426d  USBDCDFeatureGet                
00002819  USBDCDFeatureSet                
00001171  USBDCDInit                      
000042a5  USBDCDRequestDataEP0            
000044c1  USBDCDSendDataEP0               
00004659  USBDCDStallEP0                  
00004b5d  USBDMAChannelAddressSet         
000049e7  USBDMAChannelConfigSet          
00004b67  USBDMAChannelCountSet           
000049f9  USBDMAChannelDisable            
00004a0b  USBDMAChannelEnable             
00004a1d  USBDMAChannelIntDisable         
00004a2f  USBDMAChannelIntEnable          
00004b79  USBDMAChannelIntStatus          
00004a81  USBDMAChannelStatus             
0000378f  USBDescGet                      
00003b21  USBDescGetNum                   
000033fb  USBDevEndpointConfigSet         
00004b7f  USBDevLPMConfig                 
00004a8f  USBDevLPMDisable                
00004a9d  USBDevLPMEnable                 
00000f75  USBDeviceConfig                 
00002685  USBDeviceConfigAlternate        
00001a09  USBDeviceEnumHandler            
00003931  USBDeviceEnumResetHandler       
00001559  USBDeviceIntHandlerInternal     
00003565  USBDeviceResumeTickHandler      
00003f15  USBEndpointDMAConfigSet         
00004b2f  USBEndpointPacketCountSet       
000041fb  USBFIFOConfigSet                
00004b3b  USBLPMIntEnable                 
00004b85  USBLPMIntStatus                 
00001b5d  USBLibDMAInit                   
0000454d  USBRingBufAdvanceRead           
00003b7d  USBRingBufAdvanceWrite          
000041bf  USBRingBufContigFree            
0000457b  USBRingBufContigUsed            
0000480d  USBRingBufFlush                 
0000495b  USBRingBufFree                  
00004789  USBRingBufInit                  
000043b9  USBRingBufRead                  
000046d1  USBRingBufReadOne               
0000448d  USBRingBufUsed                  
000043ef  USBRingBufWrite                 
000046f7  USBRingBufWriteOne              
00004aab  USBULPIDisable                  
00004ab9  USBULPIEnable                   
0000486b  USBULPIRegRead                  
00004889  USBULPIRegWrite                 
00002e97  UsageFault_Handler              
00002e97  WATCHDOG_IRQHandler             
20000720  __STACK_END                     
00000200  __STACK_SIZE                    
20000720  __STACK_TOP                     
00005068  __TI_CINIT_Base                 
00005078  __TI_CINIT_Limit                
00005050  __TI_Handler_Table_Base         
0000505c  __TI_Handler_Table_Limit        
000040c5  __TI_auto_init_nobinit_nopinit  
00003999  __TI_decompress_lzss            
00004ac7  __TI_decompress_none            
ffffffff  __TI_pprof_out_hndl             
ffffffff  __TI_prof_data_size             
ffffffff  __TI_prof_data_start            
00000000  __TI_static_base__              
00004b47  __TI_zero_init                  
00003475  __aeabi_memclr                  
00003475  __aeabi_memclr4                 
00003475  __aeabi_memclr8                 
00002fd5  __aeabi_memcpy                  
00002fd5  __aeabi_memcpy4                 
00002fd5  __aeabi_memcpy8                 
00003477  __aeabi_memset                  
00003477  __aeabi_memset4                 
00003477  __aeabi_memset8                 
ffffffff  __binit__                       
ffffffff  __c_args__                      
UNDEFED   __mpu_init                      
20000520  __stack                         
00004315  _c_int00_noargs                 
UNDEFED   _system_post_cinit              
00004b8b  _system_pre_init                
00004b8f  abort                           
ffffffff  binit                           
00004459  buff_cpy                        
20000854  g_bUSBTimerInitialized          
2000086c  g_iUSBMode                      
00004f94  g_pCDCCompSerConfigDescriptors  
00004f98  g_pCDCCompSerConfigDescriptorsHS
200004e0  g_pfnTickHandlers               
00004f9c  g_ppCDCSerConfigDescriptors     
00004fa0  g_ppCDCSerConfigDescriptorsHS   
20000210  g_ppcUSBTxBuffer                
20000518  g_ppsDevInfo                    
20000310  g_ppui8USBRxBuffer              
2000081c  g_psCDCCompSerSections          
2000082c  g_psCDCCompSerSectionsHS        
20000720  g_psCDCDevice                   
2000083c  g_psCDCSerSections              
20000848  g_psCDCSerSectionsHS            
20000410  g_psDCDInst                     
20000780  g_psRxBuffer                    
200007b8  g_psTxBuffer                    
00004e88  g_pui8CDCSerCommInterface       
00004ee8  g_pui8CDCSerDataInterface       
00004eff  g_pui8CDCSerDataInterfaceHS     
20000860  g_pui8CDCSerDescriptor          
2000080a  g_pui8CDCSerDeviceDescriptor    
00004d44  g_pui8ConfigString              
00004e10  g_pui8ControlInterfaceString    
20000875  g_pui8IADSerDescriptor          
00004f90  g_pui8LangDescriptor            
00004e64  g_pui8ManufacturerString        
00004eab  g_pui8ProductString             
00004f2c  g_pui8SerialNumberString        
00004ed0  g_pui8StringDescriptors         
200004f8  g_pvTickInstance                
00004f48  g_sCDCCompSerConfigHeader       
00004f50  g_sCDCCompSerConfigHeaderHS     
00004db0  g_sCDCHandlers                  
00004f58  g_sCDCSerCommInterfaceSection   
00004f60  g_sCDCSerConfigHeader           
00004f68  g_sCDCSerConfigHeaderHS         
00004f70  g_sCDCSerConfigSection          
00004f78  g_sCDCSerDataInterfaceSection   
00004f80  g_sCDCSerDataInterfaceSectionHS 
00004f88  g_sIADSerConfigSection          
20000858  g_ui32CurrentUSBTick            
20000800  g_ui32Flags                     
200007f0  g_ui32SysClock                  
200007fc  g_ui32SysTickCount              
200007f8  g_ui32UARTRxCount               
200007f4  g_ui32UARTTxCount               
2000085c  g_ui32USBSOFCount               
20000870  g_ui32WaitTicks                 
200004a0  inj_pairs                       
00000000  interruptVectors                
00000209  main                            
00002fd5  memcpy                          
0000347d  memset                          
00002d49  setup_usb                       
00004915  usb_get                         
0000492d  usb_send                        


GLOBAL SYMBOLS: SORTED BY Symbol Address 

address   name                            
-------   ----                            
00000000  __TI_static_base__              
00000000  interruptVectors                
00000200  __STACK_SIZE                    
00000209  main                            
000006c1  PinoutSet                       
00000f75  USBDeviceConfig                 
00001171  USBDCDInit                      
00001369  SysCtlClockFreqSet              
00001559  USBDeviceIntHandlerInternal     
000018b1  USBDCDCCompositeInit            
00001a09  USBDeviceEnumHandler            
00001b5d  USBLibDMAInit                   
00001c99  GPIOPadConfigSet                
000023fd  USBDCDCPacketRead               
00002685  USBDeviceConfigAlternate        
00002819  USBDCDFeatureSet                
00002a65  ProcessDataToHost               
00002c95  ProcessDataFromHost             
00002d49  setup_usb                       
00002df5  ULPIConfigSet                   
00002e97  ADC0SS0_IRQHandler              
00002e97  ADC0SS1_IRQHandler              
00002e97  ADC0SS2_IRQHandler              
00002e97  ADC0SS3_IRQHandler              
00002e97  ADC1SS0_IRQHandler              
00002e97  ADC1SS1_IRQHandler              
00002e97  ADC1SS2_IRQHandler              
00002e97  ADC1SS3_IRQHandler              
00002e97  AES0_IRQHandler                 
00002e97  BusFault_Handler                
00002e97  CAN0_IRQHandler                 
00002e97  CAN1_IRQHandler                 
00002e97  COMP0_IRQHandler                
00002e97  COMP1_IRQHandler                
00002e97  COMP2_IRQHandler                
00002e97  DES0_IRQHandler                 
00002e97  DebugMon_Handler                
00002e97  Default_Handler                 
00002e97  EMAC0_IRQHandler                
00002e97  EPI0_IRQHandler                 
00002e97  FLASH_IRQHandler                
00002e97  GPIOA_IRQHandler                
00002e97  GPIOB_IRQHandler                
00002e97  GPIOC_IRQHandler                
00002e97  GPIOD_IRQHandler                
00002e97  GPIOE_IRQHandler                
00002e97  GPIOF_IRQHandler                
00002e97  GPIOG_IRQHandler                
00002e97  GPIOH_IRQHandler                
00002e97  GPIOJ_IRQHandler                
00002e97  GPIOK_IRQHandler                
00002e97  GPIOL_IRQHandler                
00002e97  GPIOM_IRQHandler                
00002e97  GPION_IRQHandler                
00002e97  GPIOP0_IRQHandler               
00002e97  GPIOP1_IRQHandler               
00002e97  GPIOP2_IRQHandler               
00002e97  GPIOP3_IRQHandler               
00002e97  GPIOP4_IRQHandler               
00002e97  GPIOP5_IRQHandler               
00002e97  GPIOP6_IRQHandler               
00002e97  GPIOP7_IRQHandler               
00002e97  GPIOQ0_IRQHandler               
00002e97  GPIOQ1_IRQHandler               
00002e97  GPIOQ2_IRQHandler               
00002e97  GPIOQ3_IRQHandler               
00002e97  GPIOQ4_IRQHandler               
00002e97  GPIOQ5_IRQHandler               
00002e97  GPIOQ6_IRQHandler               
00002e97  GPIOQ7_IRQHandler               
00002e97  HIBERNATE_IRQHandler            
00002e97  HardFault_Handler               
00002e97  I2C0_IRQHandler                 
00002e97  I2C1_IRQHandler                 
00002e97  I2C2_IRQHandler                 
00002e97  I2C3_IRQHandler                 
00002e97  I2C4_IRQHandler                 
00002e97  I2C5_IRQHandler                 
00002e97  I2C6_IRQHandler                 
00002e97  I2C7_IRQHandler                 
00002e97  I2C8_IRQHandler                 
00002e97  I2C9_IRQHandler                 
00002e97  MemManage_Handler               
00002e97  NMI_Handler                     
00002e97  PWM0_0_IRQHandler               
00002e97  PWM0_1_IRQHandler               
00002e97  PWM0_2_IRQHandler               
00002e97  PWM0_3_IRQHandler               
00002e97  PWM0_FAULT_IRQHandler           
00002e97  PendSV_Handler                  
00002e97  QEI0_IRQHandler                 
00002e97  SHA0_IRQHandler                 
00002e97  SSI0_IRQHandler                 
00002e97  SSI1_IRQHandler                 
00002e97  SSI2_IRQHandler                 
00002e97  SSI3_IRQHandler                 
00002e97  SVC_Handler                     
00002e97  SYSCTL_IRQHandler               
00002e97  SYSEXC_IRQHandler               
00002e97  TAMPER0_IRQHandler              
00002e97  TIMER0A_IRQHandler              
00002e97  TIMER0B_IRQHandler              
00002e97  TIMER1A_IRQHandler              
00002e97  TIMER1B_IRQHandler              
00002e97  TIMER2A_IRQHandler              
00002e97  TIMER2B_IRQHandler              
00002e97  TIMER3A_IRQHandler              
00002e97  TIMER3B_IRQHandler              
00002e97  TIMER4A_IRQHandler              
00002e97  TIMER4B_IRQHandler              
00002e97  TIMER5A_IRQHandler              
00002e97  TIMER5B_IRQHandler              
00002e97  TIMER6A_IRQHandler              
00002e97  TIMER6B_IRQHandler              
00002e97  TIMER7A_IRQHandler              
00002e97  TIMER7B_IRQHandler              
00002e97  UART0_IRQHandler                
00002e97  UART1_IRQHandler                
00002e97  UART2_IRQHandler                
00002e97  UART3_IRQHandler                
00002e97  UART4_IRQHandler                
00002e97  UART5_IRQHandler                
00002e97  UART6_IRQHandler                
00002e97  UART7_IRQHandler                
00002e97  UDMAERR_IRQHandler              
00002e97  UDMA_IRQHandler                 
00002e97  UsageFault_Handler              
00002e97  WATCHDOG_IRQHandler             
00002f39  USBDCDCPacketWrite              
00002fd5  __aeabi_memcpy                  
00002fd5  __aeabi_memcpy4                 
00002fd5  __aeabi_memcpy8                 
00002fd5  memcpy                          
00003071  USBDCDConfigDescGet             
00003101  ControlHandler                  
0000320d  RxHandlerCmd                    
00003289  USBDCDCInit                     
00003381  USBBufferEventCallback          
000033fb  USBDevEndpointConfigSet         
00003475  __aeabi_memclr                  
00003475  __aeabi_memclr4                 
00003475  __aeabi_memclr8                 
00003477  __aeabi_memset                  
00003477  __aeabi_memset4                 
00003477  __aeabi_memset8                 
0000347d  memset                          
00003565  USBDeviceResumeTickHandler      
0000364b  USBDCDConfigGetInterfaceEndpoint
0000378f  USBDescGet                      
000038c9  ProcessNotificationToHost       
00003931  USBDeviceEnumResetHandler       
00003999  __TI_decompress_lzss            
00003a01  IntIsEnabled                    
00003a65  USBDCDCRxPacketAvailable        
00003ac5  USBDCDDeviceInfoInit            
00003b21  USBDescGetNum                   
00003b7d  USBRingBufAdvanceWrite          
00003c35  InternalUSBRegisterTickHandler  
00003c8d  SysCtlVCOGet                    
00003d91  InternalUSBStartOfFrameTick     
00003e2f  USBDCDConfigDescGetNum          
00003e7d  InternalUSBTickInit             
00003f15  USBEndpointDMAConfigSet         
00004081  USBBufferWrite                  
000040c5  __TI_auto_init_nobinit_nopinit  
00004109  USBBufferRead                   
000041bf  USBRingBufContigFree            
000041fb  USBFIFOConfigSet                
00004235  USBDCDConfigDescGetSize         
0000426d  USBDCDFeatureGet                
000042a5  USBDCDRequestDataEP0            
00004315  _c_int00_noargs                 
00004383  USBDCDConfigGetInterface        
000043b9  USBRingBufRead                  
000043ef  USBRingBufWrite                 
00004459  buff_cpy                        
0000448d  USBRingBufUsed                  
000044c1  USBDCDSendDataEP0               
0000454d  USBRingBufAdvanceRead           
0000457b  USBRingBufContigUsed            
000045a9  GPIODirModeSet                  
00004601  TxHandlerCmd                    
00004659  USBDCDStallEP0                  
000046d1  USBRingBufReadOne               
000046f7  USBRingBufWriteOne              
00004741  USB0_IRQDeviceHandler           
00004765  USBDCDCTxPacketAvailable        
00004789  USBRingBufInit                  
000047ed  SystemInit                      
0000480d  USBRingBufFlush                 
0000484d  USBBufferInit                   
0000486b  USBULPIRegRead                  
00004889  USBULPIRegWrite                 
00004915  usb_get                         
0000492d  usb_send                        
00004945  GPIOPinTypeEthernetLED          
0000495b  USBRingBufFree                  
00004971  SysTickEnable                   
00004985  SysTickIntEnable                
000049d5  USBBufferFlush                  
000049e7  USBDMAChannelConfigSet          
000049f9  USBDMAChannelDisable            
00004a0b  USBDMAChannelEnable             
00004a1d  USBDMAChannelIntDisable         
00004a2f  USBDMAChannelIntEnable          
00004a41  IntMasterDisable                
00004a51  IntMasterEnable                 
00004a61  SysTickPeriodSet                
00004a71  SysTick_Handler                 
00004a71  SysTick_Handler                 
00004a81  USBDMAChannelStatus             
00004a8f  USBDevLPMDisable                
00004a9d  USBDevLPMEnable                 
00004aab  USBULPIDisable                  
00004ab9  USBULPIEnable                   
00004ac7  __TI_decompress_none            
00004aff  CPUcpsid                        
00004b0b  CPUcpsie                        
00004b23  Reset_Handler                   
00004b2f  USBEndpointPacketCountSet       
00004b3b  USBLPMIntEnable                 
00004b47  __TI_zero_init                  
00004b53  USBClockEnable                  
00004b5d  USBDMAChannelAddressSet         
00004b67  USBDMAChannelCountSet           
00004b71  USB0_IRQHandler                 
00004b71  USB0_IRQHandler                 
00004b79  USBDMAChannelIntStatus          
00004b7f  USBDevLPMConfig                 
00004b85  USBLPMIntStatus                 
00004b8b  _system_pre_init                
00004b8f  C$$EXIT                         
00004b8f  abort                           
00004d44  g_pui8ConfigString              
00004db0  g_sCDCHandlers                  
00004e10  g_pui8ControlInterfaceString    
00004e64  g_pui8ManufacturerString        
00004e88  g_pui8CDCSerCommInterface       
00004eab  g_pui8ProductString             
00004ed0  g_pui8StringDescriptors         
00004ee8  g_pui8CDCSerDataInterface       
00004eff  g_pui8CDCSerDataInterfaceHS     
00004f2c  g_pui8SerialNumberString        
00004f48  g_sCDCCompSerConfigHeader       
00004f50  g_sCDCCompSerConfigHeaderHS     
00004f58  g_sCDCSerCommInterfaceSection   
00004f60  g_sCDCSerConfigHeader           
00004f68  g_sCDCSerConfigHeaderHS         
00004f70  g_sCDCSerConfigSection          
00004f78  g_sCDCSerDataInterfaceSection   
00004f80  g_sCDCSerDataInterfaceSectionHS 
00004f88  g_sIADSerConfigSection          
00004f90  g_pui8LangDescriptor            
00004f94  g_pCDCCompSerConfigDescriptors  
00004f98  g_pCDCCompSerConfigDescriptorsHS
00004f9c  g_ppCDCSerConfigDescriptors     
00004fa0  g_ppCDCSerConfigDescriptorsHS   
00005050  __TI_Handler_Table_Base         
0000505c  __TI_Handler_Table_Limit        
00005068  __TI_CINIT_Base                 
00005078  __TI_CINIT_Limit                
20000210  g_ppcUSBTxBuffer                
20000310  g_ppui8USBRxBuffer              
20000410  g_psDCDInst                     
200004a0  inj_pairs                       
200004e0  g_pfnTickHandlers               
200004f8  g_pvTickInstance                
20000518  g_ppsDevInfo                    
20000520  __stack                         
20000720  __STACK_END                     
20000720  __STACK_TOP                     
20000720  g_psCDCDevice                   
20000780  g_psRxBuffer                    
200007b8  g_psTxBuffer                    
200007f0  g_ui32SysClock                  
200007f4  g_ui32UARTTxCount               
200007f8  g_ui32UARTRxCount               
200007fc  g_ui32SysTickCount              
20000800  g_ui32Flags                     
20000805  DAQ_ID                          
20000806  SAF                             
20000807  DAQ_STATUS                      
20000808  CURR_VALUE                      
20000809  FW_VERSION                      
2000080a  g_pui8CDCSerDeviceDescriptor    
2000081c  g_psCDCCompSerSections          
2000082c  g_psCDCCompSerSectionsHS        
2000083c  g_psCDCSerSections              
20000848  g_psCDCSerSectionsHS            
20000854  g_bUSBTimerInitialized          
20000858  g_ui32CurrentUSBTick            
2000085c  g_ui32USBSOFCount               
20000860  g_pui8CDCSerDescriptor          
2000086c  g_iUSBMode                      
20000870  g_ui32WaitTicks                 
20000875  g_pui8IADSerDescriptor          
20000888  SystemCoreClock                 
ffffffff  __TI_pprof_out_hndl             
ffffffff  __TI_prof_data_size             
ffffffff  __TI_prof_data_start            
ffffffff  __binit__                       
ffffffff  __c_args__                      
ffffffff  binit                           
UNDEFED   __mpu_init                      
UNDEFED   _system_post_cinit              

[305 symbols]
