<?xml version="1.0" encoding="ISO-8859-1" ?>
<link_info>
   <banner>TI ARM Linker Unix v18.1.3.LTS</banner>
   <copyright>Copyright (c) 1996-2017 Texas Instruments Incorporated</copyright>
   <link_time>0x5c65aaf4</link_time>
   <link_errors>0x0</link_errors>
   <output_file>fw_5v0.out</output_file>
   <entry_point>
      <name>_c_int00_noargs</name>
      <address>0x42b9</address>
   </entry_point>
   <input_file_list>
      <input_file id="fl-2">
         <path>./</path>
         <kind>object</kind>
         <file>main.obj</file>
         <name>main.obj</name>
      </input_file>
      <input_file id="fl-3">
         <path>./</path>
         <kind>object</kind>
         <file>pinout.obj</file>
         <name>pinout.obj</name>
      </input_file>
      <input_file id="fl-4">
         <path>./</path>
         <kind>object</kind>
         <file>system_msp432e401y.obj</file>
         <name>system_msp432e401y.obj</name>
      </input_file>
      <input_file id="fl-5">
         <path>./</path>
         <kind>object</kind>
         <file>usb_functions.obj</file>
         <name>usb_functions.obj</name>
      </input_file>
      <input_file id="fl-6">
         <path>./</path>
         <kind>object</kind>
         <file>usb_structs.obj</file>
         <name>usb_structs.obj</name>
      </input_file>
      <input_file id="fl-7">
         <path>./</path>
         <kind>object</kind>
         <file>ustdlib.obj</file>
         <name>ustdlib.obj</name>
      </input_file>
      <input_file id="fl-8">
         <path>./ccs/</path>
         <kind>object</kind>
         <file>startup_msp432e401y_ccs.obj</file>
         <name>startup_msp432e401y_ccs.obj</name>
      </input_file>
      <input_file id="fl-13">
         <kind>object</kind>
         <file>&lt;internal&gt;</file>
         <name>&lt;internal&gt;</name>
      </input_file>
      <input_file id="fl-14">
         <path>/Applications/ti/simplelink_msp432e4_sdk_2_20_00_20/source/ti/usblib/msp432e4/lib/ccs/m4f/</path>
         <kind>archive</kind>
         <file>msp432e4_usblib.a</file>
         <name>usbdcdc.o</name>
      </input_file>
      <input_file id="fl-15">
         <path>/Applications/ti/simplelink_msp432e4_sdk_2_20_00_20/source/ti/usblib/msp432e4/lib/ccs/m4f/</path>
         <kind>archive</kind>
         <file>msp432e4_usblib.a</file>
         <name>usbdenum.o</name>
      </input_file>
      <input_file id="fl-16">
         <path>/Applications/ti/simplelink_msp432e4_sdk_2_20_00_20/source/ti/usblib/msp432e4/lib/ccs/m4f/</path>
         <kind>archive</kind>
         <file>msp432e4_usblib.a</file>
         <name>usbdhandler.o</name>
      </input_file>
      <input_file id="fl-17">
         <path>/Applications/ti/simplelink_msp432e4_sdk_2_20_00_20/source/ti/usblib/msp432e4/lib/ccs/m4f/</path>
         <kind>archive</kind>
         <file>msp432e4_usblib.a</file>
         <name>usbbuffer.o</name>
      </input_file>
      <input_file id="fl-18">
         <path>/Applications/ti/simplelink_msp432e4_sdk_2_20_00_20/source/ti/usblib/msp432e4/lib/ccs/m4f/</path>
         <kind>archive</kind>
         <file>msp432e4_usblib.a</file>
         <name>usbdma.o</name>
      </input_file>
      <input_file id="fl-19">
         <path>/Applications/ti/simplelink_msp432e4_sdk_2_20_00_20/source/ti/usblib/msp432e4/lib/ccs/m4f/</path>
         <kind>archive</kind>
         <file>msp432e4_usblib.a</file>
         <name>usbmode.o</name>
      </input_file>
      <input_file id="fl-1a">
         <path>/Applications/ti/simplelink_msp432e4_sdk_2_20_00_20/source/ti/usblib/msp432e4/lib/ccs/m4f/</path>
         <kind>archive</kind>
         <file>msp432e4_usblib.a</file>
         <name>usbringbuf.o</name>
      </input_file>
      <input_file id="fl-1b">
         <path>/Applications/ti/simplelink_msp432e4_sdk_2_20_00_20/source/ti/usblib/msp432e4/lib/ccs/m4f/</path>
         <kind>archive</kind>
         <file>msp432e4_usblib.a</file>
         <name>usbtick.o</name>
      </input_file>
      <input_file id="fl-1c">
         <path>/Applications/ti/simplelink_msp432e4_sdk_2_20_00_20/source/ti/usblib/msp432e4/lib/ccs/m4f/</path>
         <kind>archive</kind>
         <file>msp432e4_usblib.a</file>
         <name>usbulpi.o</name>
      </input_file>
      <input_file id="fl-1d">
         <path>/Applications/ti/simplelink_msp432e4_sdk_2_20_00_20/source/ti/usblib/msp432e4/lib/ccs/m4f/</path>
         <kind>archive</kind>
         <file>msp432e4_usblib.a</file>
         <name>usbdcdesc.o</name>
      </input_file>
      <input_file id="fl-1e">
         <path>/Applications/ti/simplelink_msp432e4_sdk_2_20_00_20/source/ti/usblib/msp432e4/lib/ccs/m4f/</path>
         <kind>archive</kind>
         <file>msp432e4_usblib.a</file>
         <name>usbdconfig.o</name>
      </input_file>
      <input_file id="fl-1f">
         <path>/Applications/ti/simplelink_msp432e4_sdk_2_20_00_20/source/ti/usblib/msp432e4/lib/ccs/m4f/</path>
         <kind>archive</kind>
         <file>msp432e4_usblib.a</file>
         <name>usbhostenum.o</name>
      </input_file>
      <input_file id="fl-20">
         <path>/Applications/ti/simplelink_msp432e4_sdk_2_20_00_20/source/ti/usblib/msp432e4/lib/ccs/m4f/</path>
         <kind>archive</kind>
         <file>msp432e4_usblib.a</file>
         <name>usbdesc.o</name>
      </input_file>
      <input_file id="fl-21">
         <path>/Applications/ti/simplelink_msp432e4_sdk_2_20_00_20/source/ti/usblib/msp432e4/lib/ccs/m4f/</path>
         <kind>archive</kind>
         <file>msp432e4_usblib.a</file>
         <name>usbhhub.o</name>
      </input_file>
      <input_file id="fl-22">
         <path>/Applications/ti/simplelink_msp432e4_sdk_2_20_00_20/source/ti/devices/msp432e4/driverlib/lib/ccs/m4f/</path>
         <kind>archive</kind>
         <file>msp432e4_driverlib.a</file>
         <name>gpio_MSP432E411Y.obj</name>
      </input_file>
      <input_file id="fl-23">
         <path>/Applications/ti/simplelink_msp432e4_sdk_2_20_00_20/source/ti/devices/msp432e4/driverlib/lib/ccs/m4f/</path>
         <kind>archive</kind>
         <file>msp432e4_driverlib.a</file>
         <name>interrupt_MSP432E411Y.obj</name>
      </input_file>
      <input_file id="fl-24">
         <path>/Applications/ti/simplelink_msp432e4_sdk_2_20_00_20/source/ti/devices/msp432e4/driverlib/lib/ccs/m4f/</path>
         <kind>archive</kind>
         <file>msp432e4_driverlib.a</file>
         <name>sysctl_MSP432E411Y.obj</name>
      </input_file>
      <input_file id="fl-25">
         <path>/Applications/ti/simplelink_msp432e4_sdk_2_20_00_20/source/ti/devices/msp432e4/driverlib/lib/ccs/m4f/</path>
         <kind>archive</kind>
         <file>msp432e4_driverlib.a</file>
         <name>systick_MSP432E411Y.obj</name>
      </input_file>
      <input_file id="fl-26">
         <path>/Applications/ti/simplelink_msp432e4_sdk_2_20_00_20/source/ti/devices/msp432e4/driverlib/lib/ccs/m4f/</path>
         <kind>archive</kind>
         <file>msp432e4_driverlib.a</file>
         <name>usb_MSP432E411Y.obj</name>
      </input_file>
      <input_file id="fl-27">
         <path>/Applications/ti/simplelink_msp432e4_sdk_2_20_00_20/source/ti/devices/msp432e4/driverlib/lib/ccs/m4f/</path>
         <kind>archive</kind>
         <file>msp432e4_driverlib.a</file>
         <name>cpu_MSP432E411Y.obj</name>
      </input_file>
      <input_file id="fl-dd">
         <path>/Applications/ti/ccsv8/tools/compiler/ti-cgt-arm_18.1.3.LTS/lib/</path>
         <kind>archive</kind>
         <file>rtsv7M4_T_le_v4SPD16_eabi.lib</file>
         <name>u_divt2.asm.obj</name>
      </input_file>
      <input_file id="fl-de">
         <path>/Applications/ti/ccsv8/tools/compiler/ti-cgt-arm_18.1.3.LTS/lib/</path>
         <kind>archive</kind>
         <file>rtsv7M4_T_le_v4SPD16_eabi.lib</file>
         <name>copy_zero_init.c.obj</name>
      </input_file>
      <input_file id="fl-df">
         <path>/Applications/ti/ccsv8/tools/compiler/ti-cgt-arm_18.1.3.LTS/lib/</path>
         <kind>archive</kind>
         <file>rtsv7M4_T_le_v4SPD16_eabi.lib</file>
         <name>copy_decompress_none.c.obj</name>
      </input_file>
      <input_file id="fl-e0">
         <path>/Applications/ti/ccsv8/tools/compiler/ti-cgt-arm_18.1.3.LTS/lib/</path>
         <kind>archive</kind>
         <file>rtsv7M4_T_le_v4SPD16_eabi.lib</file>
         <name>copy_decompress_lzss.c.obj</name>
      </input_file>
      <input_file id="fl-e1">
         <path>/Applications/ti/ccsv8/tools/compiler/ti-cgt-arm_18.1.3.LTS/lib/</path>
         <kind>archive</kind>
         <file>rtsv7M4_T_le_v4SPD16_eabi.lib</file>
         <name>boot_cortex_m.c.obj</name>
      </input_file>
      <input_file id="fl-e2">
         <path>/Applications/ti/ccsv8/tools/compiler/ti-cgt-arm_18.1.3.LTS/lib/</path>
         <kind>archive</kind>
         <file>rtsv7M4_T_le_v4SPD16_eabi.lib</file>
         <name>div0.asm.obj</name>
      </input_file>
      <input_file id="fl-e3">
         <path>/Applications/ti/ccsv8/tools/compiler/ti-cgt-arm_18.1.3.LTS/lib/</path>
         <kind>archive</kind>
         <file>rtsv7M4_T_le_v4SPD16_eabi.lib</file>
         <name>memset_t2.asm.obj</name>
      </input_file>
      <input_file id="fl-e4">
         <path>/Applications/ti/ccsv8/tools/compiler/ti-cgt-arm_18.1.3.LTS/lib/</path>
         <kind>archive</kind>
         <file>rtsv7M4_T_le_v4SPD16_eabi.lib</file>
         <name>memcpy_t2.asm.obj</name>
      </input_file>
      <input_file id="fl-e5">
         <path>/Applications/ti/ccsv8/tools/compiler/ti-cgt-arm_18.1.3.LTS/lib/</path>
         <kind>archive</kind>
         <file>rtsv7M4_T_le_v4SPD16_eabi.lib</file>
         <name>autoinit.c.obj</name>
      </input_file>
      <input_file id="fl-e6">
         <path>/Applications/ti/ccsv8/tools/compiler/ti-cgt-arm_18.1.3.LTS/lib/</path>
         <kind>archive</kind>
         <file>rtsv7M4_T_le_v4SPD16_eabi.lib</file>
         <name>pre_init.c.obj</name>
      </input_file>
      <input_file id="fl-e7">
         <path>/Applications/ti/ccsv8/tools/compiler/ti-cgt-arm_18.1.3.LTS/lib/</path>
         <kind>archive</kind>
         <file>rtsv7M4_T_le_v4SPD16_eabi.lib</file>
         <name>cpy_tbl.c.obj</name>
      </input_file>
      <input_file id="fl-e8">
         <path>/Applications/ti/ccsv8/tools/compiler/ti-cgt-arm_18.1.3.LTS/lib/</path>
         <kind>archive</kind>
         <file>rtsv7M4_T_le_v4SPD16_eabi.lib</file>
         <name>exit.c.obj</name>
      </input_file>
      <input_file id="fl-e9">
         <path>/Applications/ti/ccsv8/tools/compiler/ti-cgt-arm_18.1.3.LTS/lib/</path>
         <kind>archive</kind>
         <file>rtsv7M4_T_le_v4SPD16_eabi.lib</file>
         <name>_lock.c.obj</name>
      </input_file>
      <input_file id="fl-ea">
         <path>/Applications/ti/ccsv8/tools/compiler/ti-cgt-arm_18.1.3.LTS/lib/</path>
         <kind>archive</kind>
         <file>rtsv7M4_T_le_v4SPD16_eabi.lib</file>
         <name>args_main.c.obj</name>
      </input_file>
   </input_file_list>
   <object_component_list>
      <object_component id="oc-f">
         <name>.intvecs:retain</name>
         <load_address>0x0</load_address>
         <run_address>0x0</run_address>
         <size>0x208</size>
         <input_file_ref idref="fl-8"/>
      </object_component>
      <object_component id="oc-bc">
         <name>.text:main</name>
         <load_address>0x208</load_address>
         <run_address>0x208</run_address>
         <size>0x4b8</size>
         <input_file_ref idref="fl-2"/>
      </object_component>
      <object_component id="oc-1a0">
         <name>.text:PinoutSet</name>
         <load_address>0x6c0</load_address>
         <run_address>0x6c0</run_address>
         <size>0x270</size>
         <input_file_ref idref="fl-3"/>
      </object_component>
      <object_component id="oc-319">
         <name>.text:HandleRequests</name>
         <load_address>0x930</load_address>
         <run_address>0x930</run_address>
         <size>0x224</size>
         <input_file_ref idref="fl-14"/>
      </object_component>
      <object_component id="oc-4f5">
         <name>.text:iDMAUSBTransfer</name>
         <load_address>0xb54</load_address>
         <run_address>0xb54</run_address>
         <size>0x224</size>
         <input_file_ref idref="fl-18"/>
      </object_component>
      <object_component id="oc-212">
         <name>.text:USBDEP0StateTxConfig</name>
         <load_address>0xd78</load_address>
         <run_address>0xd78</run_address>
         <size>0x1fc</size>
         <input_file_ref idref="fl-15"/>
      </object_component>
      <object_component id="oc-54f">
         <name>.text:USBDeviceConfig</name>
         <load_address>0xf74</load_address>
         <run_address>0xf74</run_address>
         <size>0x1fc</size>
         <input_file_ref idref="fl-1e"/>
      </object_component>
      <object_component id="oc-272">
         <name>.text:USBDCDInit</name>
         <load_address>0x1170</load_address>
         <run_address>0x1170</run_address>
         <size>0x1f8</size>
         <input_file_ref idref="fl-15"/>
      </object_component>
      <object_component id="oc-19f">
         <name>.text:SysCtlClockFreqSet</name>
         <load_address>0x1368</load_address>
         <run_address>0x1368</run_address>
         <size>0x1f0</size>
         <input_file_ref idref="fl-24"/>
      </object_component>
      <object_component id="oc-d6">
         <name>.text:USBDeviceIntHandlerInternal</name>
         <load_address>0x1558</load_address>
         <run_address>0x1558</run_address>
         <size>0x1e8</size>
         <input_file_ref idref="fl-15"/>
      </object_component>
      <object_component id="oc-427">
         <name>.text:USBDGetDescriptor</name>
         <load_address>0x1740</load_address>
         <run_address>0x1740</run_address>
         <size>0x170</size>
         <input_file_ref idref="fl-15"/>
      </object_component>
      <object_component id="oc-1af">
         <name>.text:USBDCDCCompositeInit</name>
         <load_address>0x18b0</load_address>
         <run_address>0x18b0</run_address>
         <size>0x158</size>
         <input_file_ref idref="fl-14"/>
      </object_component>
      <object_component id="oc-18e">
         <name>.text:USBDeviceEnumHandler</name>
         <load_address>0x1a08</load_address>
         <run_address>0x1a08</run_address>
         <size>0x154</size>
         <input_file_ref idref="fl-15"/>
      </object_component>
      <object_component id="oc-38c">
         <name>.text:USBLibDMAInit</name>
         <load_address>0x1b5c</load_address>
         <run_address>0x1b5c</run_address>
         <size>0x13c</size>
         <input_file_ref idref="fl-18"/>
      </object_component>
      <object_component id="oc-22e">
         <name>.text:GPIOPadConfigSet</name>
         <load_address>0x1c98</load_address>
         <run_address>0x1c98</run_address>
         <size>0x130</size>
         <input_file_ref idref="fl-22"/>
      </object_component>
      <object_component id="oc-343">
         <name>.text:HandleDevice</name>
         <load_address>0x1dc8</load_address>
         <run_address>0x1dc8</run_address>
         <size>0x128</size>
         <input_file_ref idref="fl-14"/>
      </object_component>
      <object_component id="oc-3b9">
         <name>.text:HandleRxAvailable</name>
         <load_address>0x1ef0</load_address>
         <run_address>0x1ef0</run_address>
         <size>0x124</size>
         <input_file_ref idref="fl-17"/>
      </object_component>
      <object_component id="oc-2cb">
         <name>.text:ScheduleNextTransmission</name>
         <load_address>0x2014</load_address>
         <run_address>0x2014</run_address>
         <size>0x108</size>
         <input_file_ref idref="fl-17"/>
      </object_component>
      <object_component id="oc-4b3">
         <name>.text:iDMAUSBChannelAllocate</name>
         <load_address>0x211c</load_address>
         <run_address>0x211c</run_address>
         <size>0x100</size>
         <input_file_ref idref="fl-18"/>
      </object_component>
      <object_component id="oc-415">
         <name>.text:USBDClearFeature</name>
         <load_address>0x221c</load_address>
         <run_address>0x221c</run_address>
         <size>0xf0</size>
         <input_file_ref idref="fl-15"/>
      </object_component>
      <object_component id="oc-445">
         <name>.text:USBDSetInterface</name>
         <load_address>0x230c</load_address>
         <run_address>0x230c</run_address>
         <size>0xf0</size>
         <input_file_ref idref="fl-15"/>
      </object_component>
      <object_component id="oc-29b">
         <name>.text:USBDCDCPacketRead</name>
         <load_address>0x23fc</load_address>
         <run_address>0x23fc</run_address>
         <size>0xdc</size>
         <input_file_ref idref="fl-14"/>
      </object_component>
      <object_component id="oc-439">
         <name>.text:USBDSetConfiguration</name>
         <load_address>0x24d8</load_address>
         <run_address>0x24d8</run_address>
         <size>0xd8</size>
         <input_file_ref idref="fl-15"/>
      </object_component>
      <object_component id="oc-266">
         <name>.text:CDCTickHandler</name>
         <load_address>0x25b0</load_address>
         <run_address>0x25b0</run_address>
         <size>0xd4</size>
         <input_file_ref idref="fl-14"/>
      </object_component>
      <object_component id="oc-563">
         <name>.text:USBDeviceConfigAlternate</name>
         <load_address>0x2684</load_address>
         <run_address>0x2684</run_address>
         <size>0xcc</size>
         <input_file_ref idref="fl-1e"/>
      </object_component>
      <object_component id="oc-572">
         <name>.text:SendSerialState</name>
         <load_address>0x2750</load_address>
         <run_address>0x2750</run_address>
         <size>0xc8</size>
         <input_file_ref idref="fl-14"/>
      </object_component>
      <object_component id="oc-1b5">
         <name>.text:USBDCDFeatureSet</name>
         <load_address>0x2818</load_address>
         <run_address>0x2818</run_address>
         <size>0xc8</size>
         <input_file_ref idref="fl-15"/>
      </object_component>
      <object_component id="oc-20c">
         <name>.text:USBDEP0StateTx</name>
         <load_address>0x28e0</load_address>
         <run_address>0x28e0</run_address>
         <size>0xc4</size>
         <input_file_ref idref="fl-15"/>
      </object_component>
      <object_component id="oc-41b">
         <name>.text:USBDSetFeature</name>
         <load_address>0x29a4</load_address>
         <run_address>0x29a4</run_address>
         <size>0xc0</size>
         <input_file_ref idref="fl-15"/>
      </object_component>
      <object_component id="oc-487">
         <name>.text:ProcessDataToHost</name>
         <load_address>0x2a64</load_address>
         <run_address>0x2a64</run_address>
         <size>0xbc</size>
         <input_file_ref idref="fl-14"/>
      </object_component>
      <object_component id="oc-40f">
         <name>.text:USBDGetStatus</name>
         <load_address>0x2b20</load_address>
         <run_address>0x2b20</run_address>
         <size>0xbc</size>
         <input_file_ref idref="fl-15"/>
      </object_component>
      <object_component id="oc-546">
         <name>.text:USBDStringIndexFromRequest</name>
         <load_address>0x2bdc</load_address>
         <run_address>0x2bdc</run_address>
         <size>0xb8</size>
         <input_file_ref idref="fl-15"/>
      </object_component>
      <object_component id="oc-481">
         <name>.text:ProcessDataFromHost</name>
         <load_address>0x2c94</load_address>
         <run_address>0x2c94</run_address>
         <size>0xb4</size>
         <input_file_ref idref="fl-14"/>
      </object_component>
      <object_component id="oc-f7">
         <name>.text:setup_usb</name>
         <load_address>0x2d48</load_address>
         <run_address>0x2d48</run_address>
         <size>0xa8</size>
         <input_file_ref idref="fl-2"/>
      </object_component>
      <object_component id="oc-382">
         <name>.text:ULPIConfigSet</name>
         <load_address>0x2df0</load_address>
         <run_address>0x2df0</run_address>
         <size>0xa2</size>
         <input_file_ref idref="fl-1c"/>
      </object_component>
      <object_component id="oc-2a">
         <name>.text:Default_Handler</name>
         <load_address>0x2e92</load_address>
         <run_address>0x2e92</run_address>
         <size>0x2</size>
         <input_file_ref idref="fl-8"/>
      </object_component>
      <object_component id="oc-206">
         <name>.text:USBDReadAndDispatchRequest</name>
         <load_address>0x2e94</load_address>
         <run_address>0x2e94</run_address>
         <size>0xa0</size>
         <input_file_ref idref="fl-15"/>
      </object_component>
      <object_component id="oc-284">
         <name>.text:USBDCDCPacketWrite</name>
         <load_address>0x2f34</load_address>
         <run_address>0x2f34</run_address>
         <size>0x9c</size>
         <input_file_ref idref="fl-14"/>
      </object_component>
      <object_component id="oc-4a">
         <name>.text</name>
         <load_address>0x2fd0</load_address>
         <run_address>0x2fd0</run_address>
         <size>0x9c</size>
         <input_file_ref idref="fl-e4"/>
      </object_component>
      <object_component id="oc-5cb">
         <name>.text:USBDCDConfigDescGet</name>
         <load_address>0x306c</load_address>
         <run_address>0x306c</run_address>
         <size>0x8e</size>
         <input_file_ref idref="fl-1d"/>
      </object_component>
      <object_component id="oc-2aa">
         <name>.text:ControlHandler</name>
         <load_address>0x30fc</load_address>
         <run_address>0x30fc</run_address>
         <size>0x88</size>
         <input_file_ref idref="fl-2"/>
      </object_component>
      <object_component id="oc-5d7">
         <name>.text:GetEPDescriptorType</name>
         <load_address>0x3184</load_address>
         <run_address>0x3184</run_address>
         <size>0x82</size>
         <input_file_ref idref="fl-1e"/>
      </object_component>
      <object_component id="oc-295">
         <name>.text:RxHandlerCmd</name>
         <load_address>0x3208</load_address>
         <run_address>0x3208</run_address>
         <size>0x7c</size>
         <input_file_ref idref="fl-2"/>
      </object_component>
      <object_component id="oc-1bb">
         <name>.text:USBDCDCInit</name>
         <load_address>0x3284</load_address>
         <run_address>0x3284</run_address>
         <size>0x7c</size>
         <input_file_ref idref="fl-14"/>
      </object_component>
      <object_component id="oc-4bf">
         <name>.text:iDMAUSBChannelEnable</name>
         <load_address>0x3300</load_address>
         <run_address>0x3300</run_address>
         <size>0x7c</size>
         <input_file_ref idref="fl-18"/>
      </object_component>
      <object_component id="oc-2b0">
         <name>.text:USBBufferEventCallback</name>
         <load_address>0x337c</load_address>
         <run_address>0x337c</run_address>
         <size>0x7a</size>
         <input_file_ref idref="fl-17"/>
      </object_component>
      <object_component id="oc-5dd">
         <name>.text:USBDevEndpointConfigSet</name>
         <load_address>0x33f6</load_address>
         <run_address>0x33f6</run_address>
         <size>0x7a</size>
         <input_file_ref idref="fl-26"/>
      </object_component>
      <object_component id="oc-b0">
         <name>.text</name>
         <load_address>0x3470</load_address>
         <run_address>0x3470</run_address>
         <size>0x7a</size>
         <input_file_ref idref="fl-e3"/>
      </object_component>
      <object_component id="oc-325">
         <name>.text:HandleEP0Data</name>
         <load_address>0x34ea</load_address>
         <run_address>0x34ea</run_address>
         <size>0x74</size>
         <input_file_ref idref="fl-14"/>
      </object_component>
      <object_component id="oc-180">
         <name>.text:USBDeviceResumeTickHandler</name>
         <load_address>0x3560</load_address>
         <run_address>0x3560</run_address>
         <size>0x74</size>
         <input_file_ref idref="fl-15"/>
      </object_component>
      <object_component id="oc-4d1">
         <name>.text:iDMAUSBChannelRelease</name>
         <load_address>0x35d4</load_address>
         <run_address>0x35d4</run_address>
         <size>0x72</size>
         <input_file_ref idref="fl-18"/>
      </object_component>
      <object_component id="oc-5d1">
         <name>.text:USBDCDConfigGetInterfaceEndpoint</name>
         <load_address>0x3646</load_address>
         <run_address>0x3646</run_address>
         <size>0x6e</size>
         <input_file_ref idref="fl-1d"/>
      </object_component>
      <object_component id="oc-43f">
         <name>.text:USBDGetInterface</name>
         <load_address>0x36b4</load_address>
         <run_address>0x36b4</run_address>
         <size>0x6c</size>
         <input_file_ref idref="fl-15"/>
      </object_component>
      <object_component id="oc-5ee">
         <name>.text:ConfigAlternateInterfaceGet</name>
         <load_address>0x3720</load_address>
         <run_address>0x3720</run_address>
         <size>0x6a</size>
         <input_file_ref idref="fl-1d"/>
      </object_component>
      <object_component id="oc-616">
         <name>.text:USBDescGet</name>
         <load_address>0x378a</load_address>
         <run_address>0x378a</run_address>
         <size>0x6a</size>
         <input_file_ref idref="fl-20"/>
      </object_component>
      <object_component id="oc-33d">
         <name>.text:HandleEndpoints</name>
         <load_address>0x37f4</load_address>
         <run_address>0x37f4</run_address>
         <size>0x68</size>
         <input_file_ref idref="fl-14"/>
      </object_component>
      <object_component id="oc-61d">
         <name>.text:NextConfigDescGet</name>
         <load_address>0x385c</load_address>
         <run_address>0x385c</run_address>
         <size>0x68</size>
         <input_file_ref idref="fl-1d"/>
      </object_component>
      <object_component id="oc-47b">
         <name>.text:ProcessNotificationToHost</name>
         <load_address>0x38c4</load_address>
         <run_address>0x38c4</run_address>
         <size>0x68</size>
         <input_file_ref idref="fl-14"/>
      </object_component>
      <object_component id="oc-17a">
         <name>.text:USBDeviceEnumResetHandler</name>
         <load_address>0x392c</load_address>
         <run_address>0x392c</run_address>
         <size>0x68</size>
         <input_file_ref idref="fl-15"/>
      </object_component>
      <object_component id="oc-12">
         <name>.text:decompress:lzss:__TI_decompress_lzss</name>
         <load_address>0x3994</load_address>
         <run_address>0x3994</run_address>
         <size>0x68</size>
         <input_file_ref idref="fl-e0"/>
      </object_component>
      <object_component id="oc-599">
         <name>.text:IntIsEnabled</name>
         <load_address>0x39fc</load_address>
         <run_address>0x39fc</run_address>
         <size>0x64</size>
         <input_file_ref idref="fl-23"/>
      </object_component>
      <object_component id="oc-2a1">
         <name>.text:USBDCDCRxPacketAvailable</name>
         <load_address>0x3a60</load_address>
         <run_address>0x3a60</run_address>
         <size>0x60</size>
         <input_file_ref idref="fl-14"/>
      </object_component>
      <object_component id="oc-23f">
         <name>.text:USBDCDDeviceInfoInit</name>
         <load_address>0x3ac0</load_address>
         <run_address>0x3ac0</run_address>
         <size>0x5c</size>
         <input_file_ref idref="fl-15"/>
      </object_component>
      <object_component id="oc-5e7">
         <name>.text:USBDescGetNum</name>
         <load_address>0x3b1c</load_address>
         <run_address>0x3b1c</run_address>
         <size>0x5c</size>
         <input_file_ref idref="fl-20"/>
      </object_component>
      <object_component id="oc-517">
         <name>.text:USBRingBufAdvanceWrite</name>
         <load_address>0x3b78</load_address>
         <run_address>0x3b78</run_address>
         <size>0x5c</size>
         <input_file_ref idref="fl-1a"/>
      </object_component>
      <object_component id="oc-4dd">
         <name>.text:DMAUSBIntHandler</name>
         <load_address>0x3bd4</load_address>
         <run_address>0x3bd4</run_address>
         <size>0x5a</size>
         <input_file_ref idref="fl-18"/>
      </object_component>
      <object_component id="oc-24b">
         <name>.text:InternalUSBRegisterTickHandler</name>
         <load_address>0x3c30</load_address>
         <run_address>0x3c30</run_address>
         <size>0x58</size>
         <input_file_ref idref="fl-1b"/>
      </object_component>
      <object_component id="oc-4d7">
         <name>.text:iDMAUSBChannelStatus</name>
         <load_address>0x3c88</load_address>
         <run_address>0x3c88</run_address>
         <size>0x58</size>
         <input_file_ref idref="fl-18"/>
      </object_component>
      <object_component id="oc-433">
         <name>.text:USBDGetConfiguration</name>
         <load_address>0x3ce0</load_address>
         <run_address>0x3ce0</run_address>
         <size>0x54</size>
         <input_file_ref idref="fl-15"/>
      </object_component>
      <object_component id="oc-186">
         <name>.text:InternalUSBStartOfFrameTick</name>
         <load_address>0x3d34</load_address>
         <run_address>0x3d34</run_address>
         <size>0x50</size>
         <input_file_ref idref="fl-1b"/>
      </object_component>
      <object_component id="oc-31f">
         <name>.text:HandleConfigChange</name>
         <load_address>0x3d84</load_address>
         <run_address>0x3d84</run_address>
         <size>0x4e</size>
         <input_file_ref idref="fl-14"/>
      </object_component>
      <object_component id="oc-557">
         <name>.text:USBDCDConfigDescGetNum</name>
         <load_address>0x3dd2</load_address>
         <run_address>0x3dd2</run_address>
         <size>0x4e</size>
         <input_file_ref idref="fl-1d"/>
      </object_component>
      <object_component id="oc-245">
         <name>.text:InternalUSBTickInit</name>
         <load_address>0x3e20</load_address>
         <run_address>0x3e20</run_address>
         <size>0x4c</size>
         <input_file_ref idref="fl-1b"/>
      </object_component>
      <object_component id="oc-363">
         <name>.text:SendBreak</name>
         <load_address>0x3e6c</load_address>
         <run_address>0x3e6c</run_address>
         <size>0x4c</size>
         <input_file_ref idref="fl-14"/>
      </object_component>
      <object_component id="oc-5aa">
         <name>.text:USBEndpointDMAConfigSet</name>
         <load_address>0x3eb8</load_address>
         <run_address>0x3eb8</run_address>
         <size>0x4c</size>
         <input_file_ref idref="fl-26"/>
      </object_component>
      <object_component id="oc-53a">
         <name>.text:UpdateIndexAtomic</name>
         <load_address>0x3f04</load_address>
         <run_address>0x3f04</run_address>
         <size>0x4a</size>
         <input_file_ref idref="fl-1a"/>
      </object_component>
      <object_component id="oc-22a">
         <name>.text:_SysCtlFrequencyGet</name>
         <load_address>0x3f50</load_address>
         <run_address>0x3f50</run_address>
         <size>0x48</size>
         <input_file_ref idref="fl-24"/>
      </object_component>
      <object_component id="oc-4b9">
         <name>.text:iDMAUSBChannelDisable</name>
         <load_address>0x3f98</load_address>
         <run_address>0x3f98</run_address>
         <size>0x48</size>
         <input_file_ref idref="fl-18"/>
      </object_component>
      <object_component id="oc-5de">
         <name>.text:GetEndpointFIFOSize</name>
         <load_address>0x3fe0</load_address>
         <run_address>0x3fe0</run_address>
         <size>0x44</size>
         <input_file_ref idref="fl-1e"/>
      </object_component>
      <object_component id="oc-1d8">
         <name>.text:USBBufferWrite</name>
         <load_address>0x4024</load_address>
         <run_address>0x4024</run_address>
         <size>0x44</size>
         <input_file_ref idref="fl-17"/>
      </object_component>
      <object_component id="oc-117">
         <name>.text:__TI_auto_init_nobinit_nopinit:__TI_auto_init_nobinit_nopinit</name>
         <load_address>0x4068</load_address>
         <run_address>0x4068</run_address>
         <size>0x44</size>
         <input_file_ref idref="fl-e5"/>
      </object_component>
      <object_component id="oc-39d">
         <name>.text:USBBufferRead</name>
         <load_address>0x40ac</load_address>
         <run_address>0x40ac</run_address>
         <size>0x3e</size>
         <input_file_ref idref="fl-17"/>
      </object_component>
      <object_component id="oc-3cb">
         <name>.text:HandleRequestBuffer</name>
         <load_address>0x40ea</load_address>
         <run_address>0x40ea</run_address>
         <size>0x3c</size>
         <input_file_ref idref="fl-17"/>
      </object_component>
      <object_component id="oc-3a4">
         <name>.text:SetDeferredOpFlag</name>
         <load_address>0x4126</load_address>
         <run_address>0x4126</run_address>
         <size>0x3c</size>
         <input_file_ref idref="fl-14"/>
      </object_component>
      <object_component id="oc-51d">
         <name>.text:USBRingBufContigFree</name>
         <load_address>0x4162</load_address>
         <run_address>0x4162</run_address>
         <size>0x3c</size>
         <input_file_ref idref="fl-1a"/>
      </object_component>
      <object_component id="oc-5e4">
         <name>.text:USBFIFOConfigSet</name>
         <load_address>0x419e</load_address>
         <run_address>0x419e</run_address>
         <size>0x3a</size>
         <input_file_ref idref="fl-26"/>
      </object_component>
      <object_component id="oc-308">
         <name>.text:USBDCDConfigDescGetSize</name>
         <load_address>0x41d8</load_address>
         <run_address>0x41d8</run_address>
         <size>0x38</size>
         <input_file_ref idref="fl-1d"/>
      </object_component>
      <object_component id="oc-239">
         <name>.text:USBDCDFeatureGet</name>
         <load_address>0x4210</load_address>
         <run_address>0x4210</run_address>
         <size>0x38</size>
         <input_file_ref idref="fl-15"/>
      </object_component>
      <object_component id="oc-457">
         <name>.text:USBDCDRequestDataEP0</name>
         <load_address>0x4248</load_address>
         <run_address>0x4248</run_address>
         <size>0x38</size>
         <input_file_ref idref="fl-15"/>
      </object_component>
      <object_component id="oc-421">
         <name>.text:USBDSetAddress</name>
         <load_address>0x4280</load_address>
         <run_address>0x4280</run_address>
         <size>0x38</size>
         <input_file_ref idref="fl-15"/>
      </object_component>
      <object_component id="oc-68">
         <name>.text:_c_int00_noargs:_c_int00_noargs</name>
         <load_address>0x42b8</load_address>
         <run_address>0x42b8</run_address>
         <size>0x38</size>
         <input_file_ref idref="fl-e1"/>
      </object_component>
      <object_component id="oc-469">
         <name>.text:CheckAndSendBreak</name>
         <load_address>0x42f0</load_address>
         <run_address>0x42f0</run_address>
         <size>0x36</size>
         <input_file_ref idref="fl-14"/>
      </object_component>
      <object_component id="oc-55d">
         <name>.text:USBDCDConfigGetInterface</name>
         <load_address>0x4326</load_address>
         <run_address>0x4326</run_address>
         <size>0x36</size>
         <input_file_ref idref="fl-1d"/>
      </object_component>
      <object_component id="oc-507">
         <name>.text:USBRingBufRead</name>
         <load_address>0x435c</load_address>
         <run_address>0x435c</run_address>
         <size>0x36</size>
         <input_file_ref idref="fl-1a"/>
      </object_component>
      <object_component id="oc-2c5">
         <name>.text:USBRingBufWrite</name>
         <load_address>0x4392</load_address>
         <run_address>0x4392</run_address>
         <size>0x36</size>
         <input_file_ref idref="fl-1a"/>
      </object_component>
      <object_component id="oc-337">
         <name>.text:HandleDisconnect</name>
         <load_address>0x43c8</load_address>
         <run_address>0x43c8</run_address>
         <size>0x34</size>
         <input_file_ref idref="fl-14"/>
      </object_component>
      <object_component id="oc-1ce">
         <name>.text:buff_cpy</name>
         <load_address>0x43fc</load_address>
         <run_address>0x43fc</run_address>
         <size>0x34</size>
         <input_file_ref idref="fl-5"/>
      </object_component>
      <object_component id="oc-3e8">
         <name>.text:USBRingBufUsed</name>
         <load_address>0x4430</load_address>
         <run_address>0x4430</run_address>
         <size>0x32</size>
         <input_file_ref idref="fl-1a"/>
      </object_component>
      <object_component id="oc-45d">
         <name>.text:USBDCDSendDataEP0</name>
         <load_address>0x4464</load_address>
         <run_address>0x4464</run_address>
         <size>0x30</size>
         <input_file_ref idref="fl-15"/>
      </object_component>
      <object_component id="oc-375">
         <name>.text:SendLineCodingChange</name>
         <load_address>0x4494</load_address>
         <run_address>0x4494</run_address>
         <size>0x2e</size>
         <input_file_ref idref="fl-14"/>
      </object_component>
      <object_component id="oc-36f">
         <name>.text:SendLineStateChange</name>
         <load_address>0x44c2</load_address>
         <run_address>0x44c2</run_address>
         <size>0x2e</size>
         <input_file_ref idref="fl-14"/>
      </object_component>
      <object_component id="oc-523">
         <name>.text:USBRingBufAdvanceRead</name>
         <load_address>0x44f0</load_address>
         <run_address>0x44f0</run_address>
         <size>0x2e</size>
         <input_file_ref idref="fl-1a"/>
      </object_component>
      <object_component id="oc-3f6">
         <name>.text:USBRingBufContigUsed</name>
         <load_address>0x451e</load_address>
         <run_address>0x451e</run_address>
         <size>0x2e</size>
         <input_file_ref idref="fl-1a"/>
      </object_component>
      <object_component id="oc-310">
         <name>.text:GPIODirModeSet</name>
         <load_address>0x454c</load_address>
         <run_address>0x454c</run_address>
         <size>0x2c</size>
         <input_file_ref idref="fl-22"/>
      </object_component>
      <object_component id="oc-3bf">
         <name>.text:HandleDataRemaining</name>
         <load_address>0x4578</load_address>
         <run_address>0x4578</run_address>
         <size>0x2c</size>
         <input_file_ref idref="fl-17"/>
      </object_component>
      <object_component id="oc-27e">
         <name>.text:TxHandlerCmd</name>
         <load_address>0x45a4</load_address>
         <run_address>0x45a4</run_address>
         <size>0x2c</size>
         <input_file_ref idref="fl-2"/>
      </object_component>
      <object_component id="oc-369">
         <name>.text:DeviceConsumedAllData</name>
         <load_address>0x45d0</load_address>
         <run_address>0x45d0</run_address>
         <size>0x2a</size>
         <input_file_ref idref="fl-14"/>
      </object_component>
      <object_component id="oc-2fa">
         <name>.text:USBDCDStallEP0</name>
         <load_address>0x45fc</load_address>
         <run_address>0x45fc</run_address>
         <size>0x28</size>
         <input_file_ref idref="fl-15"/>
      </object_component>
      <object_component id="oc-42d">
         <name>.text:USBDSetDescriptor</name>
         <load_address>0x4624</load_address>
         <run_address>0x4624</run_address>
         <size>0x28</size>
         <input_file_ref idref="fl-15"/>
      </object_component>
      <object_component id="oc-44b">
         <name>.text:USBDSyncFrame</name>
         <load_address>0x464c</load_address>
         <run_address>0x464c</run_address>
         <size>0x28</size>
         <input_file_ref idref="fl-15"/>
      </object_component>
      <object_component id="oc-5bc">
         <name>.text:USBRingBufReadOne</name>
         <load_address>0x4674</load_address>
         <run_address>0x4674</run_address>
         <size>0x26</size>
         <input_file_ref idref="fl-1a"/>
      </object_component>
      <object_component id="oc-3ef">
         <name>.text:USBRingBufWriteOne</name>
         <load_address>0x469a</load_address>
         <run_address>0x469a</run_address>
         <size>0x26</size>
         <input_file_ref idref="fl-1a"/>
      </object_component>
      <object_component id="oc-3b2">
         <name>.text:GetLineCoding</name>
         <load_address>0x46c0</load_address>
         <run_address>0x46c0</run_address>
         <size>0x24</size>
         <input_file_ref idref="fl-2"/>
      </object_component>
      <object_component id="oc-88">
         <name>.text:USB0_IRQDeviceHandler</name>
         <load_address>0x46e4</load_address>
         <run_address>0x46e4</run_address>
         <size>0x24</size>
         <input_file_ref idref="fl-16"/>
      </object_component>
      <object_component id="oc-28a">
         <name>.text:USBDCDCTxPacketAvailable</name>
         <load_address>0x4708</load_address>
         <run_address>0x4708</run_address>
         <size>0x24</size>
         <input_file_ref idref="fl-14"/>
      </object_component>
      <object_component id="oc-231">
         <name>.text:USBRingBufInit</name>
         <load_address>0x472c</load_address>
         <run_address>0x472c</run_address>
         <size>0x24</size>
         <input_file_ref idref="fl-1a"/>
      </object_component>
      <object_component id="oc-471">
         <name>.text:CheckAndSendLineCodingChange</name>
         <load_address>0x4750</load_address>
         <run_address>0x4750</run_address>
         <size>0x20</size>
         <input_file_ref idref="fl-14"/>
      </object_component>
      <object_component id="oc-463">
         <name>.text:CheckAndSendLineStateChange</name>
         <load_address>0x4770</load_address>
         <run_address>0x4770</run_address>
         <size>0x20</size>
         <input_file_ref idref="fl-14"/>
      </object_component>
      <object_component id="oc-7c">
         <name>.text:SystemInit</name>
         <load_address>0x4790</load_address>
         <run_address>0x4790</run_address>
         <size>0x20</size>
         <input_file_ref idref="fl-4"/>
      </object_component>
      <object_component id="oc-50f">
         <name>.text:USBRingBufFlush</name>
         <load_address>0x47b0</load_address>
         <run_address>0x47b0</run_address>
         <size>0x20</size>
         <input_file_ref idref="fl-1a"/>
      </object_component>
      <object_component id="oc-229">
         <name>.text:_SysCtlMemTimingGet</name>
         <load_address>0x47d0</load_address>
         <run_address>0x47d0</run_address>
         <size>0x20</size>
         <input_file_ref idref="fl-24"/>
      </object_component>
      <object_component id="oc-1a9">
         <name>.text:USBBufferInit</name>
         <load_address>0x47f0</load_address>
         <run_address>0x47f0</run_address>
         <size>0x1e</size>
         <input_file_ref idref="fl-17"/>
      </object_component>
      <object_component id="oc-4a7">
         <name>.text:USBULPIRegRead</name>
         <load_address>0x480e</load_address>
         <run_address>0x480e</run_address>
         <size>0x1e</size>
         <input_file_ref idref="fl-26"/>
      </object_component>
      <object_component id="oc-4a8">
         <name>.text:USBULPIRegWrite</name>
         <load_address>0x482c</load_address>
         <run_address>0x482c</run_address>
         <size>0x1e</size>
         <input_file_ref idref="fl-26"/>
      </object_component>
      <object_component id="oc-331">
         <name>.text:HandleResume</name>
         <load_address>0x484a</load_address>
         <run_address>0x484a</run_address>
         <size>0x1c</size>
         <input_file_ref idref="fl-14"/>
      </object_component>
      <object_component id="oc-32b">
         <name>.text:HandleSuspend</name>
         <load_address>0x4866</load_address>
         <run_address>0x4866</run_address>
         <size>0x1c</size>
         <input_file_ref idref="fl-14"/>
      </object_component>
      <object_component id="oc-4e9">
         <name>.text:DMAUSBIntStatusClear</name>
         <load_address>0x4882</load_address>
         <run_address>0x4882</run_address>
         <size>0x1a</size>
         <input_file_ref idref="fl-18"/>
      </object_component>
      <object_component id="oc-3c5">
         <name>.text:HandleTxComplete</name>
         <load_address>0x489c</load_address>
         <run_address>0x489c</run_address>
         <size>0x1a</size>
         <input_file_ref idref="fl-17"/>
      </object_component>
      <object_component id="oc-fd">
         <name>.text:usb_get</name>
         <load_address>0x48b8</load_address>
         <run_address>0x48b8</run_address>
         <size>0x18</size>
         <input_file_ref idref="fl-2"/>
      </object_component>
      <object_component id="oc-103">
         <name>.text:usb_send</name>
         <load_address>0x48d0</load_address>
         <run_address>0x48d0</run_address>
         <size>0x18</size>
         <input_file_ref idref="fl-2"/>
      </object_component>
      <object_component id="oc-22f">
         <name>.text:GPIOPinTypeEthernetLED</name>
         <load_address>0x48e8</load_address>
         <run_address>0x48e8</run_address>
         <size>0x16</size>
         <input_file_ref idref="fl-22"/>
      </object_component>
      <object_component id="oc-2bf">
         <name>.text:USBRingBufFree</name>
         <load_address>0x48fe</load_address>
         <run_address>0x48fe</run_address>
         <size>0x16</size>
         <input_file_ref idref="fl-1a"/>
      </object_component>
      <object_component id="oc-1a8">
         <name>.text:SysTickEnable</name>
         <load_address>0x4914</load_address>
         <run_address>0x4914</run_address>
         <size>0x14</size>
         <input_file_ref idref="fl-25"/>
      </object_component>
      <object_component id="oc-1a7">
         <name>.text:SysTickIntEnable</name>
         <load_address>0x4928</load_address>
         <run_address>0x4928</run_address>
         <size>0x14</size>
         <input_file_ref idref="fl-25"/>
      </object_component>
      <object_component id="oc-626">
         <name>.text:_USBIndexWrite</name>
         <load_address>0x493c</load_address>
         <run_address>0x493c</run_address>
         <size>0x14</size>
         <input_file_ref idref="fl-26"/>
      </object_component>
      <object_component id="oc-4cb">
         <name>.text:iDMAUSBChannelIntDisable</name>
         <load_address>0x4950</load_address>
         <run_address>0x4950</run_address>
         <size>0x14</size>
         <input_file_ref idref="fl-18"/>
      </object_component>
      <object_component id="oc-4c5">
         <name>.text:iDMAUSBChannelIntEnable</name>
         <load_address>0x4964</load_address>
         <run_address>0x4964</run_address>
         <size>0x14</size>
         <input_file_ref idref="fl-18"/>
      </object_component>
      <object_component id="oc-3ac">
         <name>.text:USBBufferFlush</name>
         <load_address>0x4978</load_address>
         <run_address>0x4978</run_address>
         <size>0x12</size>
         <input_file_ref idref="fl-17"/>
      </object_component>
      <object_component id="oc-5ab">
         <name>.text:USBDMAChannelConfigSet</name>
         <load_address>0x498a</load_address>
         <run_address>0x498a</run_address>
         <size>0x12</size>
         <input_file_ref idref="fl-26"/>
      </object_component>
      <object_component id="oc-595">
         <name>.text:USBDMAChannelDisable</name>
         <load_address>0x499c</load_address>
         <run_address>0x499c</run_address>
         <size>0x12</size>
         <input_file_ref idref="fl-26"/>
      </object_component>
      <object_component id="oc-59b">
         <name>.text:USBDMAChannelEnable</name>
         <load_address>0x49ae</load_address>
         <run_address>0x49ae</run_address>
         <size>0x12</size>
         <input_file_ref idref="fl-26"/>
      </object_component>
      <object_component id="oc-597">
         <name>.text:USBDMAChannelIntDisable</name>
         <load_address>0x49c0</load_address>
         <run_address>0x49c0</run_address>
         <size>0x12</size>
         <input_file_ref idref="fl-26"/>
      </object_component>
      <object_component id="oc-59a">
         <name>.text:USBDMAChannelIntEnable</name>
         <load_address>0x49d2</load_address>
         <run_address>0x49d2</run_address>
         <size>0x12</size>
         <input_file_ref idref="fl-26"/>
      </object_component>
      <object_component id="oc-5c3">
         <name>.text:IntMasterDisable</name>
         <load_address>0x49e4</load_address>
         <run_address>0x49e4</run_address>
         <size>0x10</size>
         <input_file_ref idref="fl-23"/>
      </object_component>
      <object_component id="oc-5c4">
         <name>.text:IntMasterEnable</name>
         <load_address>0x49f4</load_address>
         <run_address>0x49f4</run_address>
         <size>0x10</size>
         <input_file_ref idref="fl-23"/>
      </object_component>
      <object_component id="oc-1a6">
         <name>.text:SysTickPeriodSet</name>
         <load_address>0x4a04</load_address>
         <run_address>0x4a04</run_address>
         <size>0x10</size>
         <input_file_ref idref="fl-25"/>
      </object_component>
      <object_component id="oc-30">
         <name>.text:SysTick_Handler</name>
         <load_address>0x4a14</load_address>
         <run_address>0x4a14</run_address>
         <size>0x10</size>
         <input_file_ref idref="fl-2"/>
      </object_component>
      <object_component id="oc-5a0">
         <name>.text:USBDMAChannelStatus</name>
         <load_address>0x4a24</load_address>
         <run_address>0x4a24</run_address>
         <size>0xe</size>
         <input_file_ref idref="fl-26"/>
      </object_component>
      <object_component id="oc-38b">
         <name>.text:USBDevLPMDisable</name>
         <load_address>0x4a32</load_address>
         <run_address>0x4a32</run_address>
         <size>0xe</size>
         <input_file_ref idref="fl-26"/>
      </object_component>
      <object_component id="oc-18d">
         <name>.text:USBDevLPMEnable</name>
         <load_address>0x4a40</load_address>
         <run_address>0x4a40</run_address>
         <size>0xe</size>
         <input_file_ref idref="fl-26"/>
      </object_component>
      <object_component id="oc-388">
         <name>.text:USBULPIDisable</name>
         <load_address>0x4a4e</load_address>
         <run_address>0x4a4e</run_address>
         <size>0xe</size>
         <input_file_ref idref="fl-26"/>
      </object_component>
      <object_component id="oc-381">
         <name>.text:USBULPIEnable</name>
         <load_address>0x4a5c</load_address>
         <run_address>0x4a5c</run_address>
         <size>0xe</size>
         <input_file_ref idref="fl-26"/>
      </object_component>
      <object_component id="oc-18">
         <name>.text:decompress:none:__TI_decompress_none</name>
         <load_address>0x4a6a</load_address>
         <run_address>0x4a6a</run_address>
         <size>0xe</size>
         <input_file_ref idref="fl-df"/>
      </object_component>
      <object_component id="oc-4ad">
         <name>.text:iDMAUSBArbSizeSet</name>
         <load_address>0x4a78</load_address>
         <run_address>0x4a78</run_address>
         <size>0xe</size>
         <input_file_ref idref="fl-18"/>
      </object_component>
      <object_component id="oc-4e3">
         <name>.text:iDMAUSBIntStatus</name>
         <load_address>0x4a86</load_address>
         <run_address>0x4a86</run_address>
         <size>0xe</size>
         <input_file_ref idref="fl-18"/>
      </object_component>
      <object_component id="oc-4fb">
         <name>.text:iDMAUSBUnitSizeSet</name>
         <load_address>0x4a94</load_address>
         <run_address>0x4a94</run_address>
         <size>0xe</size>
         <input_file_ref idref="fl-18"/>
      </object_component>
      <object_component id="oc-614">
         <name>.text:CPUcpsid</name>
         <load_address>0x4aa2</load_address>
         <run_address>0x4aa2</run_address>
         <size>0xc</size>
         <input_file_ref idref="fl-27"/>
      </object_component>
      <object_component id="oc-615">
         <name>.text:CPUcpsie</name>
         <load_address>0x4aae</load_address>
         <run_address>0x4aae</run_address>
         <size>0xc</size>
         <input_file_ref idref="fl-27"/>
      </object_component>
      <object_component id="oc-4ef">
         <name>.text:DMAUSBStatus</name>
         <load_address>0x4aba</load_address>
         <run_address>0x4aba</run_address>
         <size>0xc</size>
         <input_file_ref idref="fl-18"/>
      </object_component>
      <object_component id="oc-24">
         <name>.text:Reset_Handler</name>
         <load_address>0x4ac6</load_address>
         <run_address>0x4ac6</run_address>
         <size>0xc</size>
         <input_file_ref idref="fl-8"/>
      </object_component>
      <object_component id="oc-5a9">
         <name>.text:USBEndpointPacketCountSet</name>
         <load_address>0x4ad2</load_address>
         <run_address>0x4ad2</run_address>
         <size>0xc</size>
         <input_file_ref idref="fl-26"/>
      </object_component>
      <object_component id="oc-38a">
         <name>.text:USBLPMIntEnable</name>
         <load_address>0x4ade</load_address>
         <run_address>0x4ade</run_address>
         <size>0xc</size>
         <input_file_ref idref="fl-26"/>
      </object_component>
      <object_component id="oc-5c">
         <name>.text:decompress:ZI:__TI_zero_init</name>
         <load_address>0x4aea</load_address>
         <run_address>0x4aea</run_address>
         <size>0xc</size>
         <input_file_ref idref="fl-de"/>
      </object_component>
      <object_component id="oc-380">
         <name>.text:USBClockEnable</name>
         <load_address>0x4af6</load_address>
         <run_address>0x4af6</run_address>
         <size>0xa</size>
         <input_file_ref idref="fl-26"/>
      </object_component>
      <object_component id="oc-5a7">
         <name>.text:USBDMAChannelAddressSet</name>
         <load_address>0x4b00</load_address>
         <run_address>0x4b00</run_address>
         <size>0xa</size>
         <input_file_ref idref="fl-26"/>
      </object_component>
      <object_component id="oc-5a8">
         <name>.text:USBDMAChannelCountSet</name>
         <load_address>0x4b0a</load_address>
         <run_address>0x4b0a</run_address>
         <size>0xa</size>
         <input_file_ref idref="fl-26"/>
      </object_component>
      <object_component id="oc-36">
         <name>.text:USB0_IRQHandler</name>
         <load_address>0x4b14</load_address>
         <run_address>0x4b14</run_address>
         <size>0x8</size>
         <input_file_ref idref="fl-2"/>
      </object_component>
      <object_component id="oc-5a3">
         <name>.text:USBDMAChannelIntStatus</name>
         <load_address>0x4b1c</load_address>
         <run_address>0x4b1c</run_address>
         <size>0x6</size>
         <input_file_ref idref="fl-26"/>
      </object_component>
      <object_component id="oc-389">
         <name>.text:USBDevLPMConfig</name>
         <load_address>0x4b22</load_address>
         <run_address>0x4b22</run_address>
         <size>0x6</size>
         <input_file_ref idref="fl-26"/>
      </object_component>
      <object_component id="oc-18c">
         <name>.text:USBLPMIntStatus</name>
         <load_address>0x4b28</load_address>
         <run_address>0x4b28</run_address>
         <size>0x6</size>
         <input_file_ref idref="fl-26"/>
      </object_component>
      <object_component id="oc-b6">
         <name>.text:_system_pre_init</name>
         <load_address>0x4b2e</load_address>
         <run_address>0x4b2e</run_address>
         <size>0x4</size>
         <input_file_ref idref="fl-e6"/>
      </object_component>
      <object_component id="oc-10b">
         <name>.text:abort:abort</name>
         <load_address>0x4b32</load_address>
         <run_address>0x4b32</run_address>
         <size>0x4</size>
         <input_file_ref idref="fl-e8"/>
      </object_component>
      <object_component id="oc-22c">
         <name>.const:g_pppui32XTALtoVCO</name>
         <load_address>0x4b38</load_address>
         <run_address>0x4b38</run_address>
         <size>0x1b0</size>
         <input_file_ref idref="fl-24"/>
      </object_component>
      <object_component id="oc-3e1">
         <name>.const:.string:g_pui8ConfigString</name>
         <load_address>0x4ce8</load_address>
         <run_address>0x4ce8</run_address>
         <size>0x36</size>
         <input_file_ref idref="fl-6"/>
      </object_component>
      <object_component id="oc-303">
         <name>.const:g_psUSBDStdRequests</name>
         <load_address>0x4d20</load_address>
         <run_address>0x4d20</run_address>
         <size>0x34</size>
         <input_file_ref idref="fl-15"/>
      </object_component>
      <object_component id="oc-251">
         <name>.const:g_sCDCHandlers</name>
         <load_address>0x4d54</load_address>
         <run_address>0x4d54</run_address>
         <size>0x30</size>
         <input_file_ref idref="fl-14"/>
      </object_component>
      <object_component id="oc-30f">
         <name>.const:g_sXTALtoMEMTIM</name>
         <load_address>0x4d84</load_address>
         <run_address>0x4d84</run_address>
         <size>0x30</size>
         <input_file_ref idref="fl-24"/>
      </object_component>
      <object_component id="oc-3de">
         <name>.const:.string:g_pui8ControlInterfaceString</name>
         <load_address>0x4db4</load_address>
         <run_address>0x4db4</run_address>
         <size>0x2c</size>
         <input_file_ref idref="fl-6"/>
      </object_component>
      <object_component id="oc-22b">
         <name>.const:g_pui32Xtals</name>
         <load_address>0x4de0</load_address>
         <run_address>0x4de0</run_address>
         <size>0x28</size>
         <input_file_ref idref="fl-24"/>
      </object_component>
      <object_component id="oc-3d5">
         <name>.const:.string:g_pui8ManufacturerString</name>
         <load_address>0x4e08</load_address>
         <run_address>0x4e08</run_address>
         <size>0x24</size>
         <input_file_ref idref="fl-6"/>
      </object_component>
      <object_component id="oc-5f9">
         <name>.const:.string:g_pui8CDCSerCommInterface</name>
         <load_address>0x4e2c</load_address>
         <run_address>0x4e2c</run_address>
         <size>0x23</size>
         <input_file_ref idref="fl-14"/>
      </object_component>
      <object_component id="oc-3d8">
         <name>.const:.string:g_pui8ProductString</name>
         <load_address>0x4e4f</load_address>
         <run_address>0x4e4f</run_address>
         <size>0x22</size>
         <input_file_ref idref="fl-6"/>
      </object_component>
      <object_component id="oc-2b6">
         <name>.const:g_pui8StringDescriptors</name>
         <load_address>0x4e74</load_address>
         <run_address>0x4e74</run_address>
         <size>0x18</size>
         <input_file_ref idref="fl-6"/>
      </object_component>
      <object_component id="oc-5fe">
         <name>.const:.string:g_pui8CDCSerDataInterface</name>
         <load_address>0x4e8c</load_address>
         <run_address>0x4e8c</run_address>
         <size>0x17</size>
         <input_file_ref idref="fl-14"/>
      </object_component>
      <object_component id="oc-603">
         <name>.const:.string:g_pui8CDCSerDataInterfaceHS</name>
         <load_address>0x4ea3</load_address>
         <run_address>0x4ea3</run_address>
         <size>0x17</size>
         <input_file_ref idref="fl-14"/>
      </object_component>
      <object_component id="oc-60d">
         <name>.const:g_pui32EnRegs</name>
         <load_address>0x4ebc</load_address>
         <run_address>0x4ebc</run_address>
         <size>0x14</size>
         <input_file_ref idref="fl-23"/>
      </object_component>
      <object_component id="oc-3db">
         <name>.const:.string:g_pui8SerialNumberString</name>
         <load_address>0x4ed0</load_address>
         <run_address>0x4ed0</run_address>
         <size>0x12</size>
         <input_file_ref idref="fl-6"/>
      </object_component>
      <object_component id="oc-22d">
         <name>.const:g_pui32VCOFrequencies</name>
         <load_address>0x4ee4</load_address>
         <run_address>0x4ee4</run_address>
         <size>0x8</size>
         <input_file_ref idref="fl-24"/>
      </object_component>
      <object_component id="oc-359">
         <name>.const:g_sCDCCompSerConfigHeader</name>
         <load_address>0x4eec</load_address>
         <run_address>0x4eec</run_address>
         <size>0x8</size>
         <input_file_ref idref="fl-14"/>
      </object_component>
      <object_component id="oc-35e">
         <name>.const:g_sCDCCompSerConfigHeaderHS</name>
         <load_address>0x4ef4</load_address>
         <run_address>0x4ef4</run_address>
         <size>0x8</size>
         <input_file_ref idref="fl-14"/>
      </object_component>
      <object_component id="oc-57e">
         <name>.const:g_sCDCSerCommInterfaceSection</name>
         <load_address>0x4efc</load_address>
         <run_address>0x4efc</run_address>
         <size>0x8</size>
         <input_file_ref idref="fl-14"/>
      </object_component>
      <object_component id="oc-34f">
         <name>.const:g_sCDCSerConfigHeader</name>
         <load_address>0x4f04</load_address>
         <run_address>0x4f04</run_address>
         <size>0x8</size>
         <input_file_ref idref="fl-14"/>
      </object_component>
      <object_component id="oc-354">
         <name>.const:g_sCDCSerConfigHeaderHS</name>
         <load_address>0x4f0c</load_address>
         <run_address>0x4f0c</run_address>
         <size>0x8</size>
         <input_file_ref idref="fl-14"/>
      </object_component>
      <object_component id="oc-57b">
         <name>.const:g_sCDCSerConfigSection</name>
         <load_address>0x4f14</load_address>
         <run_address>0x4f14</run_address>
         <size>0x8</size>
         <input_file_ref idref="fl-14"/>
      </object_component>
      <object_component id="oc-581">
         <name>.const:g_sCDCSerDataInterfaceSection</name>
         <load_address>0x4f1c</load_address>
         <run_address>0x4f1c</run_address>
         <size>0x8</size>
         <input_file_ref idref="fl-14"/>
      </object_component>
      <object_component id="oc-586">
         <name>.const:g_sCDCSerDataInterfaceSectionHS</name>
         <load_address>0x4f24</load_address>
         <run_address>0x4f24</run_address>
         <size>0x8</size>
         <input_file_ref idref="fl-14"/>
      </object_component>
      <object_component id="oc-58b">
         <name>.const:g_sIADSerConfigSection</name>
         <load_address>0x4f2c</load_address>
         <run_address>0x4f2c</run_address>
         <size>0x8</size>
         <input_file_ref idref="fl-14"/>
      </object_component>
      <object_component id="oc-3d2">
         <name>.const:.string:g_pui8LangDescriptor</name>
         <load_address>0x4f34</load_address>
         <run_address>0x4f34</run_address>
         <size>0x4</size>
         <input_file_ref idref="fl-6"/>
      </object_component>
      <object_component id="oc-260">
         <name>.const:g_pCDCCompSerConfigDescriptors</name>
         <load_address>0x4f38</load_address>
         <run_address>0x4f38</run_address>
         <size>0x4</size>
         <input_file_ref idref="fl-14"/>
      </object_component>
      <object_component id="oc-263">
         <name>.const:g_pCDCCompSerConfigDescriptorsHS</name>
         <load_address>0x4f3c</load_address>
         <run_address>0x4f3c</run_address>
         <size>0x4</size>
         <input_file_ref idref="fl-14"/>
      </object_component>
      <object_component id="oc-25a">
         <name>.const:g_ppCDCSerConfigDescriptors</name>
         <load_address>0x4f40</load_address>
         <run_address>0x4f40</run_address>
         <size>0x4</size>
         <input_file_ref idref="fl-14"/>
      </object_component>
      <object_component id="oc-25d">
         <name>.const:g_ppCDCSerConfigDescriptorsHS</name>
         <load_address>0x4f44</load_address>
         <run_address>0x4f44</run_address>
         <size>0x4</size>
         <input_file_ref idref="fl-14"/>
      </object_component>
      <object_component id="oc-666">
         <name>.cinit..data.load</name>
         <load_address>0x4f48</load_address>
         <run_address>0x4f48</run_address>
         <size>0xa5</size>
      </object_component>
      <object_component id="oc-664">
         <name>__TI_handler_table</name>
         <load_address>0x4ff0</load_address>
         <run_address>0x4ff0</run_address>
         <size>0xc</size>
      </object_component>
      <object_component id="oc-667">
         <name>.cinit..bss.load</name>
         <load_address>0x5000</load_address>
         <run_address>0x5000</run_address>
         <size>0x8</size>
      </object_component>
      <object_component id="oc-665">
         <name>__TI_cinit_table</name>
         <load_address>0x5008</load_address>
         <run_address>0x5008</run_address>
         <size>0x10</size>
      </object_component>
      <object_component id="oc-84">
         <name>.data</name>
         <load_address>0x200007f0</load_address>
         <run_address>0x200007f0</run_address>
         <size>0x1a</size>
         <input_file_ref idref="fl-2"/>
      </object_component>
      <object_component id="oc-ce">
         <name>.data</name>
         <load_address>0x20000888</load_address>
         <run_address>0x20000888</run_address>
         <size>0x4</size>
         <input_file_ref idref="fl-4"/>
      </object_component>
      <object_component id="oc-1ca">
         <name>.data:g_psCDCDevice</name>
         <load_address>0x20000720</load_address>
         <run_address>0x20000720</run_address>
         <size>0x60</size>
         <input_file_ref idref="fl-6"/>
      </object_component>
      <object_component id="oc-1c7">
         <name>.data:g_psRxBuffer</name>
         <load_address>0x20000780</load_address>
         <run_address>0x20000780</run_address>
         <size>0x38</size>
         <input_file_ref idref="fl-6"/>
      </object_component>
      <object_component id="oc-1c4">
         <name>.data:g_psTxBuffer</name>
         <load_address>0x200007b8</load_address>
         <run_address>0x200007b8</run_address>
         <size>0x38</size>
         <input_file_ref idref="fl-6"/>
      </object_component>
      <object_component id="oc-254">
         <name>.data:g_pui8CDCSerDeviceDescriptor</name>
         <load_address>0x2000080a</load_address>
         <run_address>0x2000080a</run_address>
         <size>0x12</size>
         <input_file_ref idref="fl-14"/>
      </object_component>
      <object_component id="oc-278">
         <name>.data:g_pui8CDCSerDescriptor</name>
         <load_address>0x20000860</load_address>
         <run_address>0x20000860</run_address>
         <size>0x9</size>
         <input_file_ref idref="fl-14"/>
      </object_component>
      <object_component id="oc-608">
         <name>.data:g_pui8IADSerDescriptor</name>
         <load_address>0x20000875</load_address>
         <run_address>0x20000875</run_address>
         <size>0x8</size>
         <input_file_ref idref="fl-14"/>
      </object_component>
      <object_component id="oc-48f">
         <name>.data:g_psCDCSerSections</name>
         <load_address>0x2000083c</load_address>
         <run_address>0x2000083c</run_address>
         <size>0xc</size>
         <input_file_ref idref="fl-14"/>
      </object_component>
      <object_component id="oc-494">
         <name>.data:g_psCDCSerSectionsHS</name>
         <load_address>0x20000848</load_address>
         <run_address>0x20000848</run_address>
         <size>0xc</size>
         <input_file_ref idref="fl-14"/>
      </object_component>
      <object_component id="oc-499">
         <name>.data:g_psCDCCompSerSections</name>
         <load_address>0x2000081c</load_address>
         <run_address>0x2000081c</run_address>
         <size>0x10</size>
         <input_file_ref idref="fl-14"/>
      </object_component>
      <object_component id="oc-49e">
         <name>.data:g_psCDCCompSerSectionsHS</name>
         <load_address>0x2000082c</load_address>
         <run_address>0x2000082c</run_address>
         <size>0x10</size>
         <input_file_ref idref="fl-14"/>
      </object_component>
      <object_component id="oc-257">
         <name>.data</name>
         <load_address>0x2000086a</load_address>
         <run_address>0x2000086a</run_address>
         <size>0x2</size>
         <input_file_ref idref="fl-14"/>
      </object_component>
      <object_component id="oc-19b">
         <name>.data</name>
         <load_address>0x20000880</load_address>
         <run_address>0x20000880</run_address>
         <size>0x8</size>
         <input_file_ref idref="fl-15"/>
      </object_component>
      <object_component id="oc-392">
         <name>.data</name>
         <load_address>0x2000086c</load_address>
         <run_address>0x2000086c</run_address>
         <size>0x9</size>
         <input_file_ref idref="fl-19"/>
      </object_component>
      <object_component id="oc-198">
         <name>.data</name>
         <load_address>0x20000854</load_address>
         <run_address>0x20000854</run_address>
         <size>0xc</size>
         <input_file_ref idref="fl-1b"/>
      </object_component>
      <object_component id="oc-1d4">
         <name>.bss:g_pcCmdBuf</name>
         <uninitialized>true</uninitialized>
         <run_address>0x20000110</run_address>
         <size>0x100</size>
         <input_file_ref idref="fl-2"/>
      </object_component>
      <object_component id="oc-1c1">
         <name>.bss</name>
         <uninitialized>true</uninitialized>
         <run_address>0x20000510</run_address>
         <size>0x4</size>
         <input_file_ref idref="fl-2"/>
      </object_component>
      <object_component id="oc-300">
         <name>.bss:g_pui8DataBufferIn</name>
         <uninitialized>true</uninitialized>
         <run_address>0x20000460</run_address>
         <size>0x40</size>
         <input_file_ref idref="fl-15"/>
      </object_component>
      <object_component id="oc-26e">
         <name>.bss</name>
         <uninitialized>true</uninitialized>
         <run_address>0x20000514</run_address>
         <size>0x4</size>
         <input_file_ref idref="fl-15"/>
      </object_component>
      <object_component id="oc-4aa">
         <name>.bss:g_psUSBDMAInst</name>
         <uninitialized>true</uninitialized>
         <run_address>0x20000000</run_address>
         <size>0x110</size>
         <input_file_ref idref="fl-18"/>
      </object_component>
      <object_component id="oc-109">
         <name>.common:inj_pairs</name>
         <uninitialized>true</uninitialized>
         <run_address>0x200004a0</run_address>
         <size>0x40</size>
      </object_component>
      <object_component id="oc-2a7">
         <name>.common:g_ppui8USBRxBuffer</name>
         <uninitialized>true</uninitialized>
         <run_address>0x20000310</run_address>
         <size>0x100</size>
      </object_component>
      <object_component id="oc-290">
         <name>.common:g_ppcUSBTxBuffer</name>
         <uninitialized>true</uninitialized>
         <run_address>0x20000210</run_address>
         <size>0x100</size>
      </object_component>
      <object_component id="oc-197">
         <name>.common:g_psDCDInst</name>
         <uninitialized>true</uninitialized>
         <run_address>0x20000410</run_address>
         <size>0x50</size>
      </object_component>
      <object_component id="oc-194">
         <name>.common:g_ppsDevInfo</name>
         <uninitialized>true</uninitialized>
         <run_address>0x20000518</run_address>
         <size>0x4</size>
      </object_component>
      <object_component id="oc-201">
         <name>.common:g_pfnTickHandlers</name>
         <uninitialized>true</uninitialized>
         <run_address>0x200004e0</run_address>
         <size>0x18</size>
      </object_component>
      <object_component id="oc-204">
         <name>.common:g_pvTickInstance</name>
         <uninitialized>true</uninitialized>
         <run_address>0x200004f8</run_address>
         <size>0x18</size>
      </object_component>
      <object_component id="oc-21">
         <name>.stack</name>
         <uninitialized>true</uninitialized>
         <run_address>0x20000520</run_address>
         <size>0x4</size>
         <input_file_ref idref="fl-e1"/>
      </object_component>
      <object_component id="oc-668">
         <name>.stack</name>
         <uninitialized>true</uninitialized>
         <run_address>0x20000520</run_address>
         <size>0x0</size>
      </object_component>
      <object_component id="oc-d4">
         <name>.debug_info</name>
         <load_address>0x0</load_address>
         <run_address>0x0</run_address>
         <size>0xd3b</size>
         <input_file_ref idref="fl-2"/>
      </object_component>
      <object_component id="oc-85">
         <name>.debug_info</name>
         <load_address>0xd3b</load_address>
         <run_address>0xd3b</run_address>
         <size>0x290</size>
         <input_file_ref idref="fl-2"/>
      </object_component>
      <object_component id="oc-1d5">
         <name>.debug_info</name>
         <load_address>0xfcb</load_address>
         <run_address>0xfcb</run_address>
         <size>0xed</size>
         <input_file_ref idref="fl-2"/>
      </object_component>
      <object_component id="oc-1c2">
         <name>.debug_info</name>
         <load_address>0x10b8</load_address>
         <run_address>0x10b8</run_address>
         <size>0xed</size>
         <input_file_ref idref="fl-2"/>
      </object_component>
      <object_component id="oc-38">
         <name>.debug_info</name>
         <load_address>0x11a5</load_address>
         <run_address>0x11a5</run_address>
         <size>0x13e</size>
         <input_file_ref idref="fl-2"/>
      </object_component>
      <object_component id="oc-32">
         <name>.debug_info</name>
         <load_address>0x12e3</load_address>
         <run_address>0x12e3</run_address>
         <size>0x122</size>
         <input_file_ref idref="fl-2"/>
      </object_component>
      <object_component id="oc-3b4">
         <name>.debug_info</name>
         <load_address>0x1405</load_address>
         <run_address>0x1405</run_address>
         <size>0x160</size>
         <input_file_ref idref="fl-2"/>
      </object_component>
      <object_component id="oc-2ac">
         <name>.debug_info</name>
         <load_address>0x1565</load_address>
         <run_address>0x1565</run_address>
         <size>0x247</size>
         <input_file_ref idref="fl-2"/>
      </object_component>
      <object_component id="oc-280">
         <name>.debug_info</name>
         <load_address>0x17ac</load_address>
         <run_address>0x17ac</run_address>
         <size>0x207</size>
         <input_file_ref idref="fl-2"/>
      </object_component>
      <object_component id="oc-297">
         <name>.debug_info</name>
         <load_address>0x19b3</load_address>
         <run_address>0x19b3</run_address>
         <size>0x257</size>
         <input_file_ref idref="fl-2"/>
      </object_component>
      <object_component id="oc-f9">
         <name>.debug_info</name>
         <load_address>0x1c0a</load_address>
         <run_address>0x1c0a</run_address>
         <size>0x22e</size>
         <input_file_ref idref="fl-2"/>
      </object_component>
      <object_component id="oc-105">
         <name>.debug_info</name>
         <load_address>0x1e38</load_address>
         <run_address>0x1e38</run_address>
         <size>0x18e</size>
         <input_file_ref idref="fl-2"/>
      </object_component>
      <object_component id="oc-ff">
         <name>.debug_info</name>
         <load_address>0x1fc6</load_address>
         <run_address>0x1fc6</run_address>
         <size>0x182</size>
         <input_file_ref idref="fl-2"/>
      </object_component>
      <object_component id="oc-be">
         <name>.debug_info</name>
         <load_address>0x2148</load_address>
         <run_address>0x2148</run_address>
         <size>0x356</size>
         <input_file_ref idref="fl-2"/>
      </object_component>
      <object_component id="oc-14d">
         <name>.debug_info</name>
         <load_address>0x249e</load_address>
         <run_address>0x249e</run_address>
         <size>0x33f</size>
         <input_file_ref idref="fl-2"/>
      </object_component>
      <object_component id="oc-152">
         <name>.debug_info</name>
         <load_address>0x27dd</load_address>
         <run_address>0x27dd</run_address>
         <size>0x234</size>
         <input_file_ref idref="fl-2"/>
      </object_component>
      <object_component id="oc-157">
         <name>.debug_info</name>
         <load_address>0x2a11</load_address>
         <run_address>0x2a11</run_address>
         <size>0xa85</size>
         <input_file_ref idref="fl-2"/>
      </object_component>
      <object_component id="oc-15c">
         <name>.debug_info</name>
         <load_address>0x3496</load_address>
         <run_address>0x3496</run_address>
         <size>0x8c</size>
         <input_file_ref idref="fl-2"/>
      </object_component>
      <object_component id="oc-161">
         <name>.debug_info</name>
         <load_address>0x3522</load_address>
         <run_address>0x3522</run_address>
         <size>0xe4</size>
         <input_file_ref idref="fl-2"/>
      </object_component>
      <object_component id="oc-91">
         <name>.debug_info</name>
         <load_address>0x3606</load_address>
         <run_address>0x3606</run_address>
         <size>0x26b</size>
         <input_file_ref idref="fl-2"/>
      </object_component>
      <object_component id="oc-166">
         <name>.debug_info</name>
         <load_address>0x3871</load_address>
         <run_address>0x3871</run_address>
         <size>0x1055</size>
         <input_file_ref idref="fl-2"/>
      </object_component>
      <object_component id="oc-175">
         <name>.debug_info</name>
         <load_address>0x48c6</load_address>
         <run_address>0x48c6</run_address>
         <size>0x186</size>
         <input_file_ref idref="fl-2"/>
      </object_component>
      <object_component id="oc-e2">
         <name>.debug_info</name>
         <load_address>0x4a4c</load_address>
         <run_address>0x4a4c</run_address>
         <size>0x8b</size>
         <input_file_ref idref="fl-2"/>
      </object_component>
      <object_component id="oc-dd">
         <name>.debug_info</name>
         <load_address>0x4ad7</load_address>
         <run_address>0x4ad7</run_address>
         <size>0x297</size>
         <input_file_ref idref="fl-2"/>
      </object_component>
      <object_component id="oc-96">
         <name>.debug_info</name>
         <load_address>0x4d6e</load_address>
         <run_address>0x4d6e</run_address>
         <size>0xbb</size>
         <input_file_ref idref="fl-2"/>
      </object_component>
      <object_component id="oc-ee">
         <name>.debug_info</name>
         <load_address>0x4e29</load_address>
         <run_address>0x4e29</run_address>
         <size>0x2c</size>
         <input_file_ref idref="fl-2"/>
      </object_component>
      <object_component id="oc-16b">
         <name>.debug_info</name>
         <load_address>0x4e55</load_address>
[...]
      <symbol id="sm-a7d">
         <name>USBLPMIntEnable</name>
         <value>0x4adf</value>
         <object_component_ref idref="oc-38a"/>
      </symbol>
      <symbol id="sm-a7e">
         <name>USBClockEnable</name>
         <value>0x4af7</value>
         <object_component_ref idref="oc-380"/>
      </symbol>
      <symbol id="sm-a7f">
         <name>USBDMAChannelIntStatus</name>
         <value>0x4b1d</value>
         <object_component_ref idref="oc-5a3"/>
      </symbol>
      <symbol id="sm-a80">
         <name>USBDMAChannelCountSet</name>
         <value>0x4b0b</value>
         <object_component_ref idref="oc-5a8"/>
      </symbol>
      <symbol id="sm-a81">
         <name>USBLPMIntStatus</name>
         <value>0x4b29</value>
         <object_component_ref idref="oc-18c"/>
      </symbol>
      <symbol id="sm-a82">
         <name>USBDMAChannelAddressSet</name>
         <value>0x4b01</value>
         <object_component_ref idref="oc-5a7"/>
      </symbol>
      <symbol id="sm-a83">
         <name>USBULPIDisable</name>
         <value>0x4a4f</value>
         <object_component_ref idref="oc-388"/>
      </symbol>
      <symbol id="sm-a84">
         <name>USBDMAChannelConfigSet</name>
         <value>0x498b</value>
         <object_component_ref idref="oc-5ab"/>
      </symbol>
      <symbol id="sm-a85">
         <name>USBULPIRegRead</name>
         <value>0x480f</value>
         <object_component_ref idref="oc-4a7"/>
      </symbol>
      <symbol id="sm-a86">
         <name>USBULPIEnable</name>
         <value>0x4a5d</value>
         <object_component_ref idref="oc-381"/>
      </symbol>
      <symbol id="sm-a87">
         <name>USBDMAChannelStatus</name>
         <value>0x4a25</value>
         <object_component_ref idref="oc-5a0"/>
      </symbol>
      <symbol id="sm-a88">
         <name>USBULPIRegWrite</name>
         <value>0x482d</value>
         <object_component_ref idref="oc-4a8"/>
      </symbol>
      <symbol id="sm-a89">
         <name>USBDMAChannelIntEnable</name>
         <value>0x49d3</value>
         <object_component_ref idref="oc-59a"/>
      </symbol>
      <symbol id="sm-a8a">
         <name>USBDevLPMConfig</name>
         <value>0x4b23</value>
         <object_component_ref idref="oc-389"/>
      </symbol>
      <symbol id="sm-a8b">
         <name>USBDevLPMEnable</name>
         <value>0x4a41</value>
         <object_component_ref idref="oc-18d"/>
      </symbol>
      <symbol id="sm-a8c">
         <name>USBFIFOConfigSet</name>
         <value>0x419f</value>
         <object_component_ref idref="oc-5e4"/>
      </symbol>
      <symbol id="sm-a8d">
         <name>USBDevLPMDisable</name>
         <value>0x4a33</value>
         <object_component_ref idref="oc-38b"/>
      </symbol>
      <symbol id="sm-a8e">
         <name>USBEndpointPacketCountSet</name>
         <value>0x4ad3</value>
         <object_component_ref idref="oc-5a9"/>
      </symbol>
      <symbol id="sm-a8f">
         <name>USBDMAChannelIntDisable</name>
         <value>0x49c1</value>
         <object_component_ref idref="oc-597"/>
      </symbol>
      <symbol id="sm-a90">
         <name>USBEndpointDMAConfigSet</name>
         <value>0x3eb9</value>
         <object_component_ref idref="oc-5aa"/>
      </symbol>
      <symbol id="sm-a91">
         <name>USBDevEndpointConfigSet</name>
         <value>0x33f7</value>
         <object_component_ref idref="oc-5dd"/>
      </symbol>
      <symbol id="sm-a92">
         <name>USBDMAChannelDisable</name>
         <value>0x499d</value>
         <object_component_ref idref="oc-595"/>
      </symbol>
      <symbol id="sm-a93">
         <name>USBDMAChannelEnable</name>
         <value>0x49af</value>
         <object_component_ref idref="oc-59b"/>
      </symbol>
      <symbol id="sm-a99">
         <name>CPUcpsie</name>
         <value>0x4aaf</value>
         <object_component_ref idref="oc-615"/>
      </symbol>
      <symbol id="sm-a9a">
         <name>CPUcpsid</name>
         <value>0x4aa3</value>
         <object_component_ref idref="oc-614"/>
      </symbol>
      <symbol id="sm-aad">
         <name>__TI_zero_init</name>
         <value>0x4aeb</value>
         <object_component_ref idref="oc-5c"/>
      </symbol>
      <symbol id="sm-ac4">
         <name>__TI_decompress_none</name>
         <value>0x4a6b</value>
         <object_component_ref idref="oc-18"/>
      </symbol>
      <symbol id="sm-ae7">
         <name>__TI_decompress_lzss</name>
         <value>0x3995</value>
         <object_component_ref idref="oc-12"/>
      </symbol>
      <symbol id="sm-afa">
         <name>__stack</name>
         <value>0x20000520</value>
         <object_component_ref idref="oc-21"/>
      </symbol>
      <symbol id="sm-afb">
         <name>_c_int00_noargs</name>
         <value>0x42b9</value>
         <object_component_ref idref="oc-68"/>
      </symbol>
      <symbol id="sm-b0b">
         <name>__aeabi_memset</name>
         <value>0x3473</value>
         <object_component_ref idref="oc-b0"/>
      </symbol>
      <symbol id="sm-b0c">
         <name>memset</name>
         <value>0x3479</value>
         <object_component_ref idref="oc-b0"/>
      </symbol>
      <symbol id="sm-b0d">
         <name>__aeabi_memset8</name>
         <value>0x3473</value>
         <object_component_ref idref="oc-b0"/>
      </symbol>
      <symbol id="sm-b0e">
         <name>__aeabi_memset4</name>
         <value>0x3473</value>
         <object_component_ref idref="oc-b0"/>
      </symbol>
      <symbol id="sm-b0f">
         <name>__aeabi_memclr8</name>
         <value>0x3471</value>
         <object_component_ref idref="oc-b0"/>
      </symbol>
      <symbol id="sm-b10">
         <name>__aeabi_memclr4</name>
         <value>0x3471</value>
         <object_component_ref idref="oc-b0"/>
      </symbol>
      <symbol id="sm-b11">
         <name>__aeabi_memclr</name>
         <value>0x3471</value>
         <object_component_ref idref="oc-b0"/>
      </symbol>
      <symbol id="sm-b2c">
         <name>memcpy</name>
         <value>0x2fd1</value>
         <object_component_ref idref="oc-4a"/>
      </symbol>
      <symbol id="sm-b2d">
         <name>__aeabi_memcpy</name>
         <value>0x2fd1</value>
         <object_component_ref idref="oc-4a"/>
      </symbol>
      <symbol id="sm-b2e">
         <name>__aeabi_memcpy8</name>
         <value>0x2fd1</value>
         <object_component_ref idref="oc-4a"/>
      </symbol>
      <symbol id="sm-b2f">
         <name>__aeabi_memcpy4</name>
         <value>0x2fd1</value>
         <object_component_ref idref="oc-4a"/>
      </symbol>
      <symbol id="sm-b57">
         <name>__TI_auto_init_nobinit_nopinit</name>
         <value>0x4069</value>
         <object_component_ref idref="oc-117"/>
      </symbol>
      <symbol id="sm-b61">
         <name>_system_pre_init</name>
         <value>0x4b2f</value>
         <object_component_ref idref="oc-b6"/>
      </symbol>
      <symbol id="sm-b6d">
         <name>C$$EXIT</name>
         <value>0x4b33</value>
         <object_component_ref idref="oc-10b"/>
      </symbol>
      <symbol id="sm-b6e">
         <name>abort</name>
         <value>0x4b33</value>
         <object_component_ref idref="oc-10b"/>
      </symbol>
      <symbol id="sm-b71">
         <name>__TI_static_base__</name>
         <value>0x0</value>
      </symbol>
      <symbol id="sm-b74">
         <name>__mpu_init</name>
         <value>0x0</value>
      </symbol>
      <symbol id="sm-b75">
         <name>_system_post_cinit</name>
         <value>0x0</value>
      </symbol>
      <symbol id="sm-b76">
         <name>NMI_Handler</name>
         <value>0x2e93</value>
      </symbol>
      <symbol id="sm-b77">
         <name>HardFault_Handler</name>
         <value>0x2e93</value>
      </symbol>
      <symbol id="sm-b78">
         <name>MemManage_Handler</name>
         <value>0x2e93</value>
      </symbol>
      <symbol id="sm-b79">
         <name>BusFault_Handler</name>
         <value>0x2e93</value>
      </symbol>
      <symbol id="sm-b7a">
         <name>UsageFault_Handler</name>
         <value>0x2e93</value>
      </symbol>
      <symbol id="sm-b7b">
         <name>SVC_Handler</name>
         <value>0x2e93</value>
      </symbol>
      <symbol id="sm-b7c">
         <name>DebugMon_Handler</name>
         <value>0x2e93</value>
      </symbol>
      <symbol id="sm-b7d">
         <name>PendSV_Handler</name>
         <value>0x2e93</value>
      </symbol>
      <symbol id="sm-b7e">
         <name>SysTick_Handler</name>
         <value>0x4a15</value>
      </symbol>
      <symbol id="sm-b7f">
         <name>GPIOA_IRQHandler</name>
         <value>0x2e93</value>
      </symbol>
      <symbol id="sm-b80">
         <name>GPIOB_IRQHandler</name>
         <value>0x2e93</value>
      </symbol>
      <symbol id="sm-b81">
         <name>GPIOC_IRQHandler</name>
         <value>0x2e93</value>
      </symbol>
      <symbol id="sm-b82">
         <name>GPIOD_IRQHandler</name>
         <value>0x2e93</value>
      </symbol>
      <symbol id="sm-b83">
         <name>GPIOE_IRQHandler</name>
         <value>0x2e93</value>
      </symbol>
      <symbol id="sm-b84">
         <name>UART0_IRQHandler</name>
         <value>0x2e93</value>
      </symbol>
      <symbol id="sm-b85">
         <name>UART1_IRQHandler</name>
         <value>0x2e93</value>
      </symbol>
      <symbol id="sm-b86">
         <name>SSI0_IRQHandler</name>
         <value>0x2e93</value>
      </symbol>
      <symbol id="sm-b87">
         <name>I2C0_IRQHandler</name>
         <value>0x2e93</value>
      </symbol>
      <symbol id="sm-b88">
         <name>PWM0_FAULT_IRQHandler</name>
         <value>0x2e93</value>
      </symbol>
      <symbol id="sm-b89">
         <name>PWM0_0_IRQHandler</name>
         <value>0x2e93</value>
      </symbol>
      <symbol id="sm-b8a">
         <name>PWM0_1_IRQHandler</name>
         <value>0x2e93</value>
      </symbol>
      <symbol id="sm-b8b">
         <name>PWM0_2_IRQHandler</name>
         <value>0x2e93</value>
      </symbol>
      <symbol id="sm-b8c">
         <name>QEI0_IRQHandler</name>
         <value>0x2e93</value>
      </symbol>
      <symbol id="sm-b8d">
         <name>ADC0SS0_IRQHandler</name>
         <value>0x2e93</value>
      </symbol>
      <symbol id="sm-b8e">
         <name>ADC0SS1_IRQHandler</name>
         <value>0x2e93</value>
      </symbol>
      <symbol id="sm-b8f">
         <name>ADC0SS2_IRQHandler</name>
         <value>0x2e93</value>
      </symbol>
      <symbol id="sm-b90">
         <name>ADC0SS3_IRQHandler</name>
         <value>0x2e93</value>
      </symbol>
      <symbol id="sm-b91">
         <name>WATCHDOG_IRQHandler</name>
         <value>0x2e93</value>
      </symbol>
      <symbol id="sm-b92">
         <name>TIMER0A_IRQHandler</name>
         <value>0x2e93</value>
      </symbol>
      <symbol id="sm-b93">
         <name>TIMER0B_IRQHandler</name>
         <value>0x2e93</value>
      </symbol>
      <symbol id="sm-b94">
         <name>TIMER1A_IRQHandler</name>
         <value>0x2e93</value>
      </symbol>
      <symbol id="sm-b95">
         <name>TIMER1B_IRQHandler</name>
         <value>0x2e93</value>
      </symbol>
      <symbol id="sm-b96">
         <name>TIMER2A_IRQHandler</name>
         <value>0x2e93</value>
      </symbol>
      <symbol id="sm-b97">
         <name>TIMER2B_IRQHandler</name>
         <value>0x2e93</value>
      </symbol>
      <symbol id="sm-b98">
         <name>COMP0_IRQHandler</name>
         <value>0x2e93</value>
      </symbol>
      <symbol id="sm-b99">
         <name>COMP1_IRQHandler</name>
         <value>0x2e93</value>
      </symbol>
      <symbol id="sm-b9a">
         <name>COMP2_IRQHandler</name>
         <value>0x2e93</value>
      </symbol>
      <symbol id="sm-b9b">
         <name>SYSCTL_IRQHandler</name>
         <value>0x2e93</value>
      </symbol>
      <symbol id="sm-b9c">
         <name>FLASH_IRQHandler</name>
         <value>0x2e93</value>
      </symbol>
      <symbol id="sm-b9d">
         <name>GPIOF_IRQHandler</name>
         <value>0x2e93</value>
      </symbol>
      <symbol id="sm-b9e">
         <name>GPIOG_IRQHandler</name>
         <value>0x2e93</value>
      </symbol>
      <symbol id="sm-b9f">
         <name>GPIOH_IRQHandler</name>
         <value>0x2e93</value>
      </symbol>
      <symbol id="sm-ba0">
         <name>UART2_IRQHandler</name>
         <value>0x2e93</value>
      </symbol>
      <symbol id="sm-ba1">
         <name>SSI1_IRQHandler</name>
         <value>0x2e93</value>
      </symbol>
      <symbol id="sm-ba2">
         <name>TIMER3A_IRQHandler</name>
         <value>0x2e93</value>
      </symbol>
      <symbol id="sm-ba3">
         <name>TIMER3B_IRQHandler</name>
         <value>0x2e93</value>
      </symbol>
      <symbol id="sm-ba4">
         <name>I2C1_IRQHandler</name>
         <value>0x2e93</value>
      </symbol>
      <symbol id="sm-ba5">
         <name>CAN0_IRQHandler</name>
         <value>0x2e93</value>
      </symbol>
      <symbol id="sm-ba6">
         <name>CAN1_IRQHandler</name>
         <value>0x2e93</value>
      </symbol>
      <symbol id="sm-ba7">
         <name>EMAC0_IRQHandler</name>
         <value>0x2e93</value>
      </symbol>
      <symbol id="sm-ba8">
         <name>HIBERNATE_IRQHandler</name>
         <value>0x2e93</value>
      </symbol>
      <symbol id="sm-ba9">
         <name>USB0_IRQHandler</name>
         <value>0x4b15</value>
      </symbol>
      <symbol id="sm-baa">
         <name>PWM0_3_IRQHandler</name>
         <value>0x2e93</value>
      </symbol>
      <symbol id="sm-bab">
         <name>UDMA_IRQHandler</name>
         <value>0x2e93</value>
      </symbol>
      <symbol id="sm-bac">
         <name>UDMAERR_IRQHandler</name>
         <value>0x2e93</value>
      </symbol>
      <symbol id="sm-bad">
         <name>ADC1SS0_IRQHandler</name>
         <value>0x2e93</value>
      </symbol>
      <symbol id="sm-bae">
         <name>ADC1SS1_IRQHandler</name>
         <value>0x2e93</value>
      </symbol>
      <symbol id="sm-baf">
         <name>ADC1SS2_IRQHandler</name>
         <value>0x2e93</value>
      </symbol>
      <symbol id="sm-bb0">
         <name>ADC1SS3_IRQHandler</name>
         <value>0x2e93</value>
      </symbol>
      <symbol id="sm-bb1">
         <name>EPI0_IRQHandler</name>
         <value>0x2e93</value>
      </symbol>
      <symbol id="sm-bb2">
         <name>GPIOJ_IRQHandler</name>
         <value>0x2e93</value>
      </symbol>
      <symbol id="sm-bb3">
         <name>GPIOK_IRQHandler</name>
         <value>0x2e93</value>
      </symbol>
      <symbol id="sm-bb4">
         <name>GPIOL_IRQHandler</name>
         <value>0x2e93</value>
      </symbol>
      <symbol id="sm-bb5">
         <name>SSI2_IRQHandler</name>
         <value>0x2e93</value>
      </symbol>
      <symbol id="sm-bb6">
         <name>SSI3_IRQHandler</name>
         <value>0x2e93</value>
      </symbol>
      <symbol id="sm-bb7">
         <name>UART3_IRQHandler</name>
         <value>0x2e93</value>
      </symbol>
      <symbol id="sm-bb8">
         <name>UART4_IRQHandler</name>
         <value>0x2e93</value>
      </symbol>
      <symbol id="sm-bb9">
         <name>UART5_IRQHandler</name>
         <value>0x2e93</value>
      </symbol>
      <symbol id="sm-bba">
         <name>UART6_IRQHandler</name>
         <value>0x2e93</value>
      </symbol>
      <symbol id="sm-bbb">
         <name>UART7_IRQHandler</name>
         <value>0x2e93</value>
      </symbol>
      <symbol id="sm-bbc">
         <name>I2C2_IRQHandler</name>
         <value>0x2e93</value>
      </symbol>
      <symbol id="sm-bbd">
         <name>I2C3_IRQHandler</name>
         <value>0x2e93</value>
      </symbol>
      <symbol id="sm-bbe">
         <name>TIMER4A_IRQHandler</name>
         <value>0x2e93</value>
      </symbol>
      <symbol id="sm-bbf">
         <name>TIMER4B_IRQHandler</name>
         <value>0x2e93</value>
      </symbol>
      <symbol id="sm-bc0">
         <name>TIMER5A_IRQHandler</name>
         <value>0x2e93</value>
      </symbol>
      <symbol id="sm-bc1">
         <name>TIMER5B_IRQHandler</name>
         <value>0x2e93</value>
      </symbol>
      <symbol id="sm-bc2">
         <name>SYSEXC_IRQHandler</name>
         <value>0x2e93</value>
      </symbol>
      <symbol id="sm-bc3">
         <name>I2C4_IRQHandler</name>
         <value>0x2e93</value>
      </symbol>
      <symbol id="sm-bc4">
         <name>I2C5_IRQHandler</name>
         <value>0x2e93</value>
      </symbol>
      <symbol id="sm-bc5">
         <name>GPIOM_IRQHandler</name>
         <value>0x2e93</value>
      </symbol>
      <symbol id="sm-bc6">
         <name>GPION_IRQHandler</name>
         <value>0x2e93</value>
      </symbol>
      <symbol id="sm-bc7">
         <name>TAMPER0_IRQHandler</name>
         <value>0x2e93</value>
      </symbol>
      <symbol id="sm-bc8">
         <name>GPIOP0_IRQHandler</name>
         <value>0x2e93</value>
      </symbol>
      <symbol id="sm-bc9">
         <name>GPIOP1_IRQHandler</name>
         <value>0x2e93</value>
      </symbol>
      <symbol id="sm-bca">
         <name>GPIOP2_IRQHandler</name>
         <value>0x2e93</value>
      </symbol>
      <symbol id="sm-bcb">
         <name>GPIOP3_IRQHandler</name>
         <value>0x2e93</value>
      </symbol>
      <symbol id="sm-bcc">
         <name>GPIOP4_IRQHandler</name>
         <value>0x2e93</value>
      </symbol>
      <symbol id="sm-bcd">
         <name>GPIOP5_IRQHandler</name>
         <value>0x2e93</value>
      </symbol>
      <symbol id="sm-bce">
         <name>GPIOP6_IRQHandler</name>
         <value>0x2e93</value>
      </symbol>
      <symbol id="sm-bcf">
         <name>GPIOP7_IRQHandler</name>
         <value>0x2e93</value>
      </symbol>
      <symbol id="sm-bd0">
         <name>GPIOQ0_IRQHandler</name>
         <value>0x2e93</value>
      </symbol>
      <symbol id="sm-bd1">
         <name>GPIOQ1_IRQHandler</name>
         <value>0x2e93</value>
      </symbol>
      <symbol id="sm-bd2">
         <name>GPIOQ2_IRQHandler</name>
         <value>0x2e93</value>
      </symbol>
      <symbol id="sm-bd3">
         <name>GPIOQ3_IRQHandler</name>
         <value>0x2e93</value>
      </symbol>
      <symbol id="sm-bd4">
         <name>GPIOQ4_IRQHandler</name>
         <value>0x2e93</value>
      </symbol>
      <symbol id="sm-bd5">
         <name>GPIOQ5_IRQHandler</name>
         <value>0x2e93</value>
      </symbol>
      <symbol id="sm-bd6">
         <name>GPIOQ6_IRQHandler</name>
         <value>0x2e93</value>
      </symbol>
      <symbol id="sm-bd7">
         <name>GPIOQ7_IRQHandler</name>
         <value>0x2e93</value>
      </symbol>
      <symbol id="sm-bd8">
         <name>SHA0_IRQHandler</name>
         <value>0x2e93</value>
      </symbol>
      <symbol id="sm-bd9">
         <name>AES0_IRQHandler</name>
         <value>0x2e93</value>
      </symbol>
      <symbol id="sm-bda">
         <name>DES0_IRQHandler</name>
         <value>0x2e93</value>
      </symbol>
      <symbol id="sm-bdb">
         <name>TIMER6A_IRQHandler</name>
         <value>0x2e93</value>
      </symbol>
      <symbol id="sm-bdc">
         <name>TIMER6B_IRQHandler</name>
         <value>0x2e93</value>
      </symbol>
      <symbol id="sm-bdd">
         <name>TIMER7A_IRQHandler</name>
         <value>0x2e93</value>
      </symbol>
      <symbol id="sm-bde">
         <name>TIMER7B_IRQHandler</name>
         <value>0x2e93</value>
      </symbol>
      <symbol id="sm-bdf">
         <name>I2C6_IRQHandler</name>
         <value>0x2e93</value>
      </symbol>
      <symbol id="sm-be0">
         <name>I2C7_IRQHandler</name>
         <value>0x2e93</value>
      </symbol>
      <symbol id="sm-be1">
         <name>I2C8_IRQHandler</name>
         <value>0x2e93</value>
      </symbol>
      <symbol id="sm-be2">
         <name>I2C9_IRQHandler</name>
         <value>0x2e93</value>
      </symbol>
   </symbol_table>
   <title>Link successful</title>
</link_info>
