******************************************************************************
                  TI ARM Linker Unix v18.1.3                   
******************************************************************************
>> Linked Mon Feb  4 20:38:56 2019

OUTPUT FILE NAME:   <fw_5v0.out>
ENTRY POINT SYMBOL: "_c_int00_noargs"  address: 0000432d


MEMORY CONFIGURATION

         name            origin    length      used     unused   attr    fill
----------------------  --------  ---------  --------  --------  ----  --------
  FLASH                 00000000   00100000  0000508a  000faf76  R  X
  SRAM                  20000000   00040000  00000888  0003f778  RW X


SEGMENT ALLOCATION MAP

run origin  load origin   length   init length attrs members
----------  ----------- ---------- ----------- ----- -------
00000000    00000000    00005090   00005090    r-x
  00000000    00000000    00000208   00000208    r-- .intvecs
  00000208    00000208    000049a2   000049a2    r-x .text
  00004bac    00004bac    00000410   00000410    r-- .const
  00004fc0    00004fc0    000000d0   000000d0    r-- .cinit
20000000    20000000    0000088c   00000000    rw-
  20000000    20000000    0000051c   00000000    rw- .bss
  20000520    20000520    00000200   00000000    rw- .stack
  20000720    20000720    0000016c   00000000    rw- .data


SECTION ALLOCATION MAP

 output                                  attributes/
section   page    origin      length       input sections
--------  ----  ----------  ----------   ----------------
.intvecs   0    00000000    00000208     
                  00000000    00000208     startup_msp432e401y_ccs.obj (.intvecs:retain)

.text      0    00000208    000049a2     
                  00000208    000004d0     main.obj (.text:main)
                  000006d8    00000270     pinout.obj (.text:PinoutSet)
                  00000948    00000224     msp432e4_usblib.a : usbdcdc.o (.text:HandleRequests)
                  00000b6c    00000224                       : usbdma.o (.text:iDMAUSBTransfer)
                  00000d90    000001fc                       : usbdenum.o (.text:USBDEP0StateTxConfig)
                  00000f8c    000001fc                       : usbdconfig.o (.text:USBDeviceConfig)
                  00001188    000001f8                       : usbdenum.o (.text:USBDCDInit)
                  00001380    000001f0     msp432e4_driverlib.a : sysctl_MSP432E411Y.obj (.text:SysCtlClockFreqSet)
                  00001570    000001e8     msp432e4_usblib.a : usbdenum.o (.text:USBDeviceIntHandlerInternal)
                  00001758    00000170                       : usbdenum.o (.text:USBDGetDescriptor)
                  000018c8    00000158                       : usbdcdc.o (.text:USBDCDCCompositeInit)
                  00001a20    00000154                       : usbdenum.o (.text:USBDeviceEnumHandler)
                  00001b74    0000013c                       : usbdma.o (.text:USBLibDMAInit)
                  00001cb0    00000130     msp432e4_driverlib.a : gpio_MSP432E411Y.obj (.text:GPIOPadConfigSet)
                  00001de0    00000128     msp432e4_usblib.a : usbdcdc.o (.text:HandleDevice)
                  00001f08    00000124                       : usbbuffer.o (.text:HandleRxAvailable)
                  0000202c    00000108                       : usbbuffer.o (.text:ScheduleNextTransmission)
                  00002134    00000100                       : usbdma.o (.text:iDMAUSBChannelAllocate)
                  00002234    000000f0                       : usbdenum.o (.text:USBDClearFeature)
                  00002324    000000f0                       : usbdenum.o (.text:USBDSetInterface)
                  00002414    000000dc                       : usbdcdc.o (.text:USBDCDCPacketRead)
                  000024f0    000000d8                       : usbdenum.o (.text:USBDSetConfiguration)
                  000025c8    000000d4                       : usbdcdc.o (.text:CDCTickHandler)
                  0000269c    000000cc                       : usbdconfig.o (.text:USBDeviceConfigAlternate)
                  00002768    000000c8                       : usbdcdc.o (.text:SendSerialState)
                  00002830    000000c8                       : usbdenum.o (.text:USBDCDFeatureSet)
                  000028f8    000000c4                       : usbdenum.o (.text:USBDEP0StateTx)
                  000029bc    000000c0                       : usbdenum.o (.text:USBDSetFeature)
                  00002a7c    000000bc                       : usbdcdc.o (.text:ProcessDataToHost)
                  00002b38    000000bc                       : usbdenum.o (.text:USBDGetStatus)
                  00002bf4    000000b8                       : usbdenum.o (.text:USBDStringIndexFromRequest)
                  00002cac    000000b4                       : usbdcdc.o (.text:ProcessDataFromHost)
                  00002d60    000000ac     main.obj (.text:setup_usb)
                  00002e0c    000000a2     msp432e4_usblib.a : usbulpi.o (.text:ULPIConfigSet)
                  00002eae    00000002     startup_msp432e401y_ccs.obj (.text:Default_Handler)
                  00002eb0    000000a0     msp432e4_usblib.a : usbdenum.o (.text:USBDReadAndDispatchRequest)
                  00002f50    0000009c                       : usbdcdc.o (.text:USBDCDCPacketWrite)
                  00002fec    0000009c     rtsv7M4_T_le_v4SPD16_eabi.lib : memcpy_t2.asm.obj (.text)
                  00003088    0000008e     msp432e4_usblib.a : usbdcdesc.o (.text:USBDCDConfigDescGet)
                  00003116    00000002     --HOLE-- [fill = 0]
                  00003118    00000088     main.obj (.text:ControlHandler)
                  000031a0    00000082     msp432e4_usblib.a : usbdconfig.o (.text:GetEPDescriptorType)
                  00003222    00000002     --HOLE-- [fill = 0]
                  00003224    0000007c     main.obj (.text:RxHandlerCmd)
                  000032a0    0000007c     msp432e4_usblib.a : usbdcdc.o (.text:USBDCDCInit)
                  0000331c    0000007c                       : usbdma.o (.text:iDMAUSBChannelEnable)
                  00003398    0000007a                       : usbbuffer.o (.text:USBBufferEventCallback)
                  00003412    0000007a     msp432e4_driverlib.a : usb_MSP432E411Y.obj (.text:USBDevEndpointConfigSet)
                  0000348c    0000007a     rtsv7M4_T_le_v4SPD16_eabi.lib : memset_t2.asm.obj (.text)
                  00003506    00000074     msp432e4_usblib.a : usbdcdc.o (.text:HandleEP0Data)
                  0000357a    00000002     --HOLE-- [fill = 0]
                  0000357c    00000074                       : usbdenum.o (.text:USBDeviceResumeTickHandler)
                  000035f0    00000072                       : usbdma.o (.text:iDMAUSBChannelRelease)
                  00003662    0000006e                       : usbdcdesc.o (.text:USBDCDConfigGetInterfaceEndpoint)
                  000036d0    0000006c                       : usbdenum.o (.text:USBDGetInterface)
                  0000373c    0000006a                       : usbdcdesc.o (.text:ConfigAlternateInterfaceGet)
                  000037a6    0000006a                       : usbdesc.o (.text:USBDescGet)
                  00003810    00000068                       : usbdcdc.o (.text:HandleEndpoints)
                  00003878    00000068                       : usbdcdesc.o (.text:NextConfigDescGet)
                  000038e0    00000068                       : usbdcdc.o (.text:ProcessNotificationToHost)
                  00003948    00000068                       : usbdenum.o (.text:USBDeviceEnumResetHandler)
                  000039b0    00000068     rtsv7M4_T_le_v4SPD16_eabi.lib : copy_decompress_lzss.c.obj (.text:decompress:lzss:__TI_decompress_lzss)
                  00003a18    00000064     msp432e4_driverlib.a : interrupt_MSP432E411Y.obj (.text:IntIsEnabled)
                  00003a7c    00000060     msp432e4_usblib.a : usbdcdc.o (.text:USBDCDCRxPacketAvailable)
                  00003adc    0000005c                       : usbdenum.o (.text:USBDCDDeviceInfoInit)
                  00003b38    0000005c                       : usbdesc.o (.text:USBDescGetNum)
                  00003b94    0000005c                       : usbringbuf.o (.text:USBRingBufAdvanceWrite)
                  00003bf0    0000005a                       : usbdma.o (.text:DMAUSBIntHandler)
                  00003c4a    00000002     --HOLE-- [fill = 0]
                  00003c4c    00000058                       : usbtick.o (.text:InternalUSBRegisterTickHandler)
                  00003ca4    00000058     msp432e4_driverlib.a : sysctl_MSP432E411Y.obj (.text:SysCtlVCOGet)
                  00003cfc    00000058     msp432e4_usblib.a : usbdma.o (.text:iDMAUSBChannelStatus)
                  00003d54    00000054                       : usbdenum.o (.text:USBDGetConfiguration)
                  00003da8    00000050                       : usbtick.o (.text:InternalUSBStartOfFrameTick)
                  00003df8    0000004e                       : usbdcdc.o (.text:HandleConfigChange)
                  00003e46    0000004e                       : usbdcdesc.o (.text:USBDCDConfigDescGetNum)
                  00003e94    0000004c                       : usbtick.o (.text:InternalUSBTickInit)
                  00003ee0    0000004c                       : usbdcdc.o (.text:SendBreak)
                  00003f2c    0000004c     msp432e4_driverlib.a : usb_MSP432E411Y.obj (.text:USBEndpointDMAConfigSet)
                  00003f78    0000004a     msp432e4_usblib.a : usbringbuf.o (.text:UpdateIndexAtomic)
                  00003fc2    00000002     --HOLE-- [fill = 0]
                  00003fc4    00000048     msp432e4_driverlib.a : sysctl_MSP432E411Y.obj (.text:_SysCtlFrequencyGet)
                  0000400c    00000048     msp432e4_usblib.a : usbdma.o (.text:iDMAUSBChannelDisable)
                  00004054    00000044                       : usbdconfig.o (.text:GetEndpointFIFOSize)
                  00004098    00000044                       : usbbuffer.o (.text:USBBufferWrite)
                  000040dc    00000044     rtsv7M4_T_le_v4SPD16_eabi.lib : autoinit.c.obj (.text:__TI_auto_init_nobinit_nopinit:__TI_auto_init_nobinit_nopinit)
                  00004120    0000003e     msp432e4_usblib.a : usbbuffer.o (.text:USBBufferRead)
                  0000415e    0000003c                       : usbbuffer.o (.text:HandleRequestBuffer)
                  0000419a    0000003c                       : usbdcdc.o (.text:SetDeferredOpFlag)
                  000041d6    0000003c                       : usbringbuf.o (.text:USBRingBufContigFree)
                  00004212    0000003a     msp432e4_driverlib.a : usb_MSP432E411Y.obj (.text:USBFIFOConfigSet)
                  0000424c    00000038     msp432e4_usblib.a : usbdcdesc.o (.text:USBDCDConfigDescGetSize)
                  00004284    00000038                       : usbdenum.o (.text:USBDCDFeatureGet)
                  000042bc    00000038                       : usbdenum.o (.text:USBDCDRequestDataEP0)
                  000042f4    00000038                       : usbdenum.o (.text:USBDSetAddress)
                  0000432c    00000038     rtsv7M4_T_le_v4SPD16_eabi.lib : boot_cortex_m.c.obj (.text:_c_int00_noargs:_c_int00_noargs)
                  00004364    00000036     msp432e4_usblib.a : usbdcdc.o (.text:CheckAndSendBreak)
                  0000439a    00000036                       : usbdcdesc.o (.text:USBDCDConfigGetInterface)
                  000043d0    00000036                       : usbringbuf.o (.text:USBRingBufRead)
                  00004406    00000036                       : usbringbuf.o (.text:USBRingBufWrite)
                  0000443c    00000034                       : usbdcdc.o (.text:HandleDisconnect)
                  00004470    00000034     usb_functions.obj (.text:buff_cpy)
                  000044a4    00000032     msp432e4_usblib.a : usbringbuf.o (.text:USBRingBufUsed)
                  000044d6    00000002     --HOLE-- [fill = 0]
                  000044d8    00000030                       : usbdenum.o (.text:USBDCDSendDataEP0)
                  00004508    0000002e                       : usbdcdc.o (.text:SendLineCodingChange)
                  00004536    0000002e                       : usbdcdc.o (.text:SendLineStateChange)
                  00004564    0000002e                       : usbringbuf.o (.text:USBRingBufAdvanceRead)
                  00004592    0000002e                       : usbringbuf.o (.text:USBRingBufContigUsed)
                  000045c0    0000002c     msp432e4_driverlib.a : gpio_MSP432E411Y.obj (.text:GPIODirModeSet)
                  000045ec    0000002c     msp432e4_usblib.a : usbbuffer.o (.text:HandleDataRemaining)
                  00004618    0000002c     main.obj (.text:TxHandlerCmd)
                  00004644    0000002a     msp432e4_usblib.a : usbdcdc.o (.text:DeviceConsumedAllData)
                  0000466e    00000002     --HOLE-- [fill = 0]
                  00004670    00000028                       : usbdenum.o (.text:USBDCDStallEP0)
                  00004698    00000028                       : usbdenum.o (.text:USBDSetDescriptor)
                  000046c0    00000028                       : usbdenum.o (.text:USBDSyncFrame)
                  000046e8    00000026                       : usbringbuf.o (.text:USBRingBufReadOne)
                  0000470e    00000026                       : usbringbuf.o (.text:USBRingBufWriteOne)
                  00004734    00000024     main.obj (.text:GetLineCoding)
                  00004758    00000024     msp432e4_usblib.a : usbdhandler.o (.text:USB0_IRQDeviceHandler)
                  0000477c    00000024                       : usbdcdc.o (.text:USBDCDCTxPacketAvailable)
                  000047a0    00000024                       : usbringbuf.o (.text:USBRingBufInit)
                  000047c4    00000020                       : usbdcdc.o (.text:CheckAndSendLineCodingChange)
                  000047e4    00000020                       : usbdcdc.o (.text:CheckAndSendLineStateChange)
                  00004804    00000020     system_msp432e401y.obj (.text:SystemInit)
                  00004824    00000020     msp432e4_usblib.a : usbringbuf.o (.text:USBRingBufFlush)
                  00004844    00000020     msp432e4_driverlib.a : sysctl_MSP432E411Y.obj (.text:_SysCtlMemTimingGet)
                  00004864    0000001e     msp432e4_usblib.a : usbbuffer.o (.text:USBBufferInit)
                  00004882    0000001e     msp432e4_driverlib.a : usb_MSP432E411Y.obj (.text:USBULPIRegRead)
                  000048a0    0000001e                          : usb_MSP432E411Y.obj (.text:USBULPIRegWrite)
                  000048be    0000001c     msp432e4_usblib.a : usbdcdc.o (.text:HandleResume)
                  000048da    0000001c                       : usbdcdc.o (.text:HandleSuspend)
                  000048f6    0000001a                       : usbdma.o (.text:DMAUSBIntStatusClear)
                  00004910    0000001a                       : usbbuffer.o (.text:HandleTxComplete)
                  0000492a    00000002     --HOLE-- [fill = 0]
                  0000492c    00000018     main.obj (.text:usb_get)
                  00004944    00000018     main.obj (.text:usb_send)
                  0000495c    00000016     msp432e4_driverlib.a : gpio_MSP432E411Y.obj (.text:GPIOPinTypeEthernetLED)
                  00004972    00000016     msp432e4_usblib.a : usbringbuf.o (.text:USBRingBufFree)
                  00004988    00000014     msp432e4_driverlib.a : systick_MSP432E411Y.obj (.text:SysTickEnable)
                  0000499c    00000014                          : systick_MSP432E411Y.obj (.text:SysTickIntEnable)
                  000049b0    00000014                          : usb_MSP432E411Y.obj (.text:_USBIndexWrite)
                  000049c4    00000014     msp432e4_usblib.a : usbdma.o (.text:iDMAUSBChannelIntDisable)
                  000049d8    00000014                       : usbdma.o (.text:iDMAUSBChannelIntEnable)
                  000049ec    00000012                       : usbbuffer.o (.text:USBBufferFlush)
                  000049fe    00000012     msp432e4_driverlib.a : usb_MSP432E411Y.obj (.text:USBDMAChannelConfigSet)
                  00004a10    00000012                          : usb_MSP432E411Y.obj (.text:USBDMAChannelDisable)
                  00004a22    00000012                          : usb_MSP432E411Y.obj (.text:USBDMAChannelEnable)
                  00004a34    00000012                          : usb_MSP432E411Y.obj (.text:USBDMAChannelIntDisable)
                  00004a46    00000012                          : usb_MSP432E411Y.obj (.text:USBDMAChannelIntEnable)
                  00004a58    00000010                          : interrupt_MSP432E411Y.obj (.text:IntMasterDisable)
                  00004a68    00000010                          : interrupt_MSP432E411Y.obj (.text:IntMasterEnable)
                  00004a78    00000010                          : systick_MSP432E411Y.obj (.text:SysTickPeriodSet)
                  00004a88    00000010     main.obj (.text:SysTick_Handler)
                  00004a98    0000000e     msp432e4_driverlib.a : usb_MSP432E411Y.obj (.text:USBDMAChannelStatus)
                  00004aa6    0000000e                          : usb_MSP432E411Y.obj (.text:USBDevLPMDisable)
                  00004ab4    0000000e                          : usb_MSP432E411Y.obj (.text:USBDevLPMEnable)
                  00004ac2    0000000e                          : usb_MSP432E411Y.obj (.text:USBULPIDisable)
                  00004ad0    0000000e                          : usb_MSP432E411Y.obj (.text:USBULPIEnable)
                  00004ade    0000000e     rtsv7M4_T_le_v4SPD16_eabi.lib : copy_decompress_none.c.obj (.text:decompress:none:__TI_decompress_none)
                  00004aec    0000000e     msp432e4_usblib.a : usbdma.o (.text:iDMAUSBArbSizeSet)
                  00004afa    0000000e                       : usbdma.o (.text:iDMAUSBIntStatus)
                  00004b08    0000000e                       : usbdma.o (.text:iDMAUSBUnitSizeSet)
                  00004b16    0000000c     msp432e4_driverlib.a : cpu_MSP432E411Y.obj (.text:CPUcpsid)
                  00004b22    0000000c                          : cpu_MSP432E411Y.obj (.text:CPUcpsie)
                  00004b2e    0000000c     msp432e4_usblib.a : usbdma.o (.text:DMAUSBStatus)
                  00004b3a    0000000c     startup_msp432e401y_ccs.obj (.text:Reset_Handler)
                  00004b46    0000000c     msp432e4_driverlib.a : usb_MSP432E411Y.obj (.text:USBEndpointPacketCountSet)
                  00004b52    0000000c                          : usb_MSP432E411Y.obj (.text:USBLPMIntEnable)
                  00004b5e    0000000c     rtsv7M4_T_le_v4SPD16_eabi.lib : copy_zero_init.c.obj (.text:decompress:ZI:__TI_zero_init)
                  00004b6a    0000000a     msp432e4_driverlib.a : usb_MSP432E411Y.obj (.text:USBClockEnable)
                  00004b74    0000000a                          : usb_MSP432E411Y.obj (.text:USBDMAChannelAddressSet)
                  00004b7e    0000000a                          : usb_MSP432E411Y.obj (.text:USBDMAChannelCountSet)
                  00004b88    00000008     main.obj (.text:USB0_IRQHandler)
                  00004b90    00000006     msp432e4_driverlib.a : usb_MSP432E411Y.obj (.text:USBDMAChannelIntStatus)
                  00004b96    00000006                          : usb_MSP432E411Y.obj (.text:USBDevLPMConfig)
                  00004b9c    00000006                          : usb_MSP432E411Y.obj (.text:USBLPMIntStatus)
                  00004ba2    00000004     rtsv7M4_T_le_v4SPD16_eabi.lib : pre_init.c.obj (.text:_system_pre_init)
                  00004ba6    00000004                                   : exit.c.obj (.text:abort:abort)

.const     0    00004bac    00000410     
                  00004bac    000001b0     msp432e4_driverlib.a : sysctl_MSP432E411Y.obj (.const:g_pppui32XTALtoVCO)
                  00004d5c    00000036     usb_structs.obj (.const:.string:g_pui8ConfigString)
                  00004d92    00000002     --HOLE-- [fill = 0]
                  00004d94    00000034     msp432e4_usblib.a : usbdenum.o (.const:g_psUSBDStdRequests)
                  00004dc8    00000030                       : usbdcdc.o (.const:g_sCDCHandlers)
                  00004df8    00000030     msp432e4_driverlib.a : sysctl_MSP432E411Y.obj (.const:g_sXTALtoMEMTIM)
                  00004e28    0000002c     usb_structs.obj (.const:.string:g_pui8ControlInterfaceString)
                  00004e54    00000028     msp432e4_driverlib.a : sysctl_MSP432E411Y.obj (.const:g_pui32Xtals)
                  00004e7c    00000024     usb_structs.obj (.const:.string:g_pui8ManufacturerString)
                  00004ea0    00000023     msp432e4_usblib.a : usbdcdc.o (.const:.string:g_pui8CDCSerCommInterface)
                  00004ec3    00000022     usb_structs.obj (.const:.string:g_pui8ProductString)
                  00004ee5    00000003     --HOLE-- [fill = 0]
                  00004ee8    00000018     usb_structs.obj (.const:g_pui8StringDescriptors)
                  00004f00    00000017     msp432e4_usblib.a : usbdcdc.o (.const:.string:g_pui8CDCSerDataInterface)
                  00004f17    00000017                       : usbdcdc.o (.const:.string:g_pui8CDCSerDataInterfaceHS)
                  00004f2e    00000002     --HOLE-- [fill = 0]
                  00004f30    00000014     msp432e4_driverlib.a : interrupt_MSP432E411Y.obj (.const:g_pui32EnRegs)
                  00004f44    00000012     usb_structs.obj (.const:.string:g_pui8SerialNumberString)
                  00004f56    00000002     --HOLE-- [fill = 0]
                  00004f58    00000008     msp432e4_driverlib.a : sysctl_MSP432E411Y.obj (.const:g_pui32VCOFrequencies)
                  00004f60    00000008     msp432e4_usblib.a : usbdcdc.o (.const:g_sCDCCompSerConfigHeader)
                  00004f68    00000008                       : usbdcdc.o (.const:g_sCDCCompSerConfigHeaderHS)
                  00004f70    00000008                       : usbdcdc.o (.const:g_sCDCSerCommInterfaceSection)
                  00004f78    00000008                       : usbdcdc.o (.const:g_sCDCSerConfigHeader)
                  00004f80    00000008                       : usbdcdc.o (.const:g_sCDCSerConfigHeaderHS)
                  00004f88    00000008                       : usbdcdc.o (.const:g_sCDCSerConfigSection)
                  00004f90    00000008                       : usbdcdc.o (.const:g_sCDCSerDataInterfaceSection)
                  00004f98    00000008                       : usbdcdc.o (.const:g_sCDCSerDataInterfaceSectionHS)
                  00004fa0    00000008                       : usbdcdc.o (.const:g_sIADSerConfigSection)
                  00004fa8    00000004     usb_structs.obj (.const:.string:g_pui8LangDescriptor)
                  00004fac    00000004     msp432e4_usblib.a : usbdcdc.o (.const:g_pCDCCompSerConfigDescriptors)
                  00004fb0    00000004                       : usbdcdc.o (.const:g_pCDCCompSerConfigDescriptorsHS)
                  00004fb4    00000004                       : usbdcdc.o (.const:g_ppCDCSerConfigDescriptors)
                  00004fb8    00000004                       : usbdcdc.o (.const:g_ppCDCSerConfigDescriptorsHS)

.cinit     0    00004fc0    000000d0     
                  00004fc0    000000a6     (.cinit..data.load) [load image, compression = lzss]
                  00005066    00000002     --HOLE-- [fill = 0]
                  00005068    0000000c     (__TI_handler_table)
                  00005074    00000004     --HOLE-- [fill = 0]
                  00005078    00000008     (.cinit..bss.load) [load image, compression = zero_init]
                  00005080    00000010     (__TI_cinit_table)

.init_array 
*          0    00000000    00000000     UNINITIALIZED

.bss       0    20000000    0000051c     UNINITIALIZED
                  20000000    00000110     msp432e4_usblib.a : usbdma.o (.bss:g_psUSBDMAInst)
                  20000110    00000100     main.obj (.bss:g_pcCmdBuf)
                  20000210    00000100     (.common:g_ppcUSBTxBuffer)
                  20000310    00000100     (.common:g_ppui8USBRxBuffer)
                  20000410    00000050     (.common:g_psDCDInst)
                  20000460    00000040     msp432e4_usblib.a : usbdenum.o (.bss:g_pui8DataBufferIn)
                  200004a0    00000040     (.common:inj_pairs)
                  200004e0    00000018     (.common:g_pfnTickHandlers)
                  200004f8    00000018     (.common:g_pvTickInstance)
                  20000510    00000004     main.obj (.bss)
                  20000514    00000004     msp432e4_usblib.a : usbdenum.o (.bss)
                  20000518    00000004     (.common:g_ppsDevInfo)

.data      0    20000720    0000016c     UNINITIALIZED
                  20000720    00000060     usb_structs.obj (.data:g_psCDCDevice)
                  20000780    00000038     usb_structs.obj (.data:g_psRxBuffer)
                  200007b8    00000038     usb_structs.obj (.data:g_psTxBuffer)
                  200007f0    0000001a     main.obj (.data)
                  2000080a    00000012     msp432e4_usblib.a : usbdcdc.o (.data:g_pui8CDCSerDeviceDescriptor)
                  2000081c    00000010                       : usbdcdc.o (.data:g_psCDCCompSerSections)
                  2000082c    00000010                       : usbdcdc.o (.data:g_psCDCCompSerSectionsHS)
                  2000083c    0000000c                       : usbdcdc.o (.data:g_psCDCSerSections)
                  20000848    0000000c                       : usbdcdc.o (.data:g_psCDCSerSectionsHS)
                  20000854    0000000c                       : usbtick.o (.data)
                  20000860    00000009                       : usbdcdc.o (.data:g_pui8CDCSerDescriptor)
                  20000869    00000001     --HOLE--
                  2000086a    00000002                       : usbdcdc.o (.data)
                  2000086c    00000009                       : usbmode.o (.data)
                  20000875    00000008                       : usbdcdc.o (.data:g_pui8IADSerDescriptor)
                  2000087d    00000003     --HOLE--
                  20000880    00000008                       : usbdenum.o (.data)
                  20000888    00000004     system_msp432e401y.obj (.data)

.stack     0    20000520    00000200     UNINITIALIZED
                  20000520    00000004     rtsv7M4_T_le_v4SPD16_eabi.lib : boot_cortex_m.c.obj (.stack)
                  20000524    000001fc     --HOLE--

MODULE SUMMARY

       Module                        code    ro data   rw data
       ------                        ----    -------   -------
    ./
       main.obj                      1816    0         350    
       usb_structs.obj               0       214       720    
       pinout.obj                    624     0         0      
       usb_functions.obj             52      0         0      
       system_msp432e401y.obj        32      0         4      
    +--+-----------------------------+-------+---------+---------+
       Total:                        2524    214       1074   
                                                              
    ./ccs/
       startup_msp432e401y_ccs.obj   14      520       0      
    +--+-----------------------------+-------+---------+---------+
       Total:                        14      520       0      
                                                              
    /Applications/ti/ccsv8/tools/compiler/ti-cgt-arm_18.1.3.LTS/lib/rtsv7M4_T_le_v4SPD16_eabi.lib
       memcpy_t2.asm.obj             156     0         0      
       memset_t2.asm.obj             122     0         0      
       copy_decompress_lzss.c.obj    104     0         0      
       autoinit.c.obj                68      0         0      
       boot_cortex_m.c.obj           56      0         0      
       copy_decompress_none.c.obj    14      0         0      
       copy_zero_init.c.obj          12      0         0      
       exit.c.obj                    4       0         0      
       pre_init.c.obj                4       0         0      
    +--+-----------------------------+-------+---------+---------+
       Total:                        540     0         0      
                                                              
    /Applications/ti/simplelink_msp432e4_sdk_2_20_00_20/source/ti/devices/msp432e4/driverlib/lib/ccs/m4f/msp432e4_driverlib.a
       sysctl_MSP432E411Y.obj        688     528       0      
       usb_MSP432E411Y.obj           568     0         0      
       gpio_MSP432E411Y.obj          370     0         0      
       interrupt_MSP432E411Y.obj     132     20        0      
       systick_MSP432E411Y.obj       56      0         0      
       cpu_MSP432E411Y.obj           24      0         0      
    +--+-----------------------------+-------+---------+---------+
       Total:                        1838    548       0      
                                                              
    /Applications/ti/simplelink_msp432e4_sdk_2_20_00_20/source/ti/usblib/msp432e4/lib/ccs/m4f/msp432e4_usblib.a
       usbdenum.o                    4864    52        160    
       usbdcdc.o                     3498    217       93     
       usbdma.o                      1728    0         272    
       usbbuffer.o                   986     0         0      
       usbdconfig.o                  910     0         0      
       usbdcdesc.o                   650     0         0      
       usbringbuf.o                  642     0         0      
       usbtick.o                     244     0         60     
       usbdesc.o                     198     0         0      
       usbulpi.o                     162     0         0      
       usbdhandler.o                 36      0         0      
       usbmode.o                     0       0         9      
    +--+-----------------------------+-------+---------+---------+
       Total:                        13918   269       594    
                                                              
       Stack:                        0       0         512    
       Linker Generated:             0       202       0      
    +--+-----------------------------+-------+---------+---------+
       Grand Total:                  18834   1753      2180   


LINKER GENERATED COPY TABLES

__TI_cinit_table @ 00005080 records: 2, size/record: 8, table size: 16
	.data: load addr=00004fc0, load size=000000a6 bytes, run addr=20000720, run size=0000016c bytes, compression=lzss
	.bss: load addr=00005078, load size=00000008 bytes, run addr=20000000, run size=0000051c bytes, compression=zero_init


LINKER GENERATED HANDLER TABLE

__TI_handler_table @ 00005068 records: 3, size/record: 4, table size: 12
	index: 0, handler: __TI_decompress_lzss
	index: 1, handler: __TI_decompress_none
	index: 2, handler: __TI_zero_init


GLOBAL SYMBOLS: SORTED ALPHABETICALLY BY Name 

address   name                            
-------   ----                            
00002eaf  ADC0SS0_IRQHandler              
00002eaf  ADC0SS1_IRQHandler              
00002eaf  ADC0SS2_IRQHandler              
00002eaf  ADC0SS3_IRQHandler              
00002eaf  ADC1SS0_IRQHandler              
00002eaf  ADC1SS1_IRQHandler              
00002eaf  ADC1SS2_IRQHandler              
00002eaf  ADC1SS3_IRQHandler              
00002eaf  AES0_IRQHandler                 
00002eaf  BusFault_Handler                
00004ba7  C$$EXIT                         
00002eaf  CAN0_IRQHandler                 
00002eaf  CAN1_IRQHandler                 
00002eaf  COMP0_IRQHandler                
00002eaf  COMP1_IRQHandler                
00002eaf  COMP2_IRQHandler                
00004b17  CPUcpsid                        
00004b23  CPUcpsie                        
20000808  CURR_VALUE                      
00003119  ControlHandler                  
20000805  DAQ_ID                          
20000807  DAQ_STATUS                      
00002eaf  DES0_IRQHandler                 
00002eaf  DebugMon_Handler                
00002eaf  Default_Handler                 
00002eaf  EMAC0_IRQHandler                
00002eaf  EPI0_IRQHandler                 
00002eaf  FLASH_IRQHandler                
20000809  FW_VERSION                      
00002eaf  GPIOA_IRQHandler                
00002eaf  GPIOB_IRQHandler                
00002eaf  GPIOC_IRQHandler                
00002eaf  GPIOD_IRQHandler                
000045c1  GPIODirModeSet                  
00002eaf  GPIOE_IRQHandler                
00002eaf  GPIOF_IRQHandler                
00002eaf  GPIOG_IRQHandler                
00002eaf  GPIOH_IRQHandler                
00002eaf  GPIOJ_IRQHandler                
00002eaf  GPIOK_IRQHandler                
00002eaf  GPIOL_IRQHandler                
00002eaf  GPIOM_IRQHandler                
00002eaf  GPION_IRQHandler                
00002eaf  GPIOP0_IRQHandler               
00002eaf  GPIOP1_IRQHandler               
00002eaf  GPIOP2_IRQHandler               
00002eaf  GPIOP3_IRQHandler               
00002eaf  GPIOP4_IRQHandler               
00002eaf  GPIOP5_IRQHandler               
00002eaf  GPIOP6_IRQHandler               
00002eaf  GPIOP7_IRQHandler               
00001cb1  GPIOPadConfigSet                
0000495d  GPIOPinTypeEthernetLED          
00002eaf  GPIOQ0_IRQHandler               
00002eaf  GPIOQ1_IRQHandler               
00002eaf  GPIOQ2_IRQHandler               
00002eaf  GPIOQ3_IRQHandler               
00002eaf  GPIOQ4_IRQHandler               
00002eaf  GPIOQ5_IRQHandler               
00002eaf  GPIOQ6_IRQHandler               
00002eaf  GPIOQ7_IRQHandler               
00002eaf  HIBERNATE_IRQHandler            
00002eaf  HardFault_Handler               
00002eaf  I2C0_IRQHandler                 
00002eaf  I2C1_IRQHandler                 
00002eaf  I2C2_IRQHandler                 
00002eaf  I2C3_IRQHandler                 
00002eaf  I2C4_IRQHandler                 
00002eaf  I2C5_IRQHandler                 
00002eaf  I2C6_IRQHandler                 
00002eaf  I2C7_IRQHandler                 
00002eaf  I2C8_IRQHandler                 
00002eaf  I2C9_IRQHandler                 
00003a19  IntIsEnabled                    
00004a59  IntMasterDisable                
00004a69  IntMasterEnable                 
00003c4d  InternalUSBRegisterTickHandler  
00003da9  InternalUSBStartOfFrameTick     
00003e95  InternalUSBTickInit             
00002eaf  MemManage_Handler               
00002eaf  NMI_Handler                     
00002eaf  PWM0_0_IRQHandler               
00002eaf  PWM0_1_IRQHandler               
00002eaf  PWM0_2_IRQHandler               
00002eaf  PWM0_3_IRQHandler               
00002eaf  PWM0_FAULT_IRQHandler           
00002eaf  PendSV_Handler                  
000006d9  PinoutSet                       
00002cad  ProcessDataFromHost             
00002a7d  ProcessDataToHost               
000038e1  ProcessNotificationToHost       
00002eaf  QEI0_IRQHandler                 
00004b3b  Reset_Handler                   
00003225  RxHandlerCmd                    
20000806  SAF                             
00002eaf  SHA0_IRQHandler                 
00002eaf  SSI0_IRQHandler                 
00002eaf  SSI1_IRQHandler                 
00002eaf  SSI2_IRQHandler                 
00002eaf  SSI3_IRQHandler                 
00002eaf  SVC_Handler                     
00002eaf  SYSCTL_IRQHandler               
00002eaf  SYSEXC_IRQHandler               
00001381  SysCtlClockFreqSet              
00003ca5  SysCtlVCOGet                    
00004989  SysTickEnable                   
0000499d  SysTickIntEnable                
00004a79  SysTickPeriodSet                
00004a89  SysTick_Handler                 
00004a89  SysTick_Handler                 
20000888  SystemCoreClock                 
00004805  SystemInit                      
00002eaf  TAMPER0_IRQHandler              
00002eaf  TIMER0A_IRQHandler              
00002eaf  TIMER0B_IRQHandler              
00002eaf  TIMER1A_IRQHandler              
00002eaf  TIMER1B_IRQHandler              
00002eaf  TIMER2A_IRQHandler              
00002eaf  TIMER2B_IRQHandler              
00002eaf  TIMER3A_IRQHandler              
00002eaf  TIMER3B_IRQHandler              
00002eaf  TIMER4A_IRQHandler              
00002eaf  TIMER4B_IRQHandler              
00002eaf  TIMER5A_IRQHandler              
00002eaf  TIMER5B_IRQHandler              
00002eaf  TIMER6A_IRQHandler              
00002eaf  TIMER6B_IRQHandler              
00002eaf  TIMER7A_IRQHandler              
00002eaf  TIMER7B_IRQHandler              
00004619  TxHandlerCmd                    
00002eaf  UART0_IRQHandler                
00002eaf  UART1_IRQHandler                
00002eaf  UART2_IRQHandler                
00002eaf  UART3_IRQHandler                
00002eaf  UART4_IRQHandler                
00002eaf  UART5_IRQHandler                
00002eaf  UART6_IRQHandler                
00002eaf  UART7_IRQHandler                
00002eaf  UDMAERR_IRQHandler              
00002eaf  UDMA_IRQHandler                 
00002e0d  ULPIConfigSet                   
00004759  USB0_IRQDeviceHandler           
00004b89  USB0_IRQHandler                 
00004b89  USB0_IRQHandler                 
00003399  USBBufferEventCallback          
000049ed  USBBufferFlush                  
00004865  USBBufferInit                   
00004121  USBBufferRead                   
00004099  USBBufferWrite                  
00004b6b  USBClockEnable                  
000018c9  USBDCDCCompositeInit            
000032a1  USBDCDCInit                     
00002415  USBDCDCPacketRead               
00002f51  USBDCDCPacketWrite              
00003a7d  USBDCDCRxPacketAvailable        
0000477d  USBDCDCTxPacketAvailable        
00003089  USBDCDConfigDescGet             
00003e47  USBDCDConfigDescGetNum          
0000424d  USBDCDConfigDescGetSize         
0000439b  USBDCDConfigGetInterface        
00003663  USBDCDConfigGetInterfaceEndpoint
00003add  USBDCDDeviceInfoInit            
00004285  USBDCDFeatureGet                
00002831  USBDCDFeatureSet                
00001189  USBDCDInit                      
000042bd  USBDCDRequestDataEP0            
000044d9  USBDCDSendDataEP0               
00004671  USBDCDStallEP0                  
00004b75  USBDMAChannelAddressSet         
000049ff  USBDMAChannelConfigSet          
00004b7f  USBDMAChannelCountSet           
00004a11  USBDMAChannelDisable            
00004a23  USBDMAChannelEnable             
00004a35  USBDMAChannelIntDisable         
00004a47  USBDMAChannelIntEnable          
00004b91  USBDMAChannelIntStatus          
00004a99  USBDMAChannelStatus             
000037a7  USBDescGet                      
00003b39  USBDescGetNum                   
00003413  USBDevEndpointConfigSet         
00004b97  USBDevLPMConfig                 
00004aa7  USBDevLPMDisable                
00004ab5  USBDevLPMEnable                 
00000f8d  USBDeviceConfig                 
0000269d  USBDeviceConfigAlternate        
00001a21  USBDeviceEnumHandler            
00003949  USBDeviceEnumResetHandler       
00001571  USBDeviceIntHandlerInternal     
0000357d  USBDeviceResumeTickHandler      
00003f2d  USBEndpointDMAConfigSet         
00004b47  USBEndpointPacketCountSet       
00004213  USBFIFOConfigSet                
00004b53  USBLPMIntEnable                 
00004b9d  USBLPMIntStatus                 
00001b75  USBLibDMAInit                   
00004565  USBRingBufAdvanceRead           
00003b95  USBRingBufAdvanceWrite          
000041d7  USBRingBufContigFree            
00004593  USBRingBufContigUsed            
00004825  USBRingBufFlush                 
00004973  USBRingBufFree                  
000047a1  USBRingBufInit                  
000043d1  USBRingBufRead                  
000046e9  USBRingBufReadOne               
000044a5  USBRingBufUsed                  
00004407  USBRingBufWrite                 
0000470f  USBRingBufWriteOne              
00004ac3  USBULPIDisable                  
00004ad1  USBULPIEnable                   
00004883  USBULPIRegRead                  
000048a1  USBULPIRegWrite                 
00002eaf  UsageFault_Handler              
00002eaf  WATCHDOG_IRQHandler             
20000720  __STACK_END                     
00000200  __STACK_SIZE                    
20000720  __STACK_TOP                     
00005080  __TI_CINIT_Base                 
00005090  __TI_CINIT_Limit                
00005068  __TI_Handler_Table_Base         
00005074  __TI_Handler_Table_Limit        
000040dd  __TI_auto_init_nobinit_nopinit  
000039b1  __TI_decompress_lzss            
00004adf  __TI_decompress_none            
ffffffff  __TI_pprof_out_hndl             
ffffffff  __TI_prof_data_size             
ffffffff  __TI_prof_data_start            
00000000  __TI_static_base__              
00004b5f  __TI_zero_init                  
0000348d  __aeabi_memclr                  
0000348d  __aeabi_memclr4                 
0000348d  __aeabi_memclr8                 
00002fed  __aeabi_memcpy                  
00002fed  __aeabi_memcpy4                 
00002fed  __aeabi_memcpy8                 
0000348f  __aeabi_memset                  
0000348f  __aeabi_memset4                 
0000348f  __aeabi_memset8                 
ffffffff  __binit__                       
ffffffff  __c_args__                      
UNDEFED   __mpu_init                      
20000520  __stack                         
0000432d  _c_int00_noargs                 
UNDEFED   _system_post_cinit              
00004ba3  _system_pre_init                
00004ba7  abort                           
ffffffff  binit                           
00004471  buff_cpy                        
20000854  g_bUSBTimerInitialized          
2000086c  g_iUSBMode                      
00004fac  g_pCDCCompSerConfigDescriptors  
00004fb0  g_pCDCCompSerConfigDescriptorsHS
200004e0  g_pfnTickHandlers               
00004fb4  g_ppCDCSerConfigDescriptors     
00004fb8  g_ppCDCSerConfigDescriptorsHS   
20000210  g_ppcUSBTxBuffer                
20000518  g_ppsDevInfo                    
20000310  g_ppui8USBRxBuffer              
2000081c  g_psCDCCompSerSections          
2000082c  g_psCDCCompSerSectionsHS        
20000720  g_psCDCDevice                   
2000083c  g_psCDCSerSections              
20000848  g_psCDCSerSectionsHS            
20000410  g_psDCDInst                     
20000780  g_psRxBuffer                    
200007b8  g_psTxBuffer                    
00004ea0  g_pui8CDCSerCommInterface       
00004f00  g_pui8CDCSerDataInterface       
00004f17  g_pui8CDCSerDataInterfaceHS     
20000860  g_pui8CDCSerDescriptor          
2000080a  g_pui8CDCSerDeviceDescriptor    
00004d5c  g_pui8ConfigString              
00004e28  g_pui8ControlInterfaceString    
20000875  g_pui8IADSerDescriptor          
00004fa8  g_pui8LangDescriptor            
00004e7c  g_pui8ManufacturerString        
00004ec3  g_pui8ProductString             
00004f44  g_pui8SerialNumberString        
00004ee8  g_pui8StringDescriptors         
200004f8  g_pvTickInstance                
00004f60  g_sCDCCompSerConfigHeader       
00004f68  g_sCDCCompSerConfigHeaderHS     
00004dc8  g_sCDCHandlers                  
00004f70  g_sCDCSerCommInterfaceSection   
00004f78  g_sCDCSerConfigHeader           
00004f80  g_sCDCSerConfigHeaderHS         
00004f88  g_sCDCSerConfigSection          
00004f90  g_sCDCSerDataInterfaceSection   
00004f98  g_sCDCSerDataInterfaceSectionHS 
00004fa0  g_sIADSerConfigSection          
20000858  g_ui32CurrentUSBTick            
20000800  g_ui32Flags                     
200007f0  g_ui32SysClock                  
200007fc  g_ui32SysTickCount              
200007f8  g_ui32UARTRxCount               
200007f4  g_ui32UARTTxCount               
2000085c  g_ui32USBSOFCount               
20000870  g_ui32WaitTicks                 
200004a0  inj_pairs                       
00000000  interruptVectors                
00000209  main                            
00002fed  memcpy                          
00003495  memset                          
00002d61  setup_usb                       
0000492d  usb_get                         
00004945  usb_send                        


GLOBAL SYMBOLS: SORTED BY Symbol Address 

address   name                            
-------   ----                            
00000000  __TI_static_base__              
00000000  interruptVectors                
00000200  __STACK_SIZE                    
00000209  main                            
000006d9  PinoutSet                       
00000f8d  USBDeviceConfig                 
00001189  USBDCDInit                      
00001381  SysCtlClockFreqSet              
00001571  USBDeviceIntHandlerInternal     
000018c9  USBDCDCCompositeInit            
00001a21  USBDeviceEnumHandler            
00001b75  USBLibDMAInit                   
00001cb1  GPIOPadConfigSet                
00002415  USBDCDCPacketRead               
0000269d  USBDeviceConfigAlternate        
00002831  USBDCDFeatureSet                
00002a7d  ProcessDataToHost               
00002cad  ProcessDataFromHost             
00002d61  setup_usb                       
00002e0d  ULPIConfigSet                   
00002eaf  ADC0SS0_IRQHandler              
00002eaf  ADC0SS1_IRQHandler              
00002eaf  ADC0SS2_IRQHandler              
00002eaf  ADC0SS3_IRQHandler              
00002eaf  ADC1SS0_IRQHandler              
00002eaf  ADC1SS1_IRQHandler              
00002eaf  ADC1SS2_IRQHandler              
00002eaf  ADC1SS3_IRQHandler              
00002eaf  AES0_IRQHandler                 
00002eaf  BusFault_Handler                
00002eaf  CAN0_IRQHandler                 
00002eaf  CAN1_IRQHandler                 
00002eaf  COMP0_IRQHandler                
00002eaf  COMP1_IRQHandler                
00002eaf  COMP2_IRQHandler                
00002eaf  DES0_IRQHandler                 
00002eaf  DebugMon_Handler                
00002eaf  Default_Handler                 
00002eaf  EMAC0_IRQHandler                
00002eaf  EPI0_IRQHandler                 
00002eaf  FLASH_IRQHandler                
00002eaf  GPIOA_IRQHandler                
00002eaf  GPIOB_IRQHandler                
00002eaf  GPIOC_IRQHandler                
00002eaf  GPIOD_IRQHandler                
00002eaf  GPIOE_IRQHandler                
00002eaf  GPIOF_IRQHandler                
00002eaf  GPIOG_IRQHandler                
00002eaf  GPIOH_IRQHandler                
00002eaf  GPIOJ_IRQHandler                
00002eaf  GPIOK_IRQHandler                
00002eaf  GPIOL_IRQHandler                
00002eaf  GPIOM_IRQHandler                
00002eaf  GPION_IRQHandler                
00002eaf  GPIOP0_IRQHandler               
00002eaf  GPIOP1_IRQHandler               
00002eaf  GPIOP2_IRQHandler               
00002eaf  GPIOP3_IRQHandler               
00002eaf  GPIOP4_IRQHandler               
00002eaf  GPIOP5_IRQHandler               
00002eaf  GPIOP6_IRQHandler               
00002eaf  GPIOP7_IRQHandler               
00002eaf  GPIOQ0_IRQHandler               
00002eaf  GPIOQ1_IRQHandler               
00002eaf  GPIOQ2_IRQHandler               
00002eaf  GPIOQ3_IRQHandler               
00002eaf  GPIOQ4_IRQHandler               
00002eaf  GPIOQ5_IRQHandler               
00002eaf  GPIOQ6_IRQHandler               
00002eaf  GPIOQ7_IRQHandler               
00002eaf  HIBERNATE_IRQHandler            
00002eaf  HardFault_Handler               
00002eaf  I2C0_IRQHandler                 
00002eaf  I2C1_IRQHandler                 
00002eaf  I2C2_IRQHandler                 
00002eaf  I2C3_IRQHandler                 
00002eaf  I2C4_IRQHandler                 
00002eaf  I2C5_IRQHandler                 
00002eaf  I2C6_IRQHandler                 
00002eaf  I2C7_IRQHandler                 
00002eaf  I2C8_IRQHandler                 
00002eaf  I2C9_IRQHandler                 
00002eaf  MemManage_Handler               
00002eaf  NMI_Handler                     
00002eaf  PWM0_0_IRQHandler               
00002eaf  PWM0_1_IRQHandler               
00002eaf  PWM0_2_IRQHandler               
00002eaf  PWM0_3_IRQHandler               
00002eaf  PWM0_FAULT_IRQHandler           
00002eaf  PendSV_Handler                  
00002eaf  QEI0_IRQHandler                 
00002eaf  SHA0_IRQHandler                 
00002eaf  SSI0_IRQHandler                 
00002eaf  SSI1_IRQHandler                 
00002eaf  SSI2_IRQHandler                 
00002eaf  SSI3_IRQHandler                 
00002eaf  SVC_Handler                     
00002eaf  SYSCTL_IRQHandler               
00002eaf  SYSEXC_IRQHandler               
00002eaf  TAMPER0_IRQHandler              
00002eaf  TIMER0A_IRQHandler              
00002eaf  TIMER0B_IRQHandler              
00002eaf  TIMER1A_IRQHandler              
00002eaf  TIMER1B_IRQHandler              
00002eaf  TIMER2A_IRQHandler              
00002eaf  TIMER2B_IRQHandler              
00002eaf  TIMER3A_IRQHandler              
00002eaf  TIMER3B_IRQHandler              
00002eaf  TIMER4A_IRQHandler              
00002eaf  TIMER4B_IRQHandler              
00002eaf  TIMER5A_IRQHandler              
00002eaf  TIMER5B_IRQHandler              
00002eaf  TIMER6A_IRQHandler              
00002eaf  TIMER6B_IRQHandler              
00002eaf  TIMER7A_IRQHandler              
00002eaf  TIMER7B_IRQHandler              
00002eaf  UART0_IRQHandler                
00002eaf  UART1_IRQHandler                
00002eaf  UART2_IRQHandler                
00002eaf  UART3_IRQHandler                
00002eaf  UART4_IRQHandler                
00002eaf  UART5_IRQHandler                
00002eaf  UART6_IRQHandler                
00002eaf  UART7_IRQHandler                
00002eaf  UDMAERR_IRQHandler              
00002eaf  UDMA_IRQHandler                 
00002eaf  UsageFault_Handler              
00002eaf  WATCHDOG_IRQHandler             
00002f51  USBDCDCPacketWrite              
00002fed  __aeabi_memcpy                  
00002fed  __aeabi_memcpy4                 
00002fed  __aeabi_memcpy8                 
00002fed  memcpy                          
00003089  USBDCDConfigDescGet             
00003119  ControlHandler                  
00003225  RxHandlerCmd                    
000032a1  USBDCDCInit                     
00003399  USBBufferEventCallback          
00003413  USBDevEndpointConfigSet         
0000348d  __aeabi_memclr                  
0000348d  __aeabi_memclr4                 
0000348d  __aeabi_memclr8                 
0000348f  __aeabi_memset                  
0000348f  __aeabi_memset4                 
0000348f  __aeabi_memset8                 
00003495  memset                          
0000357d  USBDeviceResumeTickHandler      
00003663  USBDCDConfigGetInterfaceEndpoint
000037a7  USBDescGet                      
000038e1  ProcessNotificationToHost       
00003949  USBDeviceEnumResetHandler       
000039b1  __TI_decompress_lzss            
00003a19  IntIsEnabled                    
00003a7d  USBDCDCRxPacketAvailable        
00003add  USBDCDDeviceInfoInit            
00003b39  USBDescGetNum                   
00003b95  USBRingBufAdvanceWrite          
00003c4d  InternalUSBRegisterTickHandler  
00003ca5  SysCtlVCOGet                    
00003da9  InternalUSBStartOfFrameTick     
00003e47  USBDCDConfigDescGetNum          
00003e95  InternalUSBTickInit             
00003f2d  USBEndpointDMAConfigSet         
00004099  USBBufferWrite                  
000040dd  __TI_auto_init_nobinit_nopinit  
00004121  USBBufferRead                   
000041d7  USBRingBufContigFree            
00004213  USBFIFOConfigSet                
0000424d  USBDCDConfigDescGetSize         
00004285  USBDCDFeatureGet                
000042bd  USBDCDRequestDataEP0            
0000432d  _c_int00_noargs                 
0000439b  USBDCDConfigGetInterface        
000043d1  USBRingBufRead                  
00004407  USBRingBufWrite                 
00004471  buff_cpy                        
000044a5  USBRingBufUsed                  
000044d9  USBDCDSendDataEP0               
00004565  USBRingBufAdvanceRead           
00004593  USBRingBufContigUsed            
000045c1  GPIODirModeSet                  
00004619  TxHandlerCmd                    
00004671  USBDCDStallEP0                  
000046e9  USBRingBufReadOne               
0000470f  USBRingBufWriteOne              
00004759  USB0_IRQDeviceHandler           
0000477d  USBDCDCTxPacketAvailable        
000047a1  USBRingBufInit                  
00004805  SystemInit                      
00004825  USBRingBufFlush                 
00004865  USBBufferInit                   
00004883  USBULPIRegRead                  
000048a1  USBULPIRegWrite                 
0000492d  usb_get                         
00004945  usb_send                        
0000495d  GPIOPinTypeEthernetLED          
00004973  USBRingBufFree                  
00004989  SysTickEnable                   
0000499d  SysTickIntEnable                
000049ed  USBBufferFlush                  
000049ff  USBDMAChannelConfigSet          
00004a11  USBDMAChannelDisable            
00004a23  USBDMAChannelEnable             
00004a35  USBDMAChannelIntDisable         
00004a47  USBDMAChannelIntEnable          
00004a59  IntMasterDisable                
00004a69  IntMasterEnable                 
00004a79  SysTickPeriodSet                
00004a89  SysTick_Handler                 
00004a89  SysTick_Handler                 
00004a99  USBDMAChannelStatus             
00004aa7  USBDevLPMDisable                
00004ab5  USBDevLPMEnable                 
00004ac3  USBULPIDisable                  
00004ad1  USBULPIEnable                   
00004adf  __TI_decompress_none            
00004b17  CPUcpsid                        
00004b23  CPUcpsie                        
00004b3b  Reset_Handler                   
00004b47  USBEndpointPacketCountSet       
00004b53  USBLPMIntEnable                 
00004b5f  __TI_zero_init                  
00004b6b  USBClockEnable                  
00004b75  USBDMAChannelAddressSet         
00004b7f  USBDMAChannelCountSet           
00004b89  USB0_IRQHandler                 
00004b89  USB0_IRQHandler                 
00004b91  USBDMAChannelIntStatus          
00004b97  USBDevLPMConfig                 
00004b9d  USBLPMIntStatus                 
00004ba3  _system_pre_init                
00004ba7  C$$EXIT                         
00004ba7  abort                           
00004d5c  g_pui8ConfigString              
00004dc8  g_sCDCHandlers                  
00004e28  g_pui8ControlInterfaceString    
00004e7c  g_pui8ManufacturerString        
00004ea0  g_pui8CDCSerCommInterface       
00004ec3  g_pui8ProductString             
00004ee8  g_pui8StringDescriptors         
00004f00  g_pui8CDCSerDataInterface       
00004f17  g_pui8CDCSerDataInterfaceHS     
00004f44  g_pui8SerialNumberString        
00004f60  g_sCDCCompSerConfigHeader       
00004f68  g_sCDCCompSerConfigHeaderHS     
00004f70  g_sCDCSerCommInterfaceSection   
00004f78  g_sCDCSerConfigHeader           
00004f80  g_sCDCSerConfigHeaderHS         
00004f88  g_sCDCSerConfigSection          
00004f90  g_sCDCSerDataInterfaceSection   
00004f98  g_sCDCSerDataInterfaceSectionHS 
00004fa0  g_sIADSerConfigSection          
00004fa8  g_pui8LangDescriptor            
00004fac  g_pCDCCompSerConfigDescriptors  
00004fb0  g_pCDCCompSerConfigDescriptorsHS
00004fb4  g_ppCDCSerConfigDescriptors     
00004fb8  g_ppCDCSerConfigDescriptorsHS   
00005068  __TI_Handler_Table_Base         
00005074  __TI_Handler_Table_Limit        
00005080  __TI_CINIT_Base                 
00005090  __TI_CINIT_Limit                
20000210  g_ppcUSBTxBuffer                
20000310  g_ppui8USBRxBuffer              
20000410  g_psDCDInst                     
200004a0  inj_pairs                       
200004e0  g_pfnTickHandlers               
200004f8  g_pvTickInstance                
20000518  g_ppsDevInfo                    
20000520  __stack                         
20000720  __STACK_END                     
20000720  __STACK_TOP                     
20000720  g_psCDCDevice                   
20000780  g_psRxBuffer                    
200007b8  g_psTxBuffer                    
200007f0  g_ui32SysClock                  
200007f4  g_ui32UARTTxCount               
200007f8  g_ui32UARTRxCount               
200007fc  g_ui32SysTickCount              
20000800  g_ui32Flags                     
20000805  DAQ_ID                          
20000806  SAF                             
20000807  DAQ_STATUS                      
20000808  CURR_VALUE                      
20000809  FW_VERSION                      
2000080a  g_pui8CDCSerDeviceDescriptor    
2000081c  g_psCDCCompSerSections          
2000082c  g_psCDCCompSerSectionsHS        
2000083c  g_psCDCSerSections              
20000848  g_psCDCSerSectionsHS            
20000854  g_bUSBTimerInitialized          
20000858  g_ui32CurrentUSBTick            
2000085c  g_ui32USBSOFCount               
20000860  g_pui8CDCSerDescriptor          
2000086c  g_iUSBMode                      
20000870  g_ui32WaitTicks                 
20000875  g_pui8IADSerDescriptor          
20000888  SystemCoreClock                 
ffffffff  __TI_pprof_out_hndl             
ffffffff  __TI_prof_data_size             
ffffffff  __TI_prof_data_start            
ffffffff  __binit__                       
ffffffff  __c_args__                      
ffffffff  binit                           
UNDEFED   __mpu_init                      
UNDEFED   _system_post_cinit              

[305 symbols]
