******************************************************************************
                  TI ARM Linker Unix v18.1.3                   
******************************************************************************
>> Linked Mon Feb  4 20:07:27 2019

OUTPUT FILE NAME:   <fw_5v0.out>
ENTRY POINT SYMBOL: "_c_int00_noargs"  address: 000042b5


MEMORY CONFIGURATION

         name            origin    length      used     unused   attr    fill
----------------------  --------  ---------  --------  --------  ----  --------
  FLASH                 00000000   00100000  00005012  000fafee  R  X
  SRAM                  20000000   00040000  00000888  0003f778  RW X


SEGMENT ALLOCATION MAP

run origin  load origin   length   init length attrs members
----------  ----------- ---------- ----------- ----- -------
00000000    00000000    00005018   00005018    r-x
  00000000    00000000    00000208   00000208    r-- .intvecs
  00000208    00000208    0000492a   0000492a    r-x .text
  00004b34    00004b34    00000410   00000410    r-- .const
  00004f48    00004f48    000000d0   000000d0    r-- .cinit
20000000    20000000    0000088c   00000000    rw-
  20000000    20000000    0000051c   00000000    rw- .bss
  20000520    20000520    00000200   00000000    rw- .stack
  20000720    20000720    0000016c   00000000    rw- .data


SECTION ALLOCATION MAP

 output                                  attributes/
section   page    origin      length       input sections
--------  ----  ----------  ----------   ----------------
.intvecs   0    00000000    00000208     
                  00000000    00000208     startup_msp432e401y_ccs.obj (.intvecs:retain)

.text      0    00000208    0000492a     
                  00000208    00000458     main.obj (.text:main)
                  00000660    00000270     pinout.obj (.text:PinoutSet)
                  000008d0    00000224     msp432e4_usblib.a : usbdcdc.o (.text:HandleRequests)
                  00000af4    00000224                       : usbdma.o (.text:iDMAUSBTransfer)
                  00000d18    000001fc                       : usbdenum.o (.text:USBDEP0StateTxConfig)
                  00000f14    000001fc                       : usbdconfig.o (.text:USBDeviceConfig)
                  00001110    000001f8                       : usbdenum.o (.text:USBDCDInit)
                  00001308    000001f0     msp432e4_driverlib.a : sysctl_MSP432E411Y.obj (.text:SysCtlClockFreqSet)
                  000014f8    000001e8     msp432e4_usblib.a : usbdenum.o (.text:USBDeviceIntHandlerInternal)
                  000016e0    00000170                       : usbdenum.o (.text:USBDGetDescriptor)
                  00001850    00000158                       : usbdcdc.o (.text:USBDCDCCompositeInit)
                  000019a8    00000154                       : usbdenum.o (.text:USBDeviceEnumHandler)
                  00001afc    0000013c                       : usbdma.o (.text:USBLibDMAInit)
                  00001c38    00000130     msp432e4_driverlib.a : gpio_MSP432E411Y.obj (.text:GPIOPadConfigSet)
                  00001d68    00000128     msp432e4_usblib.a : usbdcdc.o (.text:HandleDevice)
                  00001e90    00000124                       : usbbuffer.o (.text:HandleRxAvailable)
                  00001fb4    00000108                       : usbbuffer.o (.text:ScheduleNextTransmission)
                  000020bc    00000100                       : usbdma.o (.text:iDMAUSBChannelAllocate)
                  000021bc    000000f0                       : usbdenum.o (.text:USBDClearFeature)
                  000022ac    000000f0                       : usbdenum.o (.text:USBDSetInterface)
                  0000239c    000000dc                       : usbdcdc.o (.text:USBDCDCPacketRead)
                  00002478    000000d8                       : usbdenum.o (.text:USBDSetConfiguration)
                  00002550    000000d4                       : usbdcdc.o (.text:CDCTickHandler)
                  00002624    000000cc                       : usbdconfig.o (.text:USBDeviceConfigAlternate)
                  000026f0    000000c8                       : usbdcdc.o (.text:SendSerialState)
                  000027b8    000000c8                       : usbdenum.o (.text:USBDCDFeatureSet)
                  00002880    000000c4                       : usbdenum.o (.text:USBDEP0StateTx)
                  00002944    000000c0                       : usbdenum.o (.text:USBDSetFeature)
                  00002a04    000000bc                       : usbdcdc.o (.text:ProcessDataToHost)
                  00002ac0    000000bc                       : usbdenum.o (.text:USBDGetStatus)
                  00002b7c    000000b8                       : usbdenum.o (.text:USBDStringIndexFromRequest)
                  00002c34    000000b4                       : usbdcdc.o (.text:ProcessDataFromHost)
                  00002ce8    000000ac     main.obj (.text:setup_usb)
                  00002d94    000000a2     msp432e4_usblib.a : usbulpi.o (.text:ULPIConfigSet)
                  00002e36    00000002     startup_msp432e401y_ccs.obj (.text:Default_Handler)
                  00002e38    000000a0     msp432e4_usblib.a : usbdenum.o (.text:USBDReadAndDispatchRequest)
                  00002ed8    0000009c                       : usbdcdc.o (.text:USBDCDCPacketWrite)
                  00002f74    0000009c     rtsv7M4_T_le_v4SPD16_eabi.lib : memcpy_t2.asm.obj (.text)
                  00003010    0000008e     msp432e4_usblib.a : usbdcdesc.o (.text:USBDCDConfigDescGet)
                  0000309e    00000002     --HOLE-- [fill = 0]
                  000030a0    00000088     main.obj (.text:ControlHandler)
                  00003128    00000082     msp432e4_usblib.a : usbdconfig.o (.text:GetEPDescriptorType)
                  000031aa    00000002     --HOLE-- [fill = 0]
                  000031ac    0000007c     main.obj (.text:RxHandlerCmd)
                  00003228    0000007c     msp432e4_usblib.a : usbdcdc.o (.text:USBDCDCInit)
                  000032a4    0000007c                       : usbdma.o (.text:iDMAUSBChannelEnable)
                  00003320    0000007a                       : usbbuffer.o (.text:USBBufferEventCallback)
                  0000339a    0000007a     msp432e4_driverlib.a : usb_MSP432E411Y.obj (.text:USBDevEndpointConfigSet)
                  00003414    0000007a     rtsv7M4_T_le_v4SPD16_eabi.lib : memset_t2.asm.obj (.text)
                  0000348e    00000074     msp432e4_usblib.a : usbdcdc.o (.text:HandleEP0Data)
                  00003502    00000002     --HOLE-- [fill = 0]
                  00003504    00000074                       : usbdenum.o (.text:USBDeviceResumeTickHandler)
                  00003578    00000072                       : usbdma.o (.text:iDMAUSBChannelRelease)
                  000035ea    0000006e                       : usbdcdesc.o (.text:USBDCDConfigGetInterfaceEndpoint)
                  00003658    0000006c                       : usbdenum.o (.text:USBDGetInterface)
                  000036c4    0000006a                       : usbdcdesc.o (.text:ConfigAlternateInterfaceGet)
                  0000372e    0000006a                       : usbdesc.o (.text:USBDescGet)
                  00003798    00000068                       : usbdcdc.o (.text:HandleEndpoints)
                  00003800    00000068                       : usbdcdesc.o (.text:NextConfigDescGet)
                  00003868    00000068                       : usbdcdc.o (.text:ProcessNotificationToHost)
                  000038d0    00000068                       : usbdenum.o (.text:USBDeviceEnumResetHandler)
                  00003938    00000068     rtsv7M4_T_le_v4SPD16_eabi.lib : copy_decompress_lzss.c.obj (.text:decompress:lzss:__TI_decompress_lzss)
                  000039a0    00000064     msp432e4_driverlib.a : interrupt_MSP432E411Y.obj (.text:IntIsEnabled)
                  00003a04    00000060     msp432e4_usblib.a : usbdcdc.o (.text:USBDCDCRxPacketAvailable)
                  00003a64    0000005c                       : usbdenum.o (.text:USBDCDDeviceInfoInit)
                  00003ac0    0000005c                       : usbdesc.o (.text:USBDescGetNum)
                  00003b1c    0000005c                       : usbringbuf.o (.text:USBRingBufAdvanceWrite)
                  00003b78    0000005a                       : usbdma.o (.text:DMAUSBIntHandler)
                  00003bd2    00000002     --HOLE-- [fill = 0]
                  00003bd4    00000058                       : usbtick.o (.text:InternalUSBRegisterTickHandler)
                  00003c2c    00000058     msp432e4_driverlib.a : sysctl_MSP432E411Y.obj (.text:SysCtlVCOGet)
                  00003c84    00000058     msp432e4_usblib.a : usbdma.o (.text:iDMAUSBChannelStatus)
                  00003cdc    00000054                       : usbdenum.o (.text:USBDGetConfiguration)
                  00003d30    00000050                       : usbtick.o (.text:InternalUSBStartOfFrameTick)
                  00003d80    0000004e                       : usbdcdc.o (.text:HandleConfigChange)
                  00003dce    0000004e                       : usbdcdesc.o (.text:USBDCDConfigDescGetNum)
                  00003e1c    0000004c                       : usbtick.o (.text:InternalUSBTickInit)
                  00003e68    0000004c                       : usbdcdc.o (.text:SendBreak)
                  00003eb4    0000004c     msp432e4_driverlib.a : usb_MSP432E411Y.obj (.text:USBEndpointDMAConfigSet)
                  00003f00    0000004a     msp432e4_usblib.a : usbringbuf.o (.text:UpdateIndexAtomic)
                  00003f4a    00000002     --HOLE-- [fill = 0]
                  00003f4c    00000048     msp432e4_driverlib.a : sysctl_MSP432E411Y.obj (.text:_SysCtlFrequencyGet)
                  00003f94    00000048     msp432e4_usblib.a : usbdma.o (.text:iDMAUSBChannelDisable)
                  00003fdc    00000044                       : usbdconfig.o (.text:GetEndpointFIFOSize)
                  00004020    00000044                       : usbbuffer.o (.text:USBBufferWrite)
                  00004064    00000044     rtsv7M4_T_le_v4SPD16_eabi.lib : autoinit.c.obj (.text:__TI_auto_init_nobinit_nopinit:__TI_auto_init_nobinit_nopinit)
                  000040a8    0000003e     msp432e4_usblib.a : usbbuffer.o (.text:USBBufferRead)
                  000040e6    0000003c                       : usbbuffer.o (.text:HandleRequestBuffer)
                  00004122    0000003c                       : usbdcdc.o (.text:SetDeferredOpFlag)
                  0000415e    0000003c                       : usbringbuf.o (.text:USBRingBufContigFree)
                  0000419a    0000003a     msp432e4_driverlib.a : usb_MSP432E411Y.obj (.text:USBFIFOConfigSet)
                  000041d4    00000038     msp432e4_usblib.a : usbdcdesc.o (.text:USBDCDConfigDescGetSize)
                  0000420c    00000038                       : usbdenum.o (.text:USBDCDFeatureGet)
                  00004244    00000038                       : usbdenum.o (.text:USBDCDRequestDataEP0)
                  0000427c    00000038                       : usbdenum.o (.text:USBDSetAddress)
                  000042b4    00000038     rtsv7M4_T_le_v4SPD16_eabi.lib : boot_cortex_m.c.obj (.text:_c_int00_noargs:_c_int00_noargs)
                  000042ec    00000036     msp432e4_usblib.a : usbdcdc.o (.text:CheckAndSendBreak)
                  00004322    00000036                       : usbdcdesc.o (.text:USBDCDConfigGetInterface)
                  00004358    00000036                       : usbringbuf.o (.text:USBRingBufRead)
                  0000438e    00000036                       : usbringbuf.o (.text:USBRingBufWrite)
                  000043c4    00000034                       : usbdcdc.o (.text:HandleDisconnect)
                  000043f8    00000034     usb_functions.obj (.text:buff_cpy)
                  0000442c    00000032     msp432e4_usblib.a : usbringbuf.o (.text:USBRingBufUsed)
                  0000445e    00000002     --HOLE-- [fill = 0]
                  00004460    00000030                       : usbdenum.o (.text:USBDCDSendDataEP0)
                  00004490    0000002e                       : usbdcdc.o (.text:SendLineCodingChange)
                  000044be    0000002e                       : usbdcdc.o (.text:SendLineStateChange)
                  000044ec    0000002e                       : usbringbuf.o (.text:USBRingBufAdvanceRead)
                  0000451a    0000002e                       : usbringbuf.o (.text:USBRingBufContigUsed)
                  00004548    0000002c     msp432e4_driverlib.a : gpio_MSP432E411Y.obj (.text:GPIODirModeSet)
                  00004574    0000002c     msp432e4_usblib.a : usbbuffer.o (.text:HandleDataRemaining)
                  000045a0    0000002c     main.obj (.text:TxHandlerCmd)
                  000045cc    0000002a     msp432e4_usblib.a : usbdcdc.o (.text:DeviceConsumedAllData)
                  000045f6    00000002     --HOLE-- [fill = 0]
                  000045f8    00000028                       : usbdenum.o (.text:USBDCDStallEP0)
                  00004620    00000028                       : usbdenum.o (.text:USBDSetDescriptor)
                  00004648    00000028                       : usbdenum.o (.text:USBDSyncFrame)
                  00004670    00000026                       : usbringbuf.o (.text:USBRingBufReadOne)
                  00004696    00000026                       : usbringbuf.o (.text:USBRingBufWriteOne)
                  000046bc    00000024     main.obj (.text:GetLineCoding)
                  000046e0    00000024     msp432e4_usblib.a : usbdhandler.o (.text:USB0_IRQDeviceHandler)
                  00004704    00000024                       : usbdcdc.o (.text:USBDCDCTxPacketAvailable)
                  00004728    00000024                       : usbringbuf.o (.text:USBRingBufInit)
                  0000474c    00000020                       : usbdcdc.o (.text:CheckAndSendLineCodingChange)
                  0000476c    00000020                       : usbdcdc.o (.text:CheckAndSendLineStateChange)
                  0000478c    00000020     system_msp432e401y.obj (.text:SystemInit)
                  000047ac    00000020     msp432e4_usblib.a : usbringbuf.o (.text:USBRingBufFlush)
                  000047cc    00000020     msp432e4_driverlib.a : sysctl_MSP432E411Y.obj (.text:_SysCtlMemTimingGet)
                  000047ec    0000001e     msp432e4_usblib.a : usbbuffer.o (.text:USBBufferInit)
                  0000480a    0000001e     msp432e4_driverlib.a : usb_MSP432E411Y.obj (.text:USBULPIRegRead)
                  00004828    0000001e                          : usb_MSP432E411Y.obj (.text:USBULPIRegWrite)
                  00004846    0000001c     msp432e4_usblib.a : usbdcdc.o (.text:HandleResume)
                  00004862    0000001c                       : usbdcdc.o (.text:HandleSuspend)
                  0000487e    0000001a                       : usbdma.o (.text:DMAUSBIntStatusClear)
                  00004898    0000001a                       : usbbuffer.o (.text:HandleTxComplete)
                  000048b2    00000002     --HOLE-- [fill = 0]
                  000048b4    00000018     main.obj (.text:usb_get)
                  000048cc    00000018     main.obj (.text:usb_send)
                  000048e4    00000016     msp432e4_driverlib.a : gpio_MSP432E411Y.obj (.text:GPIOPinTypeEthernetLED)
                  000048fa    00000016     msp432e4_usblib.a : usbringbuf.o (.text:USBRingBufFree)
                  00004910    00000014     msp432e4_driverlib.a : systick_MSP432E411Y.obj (.text:SysTickEnable)
                  00004924    00000014                          : systick_MSP432E411Y.obj (.text:SysTickIntEnable)
                  00004938    00000014                          : usb_MSP432E411Y.obj (.text:_USBIndexWrite)
                  0000494c    00000014     msp432e4_usblib.a : usbdma.o (.text:iDMAUSBChannelIntDisable)
                  00004960    00000014                       : usbdma.o (.text:iDMAUSBChannelIntEnable)
                  00004974    00000012                       : usbbuffer.o (.text:USBBufferFlush)
                  00004986    00000012     msp432e4_driverlib.a : usb_MSP432E411Y.obj (.text:USBDMAChannelConfigSet)
                  00004998    00000012                          : usb_MSP432E411Y.obj (.text:USBDMAChannelDisable)
                  000049aa    00000012                          : usb_MSP432E411Y.obj (.text:USBDMAChannelEnable)
                  000049bc    00000012                          : usb_MSP432E411Y.obj (.text:USBDMAChannelIntDisable)
                  000049ce    00000012                          : usb_MSP432E411Y.obj (.text:USBDMAChannelIntEnable)
                  000049e0    00000010                          : interrupt_MSP432E411Y.obj (.text:IntMasterDisable)
                  000049f0    00000010                          : interrupt_MSP432E411Y.obj (.text:IntMasterEnable)
                  00004a00    00000010                          : systick_MSP432E411Y.obj (.text:SysTickPeriodSet)
                  00004a10    00000010     main.obj (.text:SysTick_Handler)
                  00004a20    0000000e     msp432e4_driverlib.a : usb_MSP432E411Y.obj (.text:USBDMAChannelStatus)
                  00004a2e    0000000e                          : usb_MSP432E411Y.obj (.text:USBDevLPMDisable)
                  00004a3c    0000000e                          : usb_MSP432E411Y.obj (.text:USBDevLPMEnable)
                  00004a4a    0000000e                          : usb_MSP432E411Y.obj (.text:USBULPIDisable)
                  00004a58    0000000e                          : usb_MSP432E411Y.obj (.text:USBULPIEnable)
                  00004a66    0000000e     rtsv7M4_T_le_v4SPD16_eabi.lib : copy_decompress_none.c.obj (.text:decompress:none:__TI_decompress_none)
                  00004a74    0000000e     msp432e4_usblib.a : usbdma.o (.text:iDMAUSBArbSizeSet)
                  00004a82    0000000e                       : usbdma.o (.text:iDMAUSBIntStatus)
                  00004a90    0000000e                       : usbdma.o (.text:iDMAUSBUnitSizeSet)
                  00004a9e    0000000c     msp432e4_driverlib.a : cpu_MSP432E411Y.obj (.text:CPUcpsid)
                  00004aaa    0000000c                          : cpu_MSP432E411Y.obj (.text:CPUcpsie)
                  00004ab6    0000000c     msp432e4_usblib.a : usbdma.o (.text:DMAUSBStatus)
                  00004ac2    0000000c     startup_msp432e401y_ccs.obj (.text:Reset_Handler)
                  00004ace    0000000c     msp432e4_driverlib.a : usb_MSP432E411Y.obj (.text:USBEndpointPacketCountSet)
                  00004ada    0000000c                          : usb_MSP432E411Y.obj (.text:USBLPMIntEnable)
                  00004ae6    0000000c     rtsv7M4_T_le_v4SPD16_eabi.lib : copy_zero_init.c.obj (.text:decompress:ZI:__TI_zero_init)
                  00004af2    0000000a     msp432e4_driverlib.a : usb_MSP432E411Y.obj (.text:USBClockEnable)
                  00004afc    0000000a                          : usb_MSP432E411Y.obj (.text:USBDMAChannelAddressSet)
                  00004b06    0000000a                          : usb_MSP432E411Y.obj (.text:USBDMAChannelCountSet)
                  00004b10    00000008     main.obj (.text:USB0_IRQHandler)
                  00004b18    00000006     msp432e4_driverlib.a : usb_MSP432E411Y.obj (.text:USBDMAChannelIntStatus)
                  00004b1e    00000006                          : usb_MSP432E411Y.obj (.text:USBDevLPMConfig)
                  00004b24    00000006                          : usb_MSP432E411Y.obj (.text:USBLPMIntStatus)
                  00004b2a    00000004     rtsv7M4_T_le_v4SPD16_eabi.lib : pre_init.c.obj (.text:_system_pre_init)
                  00004b2e    00000004                                   : exit.c.obj (.text:abort:abort)

.const     0    00004b34    00000410     
                  00004b34    000001b0     msp432e4_driverlib.a : sysctl_MSP432E411Y.obj (.const:g_pppui32XTALtoVCO)
                  00004ce4    00000036     usb_structs.obj (.const:.string:g_pui8ConfigString)
                  00004d1a    00000002     --HOLE-- [fill = 0]
                  00004d1c    00000034     msp432e4_usblib.a : usbdenum.o (.const:g_psUSBDStdRequests)
                  00004d50    00000030                       : usbdcdc.o (.const:g_sCDCHandlers)
                  00004d80    00000030     msp432e4_driverlib.a : sysctl_MSP432E411Y.obj (.const:g_sXTALtoMEMTIM)
                  00004db0    0000002c     usb_structs.obj (.const:.string:g_pui8ControlInterfaceString)
                  00004ddc    00000028     msp432e4_driverlib.a : sysctl_MSP432E411Y.obj (.const:g_pui32Xtals)
                  00004e04    00000024     usb_structs.obj (.const:.string:g_pui8ManufacturerString)
                  00004e28    00000023     msp432e4_usblib.a : usbdcdc.o (.const:.string:g_pui8CDCSerCommInterface)
                  00004e4b    00000022     usb_structs.obj (.const:.string:g_pui8ProductString)
                  00004e6d    00000003     --HOLE-- [fill = 0]
                  00004e70    00000018     usb_structs.obj (.const:g_pui8StringDescriptors)
                  00004e88    00000017     msp432e4_usblib.a : usbdcdc.o (.const:.string:g_pui8CDCSerDataInterface)
                  00004e9f    00000017                       : usbdcdc.o (.const:.string:g_pui8CDCSerDataInterfaceHS)
                  00004eb6    00000002     --HOLE-- [fill = 0]
                  00004eb8    00000014     msp432e4_driverlib.a : interrupt_MSP432E411Y.obj (.const:g_pui32EnRegs)
                  00004ecc    00000012     usb_structs.obj (.const:.string:g_pui8SerialNumberString)
                  00004ede    00000002     --HOLE-- [fill = 0]
                  00004ee0    00000008     msp432e4_driverlib.a : sysctl_MSP432E411Y.obj (.const:g_pui32VCOFrequencies)
                  00004ee8    00000008     msp432e4_usblib.a : usbdcdc.o (.const:g_sCDCCompSerConfigHeader)
                  00004ef0    00000008                       : usbdcdc.o (.const:g_sCDCCompSerConfigHeaderHS)
                  00004ef8    00000008                       : usbdcdc.o (.const:g_sCDCSerCommInterfaceSection)
                  00004f00    00000008                       : usbdcdc.o (.const:g_sCDCSerConfigHeader)
                  00004f08    00000008                       : usbdcdc.o (.const:g_sCDCSerConfigHeaderHS)
                  00004f10    00000008                       : usbdcdc.o (.const:g_sCDCSerConfigSection)
                  00004f18    00000008                       : usbdcdc.o (.const:g_sCDCSerDataInterfaceSection)
                  00004f20    00000008                       : usbdcdc.o (.const:g_sCDCSerDataInterfaceSectionHS)
                  00004f28    00000008                       : usbdcdc.o (.const:g_sIADSerConfigSection)
                  00004f30    00000004     usb_structs.obj (.const:.string:g_pui8LangDescriptor)
                  00004f34    00000004     msp432e4_usblib.a : usbdcdc.o (.const:g_pCDCCompSerConfigDescriptors)
                  00004f38    00000004                       : usbdcdc.o (.const:g_pCDCCompSerConfigDescriptorsHS)
                  00004f3c    00000004                       : usbdcdc.o (.const:g_ppCDCSerConfigDescriptors)
                  00004f40    00000004                       : usbdcdc.o (.const:g_ppCDCSerConfigDescriptorsHS)

.cinit     0    00004f48    000000d0     
                  00004f48    000000a6     (.cinit..data.load) [load image, compression = lzss]
                  00004fee    00000002     --HOLE-- [fill = 0]
                  00004ff0    0000000c     (__TI_handler_table)
                  00004ffc    00000004     --HOLE-- [fill = 0]
                  00005000    00000008     (.cinit..bss.load) [load image, compression = zero_init]
                  00005008    00000010     (__TI_cinit_table)

.init_array 
*          0    00000000    00000000     UNINITIALIZED

.bss       0    20000000    0000051c     UNINITIALIZED
                  20000000    00000110     msp432e4_usblib.a : usbdma.o (.bss:g_psUSBDMAInst)
                  20000110    00000100     main.obj (.bss:g_pcCmdBuf)
                  20000210    00000100     (.common:g_ppcUSBTxBuffer)
                  20000310    00000100     (.common:g_ppui8USBRxBuffer)
                  20000410    00000050     (.common:g_psDCDInst)
                  20000460    00000040     msp432e4_usblib.a : usbdenum.o (.bss:g_pui8DataBufferIn)
                  200004a0    00000040     (.common:inj_pairs)
                  200004e0    00000018     (.common:g_pfnTickHandlers)
                  200004f8    00000018     (.common:g_pvTickInstance)
                  20000510    00000004     main.obj (.bss)
                  20000514    00000004     msp432e4_usblib.a : usbdenum.o (.bss)
                  20000518    00000004     (.common:g_ppsDevInfo)

.data      0    20000720    0000016c     UNINITIALIZED
                  20000720    00000060     usb_structs.obj (.data:g_psCDCDevice)
                  20000780    00000038     usb_structs.obj (.data:g_psRxBuffer)
                  200007b8    00000038     usb_structs.obj (.data:g_psTxBuffer)
                  200007f0    0000001a     main.obj (.data)
                  2000080a    00000012     msp432e4_usblib.a : usbdcdc.o (.data:g_pui8CDCSerDeviceDescriptor)
                  2000081c    00000010                       : usbdcdc.o (.data:g_psCDCCompSerSections)
                  2000082c    00000010                       : usbdcdc.o (.data:g_psCDCCompSerSectionsHS)
                  2000083c    0000000c                       : usbdcdc.o (.data:g_psCDCSerSections)
                  20000848    0000000c                       : usbdcdc.o (.data:g_psCDCSerSectionsHS)
                  20000854    0000000c                       : usbtick.o (.data)
                  20000860    00000009                       : usbdcdc.o (.data:g_pui8CDCSerDescriptor)
                  20000869    00000001     --HOLE--
                  2000086a    00000002                       : usbdcdc.o (.data)
                  2000086c    00000009                       : usbmode.o (.data)
                  20000875    00000008                       : usbdcdc.o (.data:g_pui8IADSerDescriptor)
                  2000087d    00000003     --HOLE--
                  20000880    00000008                       : usbdenum.o (.data)
                  20000888    00000004     system_msp432e401y.obj (.data)

.stack     0    20000520    00000200     UNINITIALIZED
                  20000520    00000004     rtsv7M4_T_le_v4SPD16_eabi.lib : boot_cortex_m.c.obj (.stack)
                  20000524    000001fc     --HOLE--

MODULE SUMMARY

       Module                        code    ro data   rw data
       ------                        ----    -------   -------
    ./
       main.obj                      1696    0         350    
       usb_structs.obj               0       214       720    
       pinout.obj                    624     0         0      
       usb_functions.obj             52      0         0      
       system_msp432e401y.obj        32      0         4      
    +--+-----------------------------+-------+---------+---------+
       Total:                        2404    214       1074   
                                                              
    ./ccs/
       startup_msp432e401y_ccs.obj   14      520       0      
    +--+-----------------------------+-------+---------+---------+
       Total:                        14      520       0      
                                                              
    /Applications/ti/ccsv8/tools/compiler/ti-cgt-arm_18.1.3.LTS/lib/rtsv7M4_T_le_v4SPD16_eabi.lib
       memcpy_t2.asm.obj             156     0         0      
       memset_t2.asm.obj             122     0         0      
       copy_decompress_lzss.c.obj    104     0         0      
       autoinit.c.obj                68      0         0      
       boot_cortex_m.c.obj           56      0         0      
       copy_decompress_none.c.obj    14      0         0      
       copy_zero_init.c.obj          12      0         0      
       exit.c.obj                    4       0         0      
       pre_init.c.obj                4       0         0      
    +--+-----------------------------+-------+---------+---------+
       Total:                        540     0         0      
                                                              
    /Applications/ti/simplelink_msp432e4_sdk_2_20_00_20/source/ti/devices/msp432e4/driverlib/lib/ccs/m4f/msp432e4_driverlib.a
       sysctl_MSP432E411Y.obj        688     528       0      
       usb_MSP432E411Y.obj           568     0         0      
       gpio_MSP432E411Y.obj          370     0         0      
       interrupt_MSP432E411Y.obj     132     20        0      
       systick_MSP432E411Y.obj       56      0         0      
       cpu_MSP432E411Y.obj           24      0         0      
    +--+-----------------------------+-------+---------+---------+
       Total:                        1838    548       0      
                                                              
    /Applications/ti/simplelink_msp432e4_sdk_2_20_00_20/source/ti/usblib/msp432e4/lib/ccs/m4f/msp432e4_usblib.a
       usbdenum.o                    4864    52        160    
       usbdcdc.o                     3498    217       93     
       usbdma.o                      1728    0         272    
       usbbuffer.o                   986     0         0      
       usbdconfig.o                  910     0         0      
       usbdcdesc.o                   650     0         0      
       usbringbuf.o                  642     0         0      
       usbtick.o                     244     0         60     
       usbdesc.o                     198     0         0      
       usbulpi.o                     162     0         0      
       usbdhandler.o                 36      0         0      
       usbmode.o                     0       0         9      
    +--+-----------------------------+-------+---------+---------+
       Total:                        13918   269       594    
                                                              
       Stack:                        0       0         512    
       Linker Generated:             0       202       0      
    +--+-----------------------------+-------+---------+---------+
       Grand Total:                  18714   1753      2180   


LINKER GENERATED COPY TABLES

__TI_cinit_table @ 00005008 records: 2, size/record: 8, table size: 16
	.data: load addr=00004f48, load size=000000a6 bytes, run addr=20000720, run size=0000016c bytes, compression=lzss
	.bss: load addr=00005000, load size=00000008 bytes, run addr=20000000, run size=0000051c bytes, compression=zero_init


LINKER GENERATED HANDLER TABLE

__TI_handler_table @ 00004ff0 records: 3, size/record: 4, table size: 12
	index: 0, handler: __TI_decompress_lzss
	index: 1, handler: __TI_decompress_none
	index: 2, handler: __TI_zero_init


GLOBAL SYMBOLS: SORTED ALPHABETICALLY BY Name 

address   name                            
-------   ----                            
00002e37  ADC0SS0_IRQHandler              
00002e37  ADC0SS1_IRQHandler              
00002e37  ADC0SS2_IRQHandler              
00002e37  ADC0SS3_IRQHandler              
00002e37  ADC1SS0_IRQHandler              
00002e37  ADC1SS1_IRQHandler              
00002e37  ADC1SS2_IRQHandler              
00002e37  ADC1SS3_IRQHandler              
00002e37  AES0_IRQHandler                 
00002e37  BusFault_Handler                
00004b2f  C$$EXIT                         
00002e37  CAN0_IRQHandler                 
00002e37  CAN1_IRQHandler                 
00002e37  COMP0_IRQHandler                
00002e37  COMP1_IRQHandler                
00002e37  COMP2_IRQHandler                
00004a9f  CPUcpsid                        
00004aab  CPUcpsie                        
20000808  CURR_VALUE                      
000030a1  ControlHandler                  
20000805  DAQ_ID                          
20000807  DAQ_STATUS                      
00002e37  DES0_IRQHandler                 
00002e37  DebugMon_Handler                
00002e37  Default_Handler                 
00002e37  EMAC0_IRQHandler                
00002e37  EPI0_IRQHandler                 
00002e37  FLASH_IRQHandler                
20000809  FW_VERSION                      
00002e37  GPIOA_IRQHandler                
00002e37  GPIOB_IRQHandler                
00002e37  GPIOC_IRQHandler                
00002e37  GPIOD_IRQHandler                
00004549  GPIODirModeSet                  
00002e37  GPIOE_IRQHandler                
00002e37  GPIOF_IRQHandler                
00002e37  GPIOG_IRQHandler                
00002e37  GPIOH_IRQHandler                
00002e37  GPIOJ_IRQHandler                
00002e37  GPIOK_IRQHandler                
00002e37  GPIOL_IRQHandler                
00002e37  GPIOM_IRQHandler                
00002e37  GPION_IRQHandler                
00002e37  GPIOP0_IRQHandler               
00002e37  GPIOP1_IRQHandler               
00002e37  GPIOP2_IRQHandler               
00002e37  GPIOP3_IRQHandler               
00002e37  GPIOP4_IRQHandler               
00002e37  GPIOP5_IRQHandler               
00002e37  GPIOP6_IRQHandler               
00002e37  GPIOP7_IRQHandler               
00001c39  GPIOPadConfigSet                
000048e5  GPIOPinTypeEthernetLED          
00002e37  GPIOQ0_IRQHandler               
00002e37  GPIOQ1_IRQHandler               
00002e37  GPIOQ2_IRQHandler               
00002e37  GPIOQ3_IRQHandler               
00002e37  GPIOQ4_IRQHandler               
00002e37  GPIOQ5_IRQHandler               
00002e37  GPIOQ6_IRQHandler               
00002e37  GPIOQ7_IRQHandler               
00002e37  HIBERNATE_IRQHandler            
00002e37  HardFault_Handler               
00002e37  I2C0_IRQHandler                 
00002e37  I2C1_IRQHandler                 
00002e37  I2C2_IRQHandler                 
00002e37  I2C3_IRQHandler                 
00002e37  I2C4_IRQHandler                 
00002e37  I2C5_IRQHandler                 
00002e37  I2C6_IRQHandler                 
00002e37  I2C7_IRQHandler                 
00002e37  I2C8_IRQHandler                 
00002e37  I2C9_IRQHandler                 
000039a1  IntIsEnabled                    
000049e1  IntMasterDisable                
000049f1  IntMasterEnable                 
00003bd5  InternalUSBRegisterTickHandler  
00003d31  InternalUSBStartOfFrameTick     
00003e1d  InternalUSBTickInit             
00002e37  MemManage_Handler               
00002e37  NMI_Handler                     
00002e37  PWM0_0_IRQHandler               
00002e37  PWM0_1_IRQHandler               
00002e37  PWM0_2_IRQHandler               
00002e37  PWM0_3_IRQHandler               
00002e37  PWM0_FAULT_IRQHandler           
00002e37  PendSV_Handler                  
00000661  PinoutSet                       
00002c35  ProcessDataFromHost             
00002a05  ProcessDataToHost               
00003869  ProcessNotificationToHost       
00002e37  QEI0_IRQHandler                 
00004ac3  Reset_Handler                   
000031ad  RxHandlerCmd                    
20000806  SAF                             
00002e37  SHA0_IRQHandler                 
00002e37  SSI0_IRQHandler                 
00002e37  SSI1_IRQHandler                 
00002e37  SSI2_IRQHandler                 
00002e37  SSI3_IRQHandler                 
00002e37  SVC_Handler                     
00002e37  SYSCTL_IRQHandler               
00002e37  SYSEXC_IRQHandler               
00001309  SysCtlClockFreqSet              
00003c2d  SysCtlVCOGet                    
00004911  SysTickEnable                   
00004925  SysTickIntEnable                
00004a01  SysTickPeriodSet                
00004a11  SysTick_Handler                 
00004a11  SysTick_Handler                 
20000888  SystemCoreClock                 
0000478d  SystemInit                      
00002e37  TAMPER0_IRQHandler              
00002e37  TIMER0A_IRQHandler              
00002e37  TIMER0B_IRQHandler              
00002e37  TIMER1A_IRQHandler              
00002e37  TIMER1B_IRQHandler              
00002e37  TIMER2A_IRQHandler              
00002e37  TIMER2B_IRQHandler              
00002e37  TIMER3A_IRQHandler              
00002e37  TIMER3B_IRQHandler              
00002e37  TIMER4A_IRQHandler              
00002e37  TIMER4B_IRQHandler              
00002e37  TIMER5A_IRQHandler              
00002e37  TIMER5B_IRQHandler              
00002e37  TIMER6A_IRQHandler              
00002e37  TIMER6B_IRQHandler              
00002e37  TIMER7A_IRQHandler              
00002e37  TIMER7B_IRQHandler              
000045a1  TxHandlerCmd                    
00002e37  UART0_IRQHandler                
00002e37  UART1_IRQHandler                
00002e37  UART2_IRQHandler                
00002e37  UART3_IRQHandler                
00002e37  UART4_IRQHandler                
00002e37  UART5_IRQHandler                
00002e37  UART6_IRQHandler                
00002e37  UART7_IRQHandler                
00002e37  UDMAERR_IRQHandler              
00002e37  UDMA_IRQHandler                 
00002d95  ULPIConfigSet                   
000046e1  USB0_IRQDeviceHandler           
00004b11  USB0_IRQHandler                 
00004b11  USB0_IRQHandler                 
00003321  USBBufferEventCallback          
00004975  USBBufferFlush                  
000047ed  USBBufferInit                   
000040a9  USBBufferRead                   
00004021  USBBufferWrite                  
00004af3  USBClockEnable                  
00001851  USBDCDCCompositeInit            
00003229  USBDCDCInit                     
0000239d  USBDCDCPacketRead               
00002ed9  USBDCDCPacketWrite              
00003a05  USBDCDCRxPacketAvailable        
00004705  USBDCDCTxPacketAvailable        
00003011  USBDCDConfigDescGet             
00003dcf  USBDCDConfigDescGetNum          
000041d5  USBDCDConfigDescGetSize         
00004323  USBDCDConfigGetInterface        
000035eb  USBDCDConfigGetInterfaceEndpoint
00003a65  USBDCDDeviceInfoInit            
0000420d  USBDCDFeatureGet                
000027b9  USBDCDFeatureSet                
00001111  USBDCDInit                      
00004245  USBDCDRequestDataEP0            
00004461  USBDCDSendDataEP0               
000045f9  USBDCDStallEP0                  
00004afd  USBDMAChannelAddressSet         
00004987  USBDMAChannelConfigSet          
00004b07  USBDMAChannelCountSet           
00004999  USBDMAChannelDisable            
000049ab  USBDMAChannelEnable             
000049bd  USBDMAChannelIntDisable         
000049cf  USBDMAChannelIntEnable          
00004b19  USBDMAChannelIntStatus          
00004a21  USBDMAChannelStatus             
0000372f  USBDescGet                      
00003ac1  USBDescGetNum                   
0000339b  USBDevEndpointConfigSet         
00004b1f  USBDevLPMConfig                 
00004a2f  USBDevLPMDisable                
00004a3d  USBDevLPMEnable                 
00000f15  USBDeviceConfig                 
00002625  USBDeviceConfigAlternate        
000019a9  USBDeviceEnumHandler            
000038d1  USBDeviceEnumResetHandler       
000014f9  USBDeviceIntHandlerInternal     
00003505  USBDeviceResumeTickHandler      
00003eb5  USBEndpointDMAConfigSet         
00004acf  USBEndpointPacketCountSet       
0000419b  USBFIFOConfigSet                
00004adb  USBLPMIntEnable                 
00004b25  USBLPMIntStatus                 
00001afd  USBLibDMAInit                   
000044ed  USBRingBufAdvanceRead           
00003b1d  USBRingBufAdvanceWrite          
0000415f  USBRingBufContigFree            
0000451b  USBRingBufContigUsed            
000047ad  USBRingBufFlush                 
000048fb  USBRingBufFree                  
00004729  USBRingBufInit                  
00004359  USBRingBufRead                  
00004671  USBRingBufReadOne               
0000442d  USBRingBufUsed                  
0000438f  USBRingBufWrite                 
00004697  USBRingBufWriteOne              
00004a4b  USBULPIDisable                  
00004a59  USBULPIEnable                   
0000480b  USBULPIRegRead                  
00004829  USBULPIRegWrite                 
00002e37  UsageFault_Handler              
00002e37  WATCHDOG_IRQHandler             
20000720  __STACK_END                     
00000200  __STACK_SIZE                    
20000720  __STACK_TOP                     
00005008  __TI_CINIT_Base                 
00005018  __TI_CINIT_Limit                
00004ff0  __TI_Handler_Table_Base         
00004ffc  __TI_Handler_Table_Limit        
00004065  __TI_auto_init_nobinit_nopinit  
00003939  __TI_decompress_lzss            
00004a67  __TI_decompress_none            
ffffffff  __TI_pprof_out_hndl             
ffffffff  __TI_prof_data_size             
ffffffff  __TI_prof_data_start            
00000000  __TI_static_base__              
00004ae7  __TI_zero_init                  
00003415  __aeabi_memclr                  
00003415  __aeabi_memclr4                 
00003415  __aeabi_memclr8                 
00002f75  __aeabi_memcpy                  
00002f75  __aeabi_memcpy4                 
00002f75  __aeabi_memcpy8                 
00003417  __aeabi_memset                  
00003417  __aeabi_memset4                 
00003417  __aeabi_memset8                 
ffffffff  __binit__                       
ffffffff  __c_args__                      
UNDEFED   __mpu_init                      
20000520  __stack                         
000042b5  _c_int00_noargs                 
UNDEFED   _system_post_cinit              
00004b2b  _system_pre_init                
00004b2f  abort                           
ffffffff  binit                           
000043f9  buff_cpy                        
20000854  g_bUSBTimerInitialized          
2000086c  g_iUSBMode                      
00004f34  g_pCDCCompSerConfigDescriptors  
00004f38  g_pCDCCompSerConfigDescriptorsHS
200004e0  g_pfnTickHandlers               
00004f3c  g_ppCDCSerConfigDescriptors     
00004f40  g_ppCDCSerConfigDescriptorsHS   
20000210  g_ppcUSBTxBuffer                
20000518  g_ppsDevInfo                    
20000310  g_ppui8USBRxBuffer              
2000081c  g_psCDCCompSerSections          
2000082c  g_psCDCCompSerSectionsHS        
20000720  g_psCDCDevice                   
2000083c  g_psCDCSerSections              
20000848  g_psCDCSerSectionsHS            
20000410  g_psDCDInst                     
20000780  g_psRxBuffer                    
200007b8  g_psTxBuffer                    
00004e28  g_pui8CDCSerCommInterface       
00004e88  g_pui8CDCSerDataInterface       
00004e9f  g_pui8CDCSerDataInterfaceHS     
20000860  g_pui8CDCSerDescriptor          
2000080a  g_pui8CDCSerDeviceDescriptor    
00004ce4  g_pui8ConfigString              
00004db0  g_pui8ControlInterfaceString    
20000875  g_pui8IADSerDescriptor          
00004f30  g_pui8LangDescriptor            
00004e04  g_pui8ManufacturerString        
00004e4b  g_pui8ProductString             
00004ecc  g_pui8SerialNumberString        
00004e70  g_pui8StringDescriptors         
200004f8  g_pvTickInstance                
00004ee8  g_sCDCCompSerConfigHeader       
00004ef0  g_sCDCCompSerConfigHeaderHS     
00004d50  g_sCDCHandlers                  
00004ef8  g_sCDCSerCommInterfaceSection   
00004f00  g_sCDCSerConfigHeader           
00004f08  g_sCDCSerConfigHeaderHS         
00004f10  g_sCDCSerConfigSection          
00004f18  g_sCDCSerDataInterfaceSection   
00004f20  g_sCDCSerDataInterfaceSectionHS 
00004f28  g_sIADSerConfigSection          
20000858  g_ui32CurrentUSBTick            
20000800  g_ui32Flags                     
200007f0  g_ui32SysClock                  
200007fc  g_ui32SysTickCount              
200007f8  g_ui32UARTRxCount               
200007f4  g_ui32UARTTxCount               
2000085c  g_ui32USBSOFCount               
20000870  g_ui32WaitTicks                 
200004a0  inj_pairs                       
00000000  interruptVectors                
00000209  main                            
00002f75  memcpy                          
0000341d  memset                          
00002ce9  setup_usb                       
000048b5  usb_get                         
000048cd  usb_send                        


GLOBAL SYMBOLS: SORTED BY Symbol Address 

address   name                            
-------   ----                            
00000000  __TI_static_base__              
00000000  interruptVectors                
00000200  __STACK_SIZE                    
00000209  main                            
00000661  PinoutSet                       
00000f15  USBDeviceConfig                 
00001111  USBDCDInit                      
00001309  SysCtlClockFreqSet              
000014f9  USBDeviceIntHandlerInternal     
00001851  USBDCDCCompositeInit            
000019a9  USBDeviceEnumHandler            
00001afd  USBLibDMAInit                   
00001c39  GPIOPadConfigSet                
0000239d  USBDCDCPacketRead               
00002625  USBDeviceConfigAlternate        
000027b9  USBDCDFeatureSet                
00002a05  ProcessDataToHost               
00002c35  ProcessDataFromHost             
00002ce9  setup_usb                       
00002d95  ULPIConfigSet                   
00002e37  ADC0SS0_IRQHandler              
00002e37  ADC0SS1_IRQHandler              
00002e37  ADC0SS2_IRQHandler              
00002e37  ADC0SS3_IRQHandler              
00002e37  ADC1SS0_IRQHandler              
00002e37  ADC1SS1_IRQHandler              
00002e37  ADC1SS2_IRQHandler              
00002e37  ADC1SS3_IRQHandler              
00002e37  AES0_IRQHandler                 
00002e37  BusFault_Handler                
00002e37  CAN0_IRQHandler                 
00002e37  CAN1_IRQHandler                 
00002e37  COMP0_IRQHandler                
00002e37  COMP1_IRQHandler                
00002e37  COMP2_IRQHandler                
00002e37  DES0_IRQHandler                 
00002e37  DebugMon_Handler                
00002e37  Default_Handler                 
00002e37  EMAC0_IRQHandler                
00002e37  EPI0_IRQHandler                 
00002e37  FLASH_IRQHandler                
00002e37  GPIOA_IRQHandler                
00002e37  GPIOB_IRQHandler                
00002e37  GPIOC_IRQHandler                
00002e37  GPIOD_IRQHandler                
00002e37  GPIOE_IRQHandler                
00002e37  GPIOF_IRQHandler                
00002e37  GPIOG_IRQHandler                
00002e37  GPIOH_IRQHandler                
00002e37  GPIOJ_IRQHandler                
00002e37  GPIOK_IRQHandler                
00002e37  GPIOL_IRQHandler                
00002e37  GPIOM_IRQHandler                
00002e37  GPION_IRQHandler                
00002e37  GPIOP0_IRQHandler               
00002e37  GPIOP1_IRQHandler               
00002e37  GPIOP2_IRQHandler               
00002e37  GPIOP3_IRQHandler               
00002e37  GPIOP4_IRQHandler               
00002e37  GPIOP5_IRQHandler               
00002e37  GPIOP6_IRQHandler               
00002e37  GPIOP7_IRQHandler               
00002e37  GPIOQ0_IRQHandler               
00002e37  GPIOQ1_IRQHandler               
00002e37  GPIOQ2_IRQHandler               
00002e37  GPIOQ3_IRQHandler               
00002e37  GPIOQ4_IRQHandler               
00002e37  GPIOQ5_IRQHandler               
00002e37  GPIOQ6_IRQHandler               
00002e37  GPIOQ7_IRQHandler               
00002e37  HIBERNATE_IRQHandler            
00002e37  HardFault_Handler               
00002e37  I2C0_IRQHandler                 
00002e37  I2C1_IRQHandler                 
00002e37  I2C2_IRQHandler                 
00002e37  I2C3_IRQHandler                 
00002e37  I2C4_IRQHandler                 
00002e37  I2C5_IRQHandler                 
00002e37  I2C6_IRQHandler                 
00002e37  I2C7_IRQHandler                 
00002e37  I2C8_IRQHandler                 
00002e37  I2C9_IRQHandler                 
00002e37  MemManage_Handler               
00002e37  NMI_Handler                     
00002e37  PWM0_0_IRQHandler               
00002e37  PWM0_1_IRQHandler               
00002e37  PWM0_2_IRQHandler               
00002e37  PWM0_3_IRQHandler               
00002e37  PWM0_FAULT_IRQHandler           
00002e37  PendSV_Handler                  
00002e37  QEI0_IRQHandler                 
00002e37  SHA0_IRQHandler                 
00002e37  SSI0_IRQHandler                 
00002e37  SSI1_IRQHandler                 
00002e37  SSI2_IRQHandler                 
00002e37  SSI3_IRQHandler                 
00002e37  SVC_Handler                     
00002e37  SYSCTL_IRQHandler               
00002e37  SYSEXC_IRQHandler               
00002e37  TAMPER0_IRQHandler              
00002e37  TIMER0A_IRQHandler              
00002e37  TIMER0B_IRQHandler              
00002e37  TIMER1A_IRQHandler              
00002e37  TIMER1B_IRQHandler              
00002e37  TIMER2A_IRQHandler              
00002e37  TIMER2B_IRQHandler              
00002e37  TIMER3A_IRQHandler              
00002e37  TIMER3B_IRQHandler              
00002e37  TIMER4A_IRQHandler              
00002e37  TIMER4B_IRQHandler              
00002e37  TIMER5A_IRQHandler              
00002e37  TIMER5B_IRQHandler              
00002e37  TIMER6A_IRQHandler              
00002e37  TIMER6B_IRQHandler              
00002e37  TIMER7A_IRQHandler              
00002e37  TIMER7B_IRQHandler              
00002e37  UART0_IRQHandler                
00002e37  UART1_IRQHandler                
00002e37  UART2_IRQHandler                
00002e37  UART3_IRQHandler                
00002e37  UART4_IRQHandler                
00002e37  UART5_IRQHandler                
00002e37  UART6_IRQHandler                
00002e37  UART7_IRQHandler                
00002e37  UDMAERR_IRQHandler              
00002e37  UDMA_IRQHandler                 
00002e37  UsageFault_Handler              
00002e37  WATCHDOG_IRQHandler             
00002ed9  USBDCDCPacketWrite              
00002f75  __aeabi_memcpy                  
00002f75  __aeabi_memcpy4                 
00002f75  __aeabi_memcpy8                 
00002f75  memcpy                          
00003011  USBDCDConfigDescGet             
000030a1  ControlHandler                  
000031ad  RxHandlerCmd                    
00003229  USBDCDCInit                     
00003321  USBBufferEventCallback          
0000339b  USBDevEndpointConfigSet         
00003415  __aeabi_memclr                  
00003415  __aeabi_memclr4                 
00003415  __aeabi_memclr8                 
00003417  __aeabi_memset                  
00003417  __aeabi_memset4                 
00003417  __aeabi_memset8                 
0000341d  memset                          
00003505  USBDeviceResumeTickHandler      
000035eb  USBDCDConfigGetInterfaceEndpoint
0000372f  USBDescGet                      
00003869  ProcessNotificationToHost       
000038d1  USBDeviceEnumResetHandler       
00003939  __TI_decompress_lzss            
000039a1  IntIsEnabled                    
00003a05  USBDCDCRxPacketAvailable        
00003a65  USBDCDDeviceInfoInit            
00003ac1  USBDescGetNum                   
00003b1d  USBRingBufAdvanceWrite          
00003bd5  InternalUSBRegisterTickHandler  
00003c2d  SysCtlVCOGet                    
00003d31  InternalUSBStartOfFrameTick     
00003dcf  USBDCDConfigDescGetNum          
00003e1d  InternalUSBTickInit             
00003eb5  USBEndpointDMAConfigSet         
00004021  USBBufferWrite                  
00004065  __TI_auto_init_nobinit_nopinit  
000040a9  USBBufferRead                   
0000415f  USBRingBufContigFree            
0000419b  USBFIFOConfigSet                
000041d5  USBDCDConfigDescGetSize         
0000420d  USBDCDFeatureGet                
00004245  USBDCDRequestDataEP0            
000042b5  _c_int00_noargs                 
00004323  USBDCDConfigGetInterface        
00004359  USBRingBufRead                  
0000438f  USBRingBufWrite                 
000043f9  buff_cpy                        
0000442d  USBRingBufUsed                  
00004461  USBDCDSendDataEP0               
000044ed  USBRingBufAdvanceRead           
0000451b  USBRingBufContigUsed            
00004549  GPIODirModeSet                  
000045a1  TxHandlerCmd                    
000045f9  USBDCDStallEP0                  
00004671  USBRingBufReadOne               
00004697  USBRingBufWriteOne              
000046e1  USB0_IRQDeviceHandler           
00004705  USBDCDCTxPacketAvailable        
00004729  USBRingBufInit                  
0000478d  SystemInit                      
000047ad  USBRingBufFlush                 
000047ed  USBBufferInit                   
0000480b  USBULPIRegRead                  
00004829  USBULPIRegWrite                 
000048b5  usb_get                         
000048cd  usb_send                        
000048e5  GPIOPinTypeEthernetLED          
000048fb  USBRingBufFree                  
00004911  SysTickEnable                   
00004925  SysTickIntEnable                
00004975  USBBufferFlush                  
00004987  USBDMAChannelConfigSet          
00004999  USBDMAChannelDisable            
000049ab  USBDMAChannelEnable             
000049bd  USBDMAChannelIntDisable         
000049cf  USBDMAChannelIntEnable          
000049e1  IntMasterDisable                
000049f1  IntMasterEnable                 
00004a01  SysTickPeriodSet                
00004a11  SysTick_Handler                 
00004a11  SysTick_Handler                 
00004a21  USBDMAChannelStatus             
00004a2f  USBDevLPMDisable                
00004a3d  USBDevLPMEnable                 
00004a4b  USBULPIDisable                  
00004a59  USBULPIEnable                   
00004a67  __TI_decompress_none            
00004a9f  CPUcpsid                        
00004aab  CPUcpsie                        
00004ac3  Reset_Handler                   
00004acf  USBEndpointPacketCountSet       
00004adb  USBLPMIntEnable                 
00004ae7  __TI_zero_init                  
00004af3  USBClockEnable                  
00004afd  USBDMAChannelAddressSet         
00004b07  USBDMAChannelCountSet           
00004b11  USB0_IRQHandler                 
00004b11  USB0_IRQHandler                 
00004b19  USBDMAChannelIntStatus          
00004b1f  USBDevLPMConfig                 
00004b25  USBLPMIntStatus                 
00004b2b  _system_pre_init                
00004b2f  C$$EXIT                         
00004b2f  abort                           
00004ce4  g_pui8ConfigString              
00004d50  g_sCDCHandlers                  
00004db0  g_pui8ControlInterfaceString    
00004e04  g_pui8ManufacturerString        
00004e28  g_pui8CDCSerCommInterface       
00004e4b  g_pui8ProductString             
00004e70  g_pui8StringDescriptors         
00004e88  g_pui8CDCSerDataInterface       
00004e9f  g_pui8CDCSerDataInterfaceHS     
00004ecc  g_pui8SerialNumberString        
00004ee8  g_sCDCCompSerConfigHeader       
00004ef0  g_sCDCCompSerConfigHeaderHS     
00004ef8  g_sCDCSerCommInterfaceSection   
00004f00  g_sCDCSerConfigHeader           
00004f08  g_sCDCSerConfigHeaderHS         
00004f10  g_sCDCSerConfigSection          
00004f18  g_sCDCSerDataInterfaceSection   
00004f20  g_sCDCSerDataInterfaceSectionHS 
00004f28  g_sIADSerConfigSection          
00004f30  g_pui8LangDescriptor            
00004f34  g_pCDCCompSerConfigDescriptors  
00004f38  g_pCDCCompSerConfigDescriptorsHS
00004f3c  g_ppCDCSerConfigDescriptors     
00004f40  g_ppCDCSerConfigDescriptorsHS   
00004ff0  __TI_Handler_Table_Base         
00004ffc  __TI_Handler_Table_Limit        
00005008  __TI_CINIT_Base                 
00005018  __TI_CINIT_Limit                
20000210  g_ppcUSBTxBuffer                
20000310  g_ppui8USBRxBuffer              
20000410  g_psDCDInst                     
200004a0  inj_pairs                       
200004e0  g_pfnTickHandlers               
200004f8  g_pvTickInstance                
20000518  g_ppsDevInfo                    
20000520  __stack                         
20000720  __STACK_END                     
20000720  __STACK_TOP                     
20000720  g_psCDCDevice                   
20000780  g_psRxBuffer                    
200007b8  g_psTxBuffer                    
200007f0  g_ui32SysClock                  
200007f4  g_ui32UARTTxCount               
200007f8  g_ui32UARTRxCount               
200007fc  g_ui32SysTickCount              
20000800  g_ui32Flags                     
20000805  DAQ_ID                          
20000806  SAF                             
20000807  DAQ_STATUS                      
20000808  CURR_VALUE                      
20000809  FW_VERSION                      
2000080a  g_pui8CDCSerDeviceDescriptor    
2000081c  g_psCDCCompSerSections          
2000082c  g_psCDCCompSerSectionsHS        
2000083c  g_psCDCSerSections              
20000848  g_psCDCSerSectionsHS            
20000854  g_bUSBTimerInitialized          
20000858  g_ui32CurrentUSBTick            
2000085c  g_ui32USBSOFCount               
20000860  g_pui8CDCSerDescriptor          
2000086c  g_iUSBMode                      
20000870  g_ui32WaitTicks                 
20000875  g_pui8IADSerDescriptor          
20000888  SystemCoreClock                 
ffffffff  __TI_pprof_out_hndl             
ffffffff  __TI_prof_data_size             
ffffffff  __TI_prof_data_start            
ffffffff  __binit__                       
ffffffff  __c_args__                      
ffffffff  binit                           
UNDEFED   __mpu_init                      
UNDEFED   _system_post_cinit              

[305 symbols]
