******************************************************************************
                  TI ARM Linker Unix v18.1.3                   
******************************************************************************
>> Linked Thu Feb 14 10:52:52 2019

OUTPUT FILE NAME:   <fw_5v0.out>
ENTRY POINT SYMBOL: "_c_int00_noargs"  address: 000042b9


MEMORY CONFIGURATION

         name            origin    length      used     unused   attr    fill
----------------------  --------  ---------  --------  --------  ----  --------
  FLASH                 00000000   00100000  00005016  000fafea  R  X
  SRAM                  20000000   00040000  00000888  0003f778  RW X


SEGMENT ALLOCATION MAP

run origin  load origin   length   init length attrs members
----------  ----------- ---------- ----------- ----- -------
00000000    00000000    00005018   00005018    r-x
  00000000    00000000    00000208   00000208    r-- .intvecs
  00000208    00000208    0000492e   0000492e    r-x .text
  00004b38    00004b38    00000410   00000410    r-- .const
  00004f48    00004f48    000000d0   000000d0    r-- .cinit
20000000    20000000    0000088c   00000000    rw-
  20000000    20000000    0000051c   00000000    rw- .bss
  20000520    20000520    00000200   00000000    rw- .stack
  20000720    20000720    0000016c   00000000    rw- .data


SECTION ALLOCATION MAP

 output                                  attributes/
section   page    origin      length       input sections
--------  ----  ----------  ----------   ----------------
.intvecs   0    00000000    00000208     
                  00000000    00000208     startup_msp432e401y_ccs.obj (.intvecs:retain)

.text      0    00000208    0000492e     
                  00000208    000004b8     main.obj (.text:main)
                  000006c0    00000270     pinout.obj (.text:PinoutSet)
                  00000930    00000224     msp432e4_usblib.a : usbdcdc.o (.text:HandleRequests)
                  00000b54    00000224                       : usbdma.o (.text:iDMAUSBTransfer)
                  00000d78    000001fc                       : usbdenum.o (.text:USBDEP0StateTxConfig)
                  00000f74    000001fc                       : usbdconfig.o (.text:USBDeviceConfig)
                  00001170    000001f8                       : usbdenum.o (.text:USBDCDInit)
                  00001368    000001f0     msp432e4_driverlib.a : sysctl_MSP432E411Y.obj (.text:SysCtlClockFreqSet)
                  00001558    000001e8     msp432e4_usblib.a : usbdenum.o (.text:USBDeviceIntHandlerInternal)
                  00001740    00000170                       : usbdenum.o (.text:USBDGetDescriptor)
                  000018b0    00000158                       : usbdcdc.o (.text:USBDCDCCompositeInit)
                  00001a08    00000154                       : usbdenum.o (.text:USBDeviceEnumHandler)
                  00001b5c    0000013c                       : usbdma.o (.text:USBLibDMAInit)
                  00001c98    00000130     msp432e4_driverlib.a : gpio_MSP432E411Y.obj (.text:GPIOPadConfigSet)
                  00001dc8    00000128     msp432e4_usblib.a : usbdcdc.o (.text:HandleDevice)
                  00001ef0    00000124                       : usbbuffer.o (.text:HandleRxAvailable)
                  00002014    00000108                       : usbbuffer.o (.text:ScheduleNextTransmission)
                  0000211c    00000100                       : usbdma.o (.text:iDMAUSBChannelAllocate)
                  0000221c    000000f0                       : usbdenum.o (.text:USBDClearFeature)
                  0000230c    000000f0                       : usbdenum.o (.text:USBDSetInterface)
                  000023fc    000000dc                       : usbdcdc.o (.text:USBDCDCPacketRead)
                  000024d8    000000d8                       : usbdenum.o (.text:USBDSetConfiguration)
                  000025b0    000000d4                       : usbdcdc.o (.text:CDCTickHandler)
                  00002684    000000cc                       : usbdconfig.o (.text:USBDeviceConfigAlternate)
                  00002750    000000c8                       : usbdcdc.o (.text:SendSerialState)
                  00002818    000000c8                       : usbdenum.o (.text:USBDCDFeatureSet)
                  000028e0    000000c4                       : usbdenum.o (.text:USBDEP0StateTx)
                  000029a4    000000c0                       : usbdenum.o (.text:USBDSetFeature)
                  00002a64    000000bc                       : usbdcdc.o (.text:ProcessDataToHost)
                  00002b20    000000bc                       : usbdenum.o (.text:USBDGetStatus)
                  00002bdc    000000b8                       : usbdenum.o (.text:USBDStringIndexFromRequest)
                  00002c94    000000b4                       : usbdcdc.o (.text:ProcessDataFromHost)
                  00002d48    000000a8     main.obj (.text:setup_usb)
                  00002df0    000000a2     msp432e4_usblib.a : usbulpi.o (.text:ULPIConfigSet)
                  00002e92    00000002     startup_msp432e401y_ccs.obj (.text:Default_Handler)
                  00002e94    000000a0     msp432e4_usblib.a : usbdenum.o (.text:USBDReadAndDispatchRequest)
                  00002f34    0000009c                       : usbdcdc.o (.text:USBDCDCPacketWrite)
                  00002fd0    0000009c     rtsv7M4_T_le_v4SPD16_eabi.lib : memcpy_t2.asm.obj (.text)
                  0000306c    0000008e     msp432e4_usblib.a : usbdcdesc.o (.text:USBDCDConfigDescGet)
                  000030fa    00000002     --HOLE-- [fill = 0]
                  000030fc    00000088     main.obj (.text:ControlHandler)
                  00003184    00000082     msp432e4_usblib.a : usbdconfig.o (.text:GetEPDescriptorType)
                  00003206    00000002     --HOLE-- [fill = 0]
                  00003208    0000007c     main.obj (.text:RxHandlerCmd)
                  00003284    0000007c     msp432e4_usblib.a : usbdcdc.o (.text:USBDCDCInit)
                  00003300    0000007c                       : usbdma.o (.text:iDMAUSBChannelEnable)
                  0000337c    0000007a                       : usbbuffer.o (.text:USBBufferEventCallback)
                  000033f6    0000007a     msp432e4_driverlib.a : usb_MSP432E411Y.obj (.text:USBDevEndpointConfigSet)
                  00003470    0000007a     rtsv7M4_T_le_v4SPD16_eabi.lib : memset_t2.asm.obj (.text)
                  000034ea    00000074     msp432e4_usblib.a : usbdcdc.o (.text:HandleEP0Data)
                  0000355e    00000002     --HOLE-- [fill = 0]
                  00003560    00000074                       : usbdenum.o (.text:USBDeviceResumeTickHandler)
                  000035d4    00000072                       : usbdma.o (.text:iDMAUSBChannelRelease)
                  00003646    0000006e                       : usbdcdesc.o (.text:USBDCDConfigGetInterfaceEndpoint)
                  000036b4    0000006c                       : usbdenum.o (.text:USBDGetInterface)
                  00003720    0000006a                       : usbdcdesc.o (.text:ConfigAlternateInterfaceGet)
                  0000378a    0000006a                       : usbdesc.o (.text:USBDescGet)
                  000037f4    00000068                       : usbdcdc.o (.text:HandleEndpoints)
                  0000385c    00000068                       : usbdcdesc.o (.text:NextConfigDescGet)
                  000038c4    00000068                       : usbdcdc.o (.text:ProcessNotificationToHost)
                  0000392c    00000068                       : usbdenum.o (.text:USBDeviceEnumResetHandler)
                  00003994    00000068     rtsv7M4_T_le_v4SPD16_eabi.lib : copy_decompress_lzss.c.obj (.text:decompress:lzss:__TI_decompress_lzss)
                  000039fc    00000064     msp432e4_driverlib.a : interrupt_MSP432E411Y.obj (.text:IntIsEnabled)
                  00003a60    00000060     msp432e4_usblib.a : usbdcdc.o (.text:USBDCDCRxPacketAvailable)
                  00003ac0    0000005c                       : usbdenum.o (.text:USBDCDDeviceInfoInit)
                  00003b1c    0000005c                       : usbdesc.o (.text:USBDescGetNum)
                  00003b78    0000005c                       : usbringbuf.o (.text:USBRingBufAdvanceWrite)
                  00003bd4    0000005a                       : usbdma.o (.text:DMAUSBIntHandler)
                  00003c2e    00000002     --HOLE-- [fill = 0]
                  00003c30    00000058                       : usbtick.o (.text:InternalUSBRegisterTickHandler)
                  00003c88    00000058                       : usbdma.o (.text:iDMAUSBChannelStatus)
                  00003ce0    00000054                       : usbdenum.o (.text:USBDGetConfiguration)
                  00003d34    00000050                       : usbtick.o (.text:InternalUSBStartOfFrameTick)
                  00003d84    0000004e                       : usbdcdc.o (.text:HandleConfigChange)
                  00003dd2    0000004e                       : usbdcdesc.o (.text:USBDCDConfigDescGetNum)
                  00003e20    0000004c                       : usbtick.o (.text:InternalUSBTickInit)
                  00003e6c    0000004c                       : usbdcdc.o (.text:SendBreak)
                  00003eb8    0000004c     msp432e4_driverlib.a : usb_MSP432E411Y.obj (.text:USBEndpointDMAConfigSet)
                  00003f04    0000004a     msp432e4_usblib.a : usbringbuf.o (.text:UpdateIndexAtomic)
                  00003f4e    00000002     --HOLE-- [fill = 0]
                  00003f50    00000048     msp432e4_driverlib.a : sysctl_MSP432E411Y.obj (.text:_SysCtlFrequencyGet)
                  00003f98    00000048     msp432e4_usblib.a : usbdma.o (.text:iDMAUSBChannelDisable)
                  00003fe0    00000044                       : usbdconfig.o (.text:GetEndpointFIFOSize)
                  00004024    00000044                       : usbbuffer.o (.text:USBBufferWrite)
                  00004068    00000044     rtsv7M4_T_le_v4SPD16_eabi.lib : autoinit.c.obj (.text:__TI_auto_init_nobinit_nopinit:__TI_auto_init_nobinit_nopinit)
                  000040ac    0000003e     msp432e4_usblib.a : usbbuffer.o (.text:USBBufferRead)
                  000040ea    0000003c                       : usbbuffer.o (.text:HandleRequestBuffer)
                  00004126    0000003c                       : usbdcdc.o (.text:SetDeferredOpFlag)
                  00004162    0000003c                       : usbringbuf.o (.text:USBRingBufContigFree)
                  0000419e    0000003a     msp432e4_driverlib.a : usb_MSP432E411Y.obj (.text:USBFIFOConfigSet)
                  000041d8    00000038     msp432e4_usblib.a : usbdcdesc.o (.text:USBDCDConfigDescGetSize)
                  00004210    00000038                       : usbdenum.o (.text:USBDCDFeatureGet)
                  00004248    00000038                       : usbdenum.o (.text:USBDCDRequestDataEP0)
                  00004280    00000038                       : usbdenum.o (.text:USBDSetAddress)
                  000042b8    00000038     rtsv7M4_T_le_v4SPD16_eabi.lib : boot_cortex_m.c.obj (.text:_c_int00_noargs:_c_int00_noargs)
                  000042f0    00000036     msp432e4_usblib.a : usbdcdc.o (.text:CheckAndSendBreak)
                  00004326    00000036                       : usbdcdesc.o (.text:USBDCDConfigGetInterface)
                  0000435c    00000036                       : usbringbuf.o (.text:USBRingBufRead)
                  00004392    00000036                       : usbringbuf.o (.text:USBRingBufWrite)
                  000043c8    00000034                       : usbdcdc.o (.text:HandleDisconnect)
                  000043fc    00000034     usb_functions.obj (.text:buff_cpy)
                  00004430    00000032     msp432e4_usblib.a : usbringbuf.o (.text:USBRingBufUsed)
                  00004462    00000002     --HOLE-- [fill = 0]
                  00004464    00000030                       : usbdenum.o (.text:USBDCDSendDataEP0)
                  00004494    0000002e                       : usbdcdc.o (.text:SendLineCodingChange)
                  000044c2    0000002e                       : usbdcdc.o (.text:SendLineStateChange)
                  000044f0    0000002e                       : usbringbuf.o (.text:USBRingBufAdvanceRead)
                  0000451e    0000002e                       : usbringbuf.o (.text:USBRingBufContigUsed)
                  0000454c    0000002c     msp432e4_driverlib.a : gpio_MSP432E411Y.obj (.text:GPIODirModeSet)
                  00004578    0000002c     msp432e4_usblib.a : usbbuffer.o (.text:HandleDataRemaining)
                  000045a4    0000002c     main.obj (.text:TxHandlerCmd)
                  000045d0    0000002a     msp432e4_usblib.a : usbdcdc.o (.text:DeviceConsumedAllData)
                  000045fa    00000002     --HOLE-- [fill = 0]
                  000045fc    00000028                       : usbdenum.o (.text:USBDCDStallEP0)
                  00004624    00000028                       : usbdenum.o (.text:USBDSetDescriptor)
                  0000464c    00000028                       : usbdenum.o (.text:USBDSyncFrame)
                  00004674    00000026                       : usbringbuf.o (.text:USBRingBufReadOne)
                  0000469a    00000026                       : usbringbuf.o (.text:USBRingBufWriteOne)
                  000046c0    00000024     main.obj (.text:GetLineCoding)
                  000046e4    00000024     msp432e4_usblib.a : usbdhandler.o (.text:USB0_IRQDeviceHandler)
                  00004708    00000024                       : usbdcdc.o (.text:USBDCDCTxPacketAvailable)
                  0000472c    00000024                       : usbringbuf.o (.text:USBRingBufInit)
                  00004750    00000020                       : usbdcdc.o (.text:CheckAndSendLineCodingChange)
                  00004770    00000020                       : usbdcdc.o (.text:CheckAndSendLineStateChange)
                  00004790    00000020     system_msp432e401y.obj (.text:SystemInit)
                  000047b0    00000020     msp432e4_usblib.a : usbringbuf.o (.text:USBRingBufFlush)
                  000047d0    00000020     msp432e4_driverlib.a : sysctl_MSP432E411Y.obj (.text:_SysCtlMemTimingGet)
                  000047f0    0000001e     msp432e4_usblib.a : usbbuffer.o (.text:USBBufferInit)
                  0000480e    0000001e     msp432e4_driverlib.a : usb_MSP432E411Y.obj (.text:USBULPIRegRead)
                  0000482c    0000001e                          : usb_MSP432E411Y.obj (.text:USBULPIRegWrite)
                  0000484a    0000001c     msp432e4_usblib.a : usbdcdc.o (.text:HandleResume)
                  00004866    0000001c                       : usbdcdc.o (.text:HandleSuspend)
                  00004882    0000001a                       : usbdma.o (.text:DMAUSBIntStatusClear)
                  0000489c    0000001a                       : usbbuffer.o (.text:HandleTxComplete)
                  000048b6    00000002     --HOLE-- [fill = 0]
                  000048b8    00000018     main.obj (.text:usb_get)
                  000048d0    00000018     main.obj (.text:usb_send)
                  000048e8    00000016     msp432e4_driverlib.a : gpio_MSP432E411Y.obj (.text:GPIOPinTypeEthernetLED)
                  000048fe    00000016     msp432e4_usblib.a : usbringbuf.o (.text:USBRingBufFree)
                  00004914    00000014     msp432e4_driverlib.a : systick_MSP432E411Y.obj (.text:SysTickEnable)
                  00004928    00000014                          : systick_MSP432E411Y.obj (.text:SysTickIntEnable)
                  0000493c    00000014                          : usb_MSP432E411Y.obj (.text:_USBIndexWrite)
                  00004950    00000014     msp432e4_usblib.a : usbdma.o (.text:iDMAUSBChannelIntDisable)
                  00004964    00000014                       : usbdma.o (.text:iDMAUSBChannelIntEnable)
                  00004978    00000012                       : usbbuffer.o (.text:USBBufferFlush)
                  0000498a    00000012     msp432e4_driverlib.a : usb_MSP432E411Y.obj (.text:USBDMAChannelConfigSet)
                  0000499c    00000012                          : usb_MSP432E411Y.obj (.text:USBDMAChannelDisable)
                  000049ae    00000012                          : usb_MSP432E411Y.obj (.text:USBDMAChannelEnable)
                  000049c0    00000012                          : usb_MSP432E411Y.obj (.text:USBDMAChannelIntDisable)
                  000049d2    00000012                          : usb_MSP432E411Y.obj (.text:USBDMAChannelIntEnable)
                  000049e4    00000010                          : interrupt_MSP432E411Y.obj (.text:IntMasterDisable)
                  000049f4    00000010                          : interrupt_MSP432E411Y.obj (.text:IntMasterEnable)
                  00004a04    00000010                          : systick_MSP432E411Y.obj (.text:SysTickPeriodSet)
                  00004a14    00000010     main.obj (.text:SysTick_Handler)
                  00004a24    0000000e     msp432e4_driverlib.a : usb_MSP432E411Y.obj (.text:USBDMAChannelStatus)
                  00004a32    0000000e                          : usb_MSP432E411Y.obj (.text:USBDevLPMDisable)
                  00004a40    0000000e                          : usb_MSP432E411Y.obj (.text:USBDevLPMEnable)
                  00004a4e    0000000e                          : usb_MSP432E411Y.obj (.text:USBULPIDisable)
                  00004a5c    0000000e                          : usb_MSP432E411Y.obj (.text:USBULPIEnable)
                  00004a6a    0000000e     rtsv7M4_T_le_v4SPD16_eabi.lib : copy_decompress_none.c.obj (.text:decompress:none:__TI_decompress_none)
                  00004a78    0000000e     msp432e4_usblib.a : usbdma.o (.text:iDMAUSBArbSizeSet)
                  00004a86    0000000e                       : usbdma.o (.text:iDMAUSBIntStatus)
                  00004a94    0000000e                       : usbdma.o (.text:iDMAUSBUnitSizeSet)
                  00004aa2    0000000c     msp432e4_driverlib.a : cpu_MSP432E411Y.obj (.text:CPUcpsid)
                  00004aae    0000000c                          : cpu_MSP432E411Y.obj (.text:CPUcpsie)
                  00004aba    0000000c     msp432e4_usblib.a : usbdma.o (.text:DMAUSBStatus)
                  00004ac6    0000000c     startup_msp432e401y_ccs.obj (.text:Reset_Handler)
                  00004ad2    0000000c     msp432e4_driverlib.a : usb_MSP432E411Y.obj (.text:USBEndpointPacketCountSet)
                  00004ade    0000000c                          : usb_MSP432E411Y.obj (.text:USBLPMIntEnable)
                  00004aea    0000000c     rtsv7M4_T_le_v4SPD16_eabi.lib : copy_zero_init.c.obj (.text:decompress:ZI:__TI_zero_init)
                  00004af6    0000000a     msp432e4_driverlib.a : usb_MSP432E411Y.obj (.text:USBClockEnable)
                  00004b00    0000000a                          : usb_MSP432E411Y.obj (.text:USBDMAChannelAddressSet)
                  00004b0a    0000000a                          : usb_MSP432E411Y.obj (.text:USBDMAChannelCountSet)
                  00004b14    00000008     main.obj (.text:USB0_IRQHandler)
                  00004b1c    00000006     msp432e4_driverlib.a : usb_MSP432E411Y.obj (.text:USBDMAChannelIntStatus)
                  00004b22    00000006                          : usb_MSP432E411Y.obj (.text:USBDevLPMConfig)
                  00004b28    00000006                          : usb_MSP432E411Y.obj (.text:USBLPMIntStatus)
                  00004b2e    00000004     rtsv7M4_T_le_v4SPD16_eabi.lib : pre_init.c.obj (.text:_system_pre_init)
                  00004b32    00000004                                   : exit.c.obj (.text:abort:abort)

.const     0    00004b38    00000410     
                  00004b38    000001b0     msp432e4_driverlib.a : sysctl_MSP432E411Y.obj (.const:g_pppui32XTALtoVCO)
                  00004ce8    00000036     usb_structs.obj (.const:.string:g_pui8ConfigString)
                  00004d1e    00000002     --HOLE-- [fill = 0]
                  00004d20    00000034     msp432e4_usblib.a : usbdenum.o (.const:g_psUSBDStdRequests)
                  00004d54    00000030                       : usbdcdc.o (.const:g_sCDCHandlers)
                  00004d84    00000030     msp432e4_driverlib.a : sysctl_MSP432E411Y.obj (.const:g_sXTALtoMEMTIM)
                  00004db4    0000002c     usb_structs.obj (.const:.string:g_pui8ControlInterfaceString)
                  00004de0    00000028     msp432e4_driverlib.a : sysctl_MSP432E411Y.obj (.const:g_pui32Xtals)
                  00004e08    00000024     usb_structs.obj (.const:.string:g_pui8ManufacturerString)
                  00004e2c    00000023     msp432e4_usblib.a : usbdcdc.o (.const:.string:g_pui8CDCSerCommInterface)
                  00004e4f    00000022     usb_structs.obj (.const:.string:g_pui8ProductString)
                  00004e71    00000003     --HOLE-- [fill = 0]
                  00004e74    00000018     usb_structs.obj (.const:g_pui8StringDescriptors)
                  00004e8c    00000017     msp432e4_usblib.a : usbdcdc.o (.const:.string:g_pui8CDCSerDataInterface)
                  00004ea3    00000017                       : usbdcdc.o (.const:.string:g_pui8CDCSerDataInterfaceHS)
                  00004eba    00000002     --HOLE-- [fill = 0]
                  00004ebc    00000014     msp432e4_driverlib.a : interrupt_MSP432E411Y.obj (.const:g_pui32EnRegs)
                  00004ed0    00000012     usb_structs.obj (.const:.string:g_pui8SerialNumberString)
                  00004ee2    00000002     --HOLE-- [fill = 0]
                  00004ee4    00000008     msp432e4_driverlib.a : sysctl_MSP432E411Y.obj (.const:g_pui32VCOFrequencies)
                  00004eec    00000008     msp432e4_usblib.a : usbdcdc.o (.const:g_sCDCCompSerConfigHeader)
                  00004ef4    00000008                       : usbdcdc.o (.const:g_sCDCCompSerConfigHeaderHS)
                  00004efc    00000008                       : usbdcdc.o (.const:g_sCDCSerCommInterfaceSection)
                  00004f04    00000008                       : usbdcdc.o (.const:g_sCDCSerConfigHeader)
                  00004f0c    00000008                       : usbdcdc.o (.const:g_sCDCSerConfigHeaderHS)
                  00004f14    00000008                       : usbdcdc.o (.const:g_sCDCSerConfigSection)
                  00004f1c    00000008                       : usbdcdc.o (.const:g_sCDCSerDataInterfaceSection)
                  00004f24    00000008                       : usbdcdc.o (.const:g_sCDCSerDataInterfaceSectionHS)
                  00004f2c    00000008                       : usbdcdc.o (.const:g_sIADSerConfigSection)
                  00004f34    00000004     usb_structs.obj (.const:.string:g_pui8LangDescriptor)
                  00004f38    00000004     msp432e4_usblib.a : usbdcdc.o (.const:g_pCDCCompSerConfigDescriptors)
                  00004f3c    00000004                       : usbdcdc.o (.const:g_pCDCCompSerConfigDescriptorsHS)
                  00004f40    00000004                       : usbdcdc.o (.const:g_ppCDCSerConfigDescriptors)
                  00004f44    00000004                       : usbdcdc.o (.const:g_ppCDCSerConfigDescriptorsHS)

.cinit     0    00004f48    000000d0     
                  00004f48    000000a5     (.cinit..data.load) [load image, compression = lzss]
                  00004fed    00000003     --HOLE-- [fill = 0]
                  00004ff0    0000000c     (__TI_handler_table)
                  00004ffc    00000004     --HOLE-- [fill = 0]
                  00005000    00000008     (.cinit..bss.load) [load image, compression = zero_init]
                  00005008    00000010     (__TI_cinit_table)

.init_array 
*          0    00000000    00000000     UNINITIALIZED

.bss       0    20000000    0000051c     UNINITIALIZED
                  20000000    00000110     msp432e4_usblib.a : usbdma.o (.bss:g_psUSBDMAInst)
                  20000110    00000100     main.obj (.bss:g_pcCmdBuf)
                  20000210    00000100     (.common:g_ppcUSBTxBuffer)
                  20000310    00000100     (.common:g_ppui8USBRxBuffer)
                  20000410    00000050     (.common:g_psDCDInst)
                  20000460    00000040     msp432e4_usblib.a : usbdenum.o (.bss:g_pui8DataBufferIn)
                  200004a0    00000040     (.common:inj_pairs)
                  200004e0    00000018     (.common:g_pfnTickHandlers)
                  200004f8    00000018     (.common:g_pvTickInstance)
                  20000510    00000004     main.obj (.bss)
                  20000514    00000004     msp432e4_usblib.a : usbdenum.o (.bss)
                  20000518    00000004     (.common:g_ppsDevInfo)

.data      0    20000720    0000016c     UNINITIALIZED
                  20000720    00000060     usb_structs.obj (.data:g_psCDCDevice)
                  20000780    00000038     usb_structs.obj (.data:g_psRxBuffer)
                  200007b8    00000038     usb_structs.obj (.data:g_psTxBuffer)
                  200007f0    0000001a     main.obj (.data)
                  2000080a    00000012     msp432e4_usblib.a : usbdcdc.o (.data:g_pui8CDCSerDeviceDescriptor)
                  2000081c    00000010                       : usbdcdc.o (.data:g_psCDCCompSerSections)
                  2000082c    00000010                       : usbdcdc.o (.data:g_psCDCCompSerSectionsHS)
                  2000083c    0000000c                       : usbdcdc.o (.data:g_psCDCSerSections)
                  20000848    0000000c                       : usbdcdc.o (.data:g_psCDCSerSectionsHS)
                  20000854    0000000c                       : usbtick.o (.data)
                  20000860    00000009                       : usbdcdc.o (.data:g_pui8CDCSerDescriptor)
                  20000869    00000001     --HOLE--
                  2000086a    00000002                       : usbdcdc.o (.data)
                  2000086c    00000009                       : usbmode.o (.data)
                  20000875    00000008                       : usbdcdc.o (.data:g_pui8IADSerDescriptor)
                  2000087d    00000003     --HOLE--
                  20000880    00000008                       : usbdenum.o (.data)
                  20000888    00000004     system_msp432e401y.obj (.data)

.stack     0    20000520    00000200     UNINITIALIZED
                  20000520    00000004     rtsv7M4_T_le_v4SPD16_eabi.lib : boot_cortex_m.c.obj (.stack)
                  20000524    000001fc     --HOLE--

MODULE SUMMARY

       Module                        code    ro data   rw data
       ------                        ----    -------   -------
    ./
       main.obj                      1788    0         350    
       usb_structs.obj               0       214       720    
       pinout.obj                    624     0         0      
       usb_functions.obj             52      0         0      
       system_msp432e401y.obj        32      0         4      
    +--+-----------------------------+-------+---------+---------+
       Total:                        2496    214       1074   
                                                              
    ./ccs/
       startup_msp432e401y_ccs.obj   14      520       0      
    +--+-----------------------------+-------+---------+---------+
       Total:                        14      520       0      
                                                              
    /Applications/ti/ccsv8/tools/compiler/ti-cgt-arm_18.1.3.LTS/lib/rtsv7M4_T_le_v4SPD16_eabi.lib
       memcpy_t2.asm.obj             156     0         0      
       memset_t2.asm.obj             122     0         0      
       copy_decompress_lzss.c.obj    104     0         0      
       autoinit.c.obj                68      0         0      
       boot_cortex_m.c.obj           56      0         0      
       copy_decompress_none.c.obj    14      0         0      
       copy_zero_init.c.obj          12      0         0      
       exit.c.obj                    4       0         0      
       pre_init.c.obj                4       0         0      
    +--+-----------------------------+-------+---------+---------+
       Total:                        540     0         0      
                                                              
    /Applications/ti/simplelink_msp432e4_sdk_2_20_00_20/source/ti/devices/msp432e4/driverlib/lib/ccs/m4f/msp432e4_driverlib.a
       sysctl_MSP432E411Y.obj        600     528       0      
       usb_MSP432E411Y.obj           568     0         0      
       gpio_MSP432E411Y.obj          370     0         0      
       interrupt_MSP432E411Y.obj     132     20        0      
       systick_MSP432E411Y.obj       56      0         0      
       cpu_MSP432E411Y.obj           24      0         0      
    +--+-----------------------------+-------+---------+---------+
       Total:                        1750    548       0      
                                                              
    /Applications/ti/simplelink_msp432e4_sdk_2_20_00_20/source/ti/usblib/msp432e4/lib/ccs/m4f/msp432e4_usblib.a
       usbdenum.o                    4864    52        160    
       usbdcdc.o                     3498    217       93     
       usbdma.o                      1728    0         272    
       usbbuffer.o                   986     0         0      
       usbdconfig.o                  910     0         0      
       usbdcdesc.o                   650     0         0      
       usbringbuf.o                  642     0         0      
       usbtick.o                     244     0         60     
       usbdesc.o                     198     0         0      
       usbulpi.o                     162     0         0      
       usbdhandler.o                 36      0         0      
       usbmode.o                     0       0         9      
    +--+-----------------------------+-------+---------+---------+
       Total:                        13918   269       594    
                                                              
       Stack:                        0       0         512    
       Linker Generated:             0       201       0      
    +--+-----------------------------+-------+---------+---------+
       Grand Total:                  18718   1752      2180   


LINKER GENERATED COPY TABLES

__TI_cinit_table @ 00005008 records: 2, size/record: 8, table size: 16
	.data: load addr=00004f48, load size=000000a5 bytes, run addr=20000720, run size=0000016c bytes, compression=lzss
	.bss: load addr=00005000, load size=00000008 bytes, run addr=20000000, run size=0000051c bytes, compression=zero_init


LINKER GENERATED HANDLER TABLE

__TI_handler_table @ 00004ff0 records: 3, size/record: 4, table size: 12
	index: 0, handler: __TI_decompress_lzss
	index: 1, handler: __TI_decompress_none
	index: 2, handler: __TI_zero_init


GLOBAL SYMBOLS: SORTED ALPHABETICALLY BY Name 

address   name                            
-------   ----                            
00002e93  ADC0SS0_IRQHandler              
00002e93  ADC0SS1_IRQHandler              
00002e93  ADC0SS2_IRQHandler              
00002e93  ADC0SS3_IRQHandler              
00002e93  ADC1SS0_IRQHandler              
00002e93  ADC1SS1_IRQHandler              
00002e93  ADC1SS2_IRQHandler              
00002e93  ADC1SS3_IRQHandler              
00002e93  AES0_IRQHandler                 
00002e93  BusFault_Handler                
00004b33  C$$EXIT                         
00002e93  CAN0_IRQHandler                 
00002e93  CAN1_IRQHandler                 
00002e93  COMP0_IRQHandler                
00002e93  COMP1_IRQHandler                
00002e93  COMP2_IRQHandler                
00004aa3  CPUcpsid                        
00004aaf  CPUcpsie                        
20000808  CURR_VALUE                      
000030fd  ControlHandler                  
20000805  DAQ_ID                          
20000807  DAQ_STATUS                      
00002e93  DES0_IRQHandler                 
00002e93  DebugMon_Handler                
00002e93  Default_Handler                 
00002e93  EMAC0_IRQHandler                
00002e93  EPI0_IRQHandler                 
00002e93  FLASH_IRQHandler                
20000809  FW_VERSION                      
00002e93  GPIOA_IRQHandler                
00002e93  GPIOB_IRQHandler                
00002e93  GPIOC_IRQHandler                
00002e93  GPIOD_IRQHandler                
0000454d  GPIODirModeSet                  
00002e93  GPIOE_IRQHandler                
00002e93  GPIOF_IRQHandler                
00002e93  GPIOG_IRQHandler                
00002e93  GPIOH_IRQHandler                
00002e93  GPIOJ_IRQHandler                
00002e93  GPIOK_IRQHandler                
00002e93  GPIOL_IRQHandler                
00002e93  GPIOM_IRQHandler                
00002e93  GPION_IRQHandler                
00002e93  GPIOP0_IRQHandler               
00002e93  GPIOP1_IRQHandler               
00002e93  GPIOP2_IRQHandler               
00002e93  GPIOP3_IRQHandler               
00002e93  GPIOP4_IRQHandler               
00002e93  GPIOP5_IRQHandler               
00002e93  GPIOP6_IRQHandler               
00002e93  GPIOP7_IRQHandler               
00001c99  GPIOPadConfigSet                
000048e9  GPIOPinTypeEthernetLED          
00002e93  GPIOQ0_IRQHandler               
00002e93  GPIOQ1_IRQHandler               
00002e93  GPIOQ2_IRQHandler               
00002e93  GPIOQ3_IRQHandler               
00002e93  GPIOQ4_IRQHandler               
00002e93  GPIOQ5_IRQHandler               
00002e93  GPIOQ6_IRQHandler               
00002e93  GPIOQ7_IRQHandler               
00002e93  HIBERNATE_IRQHandler            
00002e93  HardFault_Handler               
00002e93  I2C0_IRQHandler                 
00002e93  I2C1_IRQHandler                 
00002e93  I2C2_IRQHandler                 
00002e93  I2C3_IRQHandler                 
00002e93  I2C4_IRQHandler                 
00002e93  I2C5_IRQHandler                 
00002e93  I2C6_IRQHandler                 
00002e93  I2C7_IRQHandler                 
00002e93  I2C8_IRQHandler                 
00002e93  I2C9_IRQHandler                 
000039fd  IntIsEnabled                    
000049e5  IntMasterDisable                
000049f5  IntMasterEnable                 
00003c31  InternalUSBRegisterTickHandler  
00003d35  InternalUSBStartOfFrameTick     
00003e21  InternalUSBTickInit             
00002e93  MemManage_Handler               
00002e93  NMI_Handler                     
00002e93  PWM0_0_IRQHandler               
00002e93  PWM0_1_IRQHandler               
00002e93  PWM0_2_IRQHandler               
00002e93  PWM0_3_IRQHandler               
00002e93  PWM0_FAULT_IRQHandler           
00002e93  PendSV_Handler                  
000006c1  PinoutSet                       
00002c95  ProcessDataFromHost             
00002a65  ProcessDataToHost               
000038c5  ProcessNotificationToHost       
00002e93  QEI0_IRQHandler                 
00004ac7  Reset_Handler                   
00003209  RxHandlerCmd                    
20000806  SAF                             
00002e93  SHA0_IRQHandler                 
00002e93  SSI0_IRQHandler                 
00002e93  SSI1_IRQHandler                 
00002e93  SSI2_IRQHandler                 
00002e93  SSI3_IRQHandler                 
00002e93  SVC_Handler                     
00002e93  SYSCTL_IRQHandler               
00002e93  SYSEXC_IRQHandler               
00001369  SysCtlClockFreqSet              
00004915  SysTickEnable                   
00004929  SysTickIntEnable                
00004a05  SysTickPeriodSet                
00004a15  SysTick_Handler                 
00004a15  SysTick_Handler                 
20000888  SystemCoreClock                 
00004791  SystemInit                      
00002e93  TAMPER0_IRQHandler              
00002e93  TIMER0A_IRQHandler              
00002e93  TIMER0B_IRQHandler              
00002e93  TIMER1A_IRQHandler              
00002e93  TIMER1B_IRQHandler              
00002e93  TIMER2A_IRQHandler              
00002e93  TIMER2B_IRQHandler              
00002e93  TIMER3A_IRQHandler              
00002e93  TIMER3B_IRQHandler              
00002e93  TIMER4A_IRQHandler              
00002e93  TIMER4B_IRQHandler              
00002e93  TIMER5A_IRQHandler              
00002e93  TIMER5B_IRQHandler              
00002e93  TIMER6A_IRQHandler              
00002e93  TIMER6B_IRQHandler              
00002e93  TIMER7A_IRQHandler              
00002e93  TIMER7B_IRQHandler              
000045a5  TxHandlerCmd                    
00002e93  UART0_IRQHandler                
00002e93  UART1_IRQHandler                
00002e93  UART2_IRQHandler                
00002e93  UART3_IRQHandler                
00002e93  UART4_IRQHandler                
00002e93  UART5_IRQHandler                
00002e93  UART6_IRQHandler                
00002e93  UART7_IRQHandler                
00002e93  UDMAERR_IRQHandler              
00002e93  UDMA_IRQHandler                 
00002df1  ULPIConfigSet                   
000046e5  USB0_IRQDeviceHandler           
00004b15  USB0_IRQHandler                 
00004b15  USB0_IRQHandler                 
0000337d  USBBufferEventCallback          
00004979  USBBufferFlush                  
000047f1  USBBufferInit                   
000040ad  USBBufferRead                   
00004025  USBBufferWrite                  
00004af7  USBClockEnable                  
000018b1  USBDCDCCompositeInit            
00003285  USBDCDCInit                     
000023fd  USBDCDCPacketRead               
00002f35  USBDCDCPacketWrite              
00003a61  USBDCDCRxPacketAvailable        
00004709  USBDCDCTxPacketAvailable        
0000306d  USBDCDConfigDescGet             
00003dd3  USBDCDConfigDescGetNum          
000041d9  USBDCDConfigDescGetSize         
00004327  USBDCDConfigGetInterface        
00003647  USBDCDConfigGetInterfaceEndpoint
00003ac1  USBDCDDeviceInfoInit            
00004211  USBDCDFeatureGet                
00002819  USBDCDFeatureSet                
00001171  USBDCDInit                      
00004249  USBDCDRequestDataEP0            
00004465  USBDCDSendDataEP0               
000045fd  USBDCDStallEP0                  
00004b01  USBDMAChannelAddressSet         
0000498b  USBDMAChannelConfigSet          
00004b0b  USBDMAChannelCountSet           
0000499d  USBDMAChannelDisable            
000049af  USBDMAChannelEnable             
000049c1  USBDMAChannelIntDisable         
000049d3  USBDMAChannelIntEnable          
00004b1d  USBDMAChannelIntStatus          
00004a25  USBDMAChannelStatus             
0000378b  USBDescGet                      
00003b1d  USBDescGetNum                   
000033f7  USBDevEndpointConfigSet         
00004b23  USBDevLPMConfig                 
00004a33  USBDevLPMDisable                
00004a41  USBDevLPMEnable                 
00000f75  USBDeviceConfig                 
00002685  USBDeviceConfigAlternate        
00001a09  USBDeviceEnumHandler            
0000392d  USBDeviceEnumResetHandler       
00001559  USBDeviceIntHandlerInternal     
00003561  USBDeviceResumeTickHandler      
00003eb9  USBEndpointDMAConfigSet         
00004ad3  USBEndpointPacketCountSet       
0000419f  USBFIFOConfigSet                
00004adf  USBLPMIntEnable                 
00004b29  USBLPMIntStatus                 
00001b5d  USBLibDMAInit                   
000044f1  USBRingBufAdvanceRead           
00003b79  USBRingBufAdvanceWrite          
00004163  USBRingBufContigFree            
0000451f  USBRingBufContigUsed            
000047b1  USBRingBufFlush                 
000048ff  USBRingBufFree                  
0000472d  USBRingBufInit                  
0000435d  USBRingBufRead                  
00004675  USBRingBufReadOne               
00004431  USBRingBufUsed                  
00004393  USBRingBufWrite                 
0000469b  USBRingBufWriteOne              
00004a4f  USBULPIDisable                  
00004a5d  USBULPIEnable                   
0000480f  USBULPIRegRead                  
0000482d  USBULPIRegWrite                 
00002e93  UsageFault_Handler              
00002e93  WATCHDOG_IRQHandler             
20000720  __STACK_END                     
00000200  __STACK_SIZE                    
20000720  __STACK_TOP                     
00005008  __TI_CINIT_Base                 
00005018  __TI_CINIT_Limit                
00004ff0  __TI_Handler_Table_Base         
00004ffc  __TI_Handler_Table_Limit        
00004069  __TI_auto_init_nobinit_nopinit  
00003995  __TI_decompress_lzss            
00004a6b  __TI_decompress_none            
ffffffff  __TI_pprof_out_hndl             
ffffffff  __TI_prof_data_size             
ffffffff  __TI_prof_data_start            
00000000  __TI_static_base__              
00004aeb  __TI_zero_init                  
00003471  __aeabi_memclr                  
00003471  __aeabi_memclr4                 
00003471  __aeabi_memclr8                 
00002fd1  __aeabi_memcpy                  
00002fd1  __aeabi_memcpy4                 
00002fd1  __aeabi_memcpy8                 
00003473  __aeabi_memset                  
00003473  __aeabi_memset4                 
00003473  __aeabi_memset8                 
ffffffff  __binit__                       
ffffffff  __c_args__                      
UNDEFED   __mpu_init                      
20000520  __stack                         
000042b9  _c_int00_noargs                 
UNDEFED   _system_post_cinit              
00004b2f  _system_pre_init                
00004b33  abort                           
ffffffff  binit                           
000043fd  buff_cpy                        
20000854  g_bUSBTimerInitialized          
2000086c  g_iUSBMode                      
00004f38  g_pCDCCompSerConfigDescriptors  
00004f3c  g_pCDCCompSerConfigDescriptorsHS
200004e0  g_pfnTickHandlers               
00004f40  g_ppCDCSerConfigDescriptors     
00004f44  g_ppCDCSerConfigDescriptorsHS   
20000210  g_ppcUSBTxBuffer                
20000518  g_ppsDevInfo                    
20000310  g_ppui8USBRxBuffer              
2000081c  g_psCDCCompSerSections          
2000082c  g_psCDCCompSerSectionsHS        
20000720  g_psCDCDevice                   
2000083c  g_psCDCSerSections              
20000848  g_psCDCSerSectionsHS            
20000410  g_psDCDInst                     
20000780  g_psRxBuffer                    
200007b8  g_psTxBuffer                    
00004e2c  g_pui8CDCSerCommInterface       
00004e8c  g_pui8CDCSerDataInterface       
00004ea3  g_pui8CDCSerDataInterfaceHS     
20000860  g_pui8CDCSerDescriptor          
2000080a  g_pui8CDCSerDeviceDescriptor    
00004ce8  g_pui8ConfigString              
00004db4  g_pui8ControlInterfaceString    
20000875  g_pui8IADSerDescriptor          
00004f34  g_pui8LangDescriptor            
00004e08  g_pui8ManufacturerString        
00004e4f  g_pui8ProductString             
00004ed0  g_pui8SerialNumberString        
00004e74  g_pui8StringDescriptors         
200004f8  g_pvTickInstance                
00004eec  g_sCDCCompSerConfigHeader       
00004ef4  g_sCDCCompSerConfigHeaderHS     
00004d54  g_sCDCHandlers                  
00004efc  g_sCDCSerCommInterfaceSection   
00004f04  g_sCDCSerConfigHeader           
00004f0c  g_sCDCSerConfigHeaderHS         
00004f14  g_sCDCSerConfigSection          
00004f1c  g_sCDCSerDataInterfaceSection   
00004f24  g_sCDCSerDataInterfaceSectionHS 
00004f2c  g_sIADSerConfigSection          
20000858  g_ui32CurrentUSBTick            
20000800  g_ui32Flags                     
200007f0  g_ui32SysClock                  
200007fc  g_ui32SysTickCount              
200007f8  g_ui32UARTRxCount               
200007f4  g_ui32UARTTxCount               
2000085c  g_ui32USBSOFCount               
20000870  g_ui32WaitTicks                 
200004a0  inj_pairs                       
00000000  interruptVectors                
00000209  main                            
00002fd1  memcpy                          
00003479  memset                          
00002d49  setup_usb                       
000048b9  usb_get                         
000048d1  usb_send                        


GLOBAL SYMBOLS: SORTED BY Symbol Address 

address   name                            
-------   ----                            
00000000  __TI_static_base__              
00000000  interruptVectors                
00000200  __STACK_SIZE                    
00000209  main                            
000006c1  PinoutSet                       
00000f75  USBDeviceConfig                 
00001171  USBDCDInit                      
00001369  SysCtlClockFreqSet              
00001559  USBDeviceIntHandlerInternal     
000018b1  USBDCDCCompositeInit            
00001a09  USBDeviceEnumHandler            
00001b5d  USBLibDMAInit                   
00001c99  GPIOPadConfigSet                
000023fd  USBDCDCPacketRead               
00002685  USBDeviceConfigAlternate        
00002819  USBDCDFeatureSet                
00002a65  ProcessDataToHost               
00002c95  ProcessDataFromHost             
00002d49  setup_usb                       
00002df1  ULPIConfigSet                   
00002e93  ADC0SS0_IRQHandler              
00002e93  ADC0SS1_IRQHandler              
00002e93  ADC0SS2_IRQHandler              
00002e93  ADC0SS3_IRQHandler              
00002e93  ADC1SS0_IRQHandler              
00002e93  ADC1SS1_IRQHandler              
00002e93  ADC1SS2_IRQHandler              
00002e93  ADC1SS3_IRQHandler              
00002e93  AES0_IRQHandler                 
00002e93  BusFault_Handler                
00002e93  CAN0_IRQHandler                 
00002e93  CAN1_IRQHandler                 
00002e93  COMP0_IRQHandler                
00002e93  COMP1_IRQHandler                
00002e93  COMP2_IRQHandler                
00002e93  DES0_IRQHandler                 
00002e93  DebugMon_Handler                
00002e93  Default_Handler                 
00002e93  EMAC0_IRQHandler                
00002e93  EPI0_IRQHandler                 
00002e93  FLASH_IRQHandler                
00002e93  GPIOA_IRQHandler                
00002e93  GPIOB_IRQHandler                
00002e93  GPIOC_IRQHandler                
00002e93  GPIOD_IRQHandler                
00002e93  GPIOE_IRQHandler                
00002e93  GPIOF_IRQHandler                
00002e93  GPIOG_IRQHandler                
00002e93  GPIOH_IRQHandler                
00002e93  GPIOJ_IRQHandler                
00002e93  GPIOK_IRQHandler                
00002e93  GPIOL_IRQHandler                
00002e93  GPIOM_IRQHandler                
00002e93  GPION_IRQHandler                
00002e93  GPIOP0_IRQHandler               
00002e93  GPIOP1_IRQHandler               
00002e93  GPIOP2_IRQHandler               
00002e93  GPIOP3_IRQHandler               
00002e93  GPIOP4_IRQHandler               
00002e93  GPIOP5_IRQHandler               
00002e93  GPIOP6_IRQHandler               
00002e93  GPIOP7_IRQHandler               
00002e93  GPIOQ0_IRQHandler               
00002e93  GPIOQ1_IRQHandler               
00002e93  GPIOQ2_IRQHandler               
00002e93  GPIOQ3_IRQHandler               
00002e93  GPIOQ4_IRQHandler               
00002e93  GPIOQ5_IRQHandler               
00002e93  GPIOQ6_IRQHandler               
00002e93  GPIOQ7_IRQHandler               
00002e93  HIBERNATE_IRQHandler            
00002e93  HardFault_Handler               
00002e93  I2C0_IRQHandler                 
00002e93  I2C1_IRQHandler                 
00002e93  I2C2_IRQHandler                 
00002e93  I2C3_IRQHandler                 
00002e93  I2C4_IRQHandler                 
00002e93  I2C5_IRQHandler                 
00002e93  I2C6_IRQHandler                 
00002e93  I2C7_IRQHandler                 
00002e93  I2C8_IRQHandler                 
00002e93  I2C9_IRQHandler                 
00002e93  MemManage_Handler               
00002e93  NMI_Handler                     
00002e93  PWM0_0_IRQHandler               
00002e93  PWM0_1_IRQHandler               
00002e93  PWM0_2_IRQHandler               
00002e93  PWM0_3_IRQHandler               
00002e93  PWM0_FAULT_IRQHandler           
00002e93  PendSV_Handler                  
00002e93  QEI0_IRQHandler                 
00002e93  SHA0_IRQHandler                 
00002e93  SSI0_IRQHandler                 
00002e93  SSI1_IRQHandler                 
00002e93  SSI2_IRQHandler                 
00002e93  SSI3_IRQHandler                 
00002e93  SVC_Handler                     
00002e93  SYSCTL_IRQHandler               
00002e93  SYSEXC_IRQHandler               
00002e93  TAMPER0_IRQHandler              
00002e93  TIMER0A_IRQHandler              
00002e93  TIMER0B_IRQHandler              
00002e93  TIMER1A_IRQHandler              
00002e93  TIMER1B_IRQHandler              
00002e93  TIMER2A_IRQHandler              
00002e93  TIMER2B_IRQHandler              
00002e93  TIMER3A_IRQHandler              
00002e93  TIMER3B_IRQHandler              
00002e93  TIMER4A_IRQHandler              
00002e93  TIMER4B_IRQHandler              
00002e93  TIMER5A_IRQHandler              
00002e93  TIMER5B_IRQHandler              
00002e93  TIMER6A_IRQHandler              
00002e93  TIMER6B_IRQHandler              
00002e93  TIMER7A_IRQHandler              
00002e93  TIMER7B_IRQHandler              
00002e93  UART0_IRQHandler                
00002e93  UART1_IRQHandler                
00002e93  UART2_IRQHandler                
00002e93  UART3_IRQHandler                
00002e93  UART4_IRQHandler                
00002e93  UART5_IRQHandler                
00002e93  UART6_IRQHandler                
00002e93  UART7_IRQHandler                
00002e93  UDMAERR_IRQHandler              
00002e93  UDMA_IRQHandler                 
00002e93  UsageFault_Handler              
00002e93  WATCHDOG_IRQHandler             
00002f35  USBDCDCPacketWrite              
00002fd1  __aeabi_memcpy                  
00002fd1  __aeabi_memcpy4                 
00002fd1  __aeabi_memcpy8                 
00002fd1  memcpy                          
0000306d  USBDCDConfigDescGet             
000030fd  ControlHandler                  
00003209  RxHandlerCmd                    
00003285  USBDCDCInit                     
0000337d  USBBufferEventCallback          
000033f7  USBDevEndpointConfigSet         
00003471  __aeabi_memclr                  
00003471  __aeabi_memclr4                 
00003471  __aeabi_memclr8                 
00003473  __aeabi_memset                  
00003473  __aeabi_memset4                 
00003473  __aeabi_memset8                 
00003479  memset                          
00003561  USBDeviceResumeTickHandler      
00003647  USBDCDConfigGetInterfaceEndpoint
0000378b  USBDescGet                      
000038c5  ProcessNotificationToHost       
0000392d  USBDeviceEnumResetHandler       
00003995  __TI_decompress_lzss            
000039fd  IntIsEnabled                    
00003a61  USBDCDCRxPacketAvailable        
00003ac1  USBDCDDeviceInfoInit            
00003b1d  USBDescGetNum                   
00003b79  USBRingBufAdvanceWrite          
00003c31  InternalUSBRegisterTickHandler  
00003d35  InternalUSBStartOfFrameTick     
00003dd3  USBDCDConfigDescGetNum          
00003e21  InternalUSBTickInit             
00003eb9  USBEndpointDMAConfigSet         
00004025  USBBufferWrite                  
00004069  __TI_auto_init_nobinit_nopinit  
000040ad  USBBufferRead                   
00004163  USBRingBufContigFree            
0000419f  USBFIFOConfigSet                
000041d9  USBDCDConfigDescGetSize         
00004211  USBDCDFeatureGet                
00004249  USBDCDRequestDataEP0            
000042b9  _c_int00_noargs                 
00004327  USBDCDConfigGetInterface        
0000435d  USBRingBufRead                  
00004393  USBRingBufWrite                 
000043fd  buff_cpy                        
00004431  USBRingBufUsed                  
00004465  USBDCDSendDataEP0               
000044f1  USBRingBufAdvanceRead           
0000451f  USBRingBufContigUsed            
0000454d  GPIODirModeSet                  
000045a5  TxHandlerCmd                    
000045fd  USBDCDStallEP0                  
00004675  USBRingBufReadOne               
0000469b  USBRingBufWriteOne              
000046e5  USB0_IRQDeviceHandler           
00004709  USBDCDCTxPacketAvailable        
0000472d  USBRingBufInit                  
00004791  SystemInit                      
000047b1  USBRingBufFlush                 
000047f1  USBBufferInit                   
0000480f  USBULPIRegRead                  
0000482d  USBULPIRegWrite                 
000048b9  usb_get                         
000048d1  usb_send                        
000048e9  GPIOPinTypeEthernetLED          
000048ff  USBRingBufFree                  
00004915  SysTickEnable                   
00004929  SysTickIntEnable                
00004979  USBBufferFlush                  
0000498b  USBDMAChannelConfigSet          
0000499d  USBDMAChannelDisable            
000049af  USBDMAChannelEnable             
000049c1  USBDMAChannelIntDisable         
000049d3  USBDMAChannelIntEnable          
000049e5  IntMasterDisable                
000049f5  IntMasterEnable                 
00004a05  SysTickPeriodSet                
00004a15  SysTick_Handler                 
00004a15  SysTick_Handler                 
00004a25  USBDMAChannelStatus             
00004a33  USBDevLPMDisable                
00004a41  USBDevLPMEnable                 
00004a4f  USBULPIDisable                  
00004a5d  USBULPIEnable                   
00004a6b  __TI_decompress_none            
00004aa3  CPUcpsid                        
00004aaf  CPUcpsie                        
00004ac7  Reset_Handler                   
00004ad3  USBEndpointPacketCountSet       
00004adf  USBLPMIntEnable                 
00004aeb  __TI_zero_init                  
00004af7  USBClockEnable                  
00004b01  USBDMAChannelAddressSet         
00004b0b  USBDMAChannelCountSet           
00004b15  USB0_IRQHandler                 
00004b15  USB0_IRQHandler                 
00004b1d  USBDMAChannelIntStatus          
00004b23  USBDevLPMConfig                 
00004b29  USBLPMIntStatus                 
00004b2f  _system_pre_init                
00004b33  C$$EXIT                         
00004b33  abort                           
00004ce8  g_pui8ConfigString              
00004d54  g_sCDCHandlers                  
00004db4  g_pui8ControlInterfaceString    
00004e08  g_pui8ManufacturerString        
00004e2c  g_pui8CDCSerCommInterface       
00004e4f  g_pui8ProductString             
00004e74  g_pui8StringDescriptors         
00004e8c  g_pui8CDCSerDataInterface       
00004ea3  g_pui8CDCSerDataInterfaceHS     
00004ed0  g_pui8SerialNumberString        
00004eec  g_sCDCCompSerConfigHeader       
00004ef4  g_sCDCCompSerConfigHeaderHS     
00004efc  g_sCDCSerCommInterfaceSection   
00004f04  g_sCDCSerConfigHeader           
00004f0c  g_sCDCSerConfigHeaderHS         
00004f14  g_sCDCSerConfigSection          
00004f1c  g_sCDCSerDataInterfaceSection   
00004f24  g_sCDCSerDataInterfaceSectionHS 
00004f2c  g_sIADSerConfigSection          
00004f34  g_pui8LangDescriptor            
00004f38  g_pCDCCompSerConfigDescriptors  
00004f3c  g_pCDCCompSerConfigDescriptorsHS
00004f40  g_ppCDCSerConfigDescriptors     
00004f44  g_ppCDCSerConfigDescriptorsHS   
00004ff0  __TI_Handler_Table_Base         
00004ffc  __TI_Handler_Table_Limit        
00005008  __TI_CINIT_Base                 
00005018  __TI_CINIT_Limit                
20000210  g_ppcUSBTxBuffer                
20000310  g_ppui8USBRxBuffer              
20000410  g_psDCDInst                     
200004a0  inj_pairs                       
200004e0  g_pfnTickHandlers               
200004f8  g_pvTickInstance                
20000518  g_ppsDevInfo                    
20000520  __stack                         
20000720  __STACK_END                     
20000720  __STACK_TOP                     
20000720  g_psCDCDevice                   
20000780  g_psRxBuffer                    
200007b8  g_psTxBuffer                    
200007f0  g_ui32SysClock                  
200007f4  g_ui32UARTTxCount               
200007f8  g_ui32UARTRxCount               
200007fc  g_ui32SysTickCount              
20000800  g_ui32Flags                     
20000805  DAQ_ID                          
20000806  SAF                             
20000807  DAQ_STATUS                      
20000808  CURR_VALUE                      
20000809  FW_VERSION                      
2000080a  g_pui8CDCSerDeviceDescriptor    
2000081c  g_psCDCCompSerSections          
2000082c  g_psCDCCompSerSectionsHS        
2000083c  g_psCDCSerSections              
20000848  g_psCDCSerSectionsHS            
20000854  g_bUSBTimerInitialized          
20000858  g_ui32CurrentUSBTick            
2000085c  g_ui32USBSOFCount               
20000860  g_pui8CDCSerDescriptor          
2000086c  g_iUSBMode                      
20000870  g_ui32WaitTicks                 
20000875  g_pui8IADSerDescriptor          
20000888  SystemCoreClock                 
ffffffff  __TI_pprof_out_hndl             
ffffffff  __TI_prof_data_size             
ffffffff  __TI_prof_data_start            
ffffffff  __binit__                       
ffffffff  __c_args__                      
ffffffff  binit                           
UNDEFED   __mpu_init                      
UNDEFED   _system_post_cinit              

[304 symbols]
