<?xml version="1.0" encoding="ISO-8859-1" ?>
<link_info>
   <banner>TI ARM Linker Unix v18.1.3.LTS</banner>
   <copyright>Copyright (c) 1996-2017 Texas Instruments Incorporated</copyright>
   <link_time>0x5c350d9e</link_time>
   <link_errors>0x0</link_errors>
   <output_file>fw_5v0.out</output_file>
   <entry_point>
      <name>_c_int00_noargs</name>
      <address>0x3ed5</address>
   </entry_point>
   <input_file_list>
      <input_file id="fl-2">
         <path>./</path>
         <kind>object</kind>
         <file>main.obj</file>
         <name>main.obj</name>
      </input_file>
      <input_file id="fl-3">
         <path>./</path>
         <kind>object</kind>
         <file>pinout.obj</file>
         <name>pinout.obj</name>
      </input_file>
      <input_file id="fl-4">
         <path>./</path>
         <kind>object</kind>
         <file>system_msp432e401y.obj</file>
         <name>system_msp432e401y.obj</name>
      </input_file>
      <input_file id="fl-5">
         <path>./</path>
         <kind>object</kind>
         <file>usb_structs.obj</file>
         <name>usb_structs.obj</name>
      </input_file>
      <input_file id="fl-6">
         <path>./</path>
         <kind>object</kind>
         <file>ustdlib.obj</file>
         <name>ustdlib.obj</name>
      </input_file>
      <input_file id="fl-7">
         <path>./ccs/</path>
         <kind>object</kind>
         <file>startup_msp432e401y_ccs.obj</file>
         <name>startup_msp432e401y_ccs.obj</name>
      </input_file>
      <input_file id="fl-12">
         <kind>object</kind>
         <file>&lt;internal&gt;</file>
         <name>&lt;internal&gt;</name>
      </input_file>
      <input_file id="fl-13">
         <path>/Applications/ti/simplelink_msp432e4_sdk_2_20_00_20/source/ti/usblib/msp432e4/lib/ccs/m4f/</path>
         <kind>archive</kind>
         <file>msp432e4_usblib.a</file>
         <name>usbdcdc.o</name>
      </input_file>
      <input_file id="fl-14">
         <path>/Applications/ti/simplelink_msp432e4_sdk_2_20_00_20/source/ti/usblib/msp432e4/lib/ccs/m4f/</path>
         <kind>archive</kind>
         <file>msp432e4_usblib.a</file>
         <name>usbdenum.o</name>
      </input_file>
      <input_file id="fl-15">
         <path>/Applications/ti/simplelink_msp432e4_sdk_2_20_00_20/source/ti/usblib/msp432e4/lib/ccs/m4f/</path>
         <kind>archive</kind>
         <file>msp432e4_usblib.a</file>
         <name>usbdhandler.o</name>
      </input_file>
      <input_file id="fl-16">
         <path>/Applications/ti/simplelink_msp432e4_sdk_2_20_00_20/source/ti/usblib/msp432e4/lib/ccs/m4f/</path>
         <kind>archive</kind>
         <file>msp432e4_usblib.a</file>
         <name>usbbuffer.o</name>
      </input_file>
      <input_file id="fl-17">
         <path>/Applications/ti/simplelink_msp432e4_sdk_2_20_00_20/source/ti/usblib/msp432e4/lib/ccs/m4f/</path>
         <kind>archive</kind>
         <file>msp432e4_usblib.a</file>
         <name>usbdma.o</name>
      </input_file>
      <input_file id="fl-18">
         <path>/Applications/ti/simplelink_msp432e4_sdk_2_20_00_20/source/ti/usblib/msp432e4/lib/ccs/m4f/</path>
         <kind>archive</kind>
         <file>msp432e4_usblib.a</file>
         <name>usbmode.o</name>
      </input_file>
      <input_file id="fl-19">
         <path>/Applications/ti/simplelink_msp432e4_sdk_2_20_00_20/source/ti/usblib/msp432e4/lib/ccs/m4f/</path>
         <kind>archive</kind>
         <file>msp432e4_usblib.a</file>
         <name>usbringbuf.o</name>
      </input_file>
      <input_file id="fl-1a">
         <path>/Applications/ti/simplelink_msp432e4_sdk_2_20_00_20/source/ti/usblib/msp432e4/lib/ccs/m4f/</path>
         <kind>archive</kind>
         <file>msp432e4_usblib.a</file>
         <name>usbtick.o</name>
      </input_file>
      <input_file id="fl-1b">
         <path>/Applications/ti/simplelink_msp432e4_sdk_2_20_00_20/source/ti/usblib/msp432e4/lib/ccs/m4f/</path>
         <kind>archive</kind>
         <file>msp432e4_usblib.a</file>
         <name>usbulpi.o</name>
      </input_file>
      <input_file id="fl-1c">
         <path>/Applications/ti/simplelink_msp432e4_sdk_2_20_00_20/source/ti/usblib/msp432e4/lib/ccs/m4f/</path>
         <kind>archive</kind>
         <file>msp432e4_usblib.a</file>
         <name>usbdcdesc.o</name>
      </input_file>
      <input_file id="fl-1d">
         <path>/Applications/ti/simplelink_msp432e4_sdk_2_20_00_20/source/ti/usblib/msp432e4/lib/ccs/m4f/</path>
         <kind>archive</kind>
         <file>msp432e4_usblib.a</file>
         <name>usbdconfig.o</name>
      </input_file>
      <input_file id="fl-1e">
         <path>/Applications/ti/simplelink_msp432e4_sdk_2_20_00_20/source/ti/usblib/msp432e4/lib/ccs/m4f/</path>
         <kind>archive</kind>
         <file>msp432e4_usblib.a</file>
         <name>usbhostenum.o</name>
      </input_file>
      <input_file id="fl-1f">
         <path>/Applications/ti/simplelink_msp432e4_sdk_2_20_00_20/source/ti/usblib/msp432e4/lib/ccs/m4f/</path>
         <kind>archive</kind>
         <file>msp432e4_usblib.a</file>
         <name>usbdesc.o</name>
      </input_file>
      <input_file id="fl-20">
         <path>/Applications/ti/simplelink_msp432e4_sdk_2_20_00_20/source/ti/usblib/msp432e4/lib/ccs/m4f/</path>
         <kind>archive</kind>
         <file>msp432e4_usblib.a</file>
         <name>usbhhub.o</name>
      </input_file>
      <input_file id="fl-21">
         <path>/Applications/ti/simplelink_msp432e4_sdk_2_20_00_20/source/ti/devices/msp432e4/driverlib/lib/ccs/m4f/</path>
         <kind>archive</kind>
         <file>msp432e4_driverlib.a</file>
         <name>gpio_MSP432E411Y.obj</name>
      </input_file>
      <input_file id="fl-22">
         <path>/Applications/ti/simplelink_msp432e4_sdk_2_20_00_20/source/ti/devices/msp432e4/driverlib/lib/ccs/m4f/</path>
         <kind>archive</kind>
         <file>msp432e4_driverlib.a</file>
         <name>interrupt_MSP432E411Y.obj</name>
      </input_file>
      <input_file id="fl-23">
         <path>/Applications/ti/simplelink_msp432e4_sdk_2_20_00_20/source/ti/devices/msp432e4/driverlib/lib/ccs/m4f/</path>
         <kind>archive</kind>
         <file>msp432e4_driverlib.a</file>
         <name>sysctl_MSP432E411Y.obj</name>
      </input_file>
      <input_file id="fl-24">
         <path>/Applications/ti/simplelink_msp432e4_sdk_2_20_00_20/source/ti/devices/msp432e4/driverlib/lib/ccs/m4f/</path>
         <kind>archive</kind>
         <file>msp432e4_driverlib.a</file>
         <name>systick_MSP432E411Y.obj</name>
      </input_file>
      <input_file id="fl-25">
         <path>/Applications/ti/simplelink_msp432e4_sdk_2_20_00_20/source/ti/devices/msp432e4/driverlib/lib/ccs/m4f/</path>
         <kind>archive</kind>
         <file>msp432e4_driverlib.a</file>
         <name>usb_MSP432E411Y.obj</name>
      </input_file>
      <input_file id="fl-26">
         <path>/Applications/ti/simplelink_msp432e4_sdk_2_20_00_20/source/ti/devices/msp432e4/driverlib/lib/ccs/m4f/</path>
         <kind>archive</kind>
         <file>msp432e4_driverlib.a</file>
         <name>cpu_MSP432E411Y.obj</name>
      </input_file>
      <input_file id="fl-dc">
         <path>/Applications/ti/ccsv8/tools/compiler/ti-cgt-arm_18.1.3.LTS/lib/</path>
         <kind>archive</kind>
         <file>rtsv7M4_T_le_v4SPD16_eabi.lib</file>
         <name>u_divt2.asm.obj</name>
      </input_file>
      <input_file id="fl-dd">
         <path>/Applications/ti/ccsv8/tools/compiler/ti-cgt-arm_18.1.3.LTS/lib/</path>
         <kind>archive</kind>
         <file>rtsv7M4_T_le_v4SPD16_eabi.lib</file>
         <name>copy_zero_init.c.obj</name>
      </input_file>
      <input_file id="fl-de">
         <path>/Applications/ti/ccsv8/tools/compiler/ti-cgt-arm_18.1.3.LTS/lib/</path>
         <kind>archive</kind>
         <file>rtsv7M4_T_le_v4SPD16_eabi.lib</file>
         <name>copy_decompress_none.c.obj</name>
      </input_file>
      <input_file id="fl-df">
         <path>/Applications/ti/ccsv8/tools/compiler/ti-cgt-arm_18.1.3.LTS/lib/</path>
         <kind>archive</kind>
         <file>rtsv7M4_T_le_v4SPD16_eabi.lib</file>
         <name>copy_decompress_lzss.c.obj</name>
      </input_file>
      <input_file id="fl-e0">
         <path>/Applications/ti/ccsv8/tools/compiler/ti-cgt-arm_18.1.3.LTS/lib/</path>
         <kind>archive</kind>
         <file>rtsv7M4_T_le_v4SPD16_eabi.lib</file>
         <name>boot_cortex_m.c.obj</name>
      </input_file>
      <input_file id="fl-e1">
         <path>/Applications/ti/ccsv8/tools/compiler/ti-cgt-arm_18.1.3.LTS/lib/</path>
         <kind>archive</kind>
         <file>rtsv7M4_T_le_v4SPD16_eabi.lib</file>
         <name>div0.asm.obj</name>
      </input_file>
      <input_file id="fl-e2">
         <path>/Applications/ti/ccsv8/tools/compiler/ti-cgt-arm_18.1.3.LTS/lib/</path>
         <kind>archive</kind>
         <file>rtsv7M4_T_le_v4SPD16_eabi.lib</file>
         <name>memset_t2.asm.obj</name>
      </input_file>
      <input_file id="fl-e3">
         <path>/Applications/ti/ccsv8/tools/compiler/ti-cgt-arm_18.1.3.LTS/lib/</path>
         <kind>archive</kind>
         <file>rtsv7M4_T_le_v4SPD16_eabi.lib</file>
         <name>memcpy_t2.asm.obj</name>
      </input_file>
      <input_file id="fl-e4">
         <path>/Applications/ti/ccsv8/tools/compiler/ti-cgt-arm_18.1.3.LTS/lib/</path>
         <kind>archive</kind>
         <file>rtsv7M4_T_le_v4SPD16_eabi.lib</file>
         <name>autoinit.c.obj</name>
      </input_file>
      <input_file id="fl-e5">
         <path>/Applications/ti/ccsv8/tools/compiler/ti-cgt-arm_18.1.3.LTS/lib/</path>
         <kind>archive</kind>
         <file>rtsv7M4_T_le_v4SPD16_eabi.lib</file>
         <name>pre_init.c.obj</name>
      </input_file>
      <input_file id="fl-e6">
         <path>/Applications/ti/ccsv8/tools/compiler/ti-cgt-arm_18.1.3.LTS/lib/</path>
         <kind>archive</kind>
         <file>rtsv7M4_T_le_v4SPD16_eabi.lib</file>
         <name>cpy_tbl.c.obj</name>
      </input_file>
      <input_file id="fl-e7">
         <path>/Applications/ti/ccsv8/tools/compiler/ti-cgt-arm_18.1.3.LTS/lib/</path>
         <kind>archive</kind>
         <file>rtsv7M4_T_le_v4SPD16_eabi.lib</file>
         <name>exit.c.obj</name>
      </input_file>
      <input_file id="fl-e8">
         <path>/Applications/ti/ccsv8/tools/compiler/ti-cgt-arm_18.1.3.LTS/lib/</path>
         <kind>archive</kind>
         <file>rtsv7M4_T_le_v4SPD16_eabi.lib</file>
         <name>_lock.c.obj</name>
      </input_file>
      <input_file id="fl-e9">
         <path>/Applications/ti/ccsv8/tools/compiler/ti-cgt-arm_18.1.3.LTS/lib/</path>
         <kind>archive</kind>
         <file>rtsv7M4_T_le_v4SPD16_eabi.lib</file>
         <name>args_main.c.obj</name>
      </input_file>
   </input_file_list>
   <object_component_list>
      <object_component id="oc-f">
         <name>.intvecs:retain</name>
         <load_address>0x0</load_address>
         <run_address>0x0</run_address>
         <size>0x208</size>
         <input_file_ref idref="fl-7"/>
      </object_component>
      <object_component id="oc-199">
         <name>.text:PinoutSet</name>
         <load_address>0x208</load_address>
         <run_address>0x208</run_address>
         <size>0x270</size>
         <input_file_ref idref="fl-3"/>
      </object_component>
      <object_component id="oc-317">
         <name>.text:HandleRequests</name>
         <load_address>0x478</load_address>
         <run_address>0x478</run_address>
         <size>0x224</size>
         <input_file_ref idref="fl-13"/>
      </object_component>
      <object_component id="oc-4e0">
         <name>.text:iDMAUSBTransfer</name>
         <load_address>0x69c</load_address>
         <run_address>0x69c</run_address>
         <size>0x224</size>
         <input_file_ref idref="fl-17"/>
      </object_component>
      <object_component id="oc-225">
         <name>.text:USBDEP0StateTxConfig</name>
         <load_address>0x8c0</load_address>
         <run_address>0x8c0</run_address>
         <size>0x1fc</size>
         <input_file_ref idref="fl-14"/>
      </object_component>
      <object_component id="oc-534">
         <name>.text:USBDeviceConfig</name>
         <load_address>0xabc</load_address>
         <run_address>0xabc</run_address>
         <size>0x1fc</size>
         <input_file_ref idref="fl-1d"/>
      </object_component>
      <object_component id="oc-284">
         <name>.text:USBDCDInit</name>
         <load_address>0xcb8</load_address>
         <run_address>0xcb8</run_address>
         <size>0x1f8</size>
         <input_file_ref idref="fl-14"/>
      </object_component>
      <object_component id="oc-198">
         <name>.text:SysCtlClockFreqSet</name>
         <load_address>0xeb0</load_address>
         <run_address>0xeb0</run_address>
         <size>0x1f0</size>
         <input_file_ref idref="fl-23"/>
      </object_component>
      <object_component id="oc-d5">
         <name>.text:USBDeviceIntHandlerInternal</name>
         <load_address>0x10a0</load_address>
         <run_address>0x10a0</run_address>
         <size>0x1e8</size>
         <input_file_ref idref="fl-14"/>
      </object_component>
      <object_component id="oc-414">
         <name>.text:USBDGetDescriptor</name>
         <load_address>0x1288</load_address>
         <run_address>0x1288</run_address>
         <size>0x170</size>
         <input_file_ref idref="fl-14"/>
      </object_component>
      <object_component id="oc-1a8">
         <name>.text:USBDCDCCompositeInit</name>
         <load_address>0x13f8</load_address>
         <run_address>0x13f8</run_address>
         <size>0x158</size>
         <input_file_ref idref="fl-13"/>
      </object_component>
      <object_component id="oc-187">
         <name>.text:USBDeviceEnumHandler</name>
         <load_address>0x1550</load_address>
         <run_address>0x1550</run_address>
         <size>0x154</size>
         <input_file_ref idref="fl-14"/>
      </object_component>
      <object_component id="oc-38a">
         <name>.text:USBLibDMAInit</name>
         <load_address>0x16a4</load_address>
         <run_address>0x16a4</run_address>
         <size>0x13c</size>
         <input_file_ref idref="fl-17"/>
      </object_component>
      <object_component id="oc-241">
         <name>.text:GPIOPadConfigSet</name>
         <load_address>0x17e0</load_address>
         <run_address>0x17e0</run_address>
         <size>0x130</size>
         <input_file_ref idref="fl-21"/>
      </object_component>
      <object_component id="oc-341">
         <name>.text:HandleDevice</name>
         <load_address>0x1910</load_address>
         <run_address>0x1910</run_address>
         <size>0x128</size>
         <input_file_ref idref="fl-13"/>
      </object_component>
      <object_component id="oc-3b2">
         <name>.text:HandleRxAvailable</name>
         <load_address>0x1a38</load_address>
         <run_address>0x1a38</run_address>
         <size>0x124</size>
         <input_file_ref idref="fl-16"/>
      </object_component>
      <object_component id="oc-1d1">
         <name>.text:ScheduleNextTransmission</name>
         <load_address>0x1b5c</load_address>
         <run_address>0x1b5c</run_address>
         <size>0x108</size>
         <input_file_ref idref="fl-16"/>
      </object_component>
      <object_component id="oc-49e">
         <name>.text:iDMAUSBChannelAllocate</name>
         <load_address>0x1c64</load_address>
         <run_address>0x1c64</run_address>
         <size>0x100</size>
         <input_file_ref idref="fl-17"/>
      </object_component>
      <object_component id="oc-402">
         <name>.text:USBDClearFeature</name>
         <load_address>0x1d64</load_address>
         <run_address>0x1d64</run_address>
         <size>0xf0</size>
         <input_file_ref idref="fl-14"/>
      </object_component>
      <object_component id="oc-432">
         <name>.text:USBDSetInterface</name>
         <load_address>0x1e54</load_address>
         <run_address>0x1e54</run_address>
         <size>0xf0</size>
         <input_file_ref idref="fl-14"/>
      </object_component>
      <object_component id="oc-296">
         <name>.text:USBDCDCPacketRead</name>
         <load_address>0x1f44</load_address>
         <run_address>0x1f44</run_address>
         <size>0xdc</size>
         <input_file_ref idref="fl-13"/>
      </object_component>
      <object_component id="oc-426">
         <name>.text:USBDSetConfiguration</name>
         <load_address>0x2020</load_address>
         <run_address>0x2020</run_address>
         <size>0xd8</size>
         <input_file_ref idref="fl-14"/>
      </object_component>
      <object_component id="oc-278">
         <name>.text:CDCTickHandler</name>
         <load_address>0x20f8</load_address>
         <run_address>0x20f8</run_address>
         <size>0xd4</size>
         <input_file_ref idref="fl-13"/>
      </object_component>
      <object_component id="oc-548">
         <name>.text:USBDeviceConfigAlternate</name>
         <load_address>0x21cc</load_address>
         <run_address>0x21cc</run_address>
         <size>0xcc</size>
         <input_file_ref idref="fl-1d"/>
      </object_component>
      <object_component id="oc-557">
         <name>.text:SendSerialState</name>
         <load_address>0x2298</load_address>
         <run_address>0x2298</run_address>
         <size>0xc8</size>
         <input_file_ref idref="fl-13"/>
      </object_component>
      <object_component id="oc-1af">
         <name>.text:USBDCDFeatureSet</name>
         <load_address>0x2360</load_address>
         <run_address>0x2360</run_address>
         <size>0xc8</size>
         <input_file_ref idref="fl-14"/>
      </object_component>
      <object_component id="oc-21f">
         <name>.text:USBDEP0StateTx</name>
         <load_address>0x2428</load_address>
         <run_address>0x2428</run_address>
         <size>0xc4</size>
         <input_file_ref idref="fl-14"/>
      </object_component>
      <object_component id="oc-408">
         <name>.text:USBDSetFeature</name>
         <load_address>0x24ec</load_address>
         <run_address>0x24ec</run_address>
         <size>0xc0</size>
         <input_file_ref idref="fl-14"/>
      </object_component>
      <object_component id="oc-472">
         <name>.text:ProcessDataToHost</name>
         <load_address>0x25ac</load_address>
         <run_address>0x25ac</run_address>
         <size>0xbc</size>
         <input_file_ref idref="fl-13"/>
      </object_component>
      <object_component id="oc-3fc">
         <name>.text:USBDGetStatus</name>
         <load_address>0x2668</load_address>
         <run_address>0x2668</run_address>
         <size>0xbc</size>
         <input_file_ref idref="fl-14"/>
      </object_component>
      <object_component id="oc-52b">
         <name>.text:USBDStringIndexFromRequest</name>
         <load_address>0x2724</load_address>
         <run_address>0x2724</run_address>
         <size>0xb8</size>
         <input_file_ref idref="fl-14"/>
      </object_component>
      <object_component id="oc-46c">
         <name>.text:ProcessDataFromHost</name>
         <load_address>0x27dc</load_address>
         <run_address>0x27dc</run_address>
         <size>0xb4</size>
         <input_file_ref idref="fl-13"/>
      </object_component>
      <object_component id="oc-f6">
         <name>.text:setup_usb</name>
         <load_address>0x2890</load_address>
         <run_address>0x2890</run_address>
         <size>0xac</size>
         <input_file_ref idref="fl-2"/>
      </object_component>
      <object_component id="oc-380">
         <name>.text:ULPIConfigSet</name>
         <load_address>0x293c</load_address>
         <run_address>0x293c</run_address>
         <size>0xa2</size>
         <input_file_ref idref="fl-1b"/>
      </object_component>
      <object_component id="oc-2a">
         <name>.text:Default_Handler</name>
         <load_address>0x29de</load_address>
         <run_address>0x29de</run_address>
         <size>0x2</size>
         <input_file_ref idref="fl-7"/>
      </object_component>
      <object_component id="oc-219">
         <name>.text:USBDReadAndDispatchRequest</name>
         <load_address>0x29e0</load_address>
         <run_address>0x29e0</run_address>
         <size>0xa0</size>
         <input_file_ref idref="fl-14"/>
      </object_component>
      <object_component id="oc-1e1">
         <name>.text:USBDCDCPacketWrite</name>
         <load_address>0x2a80</load_address>
         <run_address>0x2a80</run_address>
         <size>0x9c</size>
         <input_file_ref idref="fl-13"/>
      </object_component>
      <object_component id="oc-4a">
         <name>.text</name>
         <load_address>0x2b1c</load_address>
         <run_address>0x2b1c</run_address>
         <size>0x9c</size>
         <input_file_ref idref="fl-e3"/>
      </object_component>
      <object_component id="oc-5af">
         <name>.text:USBDCDConfigDescGet</name>
         <load_address>0x2bb8</load_address>
         <run_address>0x2bb8</run_address>
         <size>0x8e</size>
         <input_file_ref idref="fl-1c"/>
      </object_component>
      <object_component id="oc-2a5">
         <name>.text:ControlHandler</name>
         <load_address>0x2c48</load_address>
         <run_address>0x2c48</run_address>
         <size>0x88</size>
         <input_file_ref idref="fl-2"/>
      </object_component>
      <object_component id="oc-5bb">
         <name>.text:GetEPDescriptorType</name>
         <load_address>0x2cd0</load_address>
         <run_address>0x2cd0</run_address>
         <size>0x82</size>
         <input_file_ref idref="fl-1d"/>
      </object_component>
      <object_component id="oc-290">
         <name>.text:RxHandlerCmd</name>
         <load_address>0x2d54</load_address>
         <run_address>0x2d54</run_address>
         <size>0x7c</size>
         <input_file_ref idref="fl-2"/>
      </object_component>
      <object_component id="oc-1b5">
         <name>.text:USBDCDCInit</name>
         <load_address>0x2dd0</load_address>
         <run_address>0x2dd0</run_address>
         <size>0x7c</size>
         <input_file_ref idref="fl-13"/>
      </object_component>
      <object_component id="oc-4aa">
         <name>.text:iDMAUSBChannelEnable</name>
         <load_address>0x2e4c</load_address>
         <run_address>0x2e4c</run_address>
         <size>0x7c</size>
         <input_file_ref idref="fl-17"/>
      </object_component>
      <object_component id="oc-2ab">
         <name>.text:USBBufferEventCallback</name>
         <load_address>0x2ec8</load_address>
         <run_address>0x2ec8</run_address>
         <size>0x7a</size>
         <input_file_ref idref="fl-16"/>
      </object_component>
      <object_component id="oc-5c1">
         <name>.text:USBDevEndpointConfigSet</name>
         <load_address>0x2f42</load_address>
         <run_address>0x2f42</run_address>
         <size>0x7a</size>
         <input_file_ref idref="fl-25"/>
      </object_component>
      <object_component id="oc-b0">
         <name>.text</name>
         <load_address>0x2fbc</load_address>
         <run_address>0x2fbc</run_address>
         <size>0x7a</size>
         <input_file_ref idref="fl-e2"/>
      </object_component>
      <object_component id="oc-bc">
         <name>.text:main</name>
         <load_address>0x3038</load_address>
         <run_address>0x3038</run_address>
         <size>0x78</size>
         <input_file_ref idref="fl-2"/>
      </object_component>
      <object_component id="oc-323">
         <name>.text:HandleEP0Data</name>
         <load_address>0x30b0</load_address>
         <run_address>0x30b0</run_address>
         <size>0x74</size>
         <input_file_ref idref="fl-13"/>
      </object_component>
      <object_component id="oc-179">
         <name>.text:USBDeviceResumeTickHandler</name>
         <load_address>0x3124</load_address>
         <run_address>0x3124</run_address>
         <size>0x74</size>
         <input_file_ref idref="fl-14"/>
      </object_component>
      <object_component id="oc-4bc">
         <name>.text:iDMAUSBChannelRelease</name>
         <load_address>0x3198</load_address>
         <run_address>0x3198</run_address>
         <size>0x72</size>
         <input_file_ref idref="fl-17"/>
      </object_component>
      <object_component id="oc-5b5">
         <name>.text:USBDCDConfigGetInterfaceEndpoint</name>
         <load_address>0x320a</load_address>
         <run_address>0x320a</run_address>
         <size>0x6e</size>
         <input_file_ref idref="fl-1c"/>
      </object_component>
      <object_component id="oc-42c">
         <name>.text:USBDGetInterface</name>
         <load_address>0x3278</load_address>
         <run_address>0x3278</run_address>
         <size>0x6c</size>
         <input_file_ref idref="fl-14"/>
      </object_component>
      <object_component id="oc-5d2">
         <name>.text:ConfigAlternateInterfaceGet</name>
         <load_address>0x32e4</load_address>
         <run_address>0x32e4</run_address>
         <size>0x6a</size>
         <input_file_ref idref="fl-1c"/>
      </object_component>
      <object_component id="oc-5f8">
         <name>.text:USBDescGet</name>
         <load_address>0x334e</load_address>
         <run_address>0x334e</run_address>
         <size>0x6a</size>
         <input_file_ref idref="fl-1f"/>
      </object_component>
      <object_component id="oc-33b">
         <name>.text:HandleEndpoints</name>
         <load_address>0x33b8</load_address>
         <run_address>0x33b8</run_address>
         <size>0x68</size>
         <input_file_ref idref="fl-13"/>
      </object_component>
      <object_component id="oc-5ff">
         <name>.text:NextConfigDescGet</name>
         <load_address>0x3420</load_address>
         <run_address>0x3420</run_address>
         <size>0x68</size>
         <input_file_ref idref="fl-1c"/>
      </object_component>
      <object_component id="oc-466">
         <name>.text:ProcessNotificationToHost</name>
         <load_address>0x3488</load_address>
         <run_address>0x3488</run_address>
         <size>0x68</size>
         <input_file_ref idref="fl-13"/>
      </object_component>
      <object_component id="oc-173">
         <name>.text:USBDeviceEnumResetHandler</name>
         <load_address>0x34f0</load_address>
         <run_address>0x34f0</run_address>
         <size>0x68</size>
         <input_file_ref idref="fl-14"/>
      </object_component>
      <object_component id="oc-12">
         <name>.text:decompress:lzss:__TI_decompress_lzss</name>
         <load_address>0x3558</load_address>
         <run_address>0x3558</run_address>
         <size>0x68</size>
         <input_file_ref idref="fl-df"/>
      </object_component>
      <object_component id="oc-57e">
         <name>.text:IntIsEnabled</name>
         <load_address>0x35c0</load_address>
         <run_address>0x35c0</run_address>
         <size>0x64</size>
         <input_file_ref idref="fl-22"/>
      </object_component>
      <object_component id="oc-29c">
         <name>.text:USBDCDCRxPacketAvailable</name>
         <load_address>0x3624</load_address>
         <run_address>0x3624</run_address>
         <size>0x60</size>
         <input_file_ref idref="fl-13"/>
      </object_component>
      <object_component id="oc-251">
         <name>.text:USBDCDDeviceInfoInit</name>
         <load_address>0x3684</load_address>
         <run_address>0x3684</run_address>
         <size>0x5c</size>
         <input_file_ref idref="fl-14"/>
      </object_component>
      <object_component id="oc-5cb">
         <name>.text:USBDescGetNum</name>
         <load_address>0x36e0</load_address>
         <run_address>0x36e0</run_address>
         <size>0x5c</size>
         <input_file_ref idref="fl-1f"/>
      </object_component>
      <object_component id="oc-502">
         <name>.text:USBRingBufAdvanceWrite</name>
         <load_address>0x373c</load_address>
         <run_address>0x373c</run_address>
         <size>0x5c</size>
         <input_file_ref idref="fl-19"/>
      </object_component>
      <object_component id="oc-4c8">
         <name>.text:DMAUSBIntHandler</name>
         <load_address>0x3798</load_address>
         <run_address>0x3798</run_address>
         <size>0x5a</size>
         <input_file_ref idref="fl-17"/>
      </object_component>
      <object_component id="oc-25d">
         <name>.text:InternalUSBRegisterTickHandler</name>
         <load_address>0x37f4</load_address>
         <run_address>0x37f4</run_address>
         <size>0x58</size>
         <input_file_ref idref="fl-1a"/>
      </object_component>
      <object_component id="oc-1ae">
         <name>.text:SysCtlVCOGet</name>
         <load_address>0x384c</load_address>
         <run_address>0x384c</run_address>
         <size>0x58</size>
         <input_file_ref idref="fl-23"/>
      </object_component>
      <object_component id="oc-4c2">
         <name>.text:iDMAUSBChannelStatus</name>
         <load_address>0x38a4</load_address>
         <run_address>0x38a4</run_address>
         <size>0x58</size>
         <input_file_ref idref="fl-17"/>
      </object_component>
      <object_component id="oc-420">
         <name>.text:USBDGetConfiguration</name>
         <load_address>0x38fc</load_address>
         <run_address>0x38fc</run_address>
         <size>0x54</size>
         <input_file_ref idref="fl-14"/>
      </object_component>
      <object_component id="oc-17f">
         <name>.text:InternalUSBStartOfFrameTick</name>
         <load_address>0x3950</load_address>
         <run_address>0x3950</run_address>
         <size>0x50</size>
         <input_file_ref idref="fl-1a"/>
      </object_component>
      <object_component id="oc-31d">
         <name>.text:HandleConfigChange</name>
         <load_address>0x39a0</load_address>
         <run_address>0x39a0</run_address>
         <size>0x4e</size>
         <input_file_ref idref="fl-13"/>
      </object_component>
      <object_component id="oc-53c">
         <name>.text:USBDCDConfigDescGetNum</name>
         <load_address>0x39ee</load_address>
         <run_address>0x39ee</run_address>
         <size>0x4e</size>
         <input_file_ref idref="fl-1c"/>
      </object_component>
      <object_component id="oc-257">
         <name>.text:InternalUSBTickInit</name>
         <load_address>0x3a3c</load_address>
         <run_address>0x3a3c</run_address>
         <size>0x4c</size>
         <input_file_ref idref="fl-1a"/>
      </object_component>
      <object_component id="oc-361">
         <name>.text:SendBreak</name>
         <load_address>0x3a88</load_address>
         <run_address>0x3a88</run_address>
         <size>0x4c</size>
         <input_file_ref idref="fl-13"/>
      </object_component>
      <object_component id="oc-58f">
         <name>.text:USBEndpointDMAConfigSet</name>
         <load_address>0x3ad4</load_address>
         <run_address>0x3ad4</run_address>
         <size>0x4c</size>
         <input_file_ref idref="fl-25"/>
      </object_component>
      <object_component id="oc-3e2">
         <name>.text:UpdateIndexAtomic</name>
         <load_address>0x3b20</load_address>
         <run_address>0x3b20</run_address>
         <size>0x4a</size>
         <input_file_ref idref="fl-19"/>
      </object_component>
      <object_component id="oc-23d">
         <name>.text:_SysCtlFrequencyGet</name>
         <load_address>0x3b6c</load_address>
         <run_address>0x3b6c</run_address>
         <size>0x48</size>
         <input_file_ref idref="fl-23"/>
      </object_component>
      <object_component id="oc-4a4">
         <name>.text:iDMAUSBChannelDisable</name>
         <load_address>0x3bb4</load_address>
         <run_address>0x3bb4</run_address>
         <size>0x48</size>
         <input_file_ref idref="fl-17"/>
      </object_component>
      <object_component id="oc-5c2">
         <name>.text:GetEndpointFIFOSize</name>
         <load_address>0x3bfc</load_address>
         <run_address>0x3bfc</run_address>
         <size>0x44</size>
         <input_file_ref idref="fl-1d"/>
      </object_component>
      <object_component id="oc-fc">
         <name>.text:USBBufferWrite</name>
         <load_address>0x3c40</load_address>
         <run_address>0x3c40</run_address>
         <size>0x44</size>
         <input_file_ref idref="fl-16"/>
      </object_component>
      <object_component id="oc-115">
         <name>.text:__TI_auto_init_nobinit_nopinit:__TI_auto_init_nobinit_nopinit</name>
         <load_address>0x3c84</load_address>
         <run_address>0x3c84</run_address>
         <size>0x44</size>
         <input_file_ref idref="fl-e4"/>
      </object_component>
      <object_component id="oc-396">
         <name>.text:USBBufferRead</name>
         <load_address>0x3cc8</load_address>
         <run_address>0x3cc8</run_address>
         <size>0x3e</size>
         <input_file_ref idref="fl-16"/>
      </object_component>
      <object_component id="oc-3c4">
         <name>.text:HandleRequestBuffer</name>
         <load_address>0x3d06</load_address>
         <run_address>0x3d06</run_address>
         <size>0x3c</size>
         <input_file_ref idref="fl-16"/>
      </object_component>
      <object_component id="oc-39d">
         <name>.text:SetDeferredOpFlag</name>
         <load_address>0x3d42</load_address>
         <run_address>0x3d42</run_address>
         <size>0x3c</size>
         <input_file_ref idref="fl-13"/>
      </object_component>
      <object_component id="oc-508">
         <name>.text:USBRingBufContigFree</name>
         <load_address>0x3d7e</load_address>
         <run_address>0x3d7e</run_address>
         <size>0x3c</size>
         <input_file_ref idref="fl-19"/>
      </object_component>
      <object_component id="oc-5c8">
         <name>.text:USBFIFOConfigSet</name>
         <load_address>0x3dba</load_address>
         <run_address>0x3dba</run_address>
         <size>0x3a</size>
         <input_file_ref idref="fl-25"/>
      </object_component>
      <object_component id="oc-309">
         <name>.text:USBDCDConfigDescGetSize</name>
         <load_address>0x3df4</load_address>
         <run_address>0x3df4</run_address>
         <size>0x38</size>
         <input_file_ref idref="fl-1c"/>
      </object_component>
      <object_component id="oc-24b">
         <name>.text:USBDCDFeatureGet</name>
         <load_address>0x3e2c</load_address>
         <run_address>0x3e2c</run_address>
         <size>0x38</size>
         <input_file_ref idref="fl-14"/>
      </object_component>
      <object_component id="oc-442">
         <name>.text:USBDCDRequestDataEP0</name>
         <load_address>0x3e64</load_address>
         <run_address>0x3e64</run_address>
         <size>0x38</size>
         <input_file_ref idref="fl-14"/>
      </object_component>
      <object_component id="oc-40e">
         <name>.text:USBDSetAddress</name>
         <load_address>0x3e9c</load_address>
         <run_address>0x3e9c</run_address>
         <size>0x38</size>
         <input_file_ref idref="fl-14"/>
      </object_component>
      <object_component id="oc-68">
         <name>.text:_c_int00_noargs:_c_int00_noargs</name>
         <load_address>0x3ed4</load_address>
         <run_address>0x3ed4</run_address>
         <size>0x38</size>
         <input_file_ref idref="fl-e0"/>
      </object_component>
      <object_component id="oc-454">
         <name>.text:CheckAndSendBreak</name>
         <load_address>0x3f0c</load_address>
         <run_address>0x3f0c</run_address>
         <size>0x36</size>
         <input_file_ref idref="fl-13"/>
      </object_component>
      <object_component id="oc-542">
         <name>.text:USBDCDConfigGetInterface</name>
         <load_address>0x3f42</load_address>
         <run_address>0x3f42</run_address>
         <size>0x36</size>
         <input_file_ref idref="fl-1c"/>
      </object_component>
      <object_component id="oc-4f2">
         <name>.text:USBRingBufRead</name>
         <load_address>0x3f78</load_address>
         <run_address>0x3f78</run_address>
         <size>0x36</size>
         <input_file_ref idref="fl-19"/>
      </object_component>
      <object_component id="oc-1cb">
         <name>.text:USBRingBufWrite</name>
         <load_address>0x3fae</load_address>
         <run_address>0x3fae</run_address>
         <size>0x36</size>
         <input_file_ref idref="fl-19"/>
      </object_component>
      <object_component id="oc-335">
         <name>.text:HandleDisconnect</name>
         <load_address>0x3fe4</load_address>
         <run_address>0x3fe4</run_address>
         <size>0x34</size>
         <input_file_ref idref="fl-13"/>
      </object_component>
      <object_component id="oc-2b6">
         <name>.text:USBRingBufUsed</name>
         <load_address>0x4018</load_address>
         <run_address>0x4018</run_address>
         <size>0x32</size>
         <input_file_ref idref="fl-19"/>
      </object_component>
      <object_component id="oc-448">
         <name>.text:USBDCDSendDataEP0</name>
         <load_address>0x404c</load_address>
         <run_address>0x404c</run_address>
         <size>0x30</size>
         <input_file_ref idref="fl-14"/>
      </object_component>
      <object_component id="oc-373">
         <name>.text:SendLineCodingChange</name>
         <load_address>0x407c</load_address>
         <run_address>0x407c</run_address>
         <size>0x2e</size>
         <input_file_ref idref="fl-13"/>
      </object_component>
      <object_component id="oc-36d">
         <name>.text:SendLineStateChange</name>
         <load_address>0x40aa</load_address>
         <run_address>0x40aa</run_address>
         <size>0x2e</size>
         <input_file_ref idref="fl-13"/>
      </object_component>
      <object_component id="oc-50e">
         <name>.text:USBRingBufAdvanceRead</name>
         <load_address>0x40d8</load_address>
         <run_address>0x40d8</run_address>
         <size>0x2e</size>
         <input_file_ref idref="fl-19"/>
      </object_component>
      <object_component id="oc-2c5">
         <name>.text:USBRingBufContigUsed</name>
         <load_address>0x4106</load_address>
         <run_address>0x4106</run_address>
         <size>0x2e</size>
         <input_file_ref idref="fl-19"/>
      </object_component>
      <object_component id="oc-311">
         <name>.text:GPIODirModeSet</name>
         <load_address>0x4134</load_address>
         <run_address>0x4134</run_address>
         <size>0x2c</size>
         <input_file_ref idref="fl-21"/>
      </object_component>
      <object_component id="oc-3b8">
         <name>.text:HandleDataRemaining</name>
         <load_address>0x4160</load_address>
         <run_address>0x4160</run_address>
         <size>0x2c</size>
         <input_file_ref idref="fl-16"/>
      </object_component>
      <object_component id="oc-1db">
         <name>.text:TxHandlerCmd</name>
         <load_address>0x418c</load_address>
         <run_address>0x418c</run_address>
         <size>0x2c</size>
         <input_file_ref idref="fl-2"/>
      </object_component>
      <object_component id="oc-367">
         <name>.text:DeviceConsumedAllData</name>
         <load_address>0x41b8</load_address>
         <run_address>0x41b8</run_address>
         <size>0x2a</size>
         <input_file_ref idref="fl-13"/>
      </object_component>
      <object_component id="oc-2fb">
         <name>.text:USBDCDStallEP0</name>
         <load_address>0x41e4</load_address>
         <run_address>0x41e4</run_address>
         <size>0x28</size>
         <input_file_ref idref="fl-14"/>
      </object_component>
      <object_component id="oc-41a">
         <name>.text:USBDSetDescriptor</name>
         <load_address>0x420c</load_address>
         <run_address>0x420c</run_address>
         <size>0x28</size>
         <input_file_ref idref="fl-14"/>
      </object_component>
      <object_component id="oc-438">
         <name>.text:USBDSyncFrame</name>
         <load_address>0x4234</load_address>
         <run_address>0x4234</run_address>
         <size>0x28</size>
         <input_file_ref idref="fl-14"/>
      </object_component>
      <object_component id="oc-5a1">
         <name>.text:USBRingBufReadOne</name>
         <load_address>0x425c</load_address>
         <run_address>0x425c</run_address>
         <size>0x26</size>
         <input_file_ref idref="fl-19"/>
      </object_component>
      <object_component id="oc-2be">
         <name>.text:USBRingBufWriteOne</name>
         <load_address>0x4282</load_address>
         <run_address>0x4282</run_address>
         <size>0x26</size>
         <input_file_ref idref="fl-19"/>
      </object_component>
      <object_component id="oc-3ab">
         <name>.text:GetLineCoding</name>
         <load_address>0x42a8</load_address>
         <run_address>0x42a8</run_address>
         <size>0x24</size>
         <input_file_ref idref="fl-2"/>
      </object_component>
      <object_component id="oc-88">
         <name>.text:USB0_IRQDeviceHandler</name>
         <load_address>0x42cc</load_address>
         <run_address>0x42cc</run_address>
         <size>0x24</size>
         <input_file_ref idref="fl-15"/>
      </object_component>
      <object_component id="oc-1e7">
         <name>.text:USBDCDCTxPacketAvailable</name>
         <load_address>0x42f0</load_address>
         <run_address>0x42f0</run_address>
         <size>0x24</size>
         <input_file_ref idref="fl-13"/>
      </object_component>
      <object_component id="oc-244">
         <name>.text:USBRingBufInit</name>
         <load_address>0x4314</load_address>
         <run_address>0x4314</run_address>
         <size>0x24</size>
         <input_file_ref idref="fl-19"/>
      </object_component>
      <object_component id="oc-45c">
         <name>.text:CheckAndSendLineCodingChange</name>
         <load_address>0x4338</load_address>
         <run_address>0x4338</run_address>
         <size>0x20</size>
         <input_file_ref idref="fl-13"/>
      </object_component>
      <object_component id="oc-44e">
         <name>.text:CheckAndSendLineStateChange</name>
         <load_address>0x4358</load_address>
         <run_address>0x4358</run_address>
         <size>0x20</size>
         <input_file_ref idref="fl-13"/>
      </object_component>
      <object_component id="oc-7c">
         <name>.text:SystemInit</name>
         <load_address>0x4378</load_address>
         <run_address>0x4378</run_address>
         <size>0x20</size>
         <input_file_ref idref="fl-4"/>
      </object_component>
      <object_component id="oc-4fa">
         <name>.text:USBRingBufFlush</name>
         <load_address>0x4398</load_address>
         <run_address>0x4398</run_address>
         <size>0x20</size>
         <input_file_ref idref="fl-19"/>
      </object_component>
      <object_component id="oc-23c">
         <name>.text:_SysCtlMemTimingGet</name>
         <load_address>0x43b8</load_address>
         <run_address>0x43b8</run_address>
         <size>0x20</size>
         <input_file_ref idref="fl-23"/>
      </object_component>
      <object_component id="oc-1a2">
         <name>.text:USBBufferInit</name>
         <load_address>0x43d8</load_address>
         <run_address>0x43d8</run_address>
         <size>0x1e</size>
         <input_file_ref idref="fl-16"/>
      </object_component>
      <object_component id="oc-492">
         <name>.text:USBULPIRegRead</name>
         <load_address>0x43f6</load_address>
         <run_address>0x43f6</run_address>
         <size>0x1e</size>
         <input_file_ref idref="fl-25"/>
      </object_component>
      <object_component id="oc-493">
         <name>.text:USBULPIRegWrite</name>
         <load_address>0x4414</load_address>
         <run_address>0x4414</run_address>
         <size>0x1e</size>
         <input_file_ref idref="fl-25"/>
      </object_component>
      <object_component id="oc-32f">
         <name>.text:HandleResume</name>
         <load_address>0x4432</load_address>
         <run_address>0x4432</run_address>
         <size>0x1c</size>
         <input_file_ref idref="fl-13"/>
      </object_component>
      <object_component id="oc-329">
         <name>.text:HandleSuspend</name>
         <load_address>0x444e</load_address>
         <run_address>0x444e</run_address>
         <size>0x1c</size>
         <input_file_ref idref="fl-13"/>
      </object_component>
      <object_component id="oc-4d4">
         <name>.text:DMAUSBIntStatusClear</name>
         <load_address>0x446a</load_address>
         <run_address>0x446a</run_address>
         <size>0x1a</size>
         <input_file_ref idref="fl-17"/>
      </object_component>
      <object_component id="oc-3be">
         <name>.text:HandleTxComplete</name>
         <load_address>0x4484</load_address>
         <run_address>0x4484</run_address>
         <size>0x1a</size>
         <input_file_ref idref="fl-16"/>
      </object_component>
      <object_component id="oc-242">
         <name>.text:GPIOPinTypeEthernetLED</name>
         <load_address>0x449e</load_address>
         <run_address>0x449e</run_address>
         <size>0x16</size>
         <input_file_ref idref="fl-21"/>
      </object_component>
      <object_component id="oc-1c5">
         <name>.text:USBRingBufFree</name>
         <load_address>0x44b4</load_address>
         <run_address>0x44b4</run_address>
         <size>0x16</size>
         <input_file_ref idref="fl-19"/>
      </object_component>
      <object_component id="oc-1a1">
         <name>.text:SysTickEnable</name>
         <load_address>0x44cc</load_address>
         <run_address>0x44cc</run_address>
         <size>0x14</size>
         <input_file_ref idref="fl-24"/>
      </object_component>
      <object_component id="oc-1a0">
         <name>.text:SysTickIntEnable</name>
         <load_address>0x44e0</load_address>
         <run_address>0x44e0</run_address>
         <size>0x14</size>
         <input_file_ref idref="fl-24"/>
      </object_component>
      <object_component id="oc-608">
         <name>.text:_USBIndexWrite</name>
         <load_address>0x44f4</load_address>
         <run_address>0x44f4</run_address>
         <size>0x14</size>
         <input_file_ref idref="fl-25"/>
      </object_component>
      <object_component id="oc-4b6">
         <name>.text:iDMAUSBChannelIntDisable</name>
         <load_address>0x4508</load_address>
         <run_address>0x4508</run_address>
         <size>0x14</size>
         <input_file_ref idref="fl-17"/>
      </object_component>
      <object_component id="oc-4b0">
         <name>.text:iDMAUSBChannelIntEnable</name>
         <load_address>0x451c</load_address>
         <run_address>0x451c</run_address>
         <size>0x14</size>
         <input_file_ref idref="fl-17"/>
      </object_component>
      <object_component id="oc-3a5">
         <name>.text:USBBufferFlush</name>
         <load_address>0x4530</load_address>
         <run_address>0x4530</run_address>
         <size>0x12</size>
         <input_file_ref idref="fl-16"/>
      </object_component>
      <object_component id="oc-590">
         <name>.text:USBDMAChannelConfigSet</name>
         <load_address>0x4542</load_address>
         <run_address>0x4542</run_address>
         <size>0x12</size>
         <input_file_ref idref="fl-25"/>
      </object_component>
      <object_component id="oc-57a">
         <name>.text:USBDMAChannelDisable</name>
         <load_address>0x4554</load_address>
         <run_address>0x4554</run_address>
         <size>0x12</size>
         <input_file_ref idref="fl-25"/>
      </object_component>
      <object_component id="oc-580">
         <name>.text:USBDMAChannelEnable</name>
         <load_address>0x4566</load_address>
         <run_address>0x4566</run_address>
         <size>0x12</size>
         <input_file_ref idref="fl-25"/>
      </object_component>
      <object_component id="oc-57c">
         <name>.text:USBDMAChannelIntDisable</name>
         <load_address>0x4578</load_address>
         <run_address>0x4578</run_address>
         <size>0x12</size>
         <input_file_ref idref="fl-25"/>
      </object_component>
      <object_component id="oc-57f">
         <name>.text:USBDMAChannelIntEnable</name>
         <load_address>0x458a</load_address>
         <run_address>0x458a</run_address>
         <size>0x12</size>
         <input_file_ref idref="fl-25"/>
      </object_component>
      <object_component id="oc-524">
         <name>.text:IntMasterDisable</name>
         <load_address>0x459c</load_address>
         <run_address>0x459c</run_address>
         <size>0x10</size>
         <input_file_ref idref="fl-22"/>
      </object_component>
      <object_component id="oc-525">
         <name>.text:IntMasterEnable</name>
         <load_address>0x45ac</load_address>
         <run_address>0x45ac</run_address>
         <size>0x10</size>
         <input_file_ref idref="fl-22"/>
      </object_component>
      <object_component id="oc-19f">
         <name>.text:SysTickPeriodSet</name>
         <load_address>0x45bc</load_address>
         <run_address>0x45bc</run_address>
         <size>0x10</size>
         <input_file_ref idref="fl-24"/>
      </object_component>
      <object_component id="oc-30">
         <name>.text:SysTick_Handler</name>
         <load_address>0x45cc</load_address>
         <run_address>0x45cc</run_address>
         <size>0x10</size>
         <input_file_ref idref="fl-2"/>
      </object_component>
      <object_component id="oc-585">
         <name>.text:USBDMAChannelStatus</name>
         <load_address>0x45dc</load_address>
         <run_address>0x45dc</run_address>
         <size>0xe</size>
         <input_file_ref idref="fl-25"/>
      </object_component>
      <object_component id="oc-389">
         <name>.text:USBDevLPMDisable</name>
         <load_address>0x45ea</load_address>
         <run_address>0x45ea</run_address>
         <size>0xe</size>
         <input_file_ref idref="fl-25"/>
      </object_component>
      <object_component id="oc-186">
         <name>.text:USBDevLPMEnable</name>
         <load_address>0x45f8</load_address>
         <run_address>0x45f8</run_address>
         <size>0xe</size>
         <input_file_ref idref="fl-25"/>
      </object_component>
      <object_component id="oc-386">
         <name>.text:USBULPIDisable</name>
         <load_address>0x4606</load_address>
         <run_address>0x4606</run_address>
         <size>0xe</size>
         <input_file_ref idref="fl-25"/>
      </object_component>
      <object_component id="oc-37f">
         <name>.text:USBULPIEnable</name>
         <load_address>0x4614</load_address>
         <run_address>0x4614</run_address>
         <size>0xe</size>
         <input_file_ref idref="fl-25"/>
      </object_component>
      <object_component id="oc-18">
         <name>.text:decompress:none:__TI_decompress_none</name>
         <load_address>0x4622</load_address>
         <run_address>0x4622</run_address>
         <size>0xe</size>
         <input_file_ref idref="fl-de"/>
      </object_component>
      <object_component id="oc-498">
         <name>.text:iDMAUSBArbSizeSet</name>
         <load_address>0x4630</load_address>
         <run_address>0x4630</run_address>
         <size>0xe</size>
         <input_file_ref idref="fl-17"/>
      </object_component>
      <object_component id="oc-4ce">
         <name>.text:iDMAUSBIntStatus</name>
         <load_address>0x463e</load_address>
         <run_address>0x463e</run_address>
         <size>0xe</size>
         <input_file_ref idref="fl-17"/>
      </object_component>
      <object_component id="oc-4e6">
         <name>.text:iDMAUSBUnitSizeSet</name>
         <load_address>0x464c</load_address>
         <run_address>0x464c</run_address>
         <size>0xe</size>
         <input_file_ref idref="fl-17"/>
      </object_component>
      <object_component id="oc-5ac">
         <name>.text:CPUcpsid</name>
         <load_address>0x465a</load_address>
         <run_address>0x465a</run_address>
         <size>0xc</size>
         <input_file_ref idref="fl-26"/>
      </object_component>
      <object_component id="oc-5ad">
         <name>.text:CPUcpsie</name>
         <load_address>0x4666</load_address>
         <run_address>0x4666</run_address>
         <size>0xc</size>
         <input_file_ref idref="fl-26"/>
      </object_component>
      <object_component id="oc-4da">
         <name>.text:DMAUSBStatus</name>
         <load_address>0x4672</load_address>
         <run_address>0x4672</run_address>
         <size>0xc</size>
         <input_file_ref idref="fl-17"/>
      </object_component>
      <object_component id="oc-24">
         <name>.text:Reset_Handler</name>
         <load_address>0x467e</load_address>
         <run_address>0x467e</run_address>
         <size>0xc</size>
         <input_file_ref idref="fl-7"/>
      </object_component>
      <object_component id="oc-58e">
         <name>.text:USBEndpointPacketCountSet</name>
         <load_address>0x468a</load_address>
         <run_address>0x468a</run_address>
         <size>0xc</size>
         <input_file_ref idref="fl-25"/>
      </object_component>
      <object_component id="oc-388">
         <name>.text:USBLPMIntEnable</name>
         <load_address>0x4696</load_address>
         <run_address>0x4696</run_address>
         <size>0xc</size>
         <input_file_ref idref="fl-25"/>
      </object_component>
      <object_component id="oc-5c">
         <name>.text:decompress:ZI:__TI_zero_init</name>
         <load_address>0x46a2</load_address>
         <run_address>0x46a2</run_address>
         <size>0xc</size>
         <input_file_ref idref="fl-dd"/>
      </object_component>
      <object_component id="oc-37e">
         <name>.text:USBClockEnable</name>
         <load_address>0x46ae</load_address>
         <run_address>0x46ae</run_address>
         <size>0xa</size>
         <input_file_ref idref="fl-25"/>
      </object_component>
      <object_component id="oc-58c">
         <name>.text:USBDMAChannelAddressSet</name>
         <load_address>0x46b8</load_address>
         <run_address>0x46b8</run_address>
         <size>0xa</size>
         <input_file_ref idref="fl-25"/>
      </object_component>
      <object_component id="oc-58d">
         <name>.text:USBDMAChannelCountSet</name>
         <load_address>0x46c2</load_address>
         <run_address>0x46c2</run_address>
         <size>0xa</size>
         <input_file_ref idref="fl-25"/>
      </object_component>
      <object_component id="oc-36">
         <name>.text:USB0_IRQHandler</name>
         <load_address>0x46cc</load_address>
         <run_address>0x46cc</run_address>
         <size>0x8</size>
         <input_file_ref idref="fl-2"/>
      </object_component>
      <object_component id="oc-588">
         <name>.text:USBDMAChannelIntStatus</name>
         <load_address>0x46d4</load_address>
         <run_address>0x46d4</run_address>
         <size>0x6</size>
         <input_file_ref idref="fl-25"/>
      </object_component>
      <object_component id="oc-387">
         <name>.text:USBDevLPMConfig</name>
         <load_address>0x46da</load_address>
         <run_address>0x46da</run_address>
         <size>0x6</size>
         <input_file_ref idref="fl-25"/>
      </object_component>
      <object_component id="oc-185">
         <name>.text:USBLPMIntStatus</name>
         <load_address>0x46e0</load_address>
         <run_address>0x46e0</run_address>
         <size>0x6</size>
         <input_file_ref idref="fl-25"/>
      </object_component>
      <object_component id="oc-b6">
         <name>.text:_system_pre_init</name>
         <load_address>0x46e6</load_address>
         <run_address>0x46e6</run_address>
         <size>0x4</size>
         <input_file_ref idref="fl-e5"/>
      </object_component>
      <object_component id="oc-109">
         <name>.text:abort:abort</name>
         <load_address>0x46ea</load_address>
         <run_address>0x46ea</run_address>
         <size>0x4</size>
         <input_file_ref idref="fl-e7"/>
      </object_component>
      <object_component id="oc-23f">
         <name>.const:g_pppui32XTALtoVCO</name>
         <load_address>0x46f0</load_address>
         <run_address>0x46f0</run_address>
         <size>0x1b0</size>
         <input_file_ref idref="fl-23"/>
      </object_component>
      <object_component id="oc-3da">
         <name>.const:.string:g_pui8ConfigString</name>
         <load_address>0x48a0</load_address>
         <run_address>0x48a0</run_address>
         <size>0x36</size>
         <input_file_ref idref="fl-5"/>
      </object_component>
      <object_component id="oc-304">
         <name>.const:g_psUSBDStdRequests</name>
         <load_address>0x48d8</load_address>
         <run_address>0x48d8</run_address>
         <size>0x34</size>
         <input_file_ref idref="fl-14"/>
      </object_component>
      <object_component id="oc-263">
         <name>.const:g_sCDCHandlers</name>
         <load_address>0x490c</load_address>
         <run_address>0x490c</run_address>
         <size>0x30</size>
         <input_file_ref idref="fl-13"/>
      </object_component>
      <object_component id="oc-310">
         <name>.const:g_sXTALtoMEMTIM</name>
         <load_address>0x493c</load_address>
         <run_address>0x493c</run_address>
         <size>0x30</size>
         <input_file_ref idref="fl-23"/>
      </object_component>
      <object_component id="oc-3d7">
         <name>.const:.string:g_pui8ControlInterfaceString</name>
         <load_address>0x496c</load_address>
         <run_address>0x496c</run_address>
         <size>0x2c</size>
         <input_file_ref idref="fl-5"/>
      </object_component>
      <object_component id="oc-23e">
         <name>.const:g_pui32Xtals</name>
         <load_address>0x4998</load_address>
         <run_address>0x4998</run_address>
         <size>0x28</size>
         <input_file_ref idref="fl-23"/>
      </object_component>
      <object_component id="oc-3ce">
         <name>.const:.string:g_pui8ManufacturerString</name>
         <load_address>0x49c0</load_address>
         <run_address>0x49c0</run_address>
         <size>0x24</size>
         <input_file_ref idref="fl-5"/>
      </object_component>
      <object_component id="oc-5dd">
         <name>.const:.string:g_pui8CDCSerCommInterface</name>
         <load_address>0x49e4</load_address>
         <run_address>0x49e4</run_address>
         <size>0x23</size>
         <input_file_ref idref="fl-13"/>
      </object_component>
      <object_component id="oc-3d1">
         <name>.const:.string:g_pui8ProductString</name>
         <load_address>0x4a07</load_address>
         <run_address>0x4a07</run_address>
         <size>0x22</size>
         <input_file_ref idref="fl-5"/>
      </object_component>
      <object_component id="oc-2b1">
         <name>.const:g_pui8StringDescriptors</name>
         <load_address>0x4a2c</load_address>
         <run_address>0x4a2c</run_address>
         <size>0x18</size>
         <input_file_ref idref="fl-5"/>
      </object_component>
      <object_component id="oc-5e2">
         <name>.const:.string:g_pui8CDCSerDataInterface</name>
         <load_address>0x4a44</load_address>
         <run_address>0x4a44</run_address>
         <size>0x17</size>
         <input_file_ref idref="fl-13"/>
      </object_component>
      <object_component id="oc-5e7">
         <name>.const:.string:g_pui8CDCSerDataInterfaceHS</name>
         <load_address>0x4a5b</load_address>
         <run_address>0x4a5b</run_address>
         <size>0x17</size>
         <input_file_ref idref="fl-13"/>
      </object_component>
      <object_component id="oc-5f1">
         <name>.const:g_pui32EnRegs</name>
         <load_address>0x4a74</load_address>
         <run_address>0x4a74</run_address>
         <size>0x14</size>
         <input_file_ref idref="fl-22"/>
      </object_component>
      <object_component id="oc-3d4">
         <name>.const:.string:g_pui8SerialNumberString</name>
         <load_address>0x4a88</load_address>
         <run_address>0x4a88</run_address>
         <size>0x12</size>
         <input_file_ref idref="fl-5"/>
      </object_component>
      <object_component id="oc-240">
         <name>.const:g_pui32VCOFrequencies</name>
         <load_address>0x4a9c</load_address>
         <run_address>0x4a9c</run_address>
         <size>0x8</size>
         <input_file_ref idref="fl-23"/>
      </object_component>
      <object_component id="oc-357">
         <name>.const:g_sCDCCompSerConfigHeader</name>
         <load_address>0x4aa4</load_address>
         <run_address>0x4aa4</run_address>
         <size>0x8</size>
         <input_file_ref idref="fl-13"/>
      </object_component>
      <object_component id="oc-35c">
         <name>.const:g_sCDCCompSerConfigHeaderHS</name>
         <load_address>0x4aac</load_address>
         <run_address>0x4aac</run_address>
         <size>0x8</size>
         <input_file_ref idref="fl-13"/>
      </object_component>
      <object_component id="oc-563">
         <name>.const:g_sCDCSerCommInterfaceSection</name>
         <load_address>0x4ab4</load_address>
         <run_address>0x4ab4</run_address>
         <size>0x8</size>
         <input_file_ref idref="fl-13"/>
      </object_component>
      <object_component id="oc-34d">
         <name>.const:g_sCDCSerConfigHeader</name>
         <load_address>0x4abc</load_address>
         <run_address>0x4abc</run_address>
         <size>0x8</size>
         <input_file_ref idref="fl-13"/>
      </object_component>
      <object_component id="oc-352">
         <name>.const:g_sCDCSerConfigHeaderHS</name>
         <load_address>0x4ac4</load_address>
         <run_address>0x4ac4</run_address>
         <size>0x8</size>
         <input_file_ref idref="fl-13"/>
      </object_component>
      <object_component id="oc-560">
         <name>.const:g_sCDCSerConfigSection</name>
         <load_address>0x4acc</load_address>
         <run_address>0x4acc</run_address>
         <size>0x8</size>
         <input_file_ref idref="fl-13"/>
      </object_component>
      <object_component id="oc-566">
         <name>.const:g_sCDCSerDataInterfaceSection</name>
         <load_address>0x4ad4</load_address>
         <run_address>0x4ad4</run_address>
         <size>0x8</size>
         <input_file_ref idref="fl-13"/>
      </object_component>
      <object_component id="oc-56b">
         <name>.const:g_sCDCSerDataInterfaceSectionHS</name>
         <load_address>0x4adc</load_address>
         <run_address>0x4adc</run_address>
         <size>0x8</size>
         <input_file_ref idref="fl-13"/>
      </object_component>
      <object_component id="oc-570">
         <name>.const:g_sIADSerConfigSection</name>
         <load_address>0x4ae4</load_address>
         <run_address>0x4ae4</run_address>
         <size>0x8</size>
         <input_file_ref idref="fl-13"/>
      </object_component>
      <object_component id="oc-3cb">
         <name>.const:.string:g_pui8LangDescriptor</name>
         <load_address>0x4aec</load_address>
         <run_address>0x4aec</run_address>
         <size>0x4</size>
         <input_file_ref idref="fl-5"/>
      </object_component>
      <object_component id="oc-272">
         <name>.const:g_pCDCCompSerConfigDescriptors</name>
         <load_address>0x4af0</load_address>
         <run_address>0x4af0</run_address>
         <size>0x4</size>
         <input_file_ref idref="fl-13"/>
      </object_component>
      <object_component id="oc-275">
         <name>.const:g_pCDCCompSerConfigDescriptorsHS</name>
         <load_address>0x4af4</load_address>
         <run_address>0x4af4</run_address>
         <size>0x4</size>
         <input_file_ref idref="fl-13"/>
      </object_component>
      <object_component id="oc-26c">
         <name>.const:g_ppCDCSerConfigDescriptors</name>
         <load_address>0x4af8</load_address>
         <run_address>0x4af8</run_address>
         <size>0x4</size>
         <input_file_ref idref="fl-13"/>
      </object_component>
      <object_component id="oc-26f">
         <name>.const:g_ppCDCSerConfigDescriptorsHS</name>
         <load_address>0x4afc</load_address>
         <run_address>0x4afc</run_address>
         <size>0x4</size>
         <input_file_ref idref="fl-13"/>
      </object_component>
      <object_component id="oc-648">
         <name>.cinit..data.load</name>
         <load_address>0x4b00</load_address>
         <run_address>0x4b00</run_address>
         <size>0xa6</size>
      </object_component>
      <object_component id="oc-646">
         <name>__TI_handler_table</name>
         <load_address>0x4ba8</load_address>
         <run_address>0x4ba8</run_address>
         <size>0xc</size>
      </object_component>
      <object_component id="oc-649">
         <name>.cinit..bss.load</name>
         <load_address>0x4bb8</load_address>
         <run_address>0x4bb8</run_address>
         <size>0x8</size>
      </object_component>
      <object_component id="oc-647">
         <name>__TI_cinit_table</name>
         <load_address>0x4bc0</load_address>
         <run_address>0x4bc0</run_address>
         <size>0x10</size>
      </object_component>
      <object_component id="oc-84">
         <name>.data</name>
         <load_address>0x200007b0</load_address>
         <run_address>0x200007b0</run_address>
         <size>0x15</size>
         <input_file_ref idref="fl-2"/>
      </object_component>
      <object_component id="oc-ce">
         <name>.data</name>
         <load_address>0x20000844</load_address>
         <run_address>0x20000844</run_address>
         <size>0x4</size>
         <input_file_ref idref="fl-4"/>
      </object_component>
      <object_component id="oc-1c1">
         <name>.data:g_psCDCDevice</name>
         <load_address>0x200006e0</load_address>
         <run_address>0x200006e0</run_address>
         <size>0x60</size>
         <input_file_ref idref="fl-5"/>
      </object_component>
      <object_component id="oc-1be">
         <name>.data:g_psRxBuffer</name>
         <load_address>0x20000740</load_address>
         <run_address>0x20000740</run_address>
         <size>0x38</size>
         <input_file_ref idref="fl-5"/>
      </object_component>
      <object_component id="oc-105">
         <name>.data:g_psTxBuffer</name>
         <load_address>0x20000778</load_address>
         <run_address>0x20000778</run_address>
         <size>0x38</size>
         <input_file_ref idref="fl-5"/>
      </object_component>
      <object_component id="oc-266">
         <name>.data:g_pui8CDCSerDeviceDescriptor</name>
         <load_address>0x200007c5</load_address>
         <run_address>0x200007c5</run_address>
         <size>0x12</size>
         <input_file_ref idref="fl-13"/>
      </object_component>
      <object_component id="oc-28a">
         <name>.data:g_pui8CDCSerDescriptor</name>
         <load_address>0x2000081c</load_address>
         <run_address>0x2000081c</run_address>
         <size>0x9</size>
         <input_file_ref idref="fl-13"/>
      </object_component>
      <object_component id="oc-5ec">
         <name>.data:g_pui8IADSerDescriptor</name>
         <load_address>0x20000831</load_address>
         <run_address>0x20000831</run_address>
         <size>0x8</size>
         <input_file_ref idref="fl-13"/>
      </object_component>
      <object_component id="oc-47a">
         <name>.data:g_psCDCSerSections</name>
         <load_address>0x200007f8</load_address>
         <run_address>0x200007f8</run_address>
         <size>0xc</size>
         <input_file_ref idref="fl-13"/>
      </object_component>
      <object_component id="oc-47f">
         <name>.data:g_psCDCSerSectionsHS</name>
         <load_address>0x20000804</load_address>
         <run_address>0x20000804</run_address>
         <size>0xc</size>
         <input_file_ref idref="fl-13"/>
      </object_component>
      <object_component id="oc-484">
         <name>.data:g_psCDCCompSerSections</name>
         <load_address>0x200007d8</load_address>
         <run_address>0x200007d8</run_address>
         <size>0x10</size>
         <input_file_ref idref="fl-13"/>
      </object_component>
      <object_component id="oc-489">
         <name>.data:g_psCDCCompSerSectionsHS</name>
         <load_address>0x200007e8</load_address>
         <run_address>0x200007e8</run_address>
         <size>0x10</size>
         <input_file_ref idref="fl-13"/>
      </object_component>
      <object_component id="oc-269">
         <name>.data</name>
         <load_address>0x20000826</load_address>
         <run_address>0x20000826</run_address>
         <size>0x2</size>
         <input_file_ref idref="fl-13"/>
      </object_component>
      <object_component id="oc-194">
         <name>.data</name>
         <load_address>0x2000083c</load_address>
         <run_address>0x2000083c</run_address>
         <size>0x8</size>
         <input_file_ref idref="fl-14"/>
      </object_component>
      <object_component id="oc-390">
         <name>.data</name>
         <load_address>0x20000828</load_address>
         <run_address>0x20000828</run_address>
         <size>0x9</size>
         <input_file_ref idref="fl-18"/>
      </object_component>
      <object_component id="oc-191">
         <name>.data</name>
         <load_address>0x20000810</load_address>
         <run_address>0x20000810</run_address>
         <size>0xc</size>
         <input_file_ref idref="fl-1a"/>
      </object_component>
      <object_component id="oc-102">
         <name>.bss:g_pcCmdBuf</name>
         <uninitialized>true</uninitialized>
         <run_address>0x20000110</run_address>
         <size>0x100</size>
         <input_file_ref idref="fl-2"/>
      </object_component>
      <object_component id="oc-1bb">
         <name>.bss</name>
         <uninitialized>true</uninitialized>
         <run_address>0x200004d0</run_address>
         <size>0x4</size>
         <input_file_ref idref="fl-2"/>
      </object_component>
      <object_component id="oc-301">
         <name>.bss:g_pui8DataBufferIn</name>
         <uninitialized>true</uninitialized>
         <run_address>0x20000460</run_address>
         <size>0x40</size>
         <input_file_ref idref="fl-14"/>
      </object_component>
      <object_component id="oc-280">
         <name>.bss</name>
         <uninitialized>true</uninitialized>
         <run_address>0x200004d4</run_address>
         <size>0x4</size>
         <input_file_ref idref="fl-14"/>
      </object_component>
      <object_component id="oc-495">
         <name>.bss:g_psUSBDMAInst</name>
         <uninitialized>true</uninitialized>
         <run_address>0x20000000</run_address>
         <size>0x110</size>
         <input_file_ref idref="fl-17"/>
      </object_component>
      <object_component id="oc-2a2">
         <name>.common:g_ppui8USBRxBuffer</name>
         <uninitialized>true</uninitialized>
         <run_address>0x20000310</run_address>
         <size>0x100</size>
      </object_component>
      <object_component id="oc-1ed">
         <name>.common:g_ppcUSBTxBuffer</name>
         <uninitialized>true</uninitialized>
         <run_address>0x20000210</run_address>
         <size>0x100</size>
      </object_component>
      <object_component id="oc-190">
         <name>.common:g_psDCDInst</name>
         <uninitialized>true</uninitialized>
         <run_address>0x20000410</run_address>
         <size>0x50</size>
      </object_component>
      <object_component id="oc-18d">
         <name>.common:g_ppsDevInfo</name>
         <uninitialized>true</uninitialized>
         <run_address>0x200004d8</run_address>
         <size>0x4</size>
      </object_component>
      <object_component id="oc-214">
         <name>.common:g_pfnTickHandlers</name>
         <uninitialized>true</uninitialized>
         <run_address>0x200004a0</run_address>
         <size>0x18</size>
      </object_component>
      <object_component id="oc-217">
         <name>.common:g_pvTickInstance</name>
         <uninitialized>true</uninitialized>
         <run_address>0x200004b8</run_address>
         <size>0x18</size>
      </object_component>
      <object_component id="oc-21">
         <name>.stack</name>
         <uninitialized>true</uninitialized>
         <run_address>0x200004e0</run_address>
         <size>0x4</size>
         <input_file_ref idref="fl-e0"/>
      </object_component>
      <object_component id="oc-64a">
         <name>.stack</name>
         <uninitialized>true</uninitialized>
         <run_address>0x200004e0</run_address>
         <size>0x0</size>
      </object_component>
      <object_component id="oc-d4">
         <name>.debug_info</name>
         <load_address>0x0</load_address>
         <run_address>0x0</run_address>
         <size>0xd08</size>
         <input_file_ref idref="fl-2"/>
      </object_component>
      <object_component id="oc-85">
         <name>.debug_info</name>
         <load_address>0xd08</load_address>
         <run_address>0xd08</run_address>
         <size>0x1e8</size>
         <input_file_ref idref="fl-2"/>
      </object_component>
      <object_component id="oc-103">
         <name>.debug_info</name>
         <load_address>0xef0</load_address>
         <run_address>0xef0</run_address>
         <size>0xed</size>
         <input_file_ref idref="fl-2"/>
      </object_component>
      <object_component id="oc-1bc">
         <name>.debug_info</name>
         <load_address>0xfdd</load_address>
         <run_address>0xfdd</run_address>
         <size>0xed</size>
         <input_file_ref idref="fl-2"/>
      </object_component>
      <object_component id="oc-37">
         <name>.debug_info</name>
         <load_address>0x10ca</load_address>
         <run_address>0x10ca</run_address>
         <size>0x13e</size>
         <input_file_ref idref="fl-2"/>
      </object_component>
      <object_component id="oc-31">
         <name>.debug_info</name>
         <load_address>0x1208</load_address>
         <run_address>0x1208</run_address>
         <size>0x122</size>
         <input_file_ref idref="fl-2"/>
      </object_component>
      <object_component id="oc-3ac">
         <name>.debug_info</name>
         <load_address>0x132a</load_address>
         <run_address>0x132a</run_address>
         <size>0x160</size>
         <input_file_ref idref="fl-2"/>
      </object_component>
      <object_component id="oc-2a6">
         <name>.debug_info</name>
         <load_address>0x148a</load_address>
         <run_address>0x148a</run_address>
         <size>0x249</size>
         <input_file_ref idref="fl-2"/>
      </object_component>
      <object_component id="oc-1dc">
         <name>.debug_info</name>
         <load_address>0x16d3</load_address>
         <run_address>0x16d3</run_address>
         <size>0x207</size>
         <input_file_ref idref="fl-2"/>
      </object_component>
      <object_component id="oc-291">
         <name>.debug_info</name>
         <load_address>0x18da</load_address>
         <run_address>0x18da</run_address>
         <size>0x257</size>
         <input_file_ref idref="fl-2"/>
      </object_component>
      <object_component id="oc-f7">
         <name>.debug_info</name>
         <load_address>0x1b31</load_address>
         <run_address>0x1b31</run_address>
         <size>0x241</size>
         <input_file_ref idref="fl-2"/>
      </object_component>
      <object_component id="oc-bd">
         <name>.debug_info</name>
         <load_address>0x1d72</load_address>
         <run_address>0x1d72</run_address>
         <size>0x18e</size>
         <input_file_ref idref="fl-2"/>
      </object_component>
      <object_component id="oc-14b">
         <name>.debug_info</name>
         <load_address>0x1f00</load_address>
         <run_address>0x1f00</run_address>
         <size>0x33f</size>
         <input_file_ref idref="fl-2"/>
      </object_component>
      <object_component id="oc-150">
         <name>.debug_info</name>
         <load_address>0x223f</load_address>
         <run_address>0x223f</run_address>
         <size>0x234</size>
         <input_file_ref idref="fl-2"/>
      </object_component>
      <object_component id="oc-155">
         <name>.debug_info</name>
         <load_address>0x2473</load_address>
         <run_address>0x2473</run_address>
         <size>0xa85</size>
         <input_file_ref idref="fl-2"/>
      </object_component>
      <object_component id="oc-15a">
         <name>.debug_info</name>
         <load_address>0x2ef8</load_address>
         <run_address>0x2ef8</run_address>
         <size>0x8c</size>
         <input_file_ref idref="fl-2"/>
      </object_component>
      <object_component id="oc-15f">
         <name>.debug_info</name>
         <load_address>0x2f84</load_address>
         <run_address>0x2f84</run_address>
         <size>0xe4</size>
         <input_file_ref idref="fl-2"/>
      </object_component>
      <object_component id="oc-91">
         <name>.debug_info</name>
         <load_address>0x3068</load_address>
         <run_address>0x3068</run_address>
         <size>0x26b</size>
         <input_file_ref idref="fl-2"/>
      </object_component>
      <object_component id="oc-164">
         <name>.debug_info</name>
         <load_address>0x32d3</load_address>
         <run_address>0x32d3</run_address>
         <size>0x1055</size>
         <input_file_ref idref="fl-2"/>
      </object_component>
      <object_component id="oc-16e">
         <name>.debug_info</name>
         <load_address>0x4328</load_address>
         <run_address>0x4328</run_address>
         <size>0x186</size>
         <input_file_ref idref="fl-2"/>
      </object_component>
      <object_component id="oc-e1">
         <name>.debug_info</name>
         <load_address>0x44ae</load_address>
         <run_address>0x44ae</run_address>
         <size>0x8b</size>
         <input_file_ref idref="fl-2"/>
      </object_component>
      <object_component id="oc-dc">
         <name>.debug_info</name>
         <load_address>0x4539</load_address>
         <run_address>0x4539</run_address>
         <size>0x297</size>
         <input_file_ref idref="fl-2"/>
      </object_component>
      <object_component id="oc-96">
         <name>.debug_info</name>
         <load_address>0x47d0</load_address>
         <run_address>0x47d0</run_address>
         <size>0xbb</size>
         <input_file_ref idref="fl-2"/>
      </object_component>
      <object_component id="oc-ed">
         <name>.debug_info</name>
         <load_address>0x488b</load_address>
         <run_address>0x488b</run_address>
         <size>0x2c</size>
         <input_file_ref idref="fl-2"/>
      </object_component>
      <object_component id="oc-169">
         <name>.debug_info</name>
         <load_address>0x48b7</load_address>
         <run_address>0x48b7</run_address>
         <size>0x35</size>
         <input_file_ref idref="fl-2"/>
      </object_component>
      <object_component id="oc-19a">
         <name>.debug_info</name>
         <load_address>0x48ec</load_address>
         <run_address>0x48ec</run_address>
         <size>0x2b8</size>
         <input_file_ref idref="fl-3"/>
      </object_component>
      <object_component id="oc-cf">
         <name>.debug_info</name>
         <load_address>0x4ba4</load_address>
         <run_address>0x4ba4</run_address>
         <size>0x106</size>
         <input_file_ref idref="fl-4"/>
      </object_component>
      <object_component id="oc-7d">
         <name>.debug_info</name>
         <load_address>0x4caa</load_address>
         <run_address>0x4caa</run_address>
         <size>0x142</size>
         <input_file_ref idref="fl-4"/>
      </object_component>
      <object_component id="oc-45">
         <name>.debug_info</name>
         <load_address>0x4dec</load_address>
         <run_address>0x4dec</run_address>
         <size>0x84</size>
         <input_file_ref idref="fl-4"/>
      </object_component>
      <object_component id="oc-1ee">
         <name>.debug_info</name>
         <load_address>0x4e70</load_address>
         <run_address>0x4e70</run_address>
         <size>0xad7</size>
         <input_file_ref idref="fl-5"/>
      </object_component>
      <object_component id="oc-3cc">
[...]
      <symbol id="sm-a04">
         <name>USBLPMIntEnable</name>
         <value>0x4697</value>
         <object_component_ref idref="oc-388"/>
      </symbol>
      <symbol id="sm-a05">
         <name>USBClockEnable</name>
         <value>0x46af</value>
         <object_component_ref idref="oc-37e"/>
      </symbol>
      <symbol id="sm-a06">
         <name>USBDMAChannelIntStatus</name>
         <value>0x46d5</value>
         <object_component_ref idref="oc-588"/>
      </symbol>
      <symbol id="sm-a07">
         <name>USBDMAChannelCountSet</name>
         <value>0x46c3</value>
         <object_component_ref idref="oc-58d"/>
      </symbol>
      <symbol id="sm-a08">
         <name>USBLPMIntStatus</name>
         <value>0x46e1</value>
         <object_component_ref idref="oc-185"/>
      </symbol>
      <symbol id="sm-a09">
         <name>USBDMAChannelAddressSet</name>
         <value>0x46b9</value>
         <object_component_ref idref="oc-58c"/>
      </symbol>
      <symbol id="sm-a0a">
         <name>USBULPIDisable</name>
         <value>0x4607</value>
         <object_component_ref idref="oc-386"/>
      </symbol>
      <symbol id="sm-a0b">
         <name>USBDMAChannelConfigSet</name>
         <value>0x4543</value>
         <object_component_ref idref="oc-590"/>
      </symbol>
      <symbol id="sm-a0c">
         <name>USBULPIRegRead</name>
         <value>0x43f7</value>
         <object_component_ref idref="oc-492"/>
      </symbol>
      <symbol id="sm-a0d">
         <name>USBULPIEnable</name>
         <value>0x4615</value>
         <object_component_ref idref="oc-37f"/>
      </symbol>
      <symbol id="sm-a0e">
         <name>USBDMAChannelStatus</name>
         <value>0x45dd</value>
         <object_component_ref idref="oc-585"/>
      </symbol>
      <symbol id="sm-a0f">
         <name>USBULPIRegWrite</name>
         <value>0x4415</value>
         <object_component_ref idref="oc-493"/>
      </symbol>
      <symbol id="sm-a10">
         <name>USBDMAChannelIntEnable</name>
         <value>0x458b</value>
         <object_component_ref idref="oc-57f"/>
      </symbol>
      <symbol id="sm-a11">
         <name>USBDevLPMConfig</name>
         <value>0x46db</value>
         <object_component_ref idref="oc-387"/>
      </symbol>
      <symbol id="sm-a12">
         <name>USBDevLPMEnable</name>
         <value>0x45f9</value>
         <object_component_ref idref="oc-186"/>
      </symbol>
      <symbol id="sm-a13">
         <name>USBFIFOConfigSet</name>
         <value>0x3dbb</value>
         <object_component_ref idref="oc-5c8"/>
      </symbol>
      <symbol id="sm-a14">
         <name>USBDevLPMDisable</name>
         <value>0x45eb</value>
         <object_component_ref idref="oc-389"/>
      </symbol>
      <symbol id="sm-a15">
         <name>USBEndpointPacketCountSet</name>
         <value>0x468b</value>
         <object_component_ref idref="oc-58e"/>
      </symbol>
      <symbol id="sm-a16">
         <name>USBDMAChannelIntDisable</name>
         <value>0x4579</value>
         <object_component_ref idref="oc-57c"/>
      </symbol>
      <symbol id="sm-a17">
         <name>USBEndpointDMAConfigSet</name>
         <value>0x3ad5</value>
         <object_component_ref idref="oc-58f"/>
      </symbol>
      <symbol id="sm-a18">
         <name>USBDevEndpointConfigSet</name>
         <value>0x2f43</value>
         <object_component_ref idref="oc-5c1"/>
      </symbol>
      <symbol id="sm-a19">
         <name>USBDMAChannelDisable</name>
         <value>0x4555</value>
         <object_component_ref idref="oc-57a"/>
      </symbol>
      <symbol id="sm-a1a">
         <name>USBDMAChannelEnable</name>
         <value>0x4567</value>
         <object_component_ref idref="oc-580"/>
      </symbol>
      <symbol id="sm-a20">
         <name>CPUcpsie</name>
         <value>0x4667</value>
         <object_component_ref idref="oc-5ad"/>
      </symbol>
      <symbol id="sm-a21">
         <name>CPUcpsid</name>
         <value>0x465b</value>
         <object_component_ref idref="oc-5ac"/>
      </symbol>
      <symbol id="sm-a34">
         <name>__TI_zero_init</name>
         <value>0x46a3</value>
         <object_component_ref idref="oc-5c"/>
      </symbol>
      <symbol id="sm-a4b">
         <name>__TI_decompress_none</name>
         <value>0x4623</value>
         <object_component_ref idref="oc-18"/>
      </symbol>
      <symbol id="sm-a6e">
         <name>__TI_decompress_lzss</name>
         <value>0x3559</value>
         <object_component_ref idref="oc-12"/>
      </symbol>
      <symbol id="sm-a81">
         <name>__stack</name>
         <value>0x200004e0</value>
         <object_component_ref idref="oc-21"/>
      </symbol>
      <symbol id="sm-a82">
         <name>_c_int00_noargs</name>
         <value>0x3ed5</value>
         <object_component_ref idref="oc-68"/>
      </symbol>
      <symbol id="sm-a92">
         <name>__aeabi_memset</name>
         <value>0x2fbf</value>
         <object_component_ref idref="oc-b0"/>
      </symbol>
      <symbol id="sm-a93">
         <name>memset</name>
         <value>0x2fc5</value>
         <object_component_ref idref="oc-b0"/>
      </symbol>
      <symbol id="sm-a94">
         <name>__aeabi_memset8</name>
         <value>0x2fbf</value>
         <object_component_ref idref="oc-b0"/>
      </symbol>
      <symbol id="sm-a95">
         <name>__aeabi_memset4</name>
         <value>0x2fbf</value>
         <object_component_ref idref="oc-b0"/>
      </symbol>
      <symbol id="sm-a96">
         <name>__aeabi_memclr8</name>
         <value>0x2fbd</value>
         <object_component_ref idref="oc-b0"/>
      </symbol>
      <symbol id="sm-a97">
         <name>__aeabi_memclr4</name>
         <value>0x2fbd</value>
         <object_component_ref idref="oc-b0"/>
      </symbol>
      <symbol id="sm-a98">
         <name>__aeabi_memclr</name>
         <value>0x2fbd</value>
         <object_component_ref idref="oc-b0"/>
      </symbol>
      <symbol id="sm-ab3">
         <name>memcpy</name>
         <value>0x2b1d</value>
         <object_component_ref idref="oc-4a"/>
      </symbol>
      <symbol id="sm-ab4">
         <name>__aeabi_memcpy</name>
         <value>0x2b1d</value>
         <object_component_ref idref="oc-4a"/>
      </symbol>
      <symbol id="sm-ab5">
         <name>__aeabi_memcpy8</name>
         <value>0x2b1d</value>
         <object_component_ref idref="oc-4a"/>
      </symbol>
      <symbol id="sm-ab6">
         <name>__aeabi_memcpy4</name>
         <value>0x2b1d</value>
         <object_component_ref idref="oc-4a"/>
      </symbol>
      <symbol id="sm-ade">
         <name>__TI_auto_init_nobinit_nopinit</name>
         <value>0x3c85</value>
         <object_component_ref idref="oc-115"/>
      </symbol>
      <symbol id="sm-ae8">
         <name>_system_pre_init</name>
         <value>0x46e7</value>
         <object_component_ref idref="oc-b6"/>
      </symbol>
      <symbol id="sm-af4">
         <name>C$$EXIT</name>
         <value>0x46eb</value>
         <object_component_ref idref="oc-109"/>
      </symbol>
      <symbol id="sm-af5">
         <name>abort</name>
         <value>0x46eb</value>
         <object_component_ref idref="oc-109"/>
      </symbol>
      <symbol id="sm-af8">
         <name>__TI_static_base__</name>
         <value>0x0</value>
      </symbol>
      <symbol id="sm-afb">
         <name>__mpu_init</name>
         <value>0x0</value>
      </symbol>
      <symbol id="sm-afc">
         <name>_system_post_cinit</name>
         <value>0x0</value>
      </symbol>
      <symbol id="sm-afd">
         <name>NMI_Handler</name>
         <value>0x29df</value>
      </symbol>
      <symbol id="sm-afe">
         <name>HardFault_Handler</name>
         <value>0x29df</value>
      </symbol>
      <symbol id="sm-aff">
         <name>MemManage_Handler</name>
         <value>0x29df</value>
      </symbol>
      <symbol id="sm-b00">
         <name>BusFault_Handler</name>
         <value>0x29df</value>
      </symbol>
      <symbol id="sm-b01">
         <name>UsageFault_Handler</name>
         <value>0x29df</value>
      </symbol>
      <symbol id="sm-b02">
         <name>SVC_Handler</name>
         <value>0x29df</value>
      </symbol>
      <symbol id="sm-b03">
         <name>DebugMon_Handler</name>
         <value>0x29df</value>
      </symbol>
      <symbol id="sm-b04">
         <name>PendSV_Handler</name>
         <value>0x29df</value>
      </symbol>
      <symbol id="sm-b05">
         <name>SysTick_Handler</name>
         <value>0x45cd</value>
      </symbol>
      <symbol id="sm-b06">
         <name>GPIOA_IRQHandler</name>
         <value>0x29df</value>
      </symbol>
      <symbol id="sm-b07">
         <name>GPIOB_IRQHandler</name>
         <value>0x29df</value>
      </symbol>
      <symbol id="sm-b08">
         <name>GPIOC_IRQHandler</name>
         <value>0x29df</value>
      </symbol>
      <symbol id="sm-b09">
         <name>GPIOD_IRQHandler</name>
         <value>0x29df</value>
      </symbol>
      <symbol id="sm-b0a">
         <name>GPIOE_IRQHandler</name>
         <value>0x29df</value>
      </symbol>
      <symbol id="sm-b0b">
         <name>UART0_IRQHandler</name>
         <value>0x29df</value>
      </symbol>
      <symbol id="sm-b0c">
         <name>UART1_IRQHandler</name>
         <value>0x29df</value>
      </symbol>
      <symbol id="sm-b0d">
         <name>SSI0_IRQHandler</name>
         <value>0x29df</value>
      </symbol>
      <symbol id="sm-b0e">
         <name>I2C0_IRQHandler</name>
         <value>0x29df</value>
      </symbol>
      <symbol id="sm-b0f">
         <name>PWM0_FAULT_IRQHandler</name>
         <value>0x29df</value>
      </symbol>
      <symbol id="sm-b10">
         <name>PWM0_0_IRQHandler</name>
         <value>0x29df</value>
      </symbol>
      <symbol id="sm-b11">
         <name>PWM0_1_IRQHandler</name>
         <value>0x29df</value>
      </symbol>
      <symbol id="sm-b12">
         <name>PWM0_2_IRQHandler</name>
         <value>0x29df</value>
      </symbol>
      <symbol id="sm-b13">
         <name>QEI0_IRQHandler</name>
         <value>0x29df</value>
      </symbol>
      <symbol id="sm-b14">
         <name>ADC0SS0_IRQHandler</name>
         <value>0x29df</value>
      </symbol>
      <symbol id="sm-b15">
         <name>ADC0SS1_IRQHandler</name>
         <value>0x29df</value>
      </symbol>
      <symbol id="sm-b16">
         <name>ADC0SS2_IRQHandler</name>
         <value>0x29df</value>
      </symbol>
      <symbol id="sm-b17">
         <name>ADC0SS3_IRQHandler</name>
         <value>0x29df</value>
      </symbol>
      <symbol id="sm-b18">
         <name>WATCHDOG_IRQHandler</name>
         <value>0x29df</value>
      </symbol>
      <symbol id="sm-b19">
         <name>TIMER0A_IRQHandler</name>
         <value>0x29df</value>
      </symbol>
      <symbol id="sm-b1a">
         <name>TIMER0B_IRQHandler</name>
         <value>0x29df</value>
      </symbol>
      <symbol id="sm-b1b">
         <name>TIMER1A_IRQHandler</name>
         <value>0x29df</value>
      </symbol>
      <symbol id="sm-b1c">
         <name>TIMER1B_IRQHandler</name>
         <value>0x29df</value>
      </symbol>
      <symbol id="sm-b1d">
         <name>TIMER2A_IRQHandler</name>
         <value>0x29df</value>
      </symbol>
      <symbol id="sm-b1e">
         <name>TIMER2B_IRQHandler</name>
         <value>0x29df</value>
      </symbol>
      <symbol id="sm-b1f">
         <name>COMP0_IRQHandler</name>
         <value>0x29df</value>
      </symbol>
      <symbol id="sm-b20">
         <name>COMP1_IRQHandler</name>
         <value>0x29df</value>
      </symbol>
      <symbol id="sm-b21">
         <name>COMP2_IRQHandler</name>
         <value>0x29df</value>
      </symbol>
      <symbol id="sm-b22">
         <name>SYSCTL_IRQHandler</name>
         <value>0x29df</value>
      </symbol>
      <symbol id="sm-b23">
         <name>FLASH_IRQHandler</name>
         <value>0x29df</value>
      </symbol>
      <symbol id="sm-b24">
         <name>GPIOF_IRQHandler</name>
         <value>0x29df</value>
      </symbol>
      <symbol id="sm-b25">
         <name>GPIOG_IRQHandler</name>
         <value>0x29df</value>
      </symbol>
      <symbol id="sm-b26">
         <name>GPIOH_IRQHandler</name>
         <value>0x29df</value>
      </symbol>
      <symbol id="sm-b27">
         <name>UART2_IRQHandler</name>
         <value>0x29df</value>
      </symbol>
      <symbol id="sm-b28">
         <name>SSI1_IRQHandler</name>
         <value>0x29df</value>
      </symbol>
      <symbol id="sm-b29">
         <name>TIMER3A_IRQHandler</name>
         <value>0x29df</value>
      </symbol>
      <symbol id="sm-b2a">
         <name>TIMER3B_IRQHandler</name>
         <value>0x29df</value>
      </symbol>
      <symbol id="sm-b2b">
         <name>I2C1_IRQHandler</name>
         <value>0x29df</value>
      </symbol>
      <symbol id="sm-b2c">
         <name>CAN0_IRQHandler</name>
         <value>0x29df</value>
      </symbol>
      <symbol id="sm-b2d">
         <name>CAN1_IRQHandler</name>
         <value>0x29df</value>
      </symbol>
      <symbol id="sm-b2e">
         <name>EMAC0_IRQHandler</name>
         <value>0x29df</value>
      </symbol>
      <symbol id="sm-b2f">
         <name>HIBERNATE_IRQHandler</name>
         <value>0x29df</value>
      </symbol>
      <symbol id="sm-b30">
         <name>USB0_IRQHandler</name>
         <value>0x46cd</value>
      </symbol>
      <symbol id="sm-b31">
         <name>PWM0_3_IRQHandler</name>
         <value>0x29df</value>
      </symbol>
      <symbol id="sm-b32">
         <name>UDMA_IRQHandler</name>
         <value>0x29df</value>
      </symbol>
      <symbol id="sm-b33">
         <name>UDMAERR_IRQHandler</name>
         <value>0x29df</value>
      </symbol>
      <symbol id="sm-b34">
         <name>ADC1SS0_IRQHandler</name>
         <value>0x29df</value>
      </symbol>
      <symbol id="sm-b35">
         <name>ADC1SS1_IRQHandler</name>
         <value>0x29df</value>
      </symbol>
      <symbol id="sm-b36">
         <name>ADC1SS2_IRQHandler</name>
         <value>0x29df</value>
      </symbol>
      <symbol id="sm-b37">
         <name>ADC1SS3_IRQHandler</name>
         <value>0x29df</value>
      </symbol>
      <symbol id="sm-b38">
         <name>EPI0_IRQHandler</name>
         <value>0x29df</value>
      </symbol>
      <symbol id="sm-b39">
         <name>GPIOJ_IRQHandler</name>
         <value>0x29df</value>
      </symbol>
      <symbol id="sm-b3a">
         <name>GPIOK_IRQHandler</name>
         <value>0x29df</value>
      </symbol>
      <symbol id="sm-b3b">
         <name>GPIOL_IRQHandler</name>
         <value>0x29df</value>
      </symbol>
      <symbol id="sm-b3c">
         <name>SSI2_IRQHandler</name>
         <value>0x29df</value>
      </symbol>
      <symbol id="sm-b3d">
         <name>SSI3_IRQHandler</name>
         <value>0x29df</value>
      </symbol>
      <symbol id="sm-b3e">
         <name>UART3_IRQHandler</name>
         <value>0x29df</value>
      </symbol>
      <symbol id="sm-b3f">
         <name>UART4_IRQHandler</name>
         <value>0x29df</value>
      </symbol>
      <symbol id="sm-b40">
         <name>UART5_IRQHandler</name>
         <value>0x29df</value>
      </symbol>
      <symbol id="sm-b41">
         <name>UART6_IRQHandler</name>
         <value>0x29df</value>
      </symbol>
      <symbol id="sm-b42">
         <name>UART7_IRQHandler</name>
         <value>0x29df</value>
      </symbol>
      <symbol id="sm-b43">
         <name>I2C2_IRQHandler</name>
         <value>0x29df</value>
      </symbol>
      <symbol id="sm-b44">
         <name>I2C3_IRQHandler</name>
         <value>0x29df</value>
      </symbol>
      <symbol id="sm-b45">
         <name>TIMER4A_IRQHandler</name>
         <value>0x29df</value>
      </symbol>
      <symbol id="sm-b46">
         <name>TIMER4B_IRQHandler</name>
         <value>0x29df</value>
      </symbol>
      <symbol id="sm-b47">
         <name>TIMER5A_IRQHandler</name>
         <value>0x29df</value>
      </symbol>
      <symbol id="sm-b48">
         <name>TIMER5B_IRQHandler</name>
         <value>0x29df</value>
      </symbol>
      <symbol id="sm-b49">
         <name>SYSEXC_IRQHandler</name>
         <value>0x29df</value>
      </symbol>
      <symbol id="sm-b4a">
         <name>I2C4_IRQHandler</name>
         <value>0x29df</value>
      </symbol>
      <symbol id="sm-b4b">
         <name>I2C5_IRQHandler</name>
         <value>0x29df</value>
      </symbol>
      <symbol id="sm-b4c">
         <name>GPIOM_IRQHandler</name>
         <value>0x29df</value>
      </symbol>
      <symbol id="sm-b4d">
         <name>GPION_IRQHandler</name>
         <value>0x29df</value>
      </symbol>
      <symbol id="sm-b4e">
         <name>TAMPER0_IRQHandler</name>
         <value>0x29df</value>
      </symbol>
      <symbol id="sm-b4f">
         <name>GPIOP0_IRQHandler</name>
         <value>0x29df</value>
      </symbol>
      <symbol id="sm-b50">
         <name>GPIOP1_IRQHandler</name>
         <value>0x29df</value>
      </symbol>
      <symbol id="sm-b51">
         <name>GPIOP2_IRQHandler</name>
         <value>0x29df</value>
      </symbol>
      <symbol id="sm-b52">
         <name>GPIOP3_IRQHandler</name>
         <value>0x29df</value>
      </symbol>
      <symbol id="sm-b53">
         <name>GPIOP4_IRQHandler</name>
         <value>0x29df</value>
      </symbol>
      <symbol id="sm-b54">
         <name>GPIOP5_IRQHandler</name>
         <value>0x29df</value>
      </symbol>
      <symbol id="sm-b55">
         <name>GPIOP6_IRQHandler</name>
         <value>0x29df</value>
      </symbol>
      <symbol id="sm-b56">
         <name>GPIOP7_IRQHandler</name>
         <value>0x29df</value>
      </symbol>
      <symbol id="sm-b57">
         <name>GPIOQ0_IRQHandler</name>
         <value>0x29df</value>
      </symbol>
      <symbol id="sm-b58">
         <name>GPIOQ1_IRQHandler</name>
         <value>0x29df</value>
      </symbol>
      <symbol id="sm-b59">
         <name>GPIOQ2_IRQHandler</name>
         <value>0x29df</value>
      </symbol>
      <symbol id="sm-b5a">
         <name>GPIOQ3_IRQHandler</name>
         <value>0x29df</value>
      </symbol>
      <symbol id="sm-b5b">
         <name>GPIOQ4_IRQHandler</name>
         <value>0x29df</value>
      </symbol>
      <symbol id="sm-b5c">
         <name>GPIOQ5_IRQHandler</name>
         <value>0x29df</value>
      </symbol>
      <symbol id="sm-b5d">
         <name>GPIOQ6_IRQHandler</name>
         <value>0x29df</value>
      </symbol>
      <symbol id="sm-b5e">
         <name>GPIOQ7_IRQHandler</name>
         <value>0x29df</value>
      </symbol>
      <symbol id="sm-b5f">
         <name>SHA0_IRQHandler</name>
         <value>0x29df</value>
      </symbol>
      <symbol id="sm-b60">
         <name>AES0_IRQHandler</name>
         <value>0x29df</value>
      </symbol>
      <symbol id="sm-b61">
         <name>DES0_IRQHandler</name>
         <value>0x29df</value>
      </symbol>
      <symbol id="sm-b62">
         <name>TIMER6A_IRQHandler</name>
         <value>0x29df</value>
      </symbol>
      <symbol id="sm-b63">
         <name>TIMER6B_IRQHandler</name>
         <value>0x29df</value>
      </symbol>
      <symbol id="sm-b64">
         <name>TIMER7A_IRQHandler</name>
         <value>0x29df</value>
      </symbol>
      <symbol id="sm-b65">
         <name>TIMER7B_IRQHandler</name>
         <value>0x29df</value>
      </symbol>
      <symbol id="sm-b66">
         <name>I2C6_IRQHandler</name>
         <value>0x29df</value>
      </symbol>
      <symbol id="sm-b67">
         <name>I2C7_IRQHandler</name>
         <value>0x29df</value>
      </symbol>
      <symbol id="sm-b68">
         <name>I2C8_IRQHandler</name>
         <value>0x29df</value>
      </symbol>
      <symbol id="sm-b69">
         <name>I2C9_IRQHandler</name>
         <value>0x29df</value>
      </symbol>
   </symbol_table>
   <title>Link successful</title>
</link_info>
