******************************************************************************
                  TI ARM Linker Unix v18.1.2                   
******************************************************************************
>> Linked Mon Sep 10 18:18:20 2018

OUTPUT FILE NAME:   <BlinkLED_432.out>
ENTRY POINT SYMBOL: "_c_int00_noargs"  address: 000004c5


MEMORY CONFIGURATION

         name            origin    length      used     unused   attr    fill
----------------------  --------  ---------  --------  --------  ----  --------
  FLASH                 00000000   00100000  00000538  000ffac8  R  X
  SRAM                  20000000   00040000  00000204  0003fdfc  RW X


SEGMENT ALLOCATION MAP

run origin  load origin   length   init length attrs members
----------  ----------- ---------- ----------- ----- -------
00000000    00000000    00000538   00000538    r-x
  00000000    00000000    00000208   00000208    r-- .intvecs
  00000208    00000208    00000318   00000318    r-x .text
  00000520    00000520    00000018   00000018    r-- .cinit
20000000    20000000    00000204   00000000    rw-
  20000000    20000000    00000200   00000000    rw- .stack
  20000200    20000200    00000004   00000000    rw- .data


SECTION ALLOCATION MAP

 output                                  attributes/
section   page    origin      length       input sections
--------  ----  ----------  ----------   ----------------
.intvecs   0    00000000    00000208     
                  00000000    00000208     startup_msp432e401y_ccs.obj (.intvecs:retain)

.text      0    00000208    00000318     
                  00000208    0000011c     system_msp432e401y.obj (.text)
                  00000324    0000009c     rtsv7M4_T_le_v4SPD16_eabi.lib : memcpy_t2.asm.obj (.text)
                  000003c0    00000068                                   : copy_decompress_lzss.c.obj (.text:decompress:lzss:__TI_decompress_lzss)
                  00000428    00000058     main.obj (.text)
                  00000480    00000044     rtsv7M4_T_le_v4SPD16_eabi.lib : autoinit.c.obj (.text:__TI_auto_init_nobinit_nopinit:__TI_auto_init_nobinit_nopinit)
                  000004c4    00000038                                   : boot_cortex_m.c.obj (.text:_c_int00_noargs:_c_int00_noargs)
                  000004fc    0000000e                                   : copy_decompress_none.c.obj (.text:decompress:none:__TI_decompress_none)
                  0000050a    0000000e     startup_msp432e401y_ccs.obj (.text)
                  00000518    00000004     rtsv7M4_T_le_v4SPD16_eabi.lib : pre_init.c.obj (.text:_system_pre_init)
                  0000051c    00000004                                   : exit.c.obj (.text:abort:abort)

.cinit     0    00000520    00000018     
                  00000520    00000008     (.cinit..data.load) [load image, compression = lzss]
                  00000528    00000008     (__TI_handler_table)
                  00000530    00000008     (__TI_cinit_table)

.init_array 
*          0    00000000    00000000     UNINITIALIZED

.data      0    20000200    00000004     UNINITIALIZED
                  20000200    00000004     system_msp432e401y.obj (.data)

.stack     0    20000000    00000200     UNINITIALIZED
                  20000000    00000004     rtsv7M4_T_le_v4SPD16_eabi.lib : boot_cortex_m.c.obj (.stack)
                  20000004    000001fc     --HOLE--

MODULE SUMMARY

       Module                        code   ro data   rw data
       ------                        ----   -------   -------
    ./
       startup_msp432e401y_ccs.obj   14     520       0      
       system_msp432e401y.obj        284    0         4      
       main.obj                      88     0         0      
    +--+-----------------------------+------+---------+---------+
       Total:                        386    520       4      
                                                             
    /Applications/ti/ccsv8/tools/compiler/ti-cgt-arm_18.1.2.LTS/lib/rtsv7M4_T_le_v4SPD16_eabi.lib
       memcpy_t2.asm.obj             156    0         0      
       copy_decompress_lzss.c.obj    104    0         0      
       autoinit.c.obj                68     0         0      
       boot_cortex_m.c.obj           56     0         0      
       copy_decompress_none.c.obj    14     0         0      
       exit.c.obj                    4      0         0      
       pre_init.c.obj                4      0         0      
    +--+-----------------------------+------+---------+---------+
       Total:                        406    0         0      
                                                             
       Stack:                        0      0         512    
       Linker Generated:             0      24        0      
    +--+-----------------------------+------+---------+---------+
       Grand Total:                  792    544       516    


LINKER GENERATED COPY TABLES

__TI_cinit_table @ 00000530 records: 1, size/record: 8, table size: 8
	.data: load addr=00000520, load size=00000008 bytes, run addr=20000200, run size=00000004 bytes, compression=lzss


LINKER GENERATED HANDLER TABLE

__TI_handler_table @ 00000528 records: 2, size/record: 4, table size: 8
	index: 0, handler: __TI_decompress_lzss
	index: 1, handler: __TI_decompress_none


GLOBAL SYMBOLS: SORTED ALPHABETICALLY BY Name 

address   name                          
-------   ----                          
00000517  ADC0SS0_IRQHandler            
00000517  ADC0SS1_IRQHandler            
00000517  ADC0SS2_IRQHandler            
00000517  ADC0SS3_IRQHandler            
00000517  ADC1SS0_IRQHandler            
00000517  ADC1SS1_IRQHandler            
00000517  ADC1SS2_IRQHandler            
00000517  ADC1SS3_IRQHandler            
00000517  AES0_IRQHandler               
00000517  BusFault_Handler              
0000051d  C$$EXIT                       
00000517  CAN0_IRQHandler               
00000517  CAN1_IRQHandler               
00000517  COMP0_IRQHandler              
00000517  COMP1_IRQHandler              
00000517  COMP2_IRQHandler              
00000517  DES0_IRQHandler               
00000517  DebugMon_Handler              
00000517  Default_Handler               
00000517  EMAC0_IRQHandler              
00000517  EPI0_IRQHandler               
00000517  FLASH_IRQHandler              
00000517  GPIOA_IRQHandler              
00000517  GPIOB_IRQHandler              
00000517  GPIOC_IRQHandler              
00000517  GPIOD_IRQHandler              
00000517  GPIOE_IRQHandler              
00000517  GPIOF_IRQHandler              
00000517  GPIOG_IRQHandler              
00000517  GPIOH_IRQHandler              
00000517  GPIOJ_IRQHandler              
00000517  GPIOK_IRQHandler              
00000517  GPIOL_IRQHandler              
00000517  GPIOM_IRQHandler              
00000517  GPION_IRQHandler              
00000517  GPIOP0_IRQHandler             
00000517  GPIOP1_IRQHandler             
00000517  GPIOP2_IRQHandler             
00000517  GPIOP3_IRQHandler             
00000517  GPIOP4_IRQHandler             
00000517  GPIOP5_IRQHandler             
00000517  GPIOP6_IRQHandler             
00000517  GPIOP7_IRQHandler             
00000517  GPIOQ0_IRQHandler             
00000517  GPIOQ1_IRQHandler             
00000517  GPIOQ2_IRQHandler             
00000517  GPIOQ3_IRQHandler             
00000517  GPIOQ4_IRQHandler             
00000517  GPIOQ5_IRQHandler             
00000517  GPIOQ6_IRQHandler             
00000517  GPIOQ7_IRQHandler             
00000517  HIBERNATE_IRQHandler          
00000517  HardFault_Handler             
00000517  I2C0_IRQHandler               
00000517  I2C1_IRQHandler               
00000517  I2C2_IRQHandler               
00000517  I2C3_IRQHandler               
00000517  I2C4_IRQHandler               
00000517  I2C5_IRQHandler               
00000517  I2C6_IRQHandler               
00000517  I2C7_IRQHandler               
00000517  I2C8_IRQHandler               
00000517  I2C9_IRQHandler               
00000517  MemManage_Handler             
00000517  NMI_Handler                   
00000517  PWM0_0_IRQHandler             
00000517  PWM0_1_IRQHandler             
00000517  PWM0_2_IRQHandler             
00000517  PWM0_3_IRQHandler             
00000517  PWM0_FAULT_IRQHandler         
00000517  PendSV_Handler                
00000517  QEI0_IRQHandler               
0000050b  Reset_Handler                 
00000517  SHA0_IRQHandler               
00000517  SSI0_IRQHandler               
00000517  SSI1_IRQHandler               
00000517  SSI2_IRQHandler               
00000517  SSI3_IRQHandler               
00000517  SVC_Handler                   
00000517  SYSCTL_IRQHandler             
00000517  SYSEXC_IRQHandler             
00000517  SysTick_Handler               
20000200  SystemCoreClock               
00000209  SystemCoreClockUpdate         
000002f7  SystemInit                    
00000517  TAMPER0_IRQHandler            
00000517  TIMER0A_IRQHandler            
00000517  TIMER0B_IRQHandler            
00000517  TIMER1A_IRQHandler            
00000517  TIMER1B_IRQHandler            
00000517  TIMER2A_IRQHandler            
00000517  TIMER2B_IRQHandler            
00000517  TIMER3A_IRQHandler            
00000517  TIMER3B_IRQHandler            
00000517  TIMER4A_IRQHandler            
00000517  TIMER4B_IRQHandler            
00000517  TIMER5A_IRQHandler            
00000517  TIMER5B_IRQHandler            
00000517  TIMER6A_IRQHandler            
00000517  TIMER6B_IRQHandler            
00000517  TIMER7A_IRQHandler            
00000517  TIMER7B_IRQHandler            
00000517  UART0_IRQHandler              
00000517  UART1_IRQHandler              
00000517  UART2_IRQHandler              
00000517  UART3_IRQHandler              
00000517  UART4_IRQHandler              
00000517  UART5_IRQHandler              
00000517  UART6_IRQHandler              
00000517  UART7_IRQHandler              
00000517  UDMAERR_IRQHandler            
00000517  UDMA_IRQHandler               
00000517  USB0_IRQHandler               
00000517  UsageFault_Handler            
00000517  WATCHDOG_IRQHandler           
20000200  __STACK_END                   
00000200  __STACK_SIZE                  
20000200  __STACK_TOP                   
00000530  __TI_CINIT_Base               
00000538  __TI_CINIT_Limit              
00000528  __TI_Handler_Table_Base       
00000530  __TI_Handler_Table_Limit      
00000481  __TI_auto_init_nobinit_nopinit
000003c1  __TI_decompress_lzss          
000004fd  __TI_decompress_none          
ffffffff  __TI_pprof_out_hndl           
ffffffff  __TI_prof_data_size           
ffffffff  __TI_prof_data_start          
00000000  __TI_static_base__            
00000325  __aeabi_memcpy                
00000325  __aeabi_memcpy4               
00000325  __aeabi_memcpy8               
ffffffff  __binit__                     
ffffffff  __c_args__                    
UNDEFED   __mpu_init                    
20000000  __stack                       
000004c5  _c_int00_noargs               
UNDEFED   _system_post_cinit            
00000519  _system_pre_init              
0000051d  abort                         
ffffffff  binit                         
00000000  interruptVectors              
00000429  main                          
00000325  memcpy                        


GLOBAL SYMBOLS: SORTED BY Symbol Address 

address   name                          
-------   ----                          
00000000  __TI_static_base__            
00000000  interruptVectors              
00000200  __STACK_SIZE                  
00000209  SystemCoreClockUpdate         
000002f7  SystemInit                    
00000325  __aeabi_memcpy                
00000325  __aeabi_memcpy4               
00000325  __aeabi_memcpy8               
00000325  memcpy                        
000003c1  __TI_decompress_lzss          
00000429  main                          
00000481  __TI_auto_init_nobinit_nopinit
000004c5  _c_int00_noargs               
000004fd  __TI_decompress_none          
0000050b  Reset_Handler                 
00000517  ADC0SS0_IRQHandler            
00000517  ADC0SS1_IRQHandler            
00000517  ADC0SS2_IRQHandler            
00000517  ADC0SS3_IRQHandler            
00000517  ADC1SS0_IRQHandler            
00000517  ADC1SS1_IRQHandler            
00000517  ADC1SS2_IRQHandler            
00000517  ADC1SS3_IRQHandler            
00000517  AES0_IRQHandler               
00000517  BusFault_Handler              
00000517  CAN0_IRQHandler               
00000517  CAN1_IRQHandler               
00000517  COMP0_IRQHandler              
00000517  COMP1_IRQHandler              
00000517  COMP2_IRQHandler              
00000517  DES0_IRQHandler               
00000517  DebugMon_Handler              
00000517  Default_Handler               
00000517  EMAC0_IRQHandler              
00000517  EPI0_IRQHandler               
00000517  FLASH_IRQHandler              
00000517  GPIOA_IRQHandler              
00000517  GPIOB_IRQHandler              
00000517  GPIOC_IRQHandler              
00000517  GPIOD_IRQHandler              
00000517  GPIOE_IRQHandler              
00000517  GPIOF_IRQHandler              
00000517  GPIOG_IRQHandler              
00000517  GPIOH_IRQHandler              
00000517  GPIOJ_IRQHandler              
00000517  GPIOK_IRQHandler              
00000517  GPIOL_IRQHandler              
00000517  GPIOM_IRQHandler              
00000517  GPION_IRQHandler              
00000517  GPIOP0_IRQHandler             
00000517  GPIOP1_IRQHandler             
00000517  GPIOP2_IRQHandler             
00000517  GPIOP3_IRQHandler             
00000517  GPIOP4_IRQHandler             
00000517  GPIOP5_IRQHandler             
00000517  GPIOP6_IRQHandler             
00000517  GPIOP7_IRQHandler             
00000517  GPIOQ0_IRQHandler             
00000517  GPIOQ1_IRQHandler             
00000517  GPIOQ2_IRQHandler             
00000517  GPIOQ3_IRQHandler             
00000517  GPIOQ4_IRQHandler             
00000517  GPIOQ5_IRQHandler             
00000517  GPIOQ6_IRQHandler             
00000517  GPIOQ7_IRQHandler             
00000517  HIBERNATE_IRQHandler          
00000517  HardFault_Handler             
00000517  I2C0_IRQHandler               
00000517  I2C1_IRQHandler               
00000517  I2C2_IRQHandler               
00000517  I2C3_IRQHandler               
00000517  I2C4_IRQHandler               
00000517  I2C5_IRQHandler               
00000517  I2C6_IRQHandler               
00000517  I2C7_IRQHandler               
00000517  I2C8_IRQHandler               
00000517  I2C9_IRQHandler               
00000517  MemManage_Handler             
00000517  NMI_Handler                   
00000517  PWM0_0_IRQHandler             
00000517  PWM0_1_IRQHandler             
00000517  PWM0_2_IRQHandler             
00000517  PWM0_3_IRQHandler             
00000517  PWM0_FAULT_IRQHandler         
00000517  PendSV_Handler                
00000517  QEI0_IRQHandler               
00000517  SHA0_IRQHandler               
00000517  SSI0_IRQHandler               
00000517  SSI1_IRQHandler               
00000517  SSI2_IRQHandler               
00000517  SSI3_IRQHandler               
00000517  SVC_Handler                   
00000517  SYSCTL_IRQHandler             
00000517  SYSEXC_IRQHandler             
00000517  SysTick_Handler               
00000517  TAMPER0_IRQHandler            
00000517  TIMER0A_IRQHandler            
00000517  TIMER0B_IRQHandler            
00000517  TIMER1A_IRQHandler            
00000517  TIMER1B_IRQHandler            
00000517  TIMER2A_IRQHandler            
00000517  TIMER2B_IRQHandler            
00000517  TIMER3A_IRQHandler            
00000517  TIMER3B_IRQHandler            
00000517  TIMER4A_IRQHandler            
00000517  TIMER4B_IRQHandler            
00000517  TIMER5A_IRQHandler            
00000517  TIMER5B_IRQHandler            
00000517  TIMER6A_IRQHandler            
00000517  TIMER6B_IRQHandler            
00000517  TIMER7A_IRQHandler            
00000517  TIMER7B_IRQHandler            
00000517  UART0_IRQHandler              
00000517  UART1_IRQHandler              
00000517  UART2_IRQHandler              
00000517  UART3_IRQHandler              
00000517  UART4_IRQHandler              
00000517  UART5_IRQHandler              
00000517  UART6_IRQHandler              
00000517  UART7_IRQHandler              
00000517  UDMAERR_IRQHandler            
00000517  UDMA_IRQHandler               
00000517  USB0_IRQHandler               
00000517  UsageFault_Handler            
00000517  WATCHDOG_IRQHandler           
00000519  _system_pre_init              
0000051d  C$$EXIT                       
0000051d  abort                         
00000528  __TI_Handler_Table_Base       
00000530  __TI_CINIT_Base               
00000530  __TI_Handler_Table_Limit      
00000538  __TI_CINIT_Limit              
20000000  __stack                       
20000200  SystemCoreClock               
20000200  __STACK_END                   
20000200  __STACK_TOP                   
ffffffff  __TI_pprof_out_hndl           
ffffffff  __TI_prof_data_size           
ffffffff  __TI_prof_data_start          
ffffffff  __binit__                     
ffffffff  __c_args__                    
ffffffff  binit                         
UNDEFED   __mpu_init                    
UNDEFED   _system_post_cinit            

[144 symbols]
